<!doctype html public "-//w3c//dtd html 4.0 transitional//en">
<html><head>
<title>Static Call Graph - [.\Objects\platform.axf]</title></head>
<body><HR>
<H1>Static Call Graph for image .\Objects\platform.axf</H1><HR>
<BR><P>#&#060CALLGRAPH&#062# ARM Linker, 5050106: Last Updated: Sat Nov 21 15:08:24 2015
<BR><P>
<H3>Maximum Stack Usage =        200 bytes + Unknown(Functions without stacksize, Cycles, Untraceable Function Pointers)</H3><H3>
Call chain for Maximum Stack Depth:</H3>
__rt_entry_main &rArr; main &rArr; SystemClock_Config() &rArr; HAL_RCC_ClockConfig &rArr; HAL_InitTick &rArr; HAL_NVIC_SetPriority &rArr; [local to stm32f4xx_hal_cortex_c]::NVIC_SetPriority(IRQn_Type, unsigned)
<P>
<H3>
Functions with no stack information
</H3><UL>
 <LI><a href="#[a4]">__user_initial_stackheap</a>
</UL>
</UL>
<P>
<H3>
Mutually Recursive functions
</H3> <LI><a href="#[16]">SVC_Handler</a>&nbsp;&nbsp;&nbsp;&rArr;&nbsp;&nbsp;&nbsp;<a href="#[16]">SVC_Handler</a><BR>
 <LI><a href="#[2c]">ADC_IRQHandler</a>&nbsp;&nbsp;&nbsp;&rArr;&nbsp;&nbsp;&nbsp;<a href="#[2c]">ADC_IRQHandler</a><BR>
</UL>
<P>
<H3>
Function Pointers
</H3><UL>
 <LI><a href="#[2c]">ADC_IRQHandler</a> from startup_stm32f417xx.o(.text) referenced from startup_stm32f417xx.o(RESET)
 <LI><a href="#[14]">BusFault_Handler</a> from stm32f4xx_it.o(i.BusFault_Handler) referenced from startup_stm32f417xx.o(RESET)
 <LI><a href="#[2e]">CAN1_RX0_IRQHandler</a> from startup_stm32f417xx.o(.text) referenced from startup_stm32f417xx.o(RESET)
 <LI><a href="#[2f]">CAN1_RX1_IRQHandler</a> from startup_stm32f417xx.o(.text) referenced from startup_stm32f417xx.o(RESET)
 <LI><a href="#[30]">CAN1_SCE_IRQHandler</a> from startup_stm32f417xx.o(.text) referenced from startup_stm32f417xx.o(RESET)
 <LI><a href="#[2d]">CAN1_TX_IRQHandler</a> from startup_stm32f417xx.o(.text) referenced from startup_stm32f417xx.o(RESET)
 <LI><a href="#[5a]">CAN2_RX0_IRQHandler</a> from startup_stm32f417xx.o(.text) referenced from startup_stm32f417xx.o(RESET)
 <LI><a href="#[5b]">CAN2_RX1_IRQHandler</a> from startup_stm32f417xx.o(.text) referenced from startup_stm32f417xx.o(RESET)
 <LI><a href="#[5c]">CAN2_SCE_IRQHandler</a> from startup_stm32f417xx.o(.text) referenced from startup_stm32f417xx.o(RESET)
 <LI><a href="#[59]">CAN2_TX_IRQHandler</a> from startup_stm32f417xx.o(.text) referenced from startup_stm32f417xx.o(RESET)
 <LI><a href="#[69]">CRYP_IRQHandler</a> from startup_stm32f417xx.o(.text) referenced from startup_stm32f417xx.o(RESET)
 <LI><a href="#[68]">DCMI_IRQHandler</a> from startup_stm32f417xx.o(.text) referenced from startup_stm32f417xx.o(RESET)
 <LI><a href="#[25]">DMA1_Stream0_IRQHandler</a> from startup_stm32f417xx.o(.text) referenced from startup_stm32f417xx.o(RESET)
 <LI><a href="#[26]">DMA1_Stream1_IRQHandler</a> from startup_stm32f417xx.o(.text) referenced from startup_stm32f417xx.o(RESET)
 <LI><a href="#[27]">DMA1_Stream2_IRQHandler</a> from startup_stm32f417xx.o(.text) referenced from startup_stm32f417xx.o(RESET)
 <LI><a href="#[28]">DMA1_Stream3_IRQHandler</a> from startup_stm32f417xx.o(.text) referenced from startup_stm32f417xx.o(RESET)
 <LI><a href="#[29]">DMA1_Stream4_IRQHandler</a> from startup_stm32f417xx.o(.text) referenced from startup_stm32f417xx.o(RESET)
 <LI><a href="#[2a]">DMA1_Stream5_IRQHandler</a> from startup_stm32f417xx.o(.text) referenced from startup_stm32f417xx.o(RESET)
 <LI><a href="#[2b]">DMA1_Stream6_IRQHandler</a> from startup_stm32f417xx.o(.text) referenced from startup_stm32f417xx.o(RESET)
 <LI><a href="#[49]">DMA1_Stream7_IRQHandler</a> from startup_stm32f417xx.o(.text) referenced from startup_stm32f417xx.o(RESET)
 <LI><a href="#[52]">DMA2_Stream0_IRQHandler</a> from startup_stm32f417xx.o(.text) referenced from startup_stm32f417xx.o(RESET)
 <LI><a href="#[53]">DMA2_Stream1_IRQHandler</a> from startup_stm32f417xx.o(.text) referenced from startup_stm32f417xx.o(RESET)
 <LI><a href="#[54]">DMA2_Stream2_IRQHandler</a> from startup_stm32f417xx.o(.text) referenced from startup_stm32f417xx.o(RESET)
 <LI><a href="#[55]">DMA2_Stream3_IRQHandler</a> from startup_stm32f417xx.o(.text) referenced from startup_stm32f417xx.o(RESET)
 <LI><a href="#[56]">DMA2_Stream4_IRQHandler</a> from startup_stm32f417xx.o(.text) referenced from startup_stm32f417xx.o(RESET)
 <LI><a href="#[5e]">DMA2_Stream5_IRQHandler</a> from startup_stm32f417xx.o(.text) referenced from startup_stm32f417xx.o(RESET)
 <LI><a href="#[5f]">DMA2_Stream6_IRQHandler</a> from startup_stm32f417xx.o(.text) referenced from startup_stm32f417xx.o(RESET)
 <LI><a href="#[60]">DMA2_Stream7_IRQHandler</a> from startup_stm32f417xx.o(.text) referenced from startup_stm32f417xx.o(RESET)
 <LI><a href="#[17]">DebugMon_Handler</a> from stm32f4xx_it.o(i.DebugMon_Handler) referenced from startup_stm32f417xx.o(RESET)
 <LI><a href="#[57]">ETH_IRQHandler</a> from startup_stm32f417xx.o(.text) referenced from startup_stm32f417xx.o(RESET)
 <LI><a href="#[58]">ETH_WKUP_IRQHandler</a> from startup_stm32f417xx.o(.text) referenced from startup_stm32f417xx.o(RESET)
 <LI><a href="#[20]">EXTI0_IRQHandler</a> from stm32f4xx_it.o(i.EXTI0_IRQHandler) referenced from startup_stm32f417xx.o(RESET)
 <LI><a href="#[42]">EXTI15_10_IRQHandler</a> from startup_stm32f417xx.o(.text) referenced from startup_stm32f417xx.o(RESET)
 <LI><a href="#[21]">EXTI1_IRQHandler</a> from startup_stm32f417xx.o(.text) referenced from startup_stm32f417xx.o(RESET)
 <LI><a href="#[22]">EXTI2_IRQHandler</a> from startup_stm32f417xx.o(.text) referenced from startup_stm32f417xx.o(RESET)
 <LI><a href="#[23]">EXTI3_IRQHandler</a> from startup_stm32f417xx.o(.text) referenced from startup_stm32f417xx.o(RESET)
 <LI><a href="#[24]">EXTI4_IRQHandler</a> from startup_stm32f417xx.o(.text) referenced from startup_stm32f417xx.o(RESET)
 <LI><a href="#[31]">EXTI9_5_IRQHandler</a> from startup_stm32f417xx.o(.text) referenced from startup_stm32f417xx.o(RESET)
 <LI><a href="#[1e]">FLASH_IRQHandler</a> from startup_stm32f417xx.o(.text) referenced from startup_stm32f417xx.o(RESET)
 <LI><a href="#[4a]">FMC_IRQHandler</a> from startup_stm32f417xx.o(.text) referenced from startup_stm32f417xx.o(RESET)
 <LI><a href="#[6b]">FPU_IRQHandler</a> from startup_stm32f417xx.o(.text) referenced from startup_stm32f417xx.o(RESET)
 <LI><a href="#[6a]">HASH_RNG_IRQHandler</a> from startup_stm32f417xx.o(.text) referenced from startup_stm32f417xx.o(RESET)
 <LI><a href="#[12]">HardFault_Handler</a> from stm32f4xx_it.o(i.HardFault_Handler) referenced from startup_stm32f417xx.o(RESET)
 <LI><a href="#[3a]">I2C1_ER_IRQHandler</a> from startup_stm32f417xx.o(.text) referenced from startup_stm32f417xx.o(RESET)
 <LI><a href="#[39]">I2C1_EV_IRQHandler</a> from startup_stm32f417xx.o(.text) referenced from startup_stm32f417xx.o(RESET)
 <LI><a href="#[3c]">I2C2_ER_IRQHandler</a> from startup_stm32f417xx.o(.text) referenced from startup_stm32f417xx.o(RESET)
 <LI><a href="#[3b]">I2C2_EV_IRQHandler</a> from startup_stm32f417xx.o(.text) referenced from startup_stm32f417xx.o(RESET)
 <LI><a href="#[63]">I2C3_ER_IRQHandler</a> from startup_stm32f417xx.o(.text) referenced from startup_stm32f417xx.o(RESET)
 <LI><a href="#[62]">I2C3_EV_IRQHandler</a> from startup_stm32f417xx.o(.text) referenced from startup_stm32f417xx.o(RESET)
 <LI><a href="#[13]">MemManage_Handler</a> from stm32f4xx_it.o(i.MemManage_Handler) referenced from startup_stm32f417xx.o(RESET)
 <LI><a href="#[11]">NMI_Handler</a> from stm32f4xx_it.o(i.NMI_Handler) referenced from startup_stm32f417xx.o(RESET)
 <LI><a href="#[5d]">OTG_FS_IRQHandler</a> from startup_stm32f417xx.o(.text) referenced from startup_stm32f417xx.o(RESET)
 <LI><a href="#[44]">OTG_FS_WKUP_IRQHandler</a> from startup_stm32f417xx.o(.text) referenced from startup_stm32f417xx.o(RESET)
 <LI><a href="#[65]">OTG_HS_EP1_IN_IRQHandler</a> from startup_stm32f417xx.o(.text) referenced from startup_stm32f417xx.o(RESET)
 <LI><a href="#[64]">OTG_HS_EP1_OUT_IRQHandler</a> from startup_stm32f417xx.o(.text) referenced from startup_stm32f417xx.o(RESET)
 <LI><a href="#[67]">OTG_HS_IRQHandler</a> from startup_stm32f417xx.o(.text) referenced from startup_stm32f417xx.o(RESET)
 <LI><a href="#[66]">OTG_HS_WKUP_IRQHandler</a> from startup_stm32f417xx.o(.text) referenced from startup_stm32f417xx.o(RESET)
 <LI><a href="#[1b]">PVD_IRQHandler</a> from startup_stm32f417xx.o(.text) referenced from startup_stm32f417xx.o(RESET)
 <LI><a href="#[18]">PendSV_Handler</a> from stackswitching.o(.text) referenced from startup_stm32f417xx.o(RESET)
 <LI><a href="#[1f]">RCC_IRQHandler</a> from startup_stm32f417xx.o(.text) referenced from startup_stm32f417xx.o(RESET)
 <LI><a href="#[43]">RTC_Alarm_IRQHandler</a> from startup_stm32f417xx.o(.text) referenced from startup_stm32f417xx.o(RESET)
 <LI><a href="#[1d]">RTC_WKUP_IRQHandler</a> from startup_stm32f417xx.o(.text) referenced from startup_stm32f417xx.o(RESET)
 <LI><a href="#[10]">Reset_Handler</a> from startup_stm32f417xx.o(.text) referenced from startup_stm32f417xx.o(RESET)
 <LI><a href="#[4b]">SDIO_IRQHandler</a> from startup_stm32f417xx.o(.text) referenced from startup_stm32f417xx.o(RESET)
 <LI><a href="#[3d]">SPI1_IRQHandler</a> from startup_stm32f417xx.o(.text) referenced from startup_stm32f417xx.o(RESET)
 <LI><a href="#[3e]">SPI2_IRQHandler</a> from startup_stm32f417xx.o(.text) referenced from startup_stm32f417xx.o(RESET)
 <LI><a href="#[4d]">SPI3_IRQHandler</a> from startup_stm32f417xx.o(.text) referenced from startup_stm32f417xx.o(RESET)
 <LI><a href="#[16]">SVC_Handler</a> from startup_stm32f417xx.o(.text) referenced from startup_stm32f417xx.o(RESET)
 <LI><a href="#[19]">SysTick_Handler</a> from stackswitching.o(.text) referenced from startup_stm32f417xx.o(RESET)
 <LI><a href="#[6c]">SystemInit</a> from system_stm32f4xx.o(i.SystemInit) referenced from startup_stm32f417xx.o(.text)
 <LI><a href="#[1c]">TAMP_STAMP_IRQHandler</a> from startup_stm32f417xx.o(.text) referenced from startup_stm32f417xx.o(RESET)
 <LI><a href="#[32]">TIM1_BRK_TIM9_IRQHandler</a> from startup_stm32f417xx.o(.text) referenced from startup_stm32f417xx.o(RESET)
 <LI><a href="#[35]">TIM1_CC_IRQHandler</a> from startup_stm32f417xx.o(.text) referenced from startup_stm32f417xx.o(RESET)
 <LI><a href="#[34]">TIM1_TRG_COM_TIM11_IRQHandler</a> from startup_stm32f417xx.o(.text) referenced from startup_stm32f417xx.o(RESET)
 <LI><a href="#[33]">TIM1_UP_TIM10_IRQHandler</a> from stm32f4xx_it.o(i.TIM1_UP_TIM10_IRQHandler) referenced from startup_stm32f417xx.o(RESET)
 <LI><a href="#[36]">TIM2_IRQHandler</a> from stm32f4xx_it.o(i.TIM2_IRQHandler) referenced from startup_stm32f417xx.o(RESET)
 <LI><a href="#[37]">TIM3_IRQHandler</a> from startup_stm32f417xx.o(.text) referenced from startup_stm32f417xx.o(RESET)
 <LI><a href="#[38]">TIM4_IRQHandler</a> from startup_stm32f417xx.o(.text) referenced from startup_stm32f417xx.o(RESET)
 <LI><a href="#[4c]">TIM5_IRQHandler</a> from startup_stm32f417xx.o(.text) referenced from startup_stm32f417xx.o(RESET)
 <LI><a href="#[50]">TIM6_DAC_IRQHandler</a> from startup_stm32f417xx.o(.text) referenced from startup_stm32f417xx.o(RESET)
 <LI><a href="#[51]">TIM7_IRQHandler</a> from startup_stm32f417xx.o(.text) referenced from startup_stm32f417xx.o(RESET)
 <LI><a href="#[45]">TIM8_BRK_TIM12_IRQHandler</a> from startup_stm32f417xx.o(.text) referenced from startup_stm32f417xx.o(RESET)
 <LI><a href="#[48]">TIM8_CC_IRQHandler</a> from startup_stm32f417xx.o(.text) referenced from startup_stm32f417xx.o(RESET)
 <LI><a href="#[47]">TIM8_TRG_COM_TIM14_IRQHandler</a> from startup_stm32f417xx.o(.text) referenced from startup_stm32f417xx.o(RESET)
 <LI><a href="#[46]">TIM8_UP_TIM13_IRQHandler</a> from startup_stm32f417xx.o(.text) referenced from startup_stm32f417xx.o(RESET)
 <LI><a href="#[4e]">UART4_IRQHandler</a> from startup_stm32f417xx.o(.text) referenced from startup_stm32f417xx.o(RESET)
 <LI><a href="#[4f]">UART5_IRQHandler</a> from startup_stm32f417xx.o(.text) referenced from startup_stm32f417xx.o(RESET)
 <LI><a href="#[3f]">USART1_IRQHandler</a> from startup_stm32f417xx.o(.text) referenced from startup_stm32f417xx.o(RESET)
 <LI><a href="#[40]">USART2_IRQHandler</a> from startup_stm32f417xx.o(.text) referenced from startup_stm32f417xx.o(RESET)
 <LI><a href="#[41]">USART3_IRQHandler</a> from startup_stm32f417xx.o(.text) referenced from startup_stm32f417xx.o(RESET)
 <LI><a href="#[61]">USART6_IRQHandler</a> from startup_stm32f417xx.o(.text) referenced from startup_stm32f417xx.o(RESET)
 <LI><a href="#[15]">UsageFault_Handler</a> from stm32f4xx_it.o(i.UsageFault_Handler) referenced from startup_stm32f417xx.o(RESET)
 <LI><a href="#[1a]">WWDG_IRQHandler</a> from startup_stm32f417xx.o(.text) referenced from startup_stm32f417xx.o(RESET)
 <LI><a href="#[70]">SystemEventBurner(Runnable*)</a> from main.o(i._Z17SystemEventBurnerP8Runnable) referenced from main.o(i._ZN7RuntimeclEjj)
 <LI><a href="#[71]">SystemEventBurner2(Runnable*)</a> from main.o(i._Z18SystemEventBurner2P8Runnable) referenced from main.o(i._ZN7RuntimeclEjj)
 <LI><a href="#[6f]">SystemEventBurner3(Runnable*)</a> from main.o(i._Z18SystemEventBurner3P8Runnable) referenced from main.o(i._Z17SystemEventBurnerP8Runnable)
 <LI><a href="#[72]">__default_new_handler()</a> from arm_newhandler_noexceptions.o(.text) referenced from new.o(i._Znwj)
 <LI><a href="#[75]">Synchronizer&lang;Runtime&rang;::syncRelease(Runtime*)</a> from device.o(t._ZN12SynchronizerI7RuntimeE11syncReleaseEPS0_) referenced from device.o(.constdata__ZTV12SynchronizerI7RuntimeE)
 <LI><a href="#[75]">Synchronizer&lang;Runtime&rang;::syncRelease(Runtime*)</a> from device.o(t._ZN12SynchronizerI7RuntimeE11syncReleaseEPS0_) referenced from device.o(.constdata__ZTV7Runtime)
 <LI><a href="#[74]">Synchronizer&lang;Runtime&rang;::syncFetch(Runtime*)</a> from device.o(t._ZN12SynchronizerI7RuntimeE9syncFetchEPS0_) referenced from device.o(.constdata__ZTV12SynchronizerI7RuntimeE)
 <LI><a href="#[74]">Synchronizer&lang;Runtime&rang;::syncFetch(Runtime*)</a> from device.o(t._ZN12SynchronizerI7RuntimeE9syncFetchEPS0_) referenced from device.o(.constdata__ZTV7Runtime)
 <LI><a href="#[6e]">[local to arm_exceptions_c]::__default_terminate_handler()</a> from arm_exceptions_globs.o(.text) referenced from arm_exceptions_globs.o(.text)
 <LI><a href="#[78]">Allocator&lang;DefaultArrayListNode&lang;ArrayList&lang;Runnable&rang;, Runnable&rang;&rang;::free(void*)</a> from device.o(t._ZN9AllocatorI20DefaultArrayListNodeI9ArrayListI8RunnableES2_EE4freeEPv) referenced from device.o(.constdata__ZTV9AllocatorI20DefaultArrayListNodeI9ArrayListI8RunnableES2_EE)
 <LI><a href="#[78]">Allocator&lang;DefaultArrayListNode&lang;ArrayList&lang;Runnable&rang;, Runnable&rang;&rang;::free(void*)</a> from device.o(t._ZN9AllocatorI20DefaultArrayListNodeI9ArrayListI8RunnableES2_EE4freeEPv) referenced from device.o(.constdata__ZTV9ArrayListI8RunnableE)
 <LI><a href="#[77]">Allocator&lang;DefaultArrayListNode&lang;ArrayList&lang;Runnable&rang;, Runnable&rang;&rang;::alloc(unsigned)</a> from device.o(t._ZN9AllocatorI20DefaultArrayListNodeI9ArrayListI8RunnableES2_EE5allocEj) referenced from device.o(.constdata__ZTV9AllocatorI20DefaultArrayListNodeI9ArrayListI8RunnableES2_EE)
 <LI><a href="#[77]">Allocator&lang;DefaultArrayListNode&lang;ArrayList&lang;Runnable&rang;, Runnable&rang;&rang;::alloc(unsigned)</a> from device.o(t._ZN9AllocatorI20DefaultArrayListNodeI9ArrayListI8RunnableES2_EE5allocEj) referenced from device.o(.constdata__ZTV9ArrayListI8RunnableE)
 <LI><a href="#[79]">Allocator&lang;DefaultArrayListNode&lang;ArrayList&lang;TestClass&rang;, TestClass&rang;&rang;::alloc(unsigned)</a> from main.o(t._ZN9AllocatorI20DefaultArrayListNodeI9ArrayListI9TestClassES2_EE5allocEj) referenced from main.o(.constdata__ZTV9AllocatorI20DefaultArrayListNodeI9ArrayListI9TestClassES2_EE)
 <LI><a href="#[79]">Allocator&lang;DefaultArrayListNode&lang;ArrayList&lang;TestClass&rang;, TestClass&rang;&rang;::alloc(unsigned)</a> from main.o(t._ZN9AllocatorI20DefaultArrayListNodeI9ArrayListI9TestClassES2_EE5allocEj) referenced from main.o(.constdata__ZTV9ArrayListI9TestClassE)
 <LI><a href="#[76]">Allocator&lang;char&rang;::alloc(unsigned)</a> from main.o(t._ZN9AllocatorIcE5allocEj) referenced from main.o(.constdata__ZTV6String)
 <LI><a href="#[76]">Allocator&lang;char&rang;::alloc(unsigned)</a> from main.o(t._ZN9AllocatorIcE5allocEj) referenced from main.o(.constdata__ZTV9AllocatorIcE)
 <LI><a href="#[73]">ArrayList&lang;Runnable&rang;::ArrayList()</a> from device.o(t._ZN9ArrayListI8RunnableEC1Ev) referenced from device.o(i.__sti___10_device_cpp_runtime)
 <LI><a href="#[7c]">__main</a> from __main.o(!!!main) referenced from startup_stm32f417xx.o(.text)
 <LI><a href="#[7b]">__sti___10_device_cpp_runtime</a> from device.o(i.__sti___10_device_cpp_runtime) referenced from device.o(.init_array)
 <LI><a href="#[7a]">__sti___8_main_cpp_ca4700dd</a> from main.o(i.__sti___8_main_cpp_ca4700dd) referenced from main.o(.init_array)
</UL>
<P>
<H3>
Global Symbols
</H3>
<P><STRONG><a name="[7c]"></a>__main</STRONG> (Thumb, 8 bytes, Stack size 0 bytes, __main.o(!!!main))
<BR><BR>[Calls]<UL><LI><a href="#[7f]">&gt;&gt;</a>&nbsp;&nbsp;&nbsp;__rt_entry
<LI><a href="#[7e]">&gt;&gt;</a>&nbsp;&nbsp;&nbsp;__scatterload
</UL>

<P><STRONG><a name="[7e]"></a>__scatterload</STRONG> (Thumb, 0 bytes, Stack size unknown bytes, __scatter.o(!!!scatter))
<BR><BR>[Called By]<UL><LI><a href="#[7c]">&gt;&gt;</a>&nbsp;&nbsp;&nbsp;__main
</UL>

<P><STRONG><a name="[80]"></a>__scatterload_rt2</STRONG> (Thumb, 44 bytes, Stack size unknown bytes, __scatter.o(!!!scatter), UNUSED)
<BR><BR>[Calls]<UL><LI><a href="#[7f]">&gt;&gt;</a>&nbsp;&nbsp;&nbsp;__rt_entry
</UL>

<P><STRONG><a name="[11a]"></a>__scatterload_rt2_thumb_only</STRONG> (Thumb, 0 bytes, Stack size unknown bytes, __scatter.o(!!!scatter), UNUSED)

<P><STRONG><a name="[11b]"></a>__scatterload_null</STRONG> (Thumb, 0 bytes, Stack size unknown bytes, __scatter.o(!!!scatter), UNUSED)

<P><STRONG><a name="[81]"></a>__scatterload_copy</STRONG> (Thumb, 26 bytes, Stack size unknown bytes, __scatter_copy.o(!!handler_copy), UNUSED)
<BR><BR>[Calls]<UL><LI><a href="#[81]">&gt;&gt;</a>&nbsp;&nbsp;&nbsp;__scatterload_copy
</UL>
<BR>[Called By]<UL><LI><a href="#[81]">&gt;&gt;</a>&nbsp;&nbsp;&nbsp;__scatterload_copy
</UL>

<P><STRONG><a name="[11c]"></a>__scatterload_zeroinit</STRONG> (Thumb, 28 bytes, Stack size unknown bytes, __scatter_zi.o(!!handler_zi), UNUSED)

<P><STRONG><a name="[8a]"></a>__rt_lib_init</STRONG> (Thumb, 0 bytes, Stack size unknown bytes, libinit.o(.ARM.Collect$$libinit$$00000000))
<BR><BR>[Called By]<UL><LI><a href="#[89]">&gt;&gt;</a>&nbsp;&nbsp;&nbsp;__rt_entry_li
</UL>

<P><STRONG><a name="[82]"></a>__rt_lib_init_fp_1</STRONG> (Thumb, 0 bytes, Stack size unknown bytes, libinit2.o(.ARM.Collect$$libinit$$00000001))
<BR><BR>[Calls]<UL><LI><a href="#[83]">&gt;&gt;</a>&nbsp;&nbsp;&nbsp;_fp_init
</UL>

<P><STRONG><a name="[84]"></a>__rt_lib_init_heap_2</STRONG> (Thumb, 0 bytes, Stack size unknown bytes, libinit2.o(.ARM.Collect$$libinit$$00000005))
<BR><BR>[Stack]<UL><LI>Max Depth = 64 + Unknown Stack Size
<LI>Call Chain = __rt_lib_init_heap_2 &rArr; _init_alloc &rArr; __rt_SIGRTMEM &rArr; __rt_SIGRTMEM_inner &rArr; __default_signal_display &rArr; _ttywrch
</UL>
<BR>[Calls]<UL><LI><a href="#[85]">&gt;&gt;</a>&nbsp;&nbsp;&nbsp;_init_alloc
</UL>

<P><STRONG><a name="[11d]"></a>__rt_lib_init_preinit_1</STRONG> (Thumb, 0 bytes, Stack size unknown bytes, libinit2.o(.ARM.Collect$$libinit$$00000004))

<P><STRONG><a name="[11e]"></a>__rt_lib_init_alloca_1</STRONG> (Thumb, 0 bytes, Stack size unknown bytes, libinit2.o(.ARM.Collect$$libinit$$0000002E))

<P><STRONG><a name="[11f]"></a>__rt_lib_init_argv_1</STRONG> (Thumb, 0 bytes, Stack size unknown bytes, libinit2.o(.ARM.Collect$$libinit$$0000002C))

<P><STRONG><a name="[120]"></a>__rt_lib_init_atexit_1</STRONG> (Thumb, 0 bytes, Stack size unknown bytes, libinit2.o(.ARM.Collect$$libinit$$0000001B))

<P><STRONG><a name="[121]"></a>__rt_lib_init_clock_1</STRONG> (Thumb, 0 bytes, Stack size unknown bytes, libinit2.o(.ARM.Collect$$libinit$$00000021))

<P><STRONG><a name="[86]"></a>__rt_lib_init_cpp_2</STRONG> (Thumb, 0 bytes, Stack size unknown bytes, libinit2.o(.ARM.Collect$$libinit$$00000031))
<BR><BR>[Stack]<UL><LI>Max Depth = 16 + Unknown Stack Size
<LI>Call Chain = __rt_lib_init_cpp_2 &rArr; __cpp_initialize__aeabi_
</UL>
<BR>[Calls]<UL><LI><a href="#[7d]">&gt;&gt;</a>&nbsp;&nbsp;&nbsp;__cpp_initialize__aeabi_
</UL>

<P><STRONG><a name="[122]"></a>__rt_lib_init_exceptions_1</STRONG> (Thumb, 0 bytes, Stack size unknown bytes, libinit2.o(.ARM.Collect$$libinit$$00000030))

<P><STRONG><a name="[123]"></a>__rt_lib_init_fp_trap_1</STRONG> (Thumb, 0 bytes, Stack size unknown bytes, libinit2.o(.ARM.Collect$$libinit$$0000001F))

<P><STRONG><a name="[124]"></a>__rt_lib_init_getenv_1</STRONG> (Thumb, 0 bytes, Stack size unknown bytes, libinit2.o(.ARM.Collect$$libinit$$00000023))

<P><STRONG><a name="[125]"></a>__rt_lib_init_heap_1</STRONG> (Thumb, 0 bytes, Stack size unknown bytes, libinit2.o(.ARM.Collect$$libinit$$0000000A))

<P><STRONG><a name="[126]"></a>__rt_lib_init_lc_collate_1</STRONG> (Thumb, 0 bytes, Stack size unknown bytes, libinit2.o(.ARM.Collect$$libinit$$00000011))

<P><STRONG><a name="[127]"></a>__rt_lib_init_lc_ctype_1</STRONG> (Thumb, 0 bytes, Stack size unknown bytes, libinit2.o(.ARM.Collect$$libinit$$00000013))

<P><STRONG><a name="[128]"></a>__rt_lib_init_lc_monetary_1</STRONG> (Thumb, 0 bytes, Stack size unknown bytes, libinit2.o(.ARM.Collect$$libinit$$00000015))

<P><STRONG><a name="[129]"></a>__rt_lib_init_lc_numeric_1</STRONG> (Thumb, 0 bytes, Stack size unknown bytes, libinit2.o(.ARM.Collect$$libinit$$00000017))

<P><STRONG><a name="[12a]"></a>__rt_lib_init_lc_time_1</STRONG> (Thumb, 0 bytes, Stack size unknown bytes, libinit2.o(.ARM.Collect$$libinit$$00000019))

<P><STRONG><a name="[12b]"></a>__rt_lib_init_rand_1</STRONG> (Thumb, 0 bytes, Stack size unknown bytes, libinit2.o(.ARM.Collect$$libinit$$0000000E))

<P><STRONG><a name="[12c]"></a>__rt_lib_init_signal_1</STRONG> (Thumb, 0 bytes, Stack size unknown bytes, libinit2.o(.ARM.Collect$$libinit$$0000001D))

<P><STRONG><a name="[12d]"></a>__rt_lib_init_stdio_1</STRONG> (Thumb, 0 bytes, Stack size unknown bytes, libinit2.o(.ARM.Collect$$libinit$$00000025))

<P><STRONG><a name="[12e]"></a>__rt_lib_init_user_alloc_1</STRONG> (Thumb, 0 bytes, Stack size unknown bytes, libinit2.o(.ARM.Collect$$libinit$$0000000C))

<P><STRONG><a name="[12f]"></a>__rt_lib_init_cpp_1</STRONG> (Thumb, 0 bytes, Stack size unknown bytes, libinit2.o(.ARM.Collect$$libinit$$00000032))

<P><STRONG><a name="[130]"></a>__rt_lib_init_return</STRONG> (Thumb, 0 bytes, Stack size unknown bytes, libinit2.o(.ARM.Collect$$libinit$$00000033))

<P><STRONG><a name="[8f]"></a>__rt_lib_shutdown</STRONG> (Thumb, 0 bytes, Stack size unknown bytes, libshutdown.o(.ARM.Collect$$libshutdown$$00000000))
<BR><BR>[Called By]<UL><LI><a href="#[8e]">&gt;&gt;</a>&nbsp;&nbsp;&nbsp;__rt_exit_ls
<LI><a href="#[a0]">&gt;&gt;</a>&nbsp;&nbsp;&nbsp;abort
</UL>

<P><STRONG><a name="[131]"></a>__rt_lib_shutdown_fp_trap_1</STRONG> (Thumb, 0 bytes, Stack size unknown bytes, libshutdown2.o(.ARM.Collect$$libshutdown$$00000006))

<P><STRONG><a name="[132]"></a>__rt_lib_shutdown_heap_1</STRONG> (Thumb, 0 bytes, Stack size unknown bytes, libshutdown2.o(.ARM.Collect$$libshutdown$$0000000E))

<P><STRONG><a name="[133]"></a>__rt_lib_shutdown_return</STRONG> (Thumb, 0 bytes, Stack size unknown bytes, libshutdown2.o(.ARM.Collect$$libshutdown$$0000000F))

<P><STRONG><a name="[134]"></a>__rt_lib_shutdown_signal_1</STRONG> (Thumb, 0 bytes, Stack size unknown bytes, libshutdown2.o(.ARM.Collect$$libshutdown$$00000009))

<P><STRONG><a name="[135]"></a>__rt_lib_shutdown_stdio_1</STRONG> (Thumb, 0 bytes, Stack size unknown bytes, libshutdown2.o(.ARM.Collect$$libshutdown$$00000003))

<P><STRONG><a name="[136]"></a>__rt_lib_shutdown_user_alloc_1</STRONG> (Thumb, 0 bytes, Stack size unknown bytes, libshutdown2.o(.ARM.Collect$$libshutdown$$0000000B))

<P><STRONG><a name="[7f]"></a>__rt_entry</STRONG> (Thumb, 0 bytes, Stack size unknown bytes, __rtentry.o(.ARM.Collect$$rtentry$$00000000))
<BR><BR>[Called By]<UL><LI><a href="#[7c]">&gt;&gt;</a>&nbsp;&nbsp;&nbsp;__main
<LI><a href="#[80]">&gt;&gt;</a>&nbsp;&nbsp;&nbsp;__scatterload_rt2
</UL>

<P><STRONG><a name="[137]"></a>__rt_entry_presh_1</STRONG> (Thumb, 0 bytes, Stack size unknown bytes, __rtentry2.o(.ARM.Collect$$rtentry$$00000002))

<P><STRONG><a name="[87]"></a>__rt_entry_sh</STRONG> (Thumb, 0 bytes, Stack size unknown bytes, __rtentry4.o(.ARM.Collect$$rtentry$$00000004))
<BR><BR>[Stack]<UL><LI>Max Depth = 8 + Unknown Stack Size
<LI>Call Chain = __rt_entry_sh &rArr; __user_setup_stackheap
</UL>
<BR>[Calls]<UL><LI><a href="#[88]">&gt;&gt;</a>&nbsp;&nbsp;&nbsp;__user_setup_stackheap
</UL>

<P><STRONG><a name="[89]"></a>__rt_entry_li</STRONG> (Thumb, 0 bytes, Stack size unknown bytes, __rtentry2.o(.ARM.Collect$$rtentry$$0000000A))
<BR><BR>[Calls]<UL><LI><a href="#[8a]">&gt;&gt;</a>&nbsp;&nbsp;&nbsp;__rt_lib_init
</UL>

<P><STRONG><a name="[138]"></a>__rt_entry_postsh_1</STRONG> (Thumb, 0 bytes, Stack size unknown bytes, __rtentry2.o(.ARM.Collect$$rtentry$$00000009))

<P><STRONG><a name="[8b]"></a>__rt_entry_main</STRONG> (Thumb, 0 bytes, Stack size unknown bytes, __rtentry2.o(.ARM.Collect$$rtentry$$0000000D))
<BR><BR>[Stack]<UL><LI>Max Depth = 200 + Unknown Stack Size
<LI>Call Chain = __rt_entry_main &rArr; main &rArr; SystemClock_Config() &rArr; HAL_RCC_ClockConfig &rArr; HAL_InitTick &rArr; HAL_NVIC_SetPriority &rArr; [local to stm32f4xx_hal_cortex_c]::NVIC_SetPriority(IRQn_Type, unsigned)
</UL>
<BR>[Calls]<UL><LI><a href="#[8c]">&gt;&gt;</a>&nbsp;&nbsp;&nbsp;main
<LI><a href="#[8d]">&gt;&gt;</a>&nbsp;&nbsp;&nbsp;exit
</UL>

<P><STRONG><a name="[139]"></a>__rt_entry_postli_1</STRONG> (Thumb, 0 bytes, Stack size unknown bytes, __rtentry2.o(.ARM.Collect$$rtentry$$0000000C))

<P><STRONG><a name="[a5]"></a>__rt_exit</STRONG> (Thumb, 0 bytes, Stack size unknown bytes, rtexit.o(.ARM.Collect$$rtexit$$00000000))
<BR><BR>[Called By]<UL><LI><a href="#[8d]">&gt;&gt;</a>&nbsp;&nbsp;&nbsp;exit
</UL>

<P><STRONG><a name="[8e]"></a>__rt_exit_ls</STRONG> (Thumb, 0 bytes, Stack size unknown bytes, rtexit2.o(.ARM.Collect$$rtexit$$00000003))
<BR><BR>[Calls]<UL><LI><a href="#[8f]">&gt;&gt;</a>&nbsp;&nbsp;&nbsp;__rt_lib_shutdown
</UL>

<P><STRONG><a name="[13a]"></a>__rt_exit_prels_1</STRONG> (Thumb, 0 bytes, Stack size unknown bytes, rtexit2.o(.ARM.Collect$$rtexit$$00000002))

<P><STRONG><a name="[90]"></a>__rt_exit_exit</STRONG> (Thumb, 0 bytes, Stack size unknown bytes, rtexit2.o(.ARM.Collect$$rtexit$$00000004))
<BR><BR>[Calls]<UL><LI><a href="#[91]">&gt;&gt;</a>&nbsp;&nbsp;&nbsp;_sys_exit
</UL>

<P><STRONG><a name="[92]"></a>RuntimeStartup</STRONG> (Thumb, 30 bytes, Stack size 0 bytes, stackswitching.o(.text))
<BR><BR>[Stack]<UL><LI>Max Depth = 88<LI>Call Chain = RuntimeStartup &rArr; StackSwitch &rArr; server(void*, int) &rArr; Runtime::manageThreads(void*, int) &rArr; ArrayList&lang;Runnable&rang;::removeFirst() &rArr; int Allocator&lang;DefaultArrayListNode&lang;ArrayList&lang;Runnable&rang;, Runnable&rang;&rang;::Delete&lang;DefaultArrayListNode&lang;ArrayList&lang;Runnable&rang;, Runnable&rang;&rang;(T1*)
</UL>
<BR>[Calls]<UL><LI><a href="#[94]">&gt;&gt;</a>&nbsp;&nbsp;&nbsp;StackSwitch
<LI><a href="#[93]">&gt;&gt;</a>&nbsp;&nbsp;&nbsp;RuntimeInit
</UL>
<BR>[Called By]<UL><LI><a href="#[f6]">&gt;&gt;</a>&nbsp;&nbsp;&nbsp;Runtime::operator ()(unsigned, unsigned)
</UL>

<P><STRONG><a name="[13b]"></a>_maybe_terminate_alloc</STRONG> (Thumb, 0 bytes, Stack size 0 bytes, maybetermalloc1.o(.emb_text), UNUSED)

<P><STRONG><a name="[19]"></a>SysTick_Handler</STRONG> (Thumb, 32 bytes, Stack size 0 bytes, stackswitching.o(.text))
<BR><BR>[Stack]<UL><LI>Max Depth = 88<LI>Call Chain = SysTick_Handler &rArr; StackSwitch &rArr; server(void*, int) &rArr; Runtime::manageThreads(void*, int) &rArr; ArrayList&lang;Runnable&rang;::removeFirst() &rArr; int Allocator&lang;DefaultArrayListNode&lang;ArrayList&lang;Runnable&rang;, Runnable&rang;&rang;::Delete&lang;DefaultArrayListNode&lang;ArrayList&lang;Runnable&rang;, Runnable&rang;&rang;(T1*)
</UL>
<BR>[Calls]<UL><LI><a href="#[94]">&gt;&gt;</a>&nbsp;&nbsp;&nbsp;StackSwitch
</UL>
<BR>[Address Reference Count : 1]<UL><LI> startup_stm32f417xx.o(RESET)
</UL>
<P><STRONG><a name="[18]"></a>PendSV_Handler</STRONG> (Thumb, 28 bytes, Stack size 0 bytes, stackswitching.o(.text))
<BR><BR>[Calls]<UL><LI><a href="#[95]">&gt;&gt;</a>&nbsp;&nbsp;&nbsp;StackSwitchPSV
</UL>
<BR>[Address Reference Count : 1]<UL><LI> startup_stm32f417xx.o(RESET)
</UL>
<P><STRONG><a name="[13c]"></a>EnableFPU</STRONG> (Thumb, 18 bytes, Stack size 0 bytes, stackswitching.o(.text), UNUSED)

<P><STRONG><a name="[10]"></a>Reset_Handler</STRONG> (Thumb, 8 bytes, Stack size 0 bytes, startup_stm32f417xx.o(.text))
<BR>[Address Reference Count : 1]<UL><LI> startup_stm32f417xx.o(RESET)
</UL>
<P><STRONG><a name="[16]"></a>SVC_Handler</STRONG> (Thumb, 2 bytes, Stack size 0 bytes, startup_stm32f417xx.o(.text))
<BR><BR>[Calls]<UL><LI><a href="#[16]">&gt;&gt;</a>&nbsp;&nbsp;&nbsp;SVC_Handler
</UL>
<BR>[Called By]<UL><LI><a href="#[16]">&gt;&gt;</a>&nbsp;&nbsp;&nbsp;SVC_Handler
</UL>
<BR>[Address Reference Count : 1]<UL><LI> startup_stm32f417xx.o(RESET)
</UL>
<P><STRONG><a name="[2c]"></a>ADC_IRQHandler</STRONG> (Thumb, 0 bytes, Stack size 0 bytes, startup_stm32f417xx.o(.text))
<BR><BR>[Calls]<UL><LI><a href="#[2c]">&gt;&gt;</a>&nbsp;&nbsp;&nbsp;ADC_IRQHandler
</UL>
<BR>[Called By]<UL><LI><a href="#[2c]">&gt;&gt;</a>&nbsp;&nbsp;&nbsp;ADC_IRQHandler
</UL>
<BR>[Address Reference Count : 1]<UL><LI> startup_stm32f417xx.o(RESET)
</UL>
<P><STRONG><a name="[2e]"></a>CAN1_RX0_IRQHandler</STRONG> (Thumb, 0 bytes, Stack size 0 bytes, startup_stm32f417xx.o(.text))
<BR>[Address Reference Count : 1]<UL><LI> startup_stm32f417xx.o(RESET)
</UL>
<P><STRONG><a name="[2f]"></a>CAN1_RX1_IRQHandler</STRONG> (Thumb, 0 bytes, Stack size 0 bytes, startup_stm32f417xx.o(.text))
<BR>[Address Reference Count : 1]<UL><LI> startup_stm32f417xx.o(RESET)
</UL>
<P><STRONG><a name="[30]"></a>CAN1_SCE_IRQHandler</STRONG> (Thumb, 0 bytes, Stack size 0 bytes, startup_stm32f417xx.o(.text))
<BR>[Address Reference Count : 1]<UL><LI> startup_stm32f417xx.o(RESET)
</UL>
<P><STRONG><a name="[2d]"></a>CAN1_TX_IRQHandler</STRONG> (Thumb, 0 bytes, Stack size 0 bytes, startup_stm32f417xx.o(.text))
<BR>[Address Reference Count : 1]<UL><LI> startup_stm32f417xx.o(RESET)
</UL>
<P><STRONG><a name="[5a]"></a>CAN2_RX0_IRQHandler</STRONG> (Thumb, 0 bytes, Stack size 0 bytes, startup_stm32f417xx.o(.text))
<BR>[Address Reference Count : 1]<UL><LI> startup_stm32f417xx.o(RESET)
</UL>
<P><STRONG><a name="[5b]"></a>CAN2_RX1_IRQHandler</STRONG> (Thumb, 0 bytes, Stack size 0 bytes, startup_stm32f417xx.o(.text))
<BR>[Address Reference Count : 1]<UL><LI> startup_stm32f417xx.o(RESET)
</UL>
<P><STRONG><a name="[5c]"></a>CAN2_SCE_IRQHandler</STRONG> (Thumb, 0 bytes, Stack size 0 bytes, startup_stm32f417xx.o(.text))
<BR>[Address Reference Count : 1]<UL><LI> startup_stm32f417xx.o(RESET)
</UL>
<P><STRONG><a name="[59]"></a>CAN2_TX_IRQHandler</STRONG> (Thumb, 0 bytes, Stack size 0 bytes, startup_stm32f417xx.o(.text))
<BR>[Address Reference Count : 1]<UL><LI> startup_stm32f417xx.o(RESET)
</UL>
<P><STRONG><a name="[69]"></a>CRYP_IRQHandler</STRONG> (Thumb, 0 bytes, Stack size 0 bytes, startup_stm32f417xx.o(.text))
<BR>[Address Reference Count : 1]<UL><LI> startup_stm32f417xx.o(RESET)
</UL>
<P><STRONG><a name="[68]"></a>DCMI_IRQHandler</STRONG> (Thumb, 0 bytes, Stack size 0 bytes, startup_stm32f417xx.o(.text))
<BR>[Address Reference Count : 1]<UL><LI> startup_stm32f417xx.o(RESET)
</UL>
<P><STRONG><a name="[25]"></a>DMA1_Stream0_IRQHandler</STRONG> (Thumb, 0 bytes, Stack size 0 bytes, startup_stm32f417xx.o(.text))
<BR>[Address Reference Count : 1]<UL><LI> startup_stm32f417xx.o(RESET)
</UL>
<P><STRONG><a name="[26]"></a>DMA1_Stream1_IRQHandler</STRONG> (Thumb, 0 bytes, Stack size 0 bytes, startup_stm32f417xx.o(.text))
<BR>[Address Reference Count : 1]<UL><LI> startup_stm32f417xx.o(RESET)
</UL>
<P><STRONG><a name="[27]"></a>DMA1_Stream2_IRQHandler</STRONG> (Thumb, 0 bytes, Stack size 0 bytes, startup_stm32f417xx.o(.text))
<BR>[Address Reference Count : 1]<UL><LI> startup_stm32f417xx.o(RESET)
</UL>
<P><STRONG><a name="[28]"></a>DMA1_Stream3_IRQHandler</STRONG> (Thumb, 0 bytes, Stack size 0 bytes, startup_stm32f417xx.o(.text))
<BR>[Address Reference Count : 1]<UL><LI> startup_stm32f417xx.o(RESET)
</UL>
<P><STRONG><a name="[29]"></a>DMA1_Stream4_IRQHandler</STRONG> (Thumb, 0 bytes, Stack size 0 bytes, startup_stm32f417xx.o(.text))
<BR>[Address Reference Count : 1]<UL><LI> startup_stm32f417xx.o(RESET)
</UL>
<P><STRONG><a name="[2a]"></a>DMA1_Stream5_IRQHandler</STRONG> (Thumb, 0 bytes, Stack size 0 bytes, startup_stm32f417xx.o(.text))
<BR>[Address Reference Count : 1]<UL><LI> startup_stm32f417xx.o(RESET)
</UL>
<P><STRONG><a name="[2b]"></a>DMA1_Stream6_IRQHandler</STRONG> (Thumb, 0 bytes, Stack size 0 bytes, startup_stm32f417xx.o(.text))
<BR>[Address Reference Count : 1]<UL><LI> startup_stm32f417xx.o(RESET)
</UL>
<P><STRONG><a name="[49]"></a>DMA1_Stream7_IRQHandler</STRONG> (Thumb, 0 bytes, Stack size 0 bytes, startup_stm32f417xx.o(.text))
<BR>[Address Reference Count : 1]<UL><LI> startup_stm32f417xx.o(RESET)
</UL>
<P><STRONG><a name="[52]"></a>DMA2_Stream0_IRQHandler</STRONG> (Thumb, 0 bytes, Stack size 0 bytes, startup_stm32f417xx.o(.text))
<BR>[Address Reference Count : 1]<UL><LI> startup_stm32f417xx.o(RESET)
</UL>
<P><STRONG><a name="[53]"></a>DMA2_Stream1_IRQHandler</STRONG> (Thumb, 0 bytes, Stack size 0 bytes, startup_stm32f417xx.o(.text))
<BR>[Address Reference Count : 1]<UL><LI> startup_stm32f417xx.o(RESET)
</UL>
<P><STRONG><a name="[54]"></a>DMA2_Stream2_IRQHandler</STRONG> (Thumb, 0 bytes, Stack size 0 bytes, startup_stm32f417xx.o(.text))
<BR>[Address Reference Count : 1]<UL><LI> startup_stm32f417xx.o(RESET)
</UL>
<P><STRONG><a name="[55]"></a>DMA2_Stream3_IRQHandler</STRONG> (Thumb, 0 bytes, Stack size 0 bytes, startup_stm32f417xx.o(.text))
<BR>[Address Reference Count : 1]<UL><LI> startup_stm32f417xx.o(RESET)
</UL>
<P><STRONG><a name="[56]"></a>DMA2_Stream4_IRQHandler</STRONG> (Thumb, 0 bytes, Stack size 0 bytes, startup_stm32f417xx.o(.text))
<BR>[Address Reference Count : 1]<UL><LI> startup_stm32f417xx.o(RESET)
</UL>
<P><STRONG><a name="[5e]"></a>DMA2_Stream5_IRQHandler</STRONG> (Thumb, 0 bytes, Stack size 0 bytes, startup_stm32f417xx.o(.text))
<BR>[Address Reference Count : 1]<UL><LI> startup_stm32f417xx.o(RESET)
</UL>
<P><STRONG><a name="[5f]"></a>DMA2_Stream6_IRQHandler</STRONG> (Thumb, 0 bytes, Stack size 0 bytes, startup_stm32f417xx.o(.text))
<BR>[Address Reference Count : 1]<UL><LI> startup_stm32f417xx.o(RESET)
</UL>
<P><STRONG><a name="[60]"></a>DMA2_Stream7_IRQHandler</STRONG> (Thumb, 0 bytes, Stack size 0 bytes, startup_stm32f417xx.o(.text))
<BR>[Address Reference Count : 1]<UL><LI> startup_stm32f417xx.o(RESET)
</UL>
<P><STRONG><a name="[57]"></a>ETH_IRQHandler</STRONG> (Thumb, 0 bytes, Stack size 0 bytes, startup_stm32f417xx.o(.text))
<BR>[Address Reference Count : 1]<UL><LI> startup_stm32f417xx.o(RESET)
</UL>
<P><STRONG><a name="[58]"></a>ETH_WKUP_IRQHandler</STRONG> (Thumb, 0 bytes, Stack size 0 bytes, startup_stm32f417xx.o(.text))
<BR>[Address Reference Count : 1]<UL><LI> startup_stm32f417xx.o(RESET)
</UL>
<P><STRONG><a name="[42]"></a>EXTI15_10_IRQHandler</STRONG> (Thumb, 0 bytes, Stack size 0 bytes, startup_stm32f417xx.o(.text))
<BR>[Address Reference Count : 1]<UL><LI> startup_stm32f417xx.o(RESET)
</UL>
<P><STRONG><a name="[21]"></a>EXTI1_IRQHandler</STRONG> (Thumb, 0 bytes, Stack size 0 bytes, startup_stm32f417xx.o(.text))
<BR>[Address Reference Count : 1]<UL><LI> startup_stm32f417xx.o(RESET)
</UL>
<P><STRONG><a name="[22]"></a>EXTI2_IRQHandler</STRONG> (Thumb, 0 bytes, Stack size 0 bytes, startup_stm32f417xx.o(.text))
<BR>[Address Reference Count : 1]<UL><LI> startup_stm32f417xx.o(RESET)
</UL>
<P><STRONG><a name="[23]"></a>EXTI3_IRQHandler</STRONG> (Thumb, 0 bytes, Stack size 0 bytes, startup_stm32f417xx.o(.text))
<BR>[Address Reference Count : 1]<UL><LI> startup_stm32f417xx.o(RESET)
</UL>
<P><STRONG><a name="[24]"></a>EXTI4_IRQHandler</STRONG> (Thumb, 0 bytes, Stack size 0 bytes, startup_stm32f417xx.o(.text))
<BR>[Address Reference Count : 1]<UL><LI> startup_stm32f417xx.o(RESET)
</UL>
<P><STRONG><a name="[31]"></a>EXTI9_5_IRQHandler</STRONG> (Thumb, 0 bytes, Stack size 0 bytes, startup_stm32f417xx.o(.text))
<BR>[Address Reference Count : 1]<UL><LI> startup_stm32f417xx.o(RESET)
</UL>
<P><STRONG><a name="[1e]"></a>FLASH_IRQHandler</STRONG> (Thumb, 0 bytes, Stack size 0 bytes, startup_stm32f417xx.o(.text))
<BR>[Address Reference Count : 1]<UL><LI> startup_stm32f417xx.o(RESET)
</UL>
<P><STRONG><a name="[4a]"></a>FMC_IRQHandler</STRONG> (Thumb, 0 bytes, Stack size 0 bytes, startup_stm32f417xx.o(.text))
<BR>[Address Reference Count : 1]<UL><LI> startup_stm32f417xx.o(RESET)
</UL>
<P><STRONG><a name="[6b]"></a>FPU_IRQHandler</STRONG> (Thumb, 0 bytes, Stack size 0 bytes, startup_stm32f417xx.o(.text))
<BR>[Address Reference Count : 1]<UL><LI> startup_stm32f417xx.o(RESET)
</UL>
<P><STRONG><a name="[6a]"></a>HASH_RNG_IRQHandler</STRONG> (Thumb, 0 bytes, Stack size 0 bytes, startup_stm32f417xx.o(.text))
<BR>[Address Reference Count : 1]<UL><LI> startup_stm32f417xx.o(RESET)
</UL>
<P><STRONG><a name="[3a]"></a>I2C1_ER_IRQHandler</STRONG> (Thumb, 0 bytes, Stack size 0 bytes, startup_stm32f417xx.o(.text))
<BR>[Address Reference Count : 1]<UL><LI> startup_stm32f417xx.o(RESET)
</UL>
<P><STRONG><a name="[39]"></a>I2C1_EV_IRQHandler</STRONG> (Thumb, 0 bytes, Stack size 0 bytes, startup_stm32f417xx.o(.text))
<BR>[Address Reference Count : 1]<UL><LI> startup_stm32f417xx.o(RESET)
</UL>
<P><STRONG><a name="[3c]"></a>I2C2_ER_IRQHandler</STRONG> (Thumb, 0 bytes, Stack size 0 bytes, startup_stm32f417xx.o(.text))
<BR>[Address Reference Count : 1]<UL><LI> startup_stm32f417xx.o(RESET)
</UL>
<P><STRONG><a name="[3b]"></a>I2C2_EV_IRQHandler</STRONG> (Thumb, 0 bytes, Stack size 0 bytes, startup_stm32f417xx.o(.text))
<BR>[Address Reference Count : 1]<UL><LI> startup_stm32f417xx.o(RESET)
</UL>
<P><STRONG><a name="[63]"></a>I2C3_ER_IRQHandler</STRONG> (Thumb, 0 bytes, Stack size 0 bytes, startup_stm32f417xx.o(.text))
<BR>[Address Reference Count : 1]<UL><LI> startup_stm32f417xx.o(RESET)
</UL>
<P><STRONG><a name="[62]"></a>I2C3_EV_IRQHandler</STRONG> (Thumb, 0 bytes, Stack size 0 bytes, startup_stm32f417xx.o(.text))
<BR>[Address Reference Count : 1]<UL><LI> startup_stm32f417xx.o(RESET)
</UL>
<P><STRONG><a name="[5d]"></a>OTG_FS_IRQHandler</STRONG> (Thumb, 0 bytes, Stack size 0 bytes, startup_stm32f417xx.o(.text))
<BR>[Address Reference Count : 1]<UL><LI> startup_stm32f417xx.o(RESET)
</UL>
<P><STRONG><a name="[44]"></a>OTG_FS_WKUP_IRQHandler</STRONG> (Thumb, 0 bytes, Stack size 0 bytes, startup_stm32f417xx.o(.text))
<BR>[Address Reference Count : 1]<UL><LI> startup_stm32f417xx.o(RESET)
</UL>
<P><STRONG><a name="[65]"></a>OTG_HS_EP1_IN_IRQHandler</STRONG> (Thumb, 0 bytes, Stack size 0 bytes, startup_stm32f417xx.o(.text))
<BR>[Address Reference Count : 1]<UL><LI> startup_stm32f417xx.o(RESET)
</UL>
<P><STRONG><a name="[64]"></a>OTG_HS_EP1_OUT_IRQHandler</STRONG> (Thumb, 0 bytes, Stack size 0 bytes, startup_stm32f417xx.o(.text))
<BR>[Address Reference Count : 1]<UL><LI> startup_stm32f417xx.o(RESET)
</UL>
<P><STRONG><a name="[67]"></a>OTG_HS_IRQHandler</STRONG> (Thumb, 0 bytes, Stack size 0 bytes, startup_stm32f417xx.o(.text))
<BR>[Address Reference Count : 1]<UL><LI> startup_stm32f417xx.o(RESET)
</UL>
<P><STRONG><a name="[66]"></a>OTG_HS_WKUP_IRQHandler</STRONG> (Thumb, 0 bytes, Stack size 0 bytes, startup_stm32f417xx.o(.text))
<BR>[Address Reference Count : 1]<UL><LI> startup_stm32f417xx.o(RESET)
</UL>
<P><STRONG><a name="[1b]"></a>PVD_IRQHandler</STRONG> (Thumb, 0 bytes, Stack size 0 bytes, startup_stm32f417xx.o(.text))
<BR>[Address Reference Count : 1]<UL><LI> startup_stm32f417xx.o(RESET)
</UL>
<P><STRONG><a name="[1f]"></a>RCC_IRQHandler</STRONG> (Thumb, 0 bytes, Stack size 0 bytes, startup_stm32f417xx.o(.text))
<BR>[Address Reference Count : 1]<UL><LI> startup_stm32f417xx.o(RESET)
</UL>
<P><STRONG><a name="[43]"></a>RTC_Alarm_IRQHandler</STRONG> (Thumb, 0 bytes, Stack size 0 bytes, startup_stm32f417xx.o(.text))
<BR>[Address Reference Count : 1]<UL><LI> startup_stm32f417xx.o(RESET)
</UL>
<P><STRONG><a name="[1d]"></a>RTC_WKUP_IRQHandler</STRONG> (Thumb, 0 bytes, Stack size 0 bytes, startup_stm32f417xx.o(.text))
<BR>[Address Reference Count : 1]<UL><LI> startup_stm32f417xx.o(RESET)
</UL>
<P><STRONG><a name="[4b]"></a>SDIO_IRQHandler</STRONG> (Thumb, 0 bytes, Stack size 0 bytes, startup_stm32f417xx.o(.text))
<BR>[Address Reference Count : 1]<UL><LI> startup_stm32f417xx.o(RESET)
</UL>
<P><STRONG><a name="[3d]"></a>SPI1_IRQHandler</STRONG> (Thumb, 0 bytes, Stack size 0 bytes, startup_stm32f417xx.o(.text))
<BR>[Address Reference Count : 1]<UL><LI> startup_stm32f417xx.o(RESET)
</UL>
<P><STRONG><a name="[3e]"></a>SPI2_IRQHandler</STRONG> (Thumb, 0 bytes, Stack size 0 bytes, startup_stm32f417xx.o(.text))
<BR>[Address Reference Count : 1]<UL><LI> startup_stm32f417xx.o(RESET)
</UL>
<P><STRONG><a name="[4d]"></a>SPI3_IRQHandler</STRONG> (Thumb, 0 bytes, Stack size 0 bytes, startup_stm32f417xx.o(.text))
<BR>[Address Reference Count : 1]<UL><LI> startup_stm32f417xx.o(RESET)
</UL>
<P><STRONG><a name="[1c]"></a>TAMP_STAMP_IRQHandler</STRONG> (Thumb, 0 bytes, Stack size 0 bytes, startup_stm32f417xx.o(.text))
<BR>[Address Reference Count : 1]<UL><LI> startup_stm32f417xx.o(RESET)
</UL>
<P><STRONG><a name="[32]"></a>TIM1_BRK_TIM9_IRQHandler</STRONG> (Thumb, 0 bytes, Stack size 0 bytes, startup_stm32f417xx.o(.text))
<BR>[Address Reference Count : 1]<UL><LI> startup_stm32f417xx.o(RESET)
</UL>
<P><STRONG><a name="[35]"></a>TIM1_CC_IRQHandler</STRONG> (Thumb, 0 bytes, Stack size 0 bytes, startup_stm32f417xx.o(.text))
<BR>[Address Reference Count : 1]<UL><LI> startup_stm32f417xx.o(RESET)
</UL>
<P><STRONG><a name="[34]"></a>TIM1_TRG_COM_TIM11_IRQHandler</STRONG> (Thumb, 0 bytes, Stack size 0 bytes, startup_stm32f417xx.o(.text))
<BR>[Address Reference Count : 1]<UL><LI> startup_stm32f417xx.o(RESET)
</UL>
<P><STRONG><a name="[37]"></a>TIM3_IRQHandler</STRONG> (Thumb, 0 bytes, Stack size 0 bytes, startup_stm32f417xx.o(.text))
<BR>[Address Reference Count : 1]<UL><LI> startup_stm32f417xx.o(RESET)
</UL>
<P><STRONG><a name="[38]"></a>TIM4_IRQHandler</STRONG> (Thumb, 0 bytes, Stack size 0 bytes, startup_stm32f417xx.o(.text))
<BR>[Address Reference Count : 1]<UL><LI> startup_stm32f417xx.o(RESET)
</UL>
<P><STRONG><a name="[4c]"></a>TIM5_IRQHandler</STRONG> (Thumb, 0 bytes, Stack size 0 bytes, startup_stm32f417xx.o(.text))
<BR>[Address Reference Count : 1]<UL><LI> startup_stm32f417xx.o(RESET)
</UL>
<P><STRONG><a name="[50]"></a>TIM6_DAC_IRQHandler</STRONG> (Thumb, 0 bytes, Stack size 0 bytes, startup_stm32f417xx.o(.text))
<BR>[Address Reference Count : 1]<UL><LI> startup_stm32f417xx.o(RESET)
</UL>
<P><STRONG><a name="[51]"></a>TIM7_IRQHandler</STRONG> (Thumb, 0 bytes, Stack size 0 bytes, startup_stm32f417xx.o(.text))
<BR>[Address Reference Count : 1]<UL><LI> startup_stm32f417xx.o(RESET)
</UL>
<P><STRONG><a name="[45]"></a>TIM8_BRK_TIM12_IRQHandler</STRONG> (Thumb, 0 bytes, Stack size 0 bytes, startup_stm32f417xx.o(.text))
<BR>[Address Reference Count : 1]<UL><LI> startup_stm32f417xx.o(RESET)
</UL>
<P><STRONG><a name="[48]"></a>TIM8_CC_IRQHandler</STRONG> (Thumb, 0 bytes, Stack size 0 bytes, startup_stm32f417xx.o(.text))
<BR>[Address Reference Count : 1]<UL><LI> startup_stm32f417xx.o(RESET)
</UL>
<P><STRONG><a name="[47]"></a>TIM8_TRG_COM_TIM14_IRQHandler</STRONG> (Thumb, 0 bytes, Stack size 0 bytes, startup_stm32f417xx.o(.text))
<BR>[Address Reference Count : 1]<UL><LI> startup_stm32f417xx.o(RESET)
</UL>
<P><STRONG><a name="[46]"></a>TIM8_UP_TIM13_IRQHandler</STRONG> (Thumb, 0 bytes, Stack size 0 bytes, startup_stm32f417xx.o(.text))
<BR>[Address Reference Count : 1]<UL><LI> startup_stm32f417xx.o(RESET)
</UL>
<P><STRONG><a name="[4e]"></a>UART4_IRQHandler</STRONG> (Thumb, 0 bytes, Stack size 0 bytes, startup_stm32f417xx.o(.text))
<BR>[Address Reference Count : 1]<UL><LI> startup_stm32f417xx.o(RESET)
</UL>
<P><STRONG><a name="[4f]"></a>UART5_IRQHandler</STRONG> (Thumb, 0 bytes, Stack size 0 bytes, startup_stm32f417xx.o(.text))
<BR>[Address Reference Count : 1]<UL><LI> startup_stm32f417xx.o(RESET)
</UL>
<P><STRONG><a name="[3f]"></a>USART1_IRQHandler</STRONG> (Thumb, 0 bytes, Stack size 0 bytes, startup_stm32f417xx.o(.text))
<BR>[Address Reference Count : 1]<UL><LI> startup_stm32f417xx.o(RESET)
</UL>
<P><STRONG><a name="[40]"></a>USART2_IRQHandler</STRONG> (Thumb, 0 bytes, Stack size 0 bytes, startup_stm32f417xx.o(.text))
<BR>[Address Reference Count : 1]<UL><LI> startup_stm32f417xx.o(RESET)
</UL>
<P><STRONG><a name="[41]"></a>USART3_IRQHandler</STRONG> (Thumb, 0 bytes, Stack size 0 bytes, startup_stm32f417xx.o(.text))
<BR>[Address Reference Count : 1]<UL><LI> startup_stm32f417xx.o(RESET)
</UL>
<P><STRONG><a name="[61]"></a>USART6_IRQHandler</STRONG> (Thumb, 0 bytes, Stack size 0 bytes, startup_stm32f417xx.o(.text))
<BR>[Address Reference Count : 1]<UL><LI> startup_stm32f417xx.o(RESET)
</UL>
<P><STRONG><a name="[1a]"></a>WWDG_IRQHandler</STRONG> (Thumb, 0 bytes, Stack size 0 bytes, startup_stm32f417xx.o(.text))
<BR>[Address Reference Count : 1]<UL><LI> startup_stm32f417xx.o(RESET)
</UL>
<P><STRONG><a name="[a4]"></a>__user_initial_stackheap</STRONG> (Thumb, 0 bytes, Stack size unknown bytes, startup_stm32f417xx.o(.text))
<BR><BR>[Called By]<UL><LI><a href="#[88]">&gt;&gt;</a>&nbsp;&nbsp;&nbsp;__user_setup_stackheap
</UL>

<P><STRONG><a name="[e3]"></a>__aeabi_errno_addr</STRONG> (Thumb, 8 bytes, Stack size 0 bytes, rt_errno_addr_intlibspace.o(.text))
<BR><BR>[Called By]<UL><LI><a href="#[d4]">&gt;&gt;</a>&nbsp;&nbsp;&nbsp;MemoryAllocator::Delete(void*)
<LI><a href="#[d6]">&gt;&gt;</a>&nbsp;&nbsp;&nbsp;MemoryAllocator::New(unsigned)
</UL>

<P><STRONG><a name="[13d]"></a>__errno$intlibspace</STRONG> (Thumb, 0 bytes, Stack size 0 bytes, rt_errno_addr_intlibspace.o(.text), UNUSED)

<P><STRONG><a name="[13e]"></a>__rt_errno_addr$intlibspace</STRONG> (Thumb, 0 bytes, Stack size 0 bytes, rt_errno_addr_intlibspace.o(.text), UNUSED)

<P><STRONG><a name="[ec]"></a>strlen</STRONG> (Thumb, 62 bytes, Stack size 8 bytes, strlen.o(.text))
<BR><BR>[Stack]<UL><LI>Max Depth = 8<LI>Call Chain = strlen
</UL>
<BR>[Called By]<UL><LI><a href="#[e9]">&gt;&gt;</a>&nbsp;&nbsp;&nbsp;String::stringifyInt(int, int)
</UL>

<P><STRONG><a name="[dc]"></a>__aeabi_memcpy4</STRONG> (Thumb, 0 bytes, Stack size 8 bytes, rt_memcpy_w.o(.text))
<BR><BR>[Stack]<UL><LI>Max Depth = 8<LI>Call Chain = __aeabi_memcpy4
</UL>
<BR>[Called By]<UL><LI><a href="#[d7]">&gt;&gt;</a>&nbsp;&nbsp;&nbsp;Runtime::manageThreads(void*, int)
<LI><a href="#[c7]">&gt;&gt;</a>&nbsp;&nbsp;&nbsp;readCpuId()
</UL>

<P><STRONG><a name="[13f]"></a>__aeabi_memcpy8</STRONG> (Thumb, 0 bytes, Stack size 8 bytes, rt_memcpy_w.o(.text), UNUSED)

<P><STRONG><a name="[140]"></a>__rt_memcpy_w</STRONG> (Thumb, 100 bytes, Stack size 8 bytes, rt_memcpy_w.o(.text), UNUSED)

<P><STRONG><a name="[141]"></a>_memcpy_lastbytes_aligned</STRONG> (Thumb, 0 bytes, Stack size unknown bytes, rt_memcpy_w.o(.text), UNUSED)

<P><STRONG><a name="[142]"></a>__use_two_region_memory</STRONG> (Thumb, 2 bytes, Stack size 0 bytes, heapauxi.o(.text), UNUSED)

<P><STRONG><a name="[7]"></a>__rt_heap_escrow</STRONG> (Thumb, 2 bytes, Stack size 0 bytes, heapauxi.o(.text), UNUSED)

<P><STRONG><a name="[6]"></a>__rt_heap_expand</STRONG> (Thumb, 2 bytes, Stack size 0 bytes, heapauxi.o(.text), UNUSED)

<P><STRONG><a name="[7d]"></a>__cpp_initialize__aeabi_</STRONG> (Thumb, 26 bytes, Stack size 16 bytes, init_aeabi.o(.text))
<BR><BR>[Stack]<UL><LI>Max Depth = 16<LI>Call Chain = __cpp_initialize__aeabi_
</UL>
<BR>[Called By]<UL><LI><a href="#[86]">&gt;&gt;</a>&nbsp;&nbsp;&nbsp;__rt_lib_init_cpp_2
</UL>

<P><STRONG><a name="[143]"></a>__user_libspace</STRONG> (Thumb, 8 bytes, Stack size 0 bytes, libspace.o(.text), UNUSED)

<P><STRONG><a name="[a3]"></a>__user_perproc_libspace</STRONG> (Thumb, 0 bytes, Stack size 0 bytes, libspace.o(.text))
<BR><BR>[Called By]<UL><LI><a href="#[88]">&gt;&gt;</a>&nbsp;&nbsp;&nbsp;__user_setup_stackheap
</UL>

<P><STRONG><a name="[144]"></a>__user_perthread_libspace</STRONG> (Thumb, 0 bytes, Stack size 0 bytes, libspace.o(.text), UNUSED)

<P><STRONG><a name="[fa]"></a>__rt_new_handler_addr</STRONG> (Thumb, 8 bytes, Stack size 0 bytes, rt_new_handler_addr_intlibspace.o(.text))
<BR><BR>[Called By]<UL><LI><a href="#[eb]">&gt;&gt;</a>&nbsp;&nbsp;&nbsp;operator new(unsigned)
</UL>

<P><STRONG><a name="[96]"></a>malloc</STRONG> (Thumb, 94 bytes, Stack size 16 bytes, h1_alloc.o(.text))
<BR><BR>[Stack]<UL><LI>Max Depth = 48<LI>Call Chain = malloc &rArr; __Heap_Full &rArr; __Heap_ProvideMemory &rArr; free
</UL>
<BR>[Calls]<UL><LI><a href="#[98]">&gt;&gt;</a>&nbsp;&nbsp;&nbsp;__Heap_Full
<LI><a href="#[97]">&gt;&gt;</a>&nbsp;&nbsp;&nbsp;__rt_heap_descriptor
</UL>
<BR>[Called By]<UL><LI><a href="#[eb]">&gt;&gt;</a>&nbsp;&nbsp;&nbsp;operator new(unsigned)
<LI><a href="#[a2]">&gt;&gt;</a>&nbsp;&nbsp;&nbsp;__ARM_exceptions_buffer_init
<LI><a href="#[9f]">&gt;&gt;</a>&nbsp;&nbsp;&nbsp;__cxa_get_globals
</UL>

<P><STRONG><a name="[99]"></a>free</STRONG> (Thumb, 78 bytes, Stack size 16 bytes, h1_free.o(.text))
<BR><BR>[Stack]<UL><LI>Max Depth = 16<LI>Call Chain = free
</UL>
<BR>[Calls]<UL><LI><a href="#[97]">&gt;&gt;</a>&nbsp;&nbsp;&nbsp;__rt_heap_descriptor
</UL>
<BR>[Called By]<UL><LI><a href="#[f1]">&gt;&gt;</a>&nbsp;&nbsp;&nbsp;operator delete (void*)
<LI><a href="#[9b]">&gt;&gt;</a>&nbsp;&nbsp;&nbsp;__Heap_ProvideMemory
</UL>

<P><STRONG><a name="[72]"></a>__default_new_handler()</STRONG> (Thumb, 4 bytes, Stack size 0 bytes, arm_newhandler_noexceptions.o(.text))
<BR><BR>[Stack]<UL><LI>Max Depth = 80 + Unknown Stack Size
<LI>Call Chain = __default_new_handler() &rArr; std::terminate() &rArr; __cxa_get_globals &rArr; __ARM_exceptions_buffer_init &rArr; malloc &rArr; __Heap_Full &rArr; __Heap_ProvideMemory &rArr; free
</UL>
<BR>[Calls]<UL><LI><a href="#[9a]">&gt;&gt;</a>&nbsp;&nbsp;&nbsp;std::terminate()
</UL>
<BR>[Address Reference Count : 1]<UL><LI> new.o(i._Znwj)
</UL>
<P><STRONG><a name="[97]"></a>__rt_heap_descriptor</STRONG> (Thumb, 8 bytes, Stack size 0 bytes, rt_heap_descriptor_intlibspace.o(.text))
<BR><BR>[Called By]<UL><LI><a href="#[99]">&gt;&gt;</a>&nbsp;&nbsp;&nbsp;free
<LI><a href="#[96]">&gt;&gt;</a>&nbsp;&nbsp;&nbsp;malloc
<LI><a href="#[85]">&gt;&gt;</a>&nbsp;&nbsp;&nbsp;_init_alloc
</UL>

<P><STRONG><a name="[145]"></a>__use_no_heap</STRONG> (Thumb, 2 bytes, Stack size 0 bytes, hguard.o(.text), UNUSED)

<P><STRONG><a name="[146]"></a>__heap$guard</STRONG> (Thumb, 2 bytes, Stack size 0 bytes, hguard.o(.text), UNUSED)

<P><STRONG><a name="[e]"></a>_terminate_user_alloc</STRONG> (Thumb, 2 bytes, Stack size 0 bytes, init_alloc.o(.text), UNUSED)

<P><STRONG><a name="[2]"></a>_init_user_alloc</STRONG> (Thumb, 2 bytes, Stack size 0 bytes, init_alloc.o(.text), UNUSED)

<P><STRONG><a name="[98]"></a>__Heap_Full</STRONG> (Thumb, 34 bytes, Stack size 16 bytes, init_alloc.o(.text))
<BR><BR>[Stack]<UL><LI>Max Depth = 32<LI>Call Chain = __Heap_Full &rArr; __Heap_ProvideMemory &rArr; free
</UL>
<BR>[Calls]<UL><LI><a href="#[9b]">&gt;&gt;</a>&nbsp;&nbsp;&nbsp;__Heap_ProvideMemory
</UL>
<BR>[Called By]<UL><LI><a href="#[96]">&gt;&gt;</a>&nbsp;&nbsp;&nbsp;malloc
</UL>

<P><STRONG><a name="[9c]"></a>__Heap_Broken</STRONG> (Thumb, 6 bytes, Stack size 0 bytes, init_alloc.o(.text), UNUSED)
<BR><BR>[Calls]<UL><LI><a href="#[9d]">&gt;&gt;</a>&nbsp;&nbsp;&nbsp;__rt_SIGRTMEM
</UL>

<P><STRONG><a name="[85]"></a>_init_alloc</STRONG> (Thumb, 94 bytes, Stack size 24 bytes, init_alloc.o(.text))
<BR><BR>[Stack]<UL><LI>Max Depth = 64<LI>Call Chain = _init_alloc &rArr; __rt_SIGRTMEM &rArr; __rt_SIGRTMEM_inner &rArr; __default_signal_display &rArr; _ttywrch
</UL>
<BR>[Calls]<UL><LI><a href="#[9d]">&gt;&gt;</a>&nbsp;&nbsp;&nbsp;__rt_SIGRTMEM
<LI><a href="#[9b]">&gt;&gt;</a>&nbsp;&nbsp;&nbsp;__Heap_ProvideMemory
<LI><a href="#[9e]">&gt;&gt;</a>&nbsp;&nbsp;&nbsp;__Heap_Initialize
<LI><a href="#[97]">&gt;&gt;</a>&nbsp;&nbsp;&nbsp;__rt_heap_descriptor
</UL>
<BR>[Called By]<UL><LI><a href="#[84]">&gt;&gt;</a>&nbsp;&nbsp;&nbsp;__rt_lib_init_heap_2
</UL>

<P><STRONG><a name="[9e]"></a>__Heap_Initialize</STRONG> (Thumb, 10 bytes, Stack size 0 bytes, h1_init.o(.text))
<BR><BR>[Called By]<UL><LI><a href="#[85]">&gt;&gt;</a>&nbsp;&nbsp;&nbsp;_init_alloc
</UL>

<P><STRONG><a name="[8]"></a>__Heap_DescSize</STRONG> (Thumb, 4 bytes, Stack size 0 bytes, h1_init.o(.text), UNUSED)

<P><STRONG><a name="[9a]"></a>std::terminate()</STRONG> (Thumb, 26 bytes, Stack size 8 bytes, arm_exceptions_terminate.o(.text))
<BR><BR>[Stack]<UL><LI>Max Depth = 80 + Unknown Stack Size
<LI>Call Chain = std::terminate() &rArr; __cxa_get_globals &rArr; __ARM_exceptions_buffer_init &rArr; malloc &rArr; __Heap_Full &rArr; __Heap_ProvideMemory &rArr; free
</UL>
<BR>[Calls]<UL><LI><a href="#[a0]">&gt;&gt;</a>&nbsp;&nbsp;&nbsp;abort
<LI><a href="#[9f]">&gt;&gt;</a>&nbsp;&nbsp;&nbsp;__cxa_get_globals
</UL>
<BR>[Called By]<UL><LI><a href="#[72]">&gt;&gt;</a>&nbsp;&nbsp;&nbsp;__default_new_handler()
</UL>

<P><STRONG><a name="[9f]"></a>__cxa_get_globals</STRONG> (Thumb, 62 bytes, Stack size 16 bytes, arm_exceptions_globs.o(.text))
<BR><BR>[Stack]<UL><LI>Max Depth = 72 + Unknown Stack Size
<LI>Call Chain = __cxa_get_globals &rArr; __ARM_exceptions_buffer_init &rArr; malloc &rArr; __Heap_Full &rArr; __Heap_ProvideMemory &rArr; free
</UL>
<BR>[Calls]<UL><LI><a href="#[96]">&gt;&gt;</a>&nbsp;&nbsp;&nbsp;malloc
<LI><a href="#[a2]">&gt;&gt;</a>&nbsp;&nbsp;&nbsp;__ARM_exceptions_buffer_init
<LI><a href="#[a0]">&gt;&gt;</a>&nbsp;&nbsp;&nbsp;abort
<LI><a href="#[a1]">&gt;&gt;</a>&nbsp;&nbsp;&nbsp;__rt_eh_globals_addr
</UL>
<BR>[Called By]<UL><LI><a href="#[9a]">&gt;&gt;</a>&nbsp;&nbsp;&nbsp;std::terminate()
</UL>

<P><STRONG><a name="[88]"></a>__user_setup_stackheap</STRONG> (Thumb, 74 bytes, Stack size 8 bytes, sys_stackheap_outer.o(.text))
<BR><BR>[Stack]<UL><LI>Max Depth = 8 + Unknown Stack Size
<LI>Call Chain = __user_setup_stackheap
</UL>
<BR>[Calls]<UL><LI><a href="#[a3]">&gt;&gt;</a>&nbsp;&nbsp;&nbsp;__user_perproc_libspace
<LI><a href="#[a4]">&gt;&gt;</a>&nbsp;&nbsp;&nbsp;__user_initial_stackheap
</UL>
<BR>[Called By]<UL><LI><a href="#[87]">&gt;&gt;</a>&nbsp;&nbsp;&nbsp;__rt_entry_sh
</UL>

<P><STRONG><a name="[a1]"></a>__rt_eh_globals_addr</STRONG> (Thumb, 8 bytes, Stack size 0 bytes, rt_eh_globals_addr_intlibspace.o(.text))
<BR><BR>[Called By]<UL><LI><a href="#[9f]">&gt;&gt;</a>&nbsp;&nbsp;&nbsp;__cxa_get_globals
</UL>

<P><STRONG><a name="[9b]"></a>__Heap_ProvideMemory</STRONG> (Thumb, 52 bytes, Stack size 0 bytes, h1_extend.o(.text))
<BR><BR>[Stack]<UL><LI>Max Depth = 16<LI>Call Chain = __Heap_ProvideMemory &rArr; free
</UL>
<BR>[Calls]<UL><LI><a href="#[99]">&gt;&gt;</a>&nbsp;&nbsp;&nbsp;free
</UL>
<BR>[Called By]<UL><LI><a href="#[85]">&gt;&gt;</a>&nbsp;&nbsp;&nbsp;_init_alloc
<LI><a href="#[98]">&gt;&gt;</a>&nbsp;&nbsp;&nbsp;__Heap_Full
</UL>

<P><STRONG><a name="[8d]"></a>exit</STRONG> (Thumb, 12 bytes, Stack size 0 bytes, exit.o(.text))
<BR><BR>[Calls]<UL><LI><a href="#[a5]">&gt;&gt;</a>&nbsp;&nbsp;&nbsp;__rt_exit
</UL>
<BR>[Called By]<UL><LI><a href="#[8b]">&gt;&gt;</a>&nbsp;&nbsp;&nbsp;__rt_entry_main
</UL>

<P><STRONG><a name="[a0]"></a>abort</STRONG> (Thumb, 16 bytes, Stack size 0 bytes, abort.o(.text))
<BR><BR>[Stack]<UL><LI>Max Depth = 40 + Unknown Stack Size
<LI>Call Chain = abort &rArr; __rt_SIGABRT &rArr; __rt_SIGABRT_inner &rArr; __default_signal_display &rArr; _ttywrch
</UL>
<BR>[Calls]<UL><LI><a href="#[8f]">&gt;&gt;</a>&nbsp;&nbsp;&nbsp;__rt_lib_shutdown
<LI><a href="#[a6]">&gt;&gt;</a>&nbsp;&nbsp;&nbsp;__rt_SIGABRT
<LI><a href="#[91]">&gt;&gt;</a>&nbsp;&nbsp;&nbsp;_sys_exit
</UL>
<BR>[Called By]<UL><LI><a href="#[9f]">&gt;&gt;</a>&nbsp;&nbsp;&nbsp;__cxa_get_globals
<LI><a href="#[6e]">&gt;&gt;</a>&nbsp;&nbsp;&nbsp;[local to arm_exceptions_c]::__default_terminate_handler()
<LI><a href="#[9a]">&gt;&gt;</a>&nbsp;&nbsp;&nbsp;std::terminate()
</UL>

<P><STRONG><a name="[9d]"></a>__rt_SIGRTMEM</STRONG> (Thumb, 14 bytes, Stack size 8 bytes, defsig_rtmem_outer.o(.text))
<BR><BR>[Stack]<UL><LI>Max Depth = 40<LI>Call Chain = __rt_SIGRTMEM &rArr; __rt_SIGRTMEM_inner &rArr; __default_signal_display &rArr; _ttywrch
</UL>
<BR>[Calls]<UL><LI><a href="#[a7]">&gt;&gt;</a>&nbsp;&nbsp;&nbsp;__rt_SIGRTMEM_inner
<LI><a href="#[a8]">&gt;&gt;</a>&nbsp;&nbsp;&nbsp;__sig_exit
</UL>
<BR>[Called By]<UL><LI><a href="#[85]">&gt;&gt;</a>&nbsp;&nbsp;&nbsp;_init_alloc
<LI><a href="#[9c]">&gt;&gt;</a>&nbsp;&nbsp;&nbsp;__Heap_Broken
</UL>

<P><STRONG><a name="[a2]"></a>__ARM_exceptions_buffer_init</STRONG> (Thumb, 18 bytes, Stack size 8 bytes, arm_exceptions_mem.o(.text))
<BR><BR>[Stack]<UL><LI>Max Depth = 56<LI>Call Chain = __ARM_exceptions_buffer_init &rArr; malloc &rArr; __Heap_Full &rArr; __Heap_ProvideMemory &rArr; free
</UL>
<BR>[Calls]<UL><LI><a href="#[96]">&gt;&gt;</a>&nbsp;&nbsp;&nbsp;malloc
</UL>
<BR>[Called By]<UL><LI><a href="#[9f]">&gt;&gt;</a>&nbsp;&nbsp;&nbsp;__cxa_get_globals
</UL>

<P><STRONG><a name="[147]"></a>__ARM_exceptions_buffer_allocate</STRONG> (Thumb, 22 bytes, Stack size 0 bytes, arm_exceptions_mem.o(.text), UNUSED)

<P><STRONG><a name="[148]"></a>__ARM_exceptions_buffer_free</STRONG> (Thumb, 20 bytes, Stack size 0 bytes, arm_exceptions_mem.o(.text), UNUSED)

<P><STRONG><a name="[91]"></a>_sys_exit</STRONG> (Thumb, 8 bytes, Stack size 0 bytes, sys_exit.o(.text))
<BR><BR>[Called By]<UL><LI><a href="#[90]">&gt;&gt;</a>&nbsp;&nbsp;&nbsp;__rt_exit_exit
<LI><a href="#[a8]">&gt;&gt;</a>&nbsp;&nbsp;&nbsp;__sig_exit
<LI><a href="#[a0]">&gt;&gt;</a>&nbsp;&nbsp;&nbsp;abort
</UL>

<P><STRONG><a name="[149]"></a>__I$use$semihosting</STRONG> (Thumb, 0 bytes, Stack size 0 bytes, use_no_semi.o(.text), UNUSED)

<P><STRONG><a name="[14a]"></a>__use_no_semihosting_swi</STRONG> (Thumb, 2 bytes, Stack size 0 bytes, use_no_semi.o(.text), UNUSED)

<P><STRONG><a name="[14b]"></a>__semihosting_library_function</STRONG> (Thumb, 0 bytes, Stack size 0 bytes, indicate_semi.o(.text), UNUSED)

<P><STRONG><a name="[a8]"></a>__sig_exit</STRONG> (Thumb, 10 bytes, Stack size 0 bytes, defsig_exit.o(.text))
<BR><BR>[Calls]<UL><LI><a href="#[91]">&gt;&gt;</a>&nbsp;&nbsp;&nbsp;_sys_exit
</UL>
<BR>[Called By]<UL><LI><a href="#[a6]">&gt;&gt;</a>&nbsp;&nbsp;&nbsp;__rt_SIGABRT
<LI><a href="#[9d]">&gt;&gt;</a>&nbsp;&nbsp;&nbsp;__rt_SIGRTMEM
</UL>

<P><STRONG><a name="[a6]"></a>__rt_SIGABRT</STRONG> (Thumb, 14 bytes, Stack size 8 bytes, defsig_abrt_outer.o(.text))
<BR><BR>[Stack]<UL><LI>Max Depth = 40<LI>Call Chain = __rt_SIGABRT &rArr; __rt_SIGABRT_inner &rArr; __default_signal_display &rArr; _ttywrch
</UL>
<BR>[Calls]<UL><LI><a href="#[a9]">&gt;&gt;</a>&nbsp;&nbsp;&nbsp;__rt_SIGABRT_inner
<LI><a href="#[a8]">&gt;&gt;</a>&nbsp;&nbsp;&nbsp;__sig_exit
</UL>
<BR>[Called By]<UL><LI><a href="#[a0]">&gt;&gt;</a>&nbsp;&nbsp;&nbsp;abort
</UL>

<P><STRONG><a name="[a7]"></a>__rt_SIGRTMEM_inner</STRONG> (Thumb, 22 bytes, Stack size 8 bytes, defsig_rtmem_inner.o(.text))
<BR><BR>[Stack]<UL><LI>Max Depth = 32<LI>Call Chain = __rt_SIGRTMEM_inner &rArr; __default_signal_display &rArr; _ttywrch
</UL>
<BR>[Calls]<UL><LI><a href="#[aa]">&gt;&gt;</a>&nbsp;&nbsp;&nbsp;__default_signal_display
</UL>
<BR>[Called By]<UL><LI><a href="#[9d]">&gt;&gt;</a>&nbsp;&nbsp;&nbsp;__rt_SIGRTMEM
</UL>

<P><STRONG><a name="[aa]"></a>__default_signal_display</STRONG> (Thumb, 50 bytes, Stack size 16 bytes, defsig_general.o(.text))
<BR><BR>[Stack]<UL><LI>Max Depth = 24<LI>Call Chain = __default_signal_display &rArr; _ttywrch
</UL>
<BR>[Calls]<UL><LI><a href="#[ab]">&gt;&gt;</a>&nbsp;&nbsp;&nbsp;_ttywrch
</UL>
<BR>[Called By]<UL><LI><a href="#[a9]">&gt;&gt;</a>&nbsp;&nbsp;&nbsp;__rt_SIGABRT_inner
<LI><a href="#[a7]">&gt;&gt;</a>&nbsp;&nbsp;&nbsp;__rt_SIGRTMEM_inner
</UL>

<P><STRONG><a name="[a9]"></a>__rt_SIGABRT_inner</STRONG> (Thumb, 14 bytes, Stack size 8 bytes, defsig_abrt_inner.o(.text))
<BR><BR>[Stack]<UL><LI>Max Depth = 32<LI>Call Chain = __rt_SIGABRT_inner &rArr; __default_signal_display &rArr; _ttywrch
</UL>
<BR>[Calls]<UL><LI><a href="#[aa]">&gt;&gt;</a>&nbsp;&nbsp;&nbsp;__default_signal_display
</UL>
<BR>[Called By]<UL><LI><a href="#[a6]">&gt;&gt;</a>&nbsp;&nbsp;&nbsp;__rt_SIGABRT
</UL>

<P><STRONG><a name="[ab]"></a>_ttywrch</STRONG> (Thumb, 14 bytes, Stack size 8 bytes, sys_wrch.o(.text))
<BR><BR>[Stack]<UL><LI>Max Depth = 8<LI>Call Chain = _ttywrch
</UL>
<BR>[Called By]<UL><LI><a href="#[aa]">&gt;&gt;</a>&nbsp;&nbsp;&nbsp;__default_signal_display
</UL>

<P><STRONG><a name="[14]"></a>BusFault_Handler</STRONG> (Thumb, 4 bytes, Stack size 0 bytes, stm32f4xx_it.o(i.BusFault_Handler))
<BR>[Address Reference Count : 1]<UL><LI> startup_stm32f417xx.o(RESET)
</UL>
<P><STRONG><a name="[17]"></a>DebugMon_Handler</STRONG> (Thumb, 2 bytes, Stack size 0 bytes, stm32f4xx_it.o(i.DebugMon_Handler))
<BR>[Address Reference Count : 1]<UL><LI> startup_stm32f417xx.o(RESET)
</UL>
<P><STRONG><a name="[20]"></a>EXTI0_IRQHandler</STRONG> (Thumb, 2 bytes, Stack size 0 bytes, stm32f4xx_it.o(i.EXTI0_IRQHandler))
<BR>[Address Reference Count : 1]<UL><LI> startup_stm32f417xx.o(RESET)
</UL>
<P><STRONG><a name="[be]"></a>FSMC_NORSRAM_Extended_Timing_Init</STRONG> (Thumb, 82 bytes, Stack size 16 bytes, stm32f4xx_ll_fsmc.o(i.FSMC_NORSRAM_Extended_Timing_Init))
<BR><BR>[Stack]<UL><LI>Max Depth = 16<LI>Call Chain = FSMC_NORSRAM_Extended_Timing_Init
</UL>
<BR>[Called By]<UL><LI><a href="#[ba]">&gt;&gt;</a>&nbsp;&nbsp;&nbsp;HAL_SRAM_Init
</UL>

<P><STRONG><a name="[bc]"></a>FSMC_NORSRAM_Init</STRONG> (Thumb, 84 bytes, Stack size 8 bytes, stm32f4xx_ll_fsmc.o(i.FSMC_NORSRAM_Init))
<BR><BR>[Stack]<UL><LI>Max Depth = 8<LI>Call Chain = FSMC_NORSRAM_Init
</UL>
<BR>[Called By]<UL><LI><a href="#[ba]">&gt;&gt;</a>&nbsp;&nbsp;&nbsp;HAL_SRAM_Init
</UL>

<P><STRONG><a name="[bd]"></a>FSMC_NORSRAM_Timing_Init</STRONG> (Thumb, 68 bytes, Stack size 12 bytes, stm32f4xx_ll_fsmc.o(i.FSMC_NORSRAM_Timing_Init))
<BR><BR>[Stack]<UL><LI>Max Depth = 12<LI>Call Chain = FSMC_NORSRAM_Timing_Init
</UL>
<BR>[Called By]<UL><LI><a href="#[ba]">&gt;&gt;</a>&nbsp;&nbsp;&nbsp;HAL_SRAM_Init
</UL>

<P><STRONG><a name="[d9]"></a>HAL_DMA_Init</STRONG> (Thumb, 120 bytes, Stack size 0 bytes, stm32f4xx_hal_dma.o(i.HAL_DMA_Init))
<BR><BR>[Called By]<UL><LI><a href="#[d8]">&gt;&gt;</a>&nbsp;&nbsp;&nbsp;DmaInit()
</UL>

<P><STRONG><a name="[ac]"></a>HAL_Delay</STRONG> (Thumb, 26 bytes, Stack size 16 bytes, stm32f4xx_hal.o(i.HAL_Delay))
<BR><BR>[Stack]<UL><LI>Max Depth = 16<LI>Call Chain = HAL_Delay
</UL>
<BR>[Calls]<UL><LI><a href="#[ad]">&gt;&gt;</a>&nbsp;&nbsp;&nbsp;HAL_GetTick
</UL>
<BR>[Called By]<UL><LI><a href="#[10d]">&gt;&gt;</a>&nbsp;&nbsp;&nbsp;ILI9488&lang;GPIO_TypeDef, SpiSoftTypeDef&rang;::delay(unsigned)
<LI><a href="#[8c]">&gt;&gt;</a>&nbsp;&nbsp;&nbsp;main
<LI><a href="#[6f]">&gt;&gt;</a>&nbsp;&nbsp;&nbsp;SystemEventBurner3(Runnable*)
<LI><a href="#[71]">&gt;&gt;</a>&nbsp;&nbsp;&nbsp;SystemEventBurner2(Runnable*)
<LI><a href="#[70]">&gt;&gt;</a>&nbsp;&nbsp;&nbsp;SystemEventBurner(Runnable*)
</UL>

<P><STRONG><a name="[cc]"></a>HAL_GPIO_Init</STRONG> (Thumb, 470 bytes, Stack size 24 bytes, stm32f4xx_hal_gpio.o(i.HAL_GPIO_Init))
<BR><BR>[Stack]<UL><LI>Max Depth = 24<LI>Call Chain = HAL_GPIO_Init
</UL>
<BR>[Called By]<UL><LI><a href="#[cd]">&gt;&gt;</a>&nbsp;&nbsp;&nbsp;DEV_AltGpio_Init(GPIO_TypeDef*, int, unsigned, unsigned)
<LI><a href="#[cb]">&gt;&gt;</a>&nbsp;&nbsp;&nbsp;DEV_Gpio_Init(GPIO_TypeDef*, int, unsigned, unsigned)
</UL>

<P><STRONG><a name="[d2]"></a>HAL_GetREVID</STRONG> (Thumb, 8 bytes, Stack size 0 bytes, stm32f4xx_hal.o(i.HAL_GetREVID))
<BR><BR>[Called By]<UL><LI><a href="#[d0]">&gt;&gt;</a>&nbsp;&nbsp;&nbsp;SystemClock_Config()
</UL>

<P><STRONG><a name="[ad]"></a>HAL_GetTick</STRONG> (Thumb, 6 bytes, Stack size 0 bytes, stm32f4xx_hal.o(i.HAL_GetTick))
<BR><BR>[Called By]<UL><LI><a href="#[b9]">&gt;&gt;</a>&nbsp;&nbsp;&nbsp;HAL_RCC_OscConfig
<LI><a href="#[b7]">&gt;&gt;</a>&nbsp;&nbsp;&nbsp;HAL_RCC_ClockConfig
<LI><a href="#[ac]">&gt;&gt;</a>&nbsp;&nbsp;&nbsp;HAL_Delay
</UL>

<P><STRONG><a name="[ca]"></a>HAL_IncTick</STRONG> (Thumb, 12 bytes, Stack size 0 bytes, stm32f4xx_hal.o(i.HAL_IncTick))
<BR><BR>[Called By]<UL><LI><a href="#[c8]">&gt;&gt;</a>&nbsp;&nbsp;&nbsp;CMSIS_Tick()
</UL>

<P><STRONG><a name="[ae]"></a>HAL_Init</STRONG> (Thumb, 44 bytes, Stack size 8 bytes, stm32f4xx_hal.o(i.HAL_Init))
<BR><BR>[Stack]<UL><LI>Max Depth = 72<LI>Call Chain = HAL_Init &rArr; HAL_InitTick &rArr; HAL_NVIC_SetPriority &rArr; [local to stm32f4xx_hal_cortex_c]::NVIC_SetPriority(IRQn_Type, unsigned)
</UL>
<BR>[Calls]<UL><LI><a href="#[b1]">&gt;&gt;</a>&nbsp;&nbsp;&nbsp;HAL_MspInit
<LI><a href="#[b0]">&gt;&gt;</a>&nbsp;&nbsp;&nbsp;HAL_InitTick
<LI><a href="#[af]">&gt;&gt;</a>&nbsp;&nbsp;&nbsp;HAL_NVIC_SetPriorityGrouping
</UL>
<BR>[Called By]<UL><LI><a href="#[8c]">&gt;&gt;</a>&nbsp;&nbsp;&nbsp;main
</UL>

<P><STRONG><a name="[b0]"></a>HAL_InitTick</STRONG> (Thumb, 36 bytes, Stack size 16 bytes, stm32f4xx_hal.o(i.HAL_InitTick))
<BR><BR>[Stack]<UL><LI>Max Depth = 64<LI>Call Chain = HAL_InitTick &rArr; HAL_NVIC_SetPriority &rArr; [local to stm32f4xx_hal_cortex_c]::NVIC_SetPriority(IRQn_Type, unsigned)
</UL>
<BR>[Calls]<UL><LI><a href="#[b3]">&gt;&gt;</a>&nbsp;&nbsp;&nbsp;HAL_SYSTICK_Config
<LI><a href="#[b2]">&gt;&gt;</a>&nbsp;&nbsp;&nbsp;HAL_RCC_GetHCLKFreq
<LI><a href="#[b4]">&gt;&gt;</a>&nbsp;&nbsp;&nbsp;HAL_NVIC_SetPriority
</UL>
<BR>[Called By]<UL><LI><a href="#[b7]">&gt;&gt;</a>&nbsp;&nbsp;&nbsp;HAL_RCC_ClockConfig
<LI><a href="#[ae]">&gt;&gt;</a>&nbsp;&nbsp;&nbsp;HAL_Init
</UL>

<P><STRONG><a name="[b1]"></a>HAL_MspInit</STRONG> (Thumb, 2 bytes, Stack size 0 bytes, stm32f4xx_hal.o(i.HAL_MspInit))
<BR><BR>[Called By]<UL><LI><a href="#[ae]">&gt;&gt;</a>&nbsp;&nbsp;&nbsp;HAL_Init
</UL>

<P><STRONG><a name="[b4]"></a>HAL_NVIC_SetPriority</STRONG> (Thumb, 124 bytes, Stack size 40 bytes, stm32f4xx_hal_cortex.o(i.HAL_NVIC_SetPriority))
<BR><BR>[Stack]<UL><LI>Max Depth = 48<LI>Call Chain = HAL_NVIC_SetPriority &rArr; [local to stm32f4xx_hal_cortex_c]::NVIC_SetPriority(IRQn_Type, unsigned)
</UL>
<BR>[Calls]<UL><LI><a href="#[b5]">&gt;&gt;</a>&nbsp;&nbsp;&nbsp;[local to stm32f4xx_hal_cortex_c]::NVIC_GetPriorityGrouping()
<LI><a href="#[b6]">&gt;&gt;</a>&nbsp;&nbsp;&nbsp;[local to stm32f4xx_hal_cortex_c]::NVIC_SetPriority(IRQn_Type, unsigned)
</UL>
<BR>[Called By]<UL><LI><a href="#[b0]">&gt;&gt;</a>&nbsp;&nbsp;&nbsp;HAL_InitTick
</UL>

<P><STRONG><a name="[af]"></a>HAL_NVIC_SetPriorityGrouping</STRONG> (Thumb, 32 bytes, Stack size 0 bytes, stm32f4xx_hal_cortex.o(i.HAL_NVIC_SetPriorityGrouping))
<BR><BR>[Called By]<UL><LI><a href="#[ae]">&gt;&gt;</a>&nbsp;&nbsp;&nbsp;HAL_Init
</UL>

<P><STRONG><a name="[b7]"></a>HAL_RCC_ClockConfig</STRONG> (Thumb, 680 bytes, Stack size 16 bytes, stm32f4xx_hal_rcc.o(i.HAL_RCC_ClockConfig))
<BR><BR>[Stack]<UL><LI>Max Depth = 80<LI>Call Chain = HAL_RCC_ClockConfig &rArr; HAL_InitTick &rArr; HAL_NVIC_SetPriority &rArr; [local to stm32f4xx_hal_cortex_c]::NVIC_SetPriority(IRQn_Type, unsigned)
</UL>
<BR>[Calls]<UL><LI><a href="#[b0]">&gt;&gt;</a>&nbsp;&nbsp;&nbsp;HAL_InitTick
<LI><a href="#[ad]">&gt;&gt;</a>&nbsp;&nbsp;&nbsp;HAL_GetTick
</UL>
<BR>[Called By]<UL><LI><a href="#[d0]">&gt;&gt;</a>&nbsp;&nbsp;&nbsp;SystemClock_Config()
</UL>

<P><STRONG><a name="[b2]"></a>HAL_RCC_GetHCLKFreq</STRONG> (Thumb, 42 bytes, Stack size 8 bytes, stm32f4xx_hal_rcc.o(i.HAL_RCC_GetHCLKFreq))
<BR><BR>[Stack]<UL><LI>Max Depth = 24<LI>Call Chain = HAL_RCC_GetHCLKFreq &rArr; HAL_RCC_GetSysClockFreq
</UL>
<BR>[Calls]<UL><LI><a href="#[b8]">&gt;&gt;</a>&nbsp;&nbsp;&nbsp;HAL_RCC_GetSysClockFreq
</UL>
<BR>[Called By]<UL><LI><a href="#[b0]">&gt;&gt;</a>&nbsp;&nbsp;&nbsp;HAL_InitTick
</UL>

<P><STRONG><a name="[b8]"></a>HAL_RCC_GetSysClockFreq</STRONG> (Thumb, 168 bytes, Stack size 16 bytes, stm32f4xx_hal_rcc.o(i.HAL_RCC_GetSysClockFreq))
<BR><BR>[Stack]<UL><LI>Max Depth = 16<LI>Call Chain = HAL_RCC_GetSysClockFreq
</UL>
<BR>[Called By]<UL><LI><a href="#[b2]">&gt;&gt;</a>&nbsp;&nbsp;&nbsp;HAL_RCC_GetHCLKFreq
</UL>

<P><STRONG><a name="[b9]"></a>HAL_RCC_OscConfig</STRONG> (Thumb, 1024 bytes, Stack size 16 bytes, stm32f4xx_hal_rcc.o(i.HAL_RCC_OscConfig))
<BR><BR>[Stack]<UL><LI>Max Depth = 16<LI>Call Chain = HAL_RCC_OscConfig
</UL>
<BR>[Calls]<UL><LI><a href="#[ad]">&gt;&gt;</a>&nbsp;&nbsp;&nbsp;HAL_GetTick
</UL>
<BR>[Called By]<UL><LI><a href="#[d0]">&gt;&gt;</a>&nbsp;&nbsp;&nbsp;SystemClock_Config()
</UL>

<P><STRONG><a name="[ba]"></a>HAL_SRAM_Init</STRONG> (Thumb, 88 bytes, Stack size 16 bytes, stm32f4xx_hal_sram.o(i.HAL_SRAM_Init))
<BR><BR>[Stack]<UL><LI>Max Depth = 32<LI>Call Chain = HAL_SRAM_Init &rArr; FSMC_NORSRAM_Extended_Timing_Init
</UL>
<BR>[Calls]<UL><LI><a href="#[bb]">&gt;&gt;</a>&nbsp;&nbsp;&nbsp;HAL_SRAM_MspInit
<LI><a href="#[bd]">&gt;&gt;</a>&nbsp;&nbsp;&nbsp;FSMC_NORSRAM_Timing_Init
<LI><a href="#[bc]">&gt;&gt;</a>&nbsp;&nbsp;&nbsp;FSMC_NORSRAM_Init
<LI><a href="#[be]">&gt;&gt;</a>&nbsp;&nbsp;&nbsp;FSMC_NORSRAM_Extended_Timing_Init
</UL>
<BR>[Called By]<UL><LI><a href="#[db]">&gt;&gt;</a>&nbsp;&nbsp;&nbsp;HsramInit()
</UL>

<P><STRONG><a name="[bb]"></a>HAL_SRAM_MspInit</STRONG> (Thumb, 2 bytes, Stack size 0 bytes, stm32f4xx_hal_sram.o(i.HAL_SRAM_MspInit))
<BR><BR>[Called By]<UL><LI><a href="#[ba]">&gt;&gt;</a>&nbsp;&nbsp;&nbsp;HAL_SRAM_Init
</UL>

<P><STRONG><a name="[b3]"></a>HAL_SYSTICK_Config</STRONG> (Thumb, 52 bytes, Stack size 16 bytes, stm32f4xx_hal_cortex.o(i.HAL_SYSTICK_Config))
<BR><BR>[Stack]<UL><LI>Max Depth = 24<LI>Call Chain = HAL_SYSTICK_Config &rArr; [local to stm32f4xx_hal_cortex_c]::NVIC_SetPriority(IRQn_Type, unsigned)
</UL>
<BR>[Calls]<UL><LI><a href="#[b6]">&gt;&gt;</a>&nbsp;&nbsp;&nbsp;[local to stm32f4xx_hal_cortex_c]::NVIC_SetPriority(IRQn_Type, unsigned)
</UL>
<BR>[Called By]<UL><LI><a href="#[b0]">&gt;&gt;</a>&nbsp;&nbsp;&nbsp;HAL_InitTick
</UL>

<P><STRONG><a name="[c4]"></a>HAL_TIMEx_BreakCallback</STRONG> (Thumb, 2 bytes, Stack size 0 bytes, stm32f4xx_hal_tim_ex.o(i.HAL_TIMEx_BreakCallback))
<BR><BR>[Called By]<UL><LI><a href="#[bf]">&gt;&gt;</a>&nbsp;&nbsp;&nbsp;HAL_TIM_IRQHandler
</UL>

<P><STRONG><a name="[c6]"></a>HAL_TIMEx_CommutationCallback</STRONG> (Thumb, 2 bytes, Stack size 0 bytes, stm32f4xx_hal_tim_ex.o(i.HAL_TIMEx_CommutationCallback))
<BR><BR>[Called By]<UL><LI><a href="#[bf]">&gt;&gt;</a>&nbsp;&nbsp;&nbsp;HAL_TIM_IRQHandler
</UL>

<P><STRONG><a name="[c0]"></a>HAL_TIM_IC_CaptureCallback</STRONG> (Thumb, 2 bytes, Stack size 0 bytes, stm32f4xx_hal_tim.o(i.HAL_TIM_IC_CaptureCallback))
<BR><BR>[Called By]<UL><LI><a href="#[bf]">&gt;&gt;</a>&nbsp;&nbsp;&nbsp;HAL_TIM_IRQHandler
</UL>

<P><STRONG><a name="[bf]"></a>HAL_TIM_IRQHandler</STRONG> (Thumb, 406 bytes, Stack size 8 bytes, stm32f4xx_hal_tim.o(i.HAL_TIM_IRQHandler))
<BR><BR>[Stack]<UL><LI>Max Depth = 8<LI>Call Chain = HAL_TIM_IRQHandler
</UL>
<BR>[Calls]<UL><LI><a href="#[c5]">&gt;&gt;</a>&nbsp;&nbsp;&nbsp;HAL_TIM_TriggerCallback
<LI><a href="#[c3]">&gt;&gt;</a>&nbsp;&nbsp;&nbsp;HAL_TIM_PeriodElapsedCallback
<LI><a href="#[c2]">&gt;&gt;</a>&nbsp;&nbsp;&nbsp;HAL_TIM_PWM_PulseFinishedCallback
<LI><a href="#[c1]">&gt;&gt;</a>&nbsp;&nbsp;&nbsp;HAL_TIM_OC_DelayElapsedCallback
<LI><a href="#[c0]">&gt;&gt;</a>&nbsp;&nbsp;&nbsp;HAL_TIM_IC_CaptureCallback
<LI><a href="#[c6]">&gt;&gt;</a>&nbsp;&nbsp;&nbsp;HAL_TIMEx_CommutationCallback
<LI><a href="#[c4]">&gt;&gt;</a>&nbsp;&nbsp;&nbsp;HAL_TIMEx_BreakCallback
</UL>
<BR>[Called By]<UL><LI><a href="#[36]">&gt;&gt;</a>&nbsp;&nbsp;&nbsp;TIM2_IRQHandler
<LI><a href="#[33]">&gt;&gt;</a>&nbsp;&nbsp;&nbsp;TIM1_UP_TIM10_IRQHandler
</UL>

<P><STRONG><a name="[c1]"></a>HAL_TIM_OC_DelayElapsedCallback</STRONG> (Thumb, 2 bytes, Stack size 0 bytes, stm32f4xx_hal_tim.o(i.HAL_TIM_OC_DelayElapsedCallback))
<BR><BR>[Called By]<UL><LI><a href="#[bf]">&gt;&gt;</a>&nbsp;&nbsp;&nbsp;HAL_TIM_IRQHandler
</UL>

<P><STRONG><a name="[c2]"></a>HAL_TIM_PWM_PulseFinishedCallback</STRONG> (Thumb, 2 bytes, Stack size 0 bytes, stm32f4xx_hal_tim.o(i.HAL_TIM_PWM_PulseFinishedCallback))
<BR><BR>[Called By]<UL><LI><a href="#[bf]">&gt;&gt;</a>&nbsp;&nbsp;&nbsp;HAL_TIM_IRQHandler
</UL>

<P><STRONG><a name="[c3]"></a>HAL_TIM_PeriodElapsedCallback</STRONG> (Thumb, 2 bytes, Stack size 0 bytes, stm32f4xx_hal_tim.o(i.HAL_TIM_PeriodElapsedCallback))
<BR><BR>[Called By]<UL><LI><a href="#[bf]">&gt;&gt;</a>&nbsp;&nbsp;&nbsp;HAL_TIM_IRQHandler
</UL>

<P><STRONG><a name="[c5]"></a>HAL_TIM_TriggerCallback</STRONG> (Thumb, 2 bytes, Stack size 0 bytes, stm32f4xx_hal_tim.o(i.HAL_TIM_TriggerCallback))
<BR><BR>[Called By]<UL><LI><a href="#[bf]">&gt;&gt;</a>&nbsp;&nbsp;&nbsp;HAL_TIM_IRQHandler
</UL>

<P><STRONG><a name="[12]"></a>HardFault_Handler</STRONG> (Thumb, 4 bytes, Stack size 0 bytes, stm32f4xx_it.o(i.HardFault_Handler))
<BR>[Address Reference Count : 1]<UL><LI> startup_stm32f417xx.o(RESET)
</UL>
<P><STRONG><a name="[13]"></a>MemManage_Handler</STRONG> (Thumb, 4 bytes, Stack size 0 bytes, stm32f4xx_it.o(i.MemManage_Handler))
<BR>[Address Reference Count : 1]<UL><LI> startup_stm32f417xx.o(RESET)
</UL>
<P><STRONG><a name="[11]"></a>NMI_Handler</STRONG> (Thumb, 2 bytes, Stack size 0 bytes, stm32f4xx_it.o(i.NMI_Handler))
<BR>[Address Reference Count : 1]<UL><LI> startup_stm32f417xx.o(RESET)
</UL>
<P><STRONG><a name="[93]"></a>RuntimeInit</STRONG> (Thumb, 18 bytes, Stack size 32 bytes, contextswitching.o(i.RuntimeInit))
<BR><BR>[Stack]<UL><LI>Max Depth = 72<LI>Call Chain = RuntimeInit &rArr; readCpuId() &rArr; __aeabi_memcpy4
</UL>
<BR>[Calls]<UL><LI><a href="#[c7]">&gt;&gt;</a>&nbsp;&nbsp;&nbsp;readCpuId()
</UL>
<BR>[Called By]<UL><LI><a href="#[92]">&gt;&gt;</a>&nbsp;&nbsp;&nbsp;RuntimeStartup
</UL>

<P><STRONG><a name="[94]"></a>StackSwitch</STRONG> (Thumb, 20 bytes, Stack size 16 bytes, contextswitching.o(i.StackSwitch))
<BR><BR>[Stack]<UL><LI>Max Depth = 88<LI>Call Chain = StackSwitch &rArr; server(void*, int) &rArr; Runtime::manageThreads(void*, int) &rArr; ArrayList&lang;Runnable&rang;::removeFirst() &rArr; int Allocator&lang;DefaultArrayListNode&lang;ArrayList&lang;Runnable&rang;, Runnable&rang;&rang;::Delete&lang;DefaultArrayListNode&lang;ArrayList&lang;Runnable&rang;, Runnable&rang;&rang;(T1*)
</UL>
<BR>[Calls]<UL><LI><a href="#[c8]">&gt;&gt;</a>&nbsp;&nbsp;&nbsp;CMSIS_Tick()
<LI><a href="#[c9]">&gt;&gt;</a>&nbsp;&nbsp;&nbsp;server(void*, int)
</UL>
<BR>[Called By]<UL><LI><a href="#[92]">&gt;&gt;</a>&nbsp;&nbsp;&nbsp;RuntimeStartup
<LI><a href="#[19]">&gt;&gt;</a>&nbsp;&nbsp;&nbsp;SysTick_Handler
</UL>

<P><STRONG><a name="[95]"></a>StackSwitchPSV</STRONG> (Thumb, 2 bytes, Stack size 0 bytes, contextswitching.o(i.StackSwitchPSV))
<BR><BR>[Called By]<UL><LI><a href="#[18]">&gt;&gt;</a>&nbsp;&nbsp;&nbsp;PendSV_Handler
</UL>

<P><STRONG><a name="[6c]"></a>SystemInit</STRONG> (Thumb, 82 bytes, Stack size 0 bytes, system_stm32f4xx.o(i.SystemInit))
<BR>[Address Reference Count : 1]<UL><LI> startup_stm32f417xx.o(.text)
</UL>
<P><STRONG><a name="[33]"></a>TIM1_UP_TIM10_IRQHandler</STRONG> (Thumb, 10 bytes, Stack size 8 bytes, stm32f4xx_it.o(i.TIM1_UP_TIM10_IRQHandler))
<BR><BR>[Stack]<UL><LI>Max Depth = 16<LI>Call Chain = TIM1_UP_TIM10_IRQHandler &rArr; HAL_TIM_IRQHandler
</UL>
<BR>[Calls]<UL><LI><a href="#[bf]">&gt;&gt;</a>&nbsp;&nbsp;&nbsp;HAL_TIM_IRQHandler
</UL>
<BR>[Address Reference Count : 1]<UL><LI> startup_stm32f417xx.o(RESET)
</UL>
<P><STRONG><a name="[36]"></a>TIM2_IRQHandler</STRONG> (Thumb, 10 bytes, Stack size 8 bytes, stm32f4xx_it.o(i.TIM2_IRQHandler))
<BR><BR>[Stack]<UL><LI>Max Depth = 16<LI>Call Chain = TIM2_IRQHandler &rArr; HAL_TIM_IRQHandler
</UL>
<BR>[Calls]<UL><LI><a href="#[bf]">&gt;&gt;</a>&nbsp;&nbsp;&nbsp;HAL_TIM_IRQHandler
</UL>
<BR>[Address Reference Count : 1]<UL><LI> startup_stm32f417xx.o(RESET)
</UL>
<P><STRONG><a name="[15]"></a>UsageFault_Handler</STRONG> (Thumb, 4 bytes, Stack size 0 bytes, stm32f4xx_it.o(i.UsageFault_Handler))
<BR>[Address Reference Count : 1]<UL><LI> startup_stm32f417xx.o(RESET)
</UL>
<P><STRONG><a name="[c8]"></a>CMSIS_Tick()</STRONG> (Thumb, 8 bytes, Stack size 8 bytes, device.o(i._Z10CMSIS_Tickv))
<BR><BR>[Stack]<UL><LI>Max Depth = 8<LI>Call Chain = CMSIS_Tick()
</UL>
<BR>[Calls]<UL><LI><a href="#[ca]">&gt;&gt;</a>&nbsp;&nbsp;&nbsp;HAL_IncTick
</UL>
<BR>[Called By]<UL><LI><a href="#[94]">&gt;&gt;</a>&nbsp;&nbsp;&nbsp;StackSwitch
</UL>

<P><STRONG><a name="[fc]"></a>ClockEnable()</STRONG> (Thumb, 420 bytes, Stack size 8 bytes, init.o(i._Z11ClockEnablev))
<BR><BR>[Stack]<UL><LI>Max Depth = 8<LI>Call Chain = ClockEnable()
</UL>
<BR>[Called By]<UL><LI><a href="#[8c]">&gt;&gt;</a>&nbsp;&nbsp;&nbsp;main
</UL>

<P><STRONG><a name="[cb]"></a>DEV_Gpio_Init(GPIO_TypeDef*, int, unsigned, unsigned)</STRONG> (Thumb, 40 bytes, Stack size 24 bytes, gpio_ex.o(i._Z13DEV_Gpio_InitP12GPIO_TypeDefijj))
<BR><BR>[Stack]<UL><LI>Max Depth = 48<LI>Call Chain = DEV_Gpio_Init(GPIO_TypeDef*, int, unsigned, unsigned) &rArr; HAL_GPIO_Init
</UL>
<BR>[Calls]<UL><LI><a href="#[cc]">&gt;&gt;</a>&nbsp;&nbsp;&nbsp;HAL_GPIO_Init
</UL>
<BR>[Called By]<UL><LI><a href="#[da]">&gt;&gt;</a>&nbsp;&nbsp;&nbsp;GpioInit()
</UL>

<P><STRONG><a name="[d1]"></a>Error_Handler()</STRONG> (Thumb, 4 bytes, Stack size 0 bytes, init.o(i._Z13Error_Handlerv))
<BR><BR>[Called By]<UL><LI><a href="#[db]">&gt;&gt;</a>&nbsp;&nbsp;&nbsp;HsramInit()
<LI><a href="#[d8]">&gt;&gt;</a>&nbsp;&nbsp;&nbsp;DmaInit()
<LI><a href="#[d0]">&gt;&gt;</a>&nbsp;&nbsp;&nbsp;SystemClock_Config()
</UL>

<P><STRONG><a name="[cd]"></a>DEV_AltGpio_Init(GPIO_TypeDef*, int, unsigned, unsigned)</STRONG> (Thumb, 44 bytes, Stack size 24 bytes, gpio_ex.o(i._Z16DEV_AltGpio_InitP12GPIO_TypeDefijj))
<BR><BR>[Stack]<UL><LI>Max Depth = 48<LI>Call Chain = DEV_AltGpio_Init(GPIO_TypeDef*, int, unsigned, unsigned) &rArr; HAL_GPIO_Init
</UL>
<BR>[Calls]<UL><LI><a href="#[cc]">&gt;&gt;</a>&nbsp;&nbsp;&nbsp;HAL_GPIO_Init
</UL>
<BR>[Called By]<UL><LI><a href="#[da]">&gt;&gt;</a>&nbsp;&nbsp;&nbsp;GpioInit()
</UL>

<P><STRONG><a name="[70]"></a>SystemEventBurner(Runnable*)</STRONG> (Thumb, 30 bytes, Stack size 0 bytes, main.o(i._Z17SystemEventBurnerP8Runnable))
<BR><BR>[Stack]<UL><LI>Max Depth = 92<LI>Call Chain = SystemEventBurner(Runnable*) &rArr; Runtime::addRunnable(int(*)(Runnable*), unsigned) &rArr; MemoryAllocator::New(unsigned) &rArr; ArrayListBase&lang;MemoryChunk&rang;::add(MemoryChunk*) &rArr; ArrayListBase&lang;MemoryChunk&rang;::add(MemoryChunk&)
</UL>
<BR>[Calls]<UL><LI><a href="#[ac]">&gt;&gt;</a>&nbsp;&nbsp;&nbsp;HAL_Delay
<LI><a href="#[ce]">&gt;&gt;</a>&nbsp;&nbsp;&nbsp;Runtime::addRunnable(int(*)(Runnable*), unsigned)
<LI><a href="#[cf]">&gt;&gt;</a>&nbsp;&nbsp;&nbsp;Device::enableBackLight(bool)
</UL>
<BR>[Address Reference Count : 1]<UL><LI> main.o(i._ZN7RuntimeclEjj)
</UL>
<P><STRONG><a name="[d0]"></a>SystemClock_Config()</STRONG> (Thumb, 162 bytes, Stack size 80 bytes, init.o(i._Z18SystemClock_Configv))
<BR><BR>[Stack]<UL><LI>Max Depth = 160<LI>Call Chain = SystemClock_Config() &rArr; HAL_RCC_ClockConfig &rArr; HAL_InitTick &rArr; HAL_NVIC_SetPriority &rArr; [local to stm32f4xx_hal_cortex_c]::NVIC_SetPriority(IRQn_Type, unsigned)
</UL>
<BR>[Calls]<UL><LI><a href="#[b9]">&gt;&gt;</a>&nbsp;&nbsp;&nbsp;HAL_RCC_OscConfig
<LI><a href="#[b7]">&gt;&gt;</a>&nbsp;&nbsp;&nbsp;HAL_RCC_ClockConfig
<LI><a href="#[d2]">&gt;&gt;</a>&nbsp;&nbsp;&nbsp;HAL_GetREVID
<LI><a href="#[d1]">&gt;&gt;</a>&nbsp;&nbsp;&nbsp;Error_Handler()
</UL>
<BR>[Called By]<UL><LI><a href="#[8c]">&gt;&gt;</a>&nbsp;&nbsp;&nbsp;main
</UL>

<P><STRONG><a name="[71]"></a>SystemEventBurner2(Runnable*)</STRONG> (Thumb, 20 bytes, Stack size 0 bytes, main.o(i._Z18SystemEventBurner2P8Runnable))
[...]
<BR><BR>[Called By]<UL><LI><a href="#[10b]">&gt;&gt;</a>&nbsp;&nbsp;&nbsp;ILI9488&lang;GPIO_TypeDef, SpiSoftTypeDef&rang;::hsClk()
</UL>

<P><STRONG><a name="[10a]"></a>ILI9488&lang;GPIO_TypeDef, SpiSoftTypeDef&rang;::setDot(bool)</STRONG> (Thumb, 28 bytes, Stack size 0 bytes, main.o(t._ZN7ILI9488I12GPIO_TypeDef14SpiSoftTypeDefE6setDotEb))
<BR><BR>[Called By]<UL><LI><a href="#[10b]">&gt;&gt;</a>&nbsp;&nbsp;&nbsp;ILI9488&lang;GPIO_TypeDef, SpiSoftTypeDef&rang;::hsClk()
<LI><a href="#[104]">&gt;&gt;</a>&nbsp;&nbsp;&nbsp;ILI9488&lang;GPIO_TypeDef, SpiSoftTypeDef&rang;::driverFill(unsigned short, unsigned short, unsigned short)
</UL>

<P><STRONG><a name="[10e]"></a>ILI9488&lang;GPIO_TypeDef, SpiSoftTypeDef&rang;::wrCmd8(unsigned char)</STRONG> (Thumb, 20 bytes, Stack size 16 bytes, main.o(t._ZN7ILI9488I12GPIO_TypeDef14SpiSoftTypeDefE6wrCmd8Eh))
<BR><BR>[Stack]<UL><LI>Max Depth = 28<LI>Call Chain = ILI9488&lang;GPIO_TypeDef, SpiSoftTypeDef&rang;::wrCmd8(unsigned char) &rArr; SpiSoftTypeDef::send_9bit_Data(bool, unsigned char)
</UL>
<BR>[Calls]<UL><LI><a href="#[dd]">&gt;&gt;</a>&nbsp;&nbsp;&nbsp;SpiSoftTypeDef::send_9bit_Data(bool, unsigned char)
</UL>
<BR>[Called By]<UL><LI><a href="#[fd]">&gt;&gt;</a>&nbsp;&nbsp;&nbsp;ILI9488&lang;GPIO_TypeDef, SpiSoftTypeDef&rang;::init()
</UL>

<P><STRONG><a name="[10f]"></a>ILI9488&lang;GPIO_TypeDef, SpiSoftTypeDef&rang;::wrData8(unsigned char)</STRONG> (Thumb, 20 bytes, Stack size 16 bytes, main.o(t._ZN7ILI9488I12GPIO_TypeDef14SpiSoftTypeDefE7wrData8Eh))
<BR><BR>[Stack]<UL><LI>Max Depth = 28<LI>Call Chain = ILI9488&lang;GPIO_TypeDef, SpiSoftTypeDef&rang;::wrData8(unsigned char) &rArr; SpiSoftTypeDef::send_9bit_Data(bool, unsigned char)
</UL>
<BR>[Calls]<UL><LI><a href="#[dd]">&gt;&gt;</a>&nbsp;&nbsp;&nbsp;SpiSoftTypeDef::send_9bit_Data(bool, unsigned char)
</UL>
<BR>[Called By]<UL><LI><a href="#[fd]">&gt;&gt;</a>&nbsp;&nbsp;&nbsp;ILI9488&lang;GPIO_TypeDef, SpiSoftTypeDef&rang;::init()
</UL>

<P><STRONG><a name="[e8]"></a>ILI9488&lang;GPIO_TypeDef, SpiSoftTypeDef&rang;::backLight(unsigned char)</STRONG> (Thumb, 26 bytes, Stack size 0 bytes, main.o(t._ZN7ILI9488I12GPIO_TypeDef14SpiSoftTypeDefE9backLightEh))
<BR><BR>[Called By]<UL><LI><a href="#[cf]">&gt;&gt;</a>&nbsp;&nbsp;&nbsp;Device::enableBackLight(bool)
</UL>

<P><STRONG><a name="[f8]"></a>Iterator&lang;ArrayList&lang;Runnable&rang;, Runnable&rang;::Iterator()</STRONG> (Thumb, 2 bytes, Stack size 0 bytes, main.o(t._ZN8IteratorI9ArrayListI8RunnableES1_EC1Ev))
<BR><BR>[Called By]<UL><LI><a href="#[f6]">&gt;&gt;</a>&nbsp;&nbsp;&nbsp;Runtime::operator ()(unsigned, unsigned)
</UL>

<P><STRONG><a name="[152]"></a>Iterator&lang;ArrayList&lang;Runnable&rang;, Runnable&rang;::Iterator__sub_object()</STRONG> (Thumb, 0 bytes, Stack size 0 bytes, main.o(t._ZN8IteratorI9ArrayListI8RunnableES1_EC1Ev), UNUSED)

<P><STRONG><a name="[f9]"></a>Iterator&lang;ArrayList&lang;Runnable&rang;, Runnable&rang;::operator ()(DefaultArrayListNode&lang;ArrayList&lang;Runnable&rang;, Runnable&rang;&)</STRONG> (Thumb, 4 bytes, Stack size 0 bytes, main.o(t._ZN8IteratorI9ArrayListI8RunnableES1_EclER20DefaultArrayListNodeIS2_S1_E))
<BR><BR>[Called By]<UL><LI><a href="#[f6]">&gt;&gt;</a>&nbsp;&nbsp;&nbsp;Runtime::operator ()(unsigned, unsigned)
</UL>

<P><STRONG><a name="[103]"></a>Iterator&lang;ArrayList&lang;TestClass&rang;, TestClass&rang;::next()</STRONG> (Thumb, 10 bytes, Stack size 0 bytes, main.o(t._ZN8IteratorI9ArrayListI9TestClassES1_E4nextEv))
<BR><BR>[Called By]<UL><LI><a href="#[8c]">&gt;&gt;</a>&nbsp;&nbsp;&nbsp;main
</UL>

<P><STRONG><a name="[102]"></a>Iterator&lang;ArrayList&lang;TestClass&rang;, TestClass&rang;::hasNext()</STRONG> (Thumb, 16 bytes, Stack size 0 bytes, main.o(t._ZN8IteratorI9ArrayListI9TestClassES1_E7hasNextEv))
<BR><BR>[Called By]<UL><LI><a href="#[8c]">&gt;&gt;</a>&nbsp;&nbsp;&nbsp;main
</UL>

<P><STRONG><a name="[118]"></a>Iterator&lang;ArrayList&lang;TestClass&rang;, TestClass&rang;::Iterator()</STRONG> (Thumb, 2 bytes, Stack size 0 bytes, main.o(t._ZN8IteratorI9ArrayListI9TestClassES1_EC1Ev))
<BR><BR>[Called By]<UL><LI><a href="#[101]">&gt;&gt;</a>&nbsp;&nbsp;&nbsp;ArrayList&lang;TestClass&rang;::iterator()
</UL>

<P><STRONG><a name="[153]"></a>Iterator&lang;ArrayList&lang;TestClass&rang;, TestClass&rang;::Iterator__sub_object()</STRONG> (Thumb, 0 bytes, Stack size 0 bytes, main.o(t._ZN8IteratorI9ArrayListI9TestClassES1_EC1Ev), UNUSED)

<P><STRONG><a name="[119]"></a>Iterator&lang;ArrayList&lang;TestClass&rang;, TestClass&rang;::operator ()(DefaultArrayListNode&lang;ArrayList&lang;TestClass&rang;, TestClass&rang;&)</STRONG> (Thumb, 4 bytes, Stack size 0 bytes, main.o(t._ZN8IteratorI9ArrayListI9TestClassES1_EclER20DefaultArrayListNodeIS2_S1_E))
<BR><BR>[Called By]<UL><LI><a href="#[101]">&gt;&gt;</a>&nbsp;&nbsp;&nbsp;ArrayList&lang;TestClass&rang;::iterator()
</UL>

<P><STRONG><a name="[115]"></a>Allocator&lang;DefaultArrayListNode&lang;ArrayList&lang;Runnable&rang;, Runnable&rang;&rang;::New()</STRONG> (Thumb, 16 bytes, Stack size 8 bytes, main.o(t._ZN9AllocatorI20DefaultArrayListNodeI9ArrayListI8RunnableES2_EE3NewEv))
<BR><BR>[Stack]<UL><LI>Max Depth = 8<LI>Call Chain = Allocator&lang;DefaultArrayListNode&lang;ArrayList&lang;Runnable&rang;, Runnable&rang;&rang;::New()
</UL>
<BR>[Called By]<UL><LI><a href="#[f2]">&gt;&gt;</a>&nbsp;&nbsp;&nbsp;ArrayList&lang;Runnable&rang;::addFirst(Runnable&)
<LI><a href="#[f3]">&gt;&gt;</a>&nbsp;&nbsp;&nbsp;ArrayList&lang;Runnable&rang;::addLast(Runnable&)
</UL>

<P><STRONG><a name="[78]"></a>Allocator&lang;DefaultArrayListNode&lang;ArrayList&lang;Runnable&rang;, Runnable&rang;&rang;::free(void*)</STRONG> (Thumb, 14 bytes, Stack size 16 bytes, device.o(t._ZN9AllocatorI20DefaultArrayListNodeI9ArrayListI8RunnableES2_EE4freeEPv))
<BR><BR>[Stack]<UL><LI>Max Depth = 88<LI>Call Chain = Allocator&lang;DefaultArrayListNode&lang;ArrayList&lang;Runnable&rang;, Runnable&rang;&rang;::free(void*) &rArr; Free(void*) &rArr; MemoryAllocator::Delete(void*) &rArr; MemoryAllocator::sanitize(ArrayListBase&lang;MemoryChunk&rang;&) &rArr; ArrayListBase&lang;MemoryChunk&rang;::remove(MemoryChunk*) &rArr; ArrayListBase&lang;MemoryChunk&rang;::remove(MemoryChunk&)
</UL>
<BR>[Calls]<UL><LI><a href="#[d3]">&gt;&gt;</a>&nbsp;&nbsp;&nbsp;Free(void*)
</UL>
<BR>[Address Reference Count : 2]<UL><LI> device.o(.constdata__ZTV9AllocatorI20DefaultArrayListNodeI9ArrayListI8RunnableES2_EE)
<LI> device.o(.constdata__ZTV9ArrayListI8RunnableE)
</UL>
<P><STRONG><a name="[77]"></a>Allocator&lang;DefaultArrayListNode&lang;ArrayList&lang;Runnable&rang;, Runnable&rang;&rang;::alloc(unsigned)</STRONG> (Thumb, 14 bytes, Stack size 16 bytes, device.o(t._ZN9AllocatorI20DefaultArrayListNodeI9ArrayListI8RunnableES2_EE5allocEj))
<BR><BR>[Stack]<UL><LI>Max Depth = 92<LI>Call Chain = Allocator&lang;DefaultArrayListNode&lang;ArrayList&lang;Runnable&rang;, Runnable&rang;&rang;::alloc(unsigned) &rArr; Alloc(unsigned) &rArr; MemoryAllocator::New(unsigned) &rArr; ArrayListBase&lang;MemoryChunk&rang;::add(MemoryChunk*) &rArr; ArrayListBase&lang;MemoryChunk&rang;::add(MemoryChunk&)
</UL>
<BR>[Calls]<UL><LI><a href="#[d5]">&gt;&gt;</a>&nbsp;&nbsp;&nbsp;Alloc(unsigned)
</UL>
<BR>[Address Reference Count : 2]<UL><LI> device.o(.constdata__ZTV9AllocatorI20DefaultArrayListNodeI9ArrayListI8RunnableES2_EE)
<LI> device.o(.constdata__ZTV9ArrayListI8RunnableE)
</UL>
<P><STRONG><a name="[113]"></a>int Allocator&lang;DefaultArrayListNode&lang;ArrayList&lang;Runnable&rang;, Runnable&rang;&rang;::Delete&lang;DefaultArrayListNode&lang;ArrayList&lang;Runnable&rang;, Runnable&rang;&rang;(T1*)</STRONG> (Thumb, 20 bytes, Stack size 16 bytes, vm.o(t._ZN9AllocatorI20DefaultArrayListNodeI9ArrayListI8RunnableES2_EE6DeleteIS4_EEiPT_))
<BR><BR>[Stack]<UL><LI>Max Depth = 16<LI>Call Chain = int Allocator&lang;DefaultArrayListNode&lang;ArrayList&lang;Runnable&rang;, Runnable&rang;&rang;::Delete&lang;DefaultArrayListNode&lang;ArrayList&lang;Runnable&rang;, Runnable&rang;&rang;(T1*)
</UL>
<BR>[Called By]<UL><LI><a href="#[f5]">&gt;&gt;</a>&nbsp;&nbsp;&nbsp;ArrayList&lang;Runnable&rang;::removeFirst()
</UL>

<P><STRONG><a name="[117]"></a>Allocator&lang;DefaultArrayListNode&lang;ArrayList&lang;TestClass&rang;, TestClass&rang;&rang;::New()</STRONG> (Thumb, 16 bytes, Stack size 8 bytes, main.o(t._ZN9AllocatorI20DefaultArrayListNodeI9ArrayListI9TestClassES2_EE3NewEv))
<BR><BR>[Stack]<UL><LI>Max Depth = 8<LI>Call Chain = Allocator&lang;DefaultArrayListNode&lang;ArrayList&lang;TestClass&rang;, TestClass&rang;&rang;::New()
</UL>
<BR>[Called By]<UL><LI><a href="#[116]">&gt;&gt;</a>&nbsp;&nbsp;&nbsp;ArrayList&lang;TestClass&rang;::addFirst(TestClass&)
</UL>

<P><STRONG><a name="[79]"></a>Allocator&lang;DefaultArrayListNode&lang;ArrayList&lang;TestClass&rang;, TestClass&rang;&rang;::alloc(unsigned)</STRONG> (Thumb, 14 bytes, Stack size 16 bytes, main.o(t._ZN9AllocatorI20DefaultArrayListNodeI9ArrayListI9TestClassES2_EE5allocEj))
<BR><BR>[Stack]<UL><LI>Max Depth = 92<LI>Call Chain = Allocator&lang;DefaultArrayListNode&lang;ArrayList&lang;TestClass&rang;, TestClass&rang;&rang;::alloc(unsigned) &rArr; Alloc(unsigned) &rArr; MemoryAllocator::New(unsigned) &rArr; ArrayListBase&lang;MemoryChunk&rang;::add(MemoryChunk*) &rArr; ArrayListBase&lang;MemoryChunk&rang;::add(MemoryChunk&)
</UL>
<BR>[Calls]<UL><LI><a href="#[d5]">&gt;&gt;</a>&nbsp;&nbsp;&nbsp;Alloc(unsigned)
</UL>
<BR>[Address Reference Count : 2]<UL><LI> main.o(.constdata__ZTV9AllocatorI20DefaultArrayListNodeI9ArrayListI9TestClassES2_EE)
<LI> main.o(.constdata__ZTV9ArrayListI9TestClassE)
</UL>
<P><STRONG><a name="[f0]"></a>Allocator&lang;char&rang;::New(unsigned)</STRONG> (Thumb, 18 bytes, Stack size 16 bytes, main.o(t._ZN9AllocatorIcE3NewEj))
<BR><BR>[Stack]<UL><LI>Max Depth = 16<LI>Call Chain = Allocator&lang;char&rang;::New(unsigned)
</UL>
<BR>[Called By]<UL><LI><a href="#[ef]">&gt;&gt;</a>&nbsp;&nbsp;&nbsp;String::operator +(String&)
</UL>

<P><STRONG><a name="[76]"></a>Allocator&lang;char&rang;::alloc(unsigned)</STRONG> (Thumb, 14 bytes, Stack size 16 bytes, main.o(t._ZN9AllocatorIcE5allocEj))
<BR><BR>[Stack]<UL><LI>Max Depth = 92<LI>Call Chain = Allocator&lang;char&rang;::alloc(unsigned) &rArr; Alloc(unsigned) &rArr; MemoryAllocator::New(unsigned) &rArr; ArrayListBase&lang;MemoryChunk&rang;::add(MemoryChunk*) &rArr; ArrayListBase&lang;MemoryChunk&rang;::add(MemoryChunk&)
</UL>
<BR>[Calls]<UL><LI><a href="#[d5]">&gt;&gt;</a>&nbsp;&nbsp;&nbsp;Alloc(unsigned)
</UL>
<BR>[Address Reference Count : 2]<UL><LI> main.o(.constdata__ZTV9AllocatorIcE)
<LI> main.o(.constdata__ZTV6String)
</UL>
<P><STRONG><a name="[ea]"></a>Allocator&lang;char&rang;::NewArray(unsigned)</STRONG> (Thumb, 18 bytes, Stack size 16 bytes, main.o(t._ZN9AllocatorIcE8NewArrayEj))
<BR><BR>[Stack]<UL><LI>Max Depth = 16<LI>Call Chain = Allocator&lang;char&rang;::NewArray(unsigned)
</UL>
<BR>[Called By]<UL><LI><a href="#[ed]">&gt;&gt;</a>&nbsp;&nbsp;&nbsp;String::String&lang;char&rang;(T1*)
<LI><a href="#[fe]">&gt;&gt;</a>&nbsp;&nbsp;&nbsp;String::String&lang;const char&rang;(T1*)
<LI><a href="#[e9]">&gt;&gt;</a>&nbsp;&nbsp;&nbsp;String::stringifyInt(int, int)
</UL>

<P><STRONG><a name="[114]"></a>ArrayList&lang;Runnable&rang;::removeBase(DefaultArrayListNode&lang;ArrayList&lang;Runnable&rang;, Runnable&rang;*)</STRONG> (Thumb, 66 bytes, Stack size 8 bytes, vm.o(t._ZN9ArrayListI8RunnableE10removeBaseEP20DefaultArrayListNodeIS1_S0_E))
<BR><BR>[Stack]<UL><LI>Max Depth = 8<LI>Call Chain = ArrayList&lang;Runnable&rang;::removeBase(DefaultArrayListNode&lang;ArrayList&lang;Runnable&rang;, Runnable&rang;*)
</UL>
<BR>[Called By]<UL><LI><a href="#[f5]">&gt;&gt;</a>&nbsp;&nbsp;&nbsp;ArrayList&lang;Runnable&rang;::removeFirst()
</UL>

<P><STRONG><a name="[f5]"></a>ArrayList&lang;Runnable&rang;::removeFirst()</STRONG> (Thumb, 26 bytes, Stack size 16 bytes, vm.o(t._ZN9ArrayListI8RunnableE11removeFirstEv))
<BR><BR>[Stack]<UL><LI>Max Depth = 32<LI>Call Chain = ArrayList&lang;Runnable&rang;::removeFirst() &rArr; int Allocator&lang;DefaultArrayListNode&lang;ArrayList&lang;Runnable&rang;, Runnable&rang;&rang;::Delete&lang;DefaultArrayListNode&lang;ArrayList&lang;Runnable&rang;, Runnable&rang;&rang;(T1*)
</UL>
<BR>[Calls]<UL><LI><a href="#[114]">&gt;&gt;</a>&nbsp;&nbsp;&nbsp;ArrayList&lang;Runnable&rang;::removeBase(DefaultArrayListNode&lang;ArrayList&lang;Runnable&rang;, Runnable&rang;*)
<LI><a href="#[113]">&gt;&gt;</a>&nbsp;&nbsp;&nbsp;int Allocator&lang;DefaultArrayListNode&lang;ArrayList&lang;Runnable&rang;, Runnable&rang;&rang;::Delete&lang;DefaultArrayListNode&lang;ArrayList&lang;Runnable&rang;, Runnable&rang;&rang;(T1*)
</UL>
<BR>[Called By]<UL><LI><a href="#[d7]">&gt;&gt;</a>&nbsp;&nbsp;&nbsp;Runtime::manageThreads(void*, int)
</UL>

<P><STRONG><a name="[f3]"></a>ArrayList&lang;Runnable&rang;::addLast(Runnable&)</STRONG> (Thumb, 62 bytes, Stack size 16 bytes, vm.o(t._ZN9ArrayListI8RunnableE7addLastERS0_))
<BR><BR>[Stack]<UL><LI>Max Depth = 24<LI>Call Chain = ArrayList&lang;Runnable&rang;::addLast(Runnable&) &rArr; Allocator&lang;DefaultArrayListNode&lang;ArrayList&lang;Runnable&rang;, Runnable&rang;&rang;::New()
</UL>
<BR>[Calls]<UL><LI><a href="#[115]">&gt;&gt;</a>&nbsp;&nbsp;&nbsp;Allocator&lang;DefaultArrayListNode&lang;ArrayList&lang;Runnable&rang;, Runnable&rang;&rang;::New()
</UL>
<BR>[Called By]<UL><LI><a href="#[d7]">&gt;&gt;</a>&nbsp;&nbsp;&nbsp;Runtime::manageThreads(void*, int)
</UL>

<P><STRONG><a name="[f4]"></a>ArrayList&lang;Runnable&rang;::isEmpty()</STRONG> (Thumb, 14 bytes, Stack size 0 bytes, vm.o(t._ZN9ArrayListI8RunnableE7isEmptyEv))
<BR><BR>[Called By]<UL><LI><a href="#[d7]">&gt;&gt;</a>&nbsp;&nbsp;&nbsp;Runtime::manageThreads(void*, int)
</UL>

<P><STRONG><a name="[f2]"></a>ArrayList&lang;Runnable&rang;::addFirst(Runnable&)</STRONG> (Thumb, 62 bytes, Stack size 16 bytes, main.o(t._ZN9ArrayListI8RunnableE8addFirstERS0_))
<BR><BR>[Stack]<UL><LI>Max Depth = 24<LI>Call Chain = ArrayList&lang;Runnable&rang;::addFirst(Runnable&) &rArr; Allocator&lang;DefaultArrayListNode&lang;ArrayList&lang;Runnable&rang;, Runnable&rang;&rang;::New()
</UL>
<BR>[Calls]<UL><LI><a href="#[115]">&gt;&gt;</a>&nbsp;&nbsp;&nbsp;Allocator&lang;DefaultArrayListNode&lang;ArrayList&lang;Runnable&rang;, Runnable&rang;&rang;::New()
</UL>
<BR>[Called By]<UL><LI><a href="#[ce]">&gt;&gt;</a>&nbsp;&nbsp;&nbsp;Runtime::addRunnable(int(*)(Runnable*), unsigned)
</UL>

<P><STRONG><a name="[73]"></a>ArrayList&lang;Runnable&rang;::ArrayList()</STRONG> (Thumb, 30 bytes, Stack size 0 bytes, device.o(t._ZN9ArrayListI8RunnableEC1Ev))
<BR><BR>[Called By]<UL><LI><a href="#[7b]">&gt;&gt;</a>&nbsp;&nbsp;&nbsp;__sti___10_device_cpp_runtime
</UL>
<BR>[Address Reference Count : 1]<UL><LI> device.o(i.__sti___10_device_cpp_runtime)
</UL>
<P><STRONG><a name="[154]"></a>ArrayList&lang;Runnable&rang;::ArrayList__sub_object()</STRONG> (Thumb, 0 bytes, Stack size 0 bytes, device.o(t._ZN9ArrayListI8RunnableEC1Ev), UNUSED)

<P><STRONG><a name="[100]"></a>ArrayList&lang;TestClass&rang;::addFirst(TestClass*)</STRONG> (Thumb, 16 bytes, Stack size 16 bytes, main.o(t._ZN9ArrayListI9TestClassE8addFirstEPS0_))
<BR><BR>[Stack]<UL><LI>Max Depth = 40<LI>Call Chain = ArrayList&lang;TestClass&rang;::addFirst(TestClass*) &rArr; ArrayList&lang;TestClass&rang;::addFirst(TestClass&) &rArr; Allocator&lang;DefaultArrayListNode&lang;ArrayList&lang;TestClass&rang;, TestClass&rang;&rang;::New()
</UL>
<BR>[Calls]<UL><LI><a href="#[116]">&gt;&gt;</a>&nbsp;&nbsp;&nbsp;ArrayList&lang;TestClass&rang;::addFirst(TestClass&)
</UL>
<BR>[Called By]<UL><LI><a href="#[8c]">&gt;&gt;</a>&nbsp;&nbsp;&nbsp;main
</UL>

<P><STRONG><a name="[116]"></a>ArrayList&lang;TestClass&rang;::addFirst(TestClass&)</STRONG> (Thumb, 62 bytes, Stack size 16 bytes, main.o(t._ZN9ArrayListI9TestClassE8addFirstERS0_))
<BR><BR>[Stack]<UL><LI>Max Depth = 24<LI>Call Chain = ArrayList&lang;TestClass&rang;::addFirst(TestClass&) &rArr; Allocator&lang;DefaultArrayListNode&lang;ArrayList&lang;TestClass&rang;, TestClass&rang;&rang;::New()
</UL>
<BR>[Calls]<UL><LI><a href="#[117]">&gt;&gt;</a>&nbsp;&nbsp;&nbsp;Allocator&lang;DefaultArrayListNode&lang;ArrayList&lang;TestClass&rang;, TestClass&rang;&rang;::New()
</UL>
<BR>[Called By]<UL><LI><a href="#[100]">&gt;&gt;</a>&nbsp;&nbsp;&nbsp;ArrayList&lang;TestClass&rang;::addFirst(TestClass*)
</UL>

<P><STRONG><a name="[101]"></a>ArrayList&lang;TestClass&rang;::iterator()</STRONG> (Thumb, 46 bytes, Stack size 8 bytes, main.o(t._ZN9ArrayListI9TestClassE8iteratorEv))
<BR><BR>[Stack]<UL><LI>Max Depth = 8<LI>Call Chain = ArrayList&lang;TestClass&rang;::iterator()
</UL>
<BR>[Calls]<UL><LI><a href="#[119]">&gt;&gt;</a>&nbsp;&nbsp;&nbsp;Iterator&lang;ArrayList&lang;TestClass&rang;, TestClass&rang;::operator ()(DefaultArrayListNode&lang;ArrayList&lang;TestClass&rang;, TestClass&rang;&)
<LI><a href="#[118]">&gt;&gt;</a>&nbsp;&nbsp;&nbsp;Iterator&lang;ArrayList&lang;TestClass&rang;, TestClass&rang;::Iterator()
<LI><a href="#[f7]">&gt;&gt;</a>&nbsp;&nbsp;&nbsp;__cxa_guard_acquire
</UL>
<BR>[Called By]<UL><LI><a href="#[8c]">&gt;&gt;</a>&nbsp;&nbsp;&nbsp;main
</UL>

<P><STRONG><a name="[83]"></a>_fp_init</STRONG> (Thumb, 10 bytes, Stack size 0 bytes, fpinit.o(x$fpl$fpinit))
<BR><BR>[Called By]<UL><LI><a href="#[82]">&gt;&gt;</a>&nbsp;&nbsp;&nbsp;__rt_lib_init_fp_1
</UL>

<P><STRONG><a name="[155]"></a>__fplib_config_fpu_vfp</STRONG> (Thumb, 0 bytes, Stack size unknown bytes, fpinit.o(x$fpl$fpinit), UNUSED)

<P><STRONG><a name="[156]"></a>__fplib_config_pureend_doubles</STRONG> (Thumb, 0 bytes, Stack size unknown bytes, fpinit.o(x$fpl$fpinit), UNUSED)
<P>
<H3>
Local Symbols
</H3>
<P><STRONG><a name="[7a]"></a>__sti___8_main_cpp_ca4700dd</STRONG> (Thumb, 34 bytes, Stack size 0 bytes, main.o(i.__sti___8_main_cpp_ca4700dd))
<BR>[Address Reference Count : 1]<UL><LI> main.o(.init_array)
</UL>
<P><STRONG><a name="[7b]"></a>__sti___10_device_cpp_runtime</STRONG> (Thumb, 110 bytes, Stack size 8 bytes, device.o(i.__sti___10_device_cpp_runtime))
<BR><BR>[Stack]<UL><LI>Max Depth = 32<LI>Call Chain = __sti___10_device_cpp_runtime &rArr; __aeabi_vec_ctor_nocookie_nodtor
</UL>
<BR>[Calls]<UL><LI><a href="#[73]">&gt;&gt;</a>&nbsp;&nbsp;&nbsp;ArrayList&lang;Runnable&rang;::ArrayList()
<LI><a href="#[e5]">&gt;&gt;</a>&nbsp;&nbsp;&nbsp;MemoryAllocator::MemoryAllocator()
<LI><a href="#[fb]">&gt;&gt;</a>&nbsp;&nbsp;&nbsp;__aeabi_vec_ctor_nocookie_nodtor
</UL>
<BR>[Address Reference Count : 1]<UL><LI> device.o(.init_array)
</UL>
<P><STRONG><a name="[b6]"></a>[local to stm32f4xx_hal_cortex_c]::NVIC_SetPriority(IRQn_Type, unsigned)</STRONG> (Thumb, 32 bytes, Stack size 8 bytes, stm32f4xx_hal_cortex.o(i._ZN44_INTERNAL_22_stm32f4xx_hal_cortex_c_2992dbc016NVIC_SetPriorityE9IRQn_Typej))
<BR><BR>[Stack]<UL><LI>Max Depth = 8<LI>Call Chain = [local to stm32f4xx_hal_cortex_c]::NVIC_SetPriority(IRQn_Type, unsigned)
</UL>
<BR>[Called By]<UL><LI><a href="#[b3]">&gt;&gt;</a>&nbsp;&nbsp;&nbsp;HAL_SYSTICK_Config
<LI><a href="#[b4]">&gt;&gt;</a>&nbsp;&nbsp;&nbsp;HAL_NVIC_SetPriority
</UL>

<P><STRONG><a name="[b5]"></a>[local to stm32f4xx_hal_cortex_c]::NVIC_GetPriorityGrouping()</STRONG> (Thumb, 10 bytes, Stack size 0 bytes, stm32f4xx_hal_cortex.o(i._ZN44_INTERNAL_22_stm32f4xx_hal_cortex_c_2992dbc024NVIC_GetPriorityGroupingEv))
<BR><BR>[Called By]<UL><LI><a href="#[b4]">&gt;&gt;</a>&nbsp;&nbsp;&nbsp;HAL_NVIC_SetPriority
</UL>

<P><STRONG><a name="[6e]"></a>[local to arm_exceptions_c]::__default_terminate_handler()</STRONG> (Thumb, 6 bytes, Stack size 8 bytes, arm_exceptions_globs.o(.text))
<BR><BR>[Stack]<UL><LI>Max Depth = 48 + Unknown Stack Size
<LI>Call Chain = [local to arm_exceptions_c]::__default_terminate_handler() &rArr; abort &rArr; __rt_SIGABRT &rArr; __rt_SIGABRT_inner &rArr; __default_signal_display &rArr; _ttywrch
</UL>
<BR>[Calls]<UL><LI><a href="#[a0]">&gt;&gt;</a>&nbsp;&nbsp;&nbsp;abort
</UL>
<BR>[Address Reference Count : 1]<UL><LI> arm_exceptions_globs.o(.text)
</UL><P>
<H3>
Undefined Global Symbols
</H3><HR></body></html>
