<html>
<body>
<pre>
<h1>µVision Build Log</h1>
<h2>Tool Versions:</h2>
IDE-Version: µVision V5.14.0.0
Copyright (C) 2015 ARM Ltd and ARM Germany GmbH. All rights reserved.
License Information: Roman Pustobayev, ginger, LIC=GE730-BSMBI-8WW2D-8FINK-CKLD9-E8BGB
 
Tool Versions:
Toolchain:       MDK-ARM Professional  Version: 5.14.0.0
Toolchain Path:  C:\Keil_v5\ARM\ARMCC\Bin
C Compiler:      Armcc.exe V5.05 update 1 (build 106)
Assembler:       Armasm.exe V5.05 update 1 (build 106)
Linker/Locator:  ArmLink.exe V5.05 update 1 (build 106)
Library Manager: ArmAr.exe V5.05 update 1 (build 106)
Hex Converter:   FromElf.exe V5.05 update 1 (build 106)
CPU DLL:         SARMCM3.DLL V5.14.0.0
Dialog DLL:      DCM.DLL V1.13.1.0
Target DLL:      STLink\ST-LINKIII-KEIL_SWO.dll V2.0.14.0_KEIL
Dialog DLL:      TCM.DLL V1.14.4.0
 
<h2>Project:</h2>
E:\KeilProj\platform\platform.uvprojx
Project File Date:  11/21/2015

<h2>Output:</h2>
Build target 'Target 1'
compiling main.cpp...
.\misc\inc\ArrayList.h(34): warning:  #794-D: template parameter "List" may not be used in an elaborated type specifier
          friend class List;
.\misc\inc\ArrayList.h(50): warning:  #794-D: template parameter "Vector" may not be used in an elaborated type specifier
          friend class Vector;
.\misc\inc\ArrayList.h(333): warning:  #940-D: missing return statement at end of non-void function "Iterator<Vector, Object>::next"
          }
.\gui\inc\graphicFrameClass.h(32): warning:  #794-D: template parameter "Factory" may not be used in an elaborated type specifier
          friend class Factory;
.\misc\context\inc\Thread.h(114): warning:  #940-D: missing return statement at end of non-void function "Runnable::setNextState<Resource,Other>()"
      }
.\misc\context\inc\VM.h(62): warning:  #177-D: variable "a0" was declared but never referenced
              static uint32_t a0 = arg.a0;
.\misc\context\inc\VM.h(63): warning:  #177-D: variable "a1" was declared but never referenced
              static uint32_t a1 = arg.a1;
.\misc\context\inc\VM.h(64): warning:  #177-D: variable "a2" was declared but never referenced
              static uint32_t a2 = arg.a2;
.\misc\context\inc\VM.h(75): warning:  #111-D: statement is unreachable
                      break;
.\misc\context\inc\VM.h(80): warning:  #111-D: statement is unreachable
                      break;
.\misc\context\inc\VM.h(71): warning:  #546-D: transfer of control bypasses initialization of:
            variable "f" (declared at line 73)
              switch ((int)r->getStatus()) {
              ^
.\misc\context\inc\VM.h(127): warning:  #550-D: variable "error" was set but never used
             void *error = nullptr;
entry\src\main.cpp(75): warning:  #111-D: statement is unreachable
        return 0;
entry\src\main.cpp(97): warning:  #1-D: last line of file ends without a newline
  }
entry\src\main.cpp: 14 warnings, 0 errors
compiling device.cpp...
.\misc\inc\ArrayList.h(34): warning:  #794-D: template parameter "List" may not be used in an elaborated type specifier
          friend class List;
.\misc\inc\ArrayList.h(50): warning:  #794-D: template parameter "Vector" may not be used in an elaborated type specifier
          friend class Vector;
.\misc\inc\ArrayList.h(333): warning:  #940-D: missing return statement at end of non-void function "Iterator<Vector, Object>::next"
          }
.\gui\inc\graphicFrameClass.h(32): warning:  #794-D: template parameter "Factory" may not be used in an elaborated type specifier
          friend class Factory;
.\misc\context\inc\Thread.h(114): warning:  #940-D: missing return statement at end of non-void function "Runnable::setNextState<Resource,Other>()"
      }
.\misc\context\inc\VM.h(62): warning:  #177-D: variable "a0" was declared but never referenced
              static uint32_t a0 = arg.a0;
.\misc\context\inc\VM.h(63): warning:  #177-D: variable "a1" was declared but never referenced
              static uint32_t a1 = arg.a1;
.\misc\context\inc\VM.h(64): warning:  #177-D: variable "a2" was declared but never referenced
              static uint32_t a2 = arg.a2;
.\misc\context\inc\VM.h(75): warning:  #111-D: statement is unreachable
                      break;
.\misc\context\inc\VM.h(80): warning:  #111-D: statement is unreachable
                      break;
.\misc\context\inc\VM.h(71): warning:  #546-D: transfer of control bypasses initialization of:
            variable "f" (declared at line 73)
              switch ((int)r->getStatus()) {
              ^
.\misc\context\inc\VM.h(127): warning:  #550-D: variable "error" was set but never used
             void *error = nullptr;
hardware\src\device.cpp: 12 warnings, 0 errors
compiling contextSwitching.cpp...
.\misc\context\inc\cpuControlBlock.h(33): warning:  #61-D: integer operation result is out of range
      Implementer  = (0xFF    << 24),
.\misc\context\inc\cpuControlBlock.h(56): warning:  #61-D: integer operation result is out of range
      TBLOFF  = ((0xFFFFFF | (1 << 8)) << 8),
.\misc\context\inc\cpuControlBlock.h(68): warning:  #61-D: integer operation result is out of range
      VECTKEYSTAT   = (0xFFFF  << 16),
.\misc\context\inc\cpuControlBlock.h(158): warning:  #61-D: integer operation result is out of range
      PRI_11       = (0xFF << 24),
.\misc\context\inc\cpuControlBlock.h(170): warning:  #61-D: integer operation result is out of range
      PRI_15       = (0xFF << 24),
.\misc\context\inc\cpuControlBlock.h(239): warning:  #61-D: integer operation result is out of range
      UFSR       = (0xFFFF << 16),
.\misc\context\inc\cpuControlBlock.h(256): warning:  #61-D: integer operation result is out of range
      DEBUGEVT       = (1 << 31),
.\misc\context\inc\cpuControlBlock.h(273): warning:  #61-D: integer operation result is out of range
      NMIPENDSET  = (1 << 31),
misc\depend\Arm\CortexM4\src\contextSwitching.cpp: 8 warnings, 0 errors
compiling VM.cpp...
.\misc\inc\ArrayList.h(34): warning:  #794-D: template parameter "List" may not be used in an elaborated type specifier
          friend class List;
.\misc\inc\ArrayList.h(50): warning:  #794-D: template parameter "Vector" may not be used in an elaborated type specifier
          friend class Vector;
.\misc\inc\ArrayList.h(333): warning:  #940-D: missing return statement at end of non-void function "Iterator<Vector, Object>::next"
          }
.\gui\inc\graphicFrameClass.h(32): warning:  #794-D: template parameter "Factory" may not be used in an elaborated type specifier
          friend class Factory;
.\misc\context\inc\Thread.h(114): warning:  #940-D: missing return statement at end of non-void function "Runnable::setNextState<Resource,Other>()"
      }
.\misc\context\inc\VM.h(62): warning:  #177-D: variable "a0" was declared but never referenced
              static uint32_t a0 = arg.a0;
.\misc\context\inc\VM.h(63): warning:  #177-D: variable "a1" was declared but never referenced
              static uint32_t a1 = arg.a1;
.\misc\context\inc\VM.h(64): warning:  #177-D: variable "a2" was declared but never referenced
              static uint32_t a2 = arg.a2;
.\misc\context\inc\VM.h(75): warning:  #111-D: statement is unreachable
                      break;
.\misc\context\inc\VM.h(80): warning:  #111-D: statement is unreachable
                      break;
.\misc\context\inc\VM.h(71): warning:  #546-D: transfer of control bypasses initialization of:
            variable "f" (declared at line 73)
              switch ((int)r->getStatus()) {
              ^
.\misc\context\inc\VM.h(127): warning:  #550-D: variable "error" was set but never used
             void *error = nullptr;
misc\context\src\VM.cpp: 12 warnings, 0 errors
linking...
Program Size: Code=11012 RO-data=792 RW-data=80136 ZI-data=2384  
FromELF: creating hex file...
".\Objects\platform.axf" - 0 Error(s), 46 Warning(s).

<h2>Software Packages used:</h2>

Package Vendor: ARM
                http://www.keil.com/pack/ARM.CMSIS.4.3.0.pack
                ARM::CMSIS:CORE:4.1.0
                CMSIS (Cortex Microcontroller Software Interface Standard)
   * Component: CORE Version: 4.1.0
   * Component: DSP Version: 1.4.5

<h2>Collection of Component include folders:</h2>
  E:\KeilProj\platform\RTE
  C:\Keil_v5\ARM\PACK\ARM\CMSIS\4.3.0\CMSIS\Include
  C:\Keil_v5\ARM\PACK\Keil\STM32F4xx_DFP\2.4.0

<h2>Collection of Component Files used:</h2>

   * Component: ARM::CMSIS:CORE:4.1.0

   * Component: ARM::CMSIS:DSP:1.4.5
      Include file:  CMSIS\Include\arm_math.h
      Library file:  CMSIS\Lib\ARM\arm_cortexM4lf_math.lib
</pre>
</body>
</html>
