<html>
<body>
<pre>
<h1>µVision Build Log</h1>
<h2>Tool Versions:</h2>
IDE-Version: µVision V5.14.0.0
Copyright (C) 2015 ARM Ltd and ARM Germany GmbH. All rights reserved.
License Information: Roman Pustobayev, ginger, LIC=GE730-BSMBI-8WW2D-8FINK-CKLD9-E8BGB
 
Tool Versions:
Toolchain:       MDK-ARM Professional  Version: 5.14.0.0
Toolchain Path:  C:\Keil_v5\ARM\ARMCC\Bin
C Compiler:      Armcc.exe V5.05 update 1 (build 106)
Assembler:       Armasm.exe V5.05 update 1 (build 106)
Linker/Locator:  ArmLink.exe V5.05 update 1 (build 106)
Library Manager: ArmAr.exe V5.05 update 1 (build 106)
Hex Converter:   FromElf.exe V5.05 update 1 (build 106)
CPU DLL:         SARMCM3.DLL V5.14.0.0
Dialog DLL:      DCM.DLL V1.13.1.0
Target DLL:      STLink\ST-LINKIII-KEIL_SWO.dll V2.0.14.0_KEIL
Dialog DLL:      TCM.DLL V1.14.4.0
 
<h2>Project:</h2>
E:\KeilProj\platform\platform.uvprojx
Project File Date:  12/12/2015

<h2>Output:</h2>
Build target 'Target 1'
compiling main.cpp...
.\misc\context\inc\VM.h(44): warning:  #1300-D: alloc inherits implicit virtual
          void *alloc (uint32_t size)
.\misc\context\inc\VM.h(49): warning:  #1300-D: free inherits implicit virtual
          void free (void *p)
.\misc\context\inc\VM.h(128): warning:  #546-D: transfer of control bypasses initialization of:
            variable "l" (declared at line 143)
              switch (a.a0) {
              ^
entry\src\main.cpp(48): warning:  #111-D: statement is unreachable
      return 0;
entry\src\main.cpp(78): warning:  #940-D: missing return statement at end of non-void function "touchAnyListener"
  }
entry\src\main.cpp: 5 warnings, 0 errors
compiling device.cpp...
.\misc\context\inc\VM.h(44): warning:  #1300-D: alloc inherits implicit virtual
          void *alloc (uint32_t size)
.\misc\context\inc\VM.h(49): warning:  #1300-D: free inherits implicit virtual
          void free (void *p)
.\misc\context\inc\VM.h(128): warning:  #546-D: transfer of control bypasses initialization of:
            variable "l" (declared at line 143)
              switch (a.a0) {
              ^
hardware\src\device.cpp(41): warning:  #61-D: integer operation result is out of range
      DEV_Pin_Clr(GPIOA, CS_Pin);
hardware\src\device.cpp(41): warning:  #68-D: integer conversion resulted in a change of sign
      DEV_Pin_Clr(GPIOA, CS_Pin);
hardware\src\device.cpp(48): warning:  #61-D: integer operation result is out of range
      DEV_Pin_Clr(GPIOA, CS_Pin);
hardware\src\device.cpp(48): warning:  #68-D: integer conversion resulted in a change of sign
      DEV_Pin_Clr(GPIOA, CS_Pin);
hardware\src\device.cpp: 7 warnings, 0 errors
compiling touchSensorApiInterface.cpp...
.\misc\context\inc\vm.h(44): warning:  #1300-D: alloc inherits implicit virtual
          void *alloc (uint32_t size)
.\misc\context\inc\vm.h(49): warning:  #1300-D: free inherits implicit virtual
          void free (void *p)
.\misc\context\inc\vm.h(128): warning:  #546-D: transfer of control bypasses initialization of:
            variable "l" (declared at line 143)
              switch (a.a0) {
              ^
hardware\src\touchSensorApiInterface.cpp(16): warning:  #177-D: variable "t" was declared but never referenced
          uint32_t t = 0;
hardware\src\touchSensorApiInterface.cpp(25): warning:  #1-D: last line of file ends without a newline
  }
hardware\src\touchSensorApiInterface.cpp: 5 warnings, 0 errors
compiling VM.cpp...
.\misc\context\inc\VM.h(44): warning:  #1300-D: alloc inherits implicit virtual
          void *alloc (uint32_t size)
.\misc\context\inc\VM.h(49): warning:  #1300-D: free inherits implicit virtual
          void free (void *p)
.\misc\context\inc\VM.h(128): warning:  #546-D: transfer of control bypasses initialization of:
            variable "l" (declared at line 143)
              switch (a.a0) {
              ^
misc\context\src\VM.cpp(46): warning:  #940-D: missing return statement at end of non-void function "vmfault"
  }
misc\context\src\VM.cpp: 4 warnings, 0 errors
compiling vmapi.cpp...
compiling Event.cpp...
.\misc\context\inc\vm.h(44): warning:  #1300-D: alloc inherits implicit virtual
          void *alloc (uint32_t size)
.\misc\context\inc\vm.h(49): warning:  #1300-D: free inherits implicit virtual
          void free (void *p)
.\misc\context\inc\vm.h(128): warning:  #546-D: transfer of control bypasses initialization of:
            variable "l" (declared at line 143)
              switch (a.a0) {
              ^
misc\context\src\Event.cpp: 3 warnings, 0 errors
compiling serverInterface.cpp...
compiling TimerServer.cpp...
compiling DriverInterface.cpp...
linking...
Program Size: Code=19964 RO-data=57732 RW-data=64 ZI-data=45952  
FromELF: creating hex file...
".\Objects\platform.axf" - 0 Error(s), 24 Warning(s).

<h2>Software Packages used:</h2>

Package Vendor: ARM
                http://www.keil.com/pack/ARM.CMSIS.4.3.0.pack
                ARM::CMSIS:CORE:4.1.0
                CMSIS (Cortex Microcontroller Software Interface Standard)
   * Component: CORE Version: 4.1.0
   * Component: DSP Version: 1.4.5

<h2>Collection of Component include folders:</h2>
  E:\KeilProj\platform\RTE
  C:\Keil_v5\ARM\PACK\ARM\CMSIS\4.3.0\CMSIS\Include
  C:\Keil_v5\ARM\PACK\Keil\STM32F4xx_DFP\2.4.0

<h2>Collection of Component Files used:</h2>

   * Component: ARM::CMSIS:CORE:4.1.0

   * Component: ARM::CMSIS:DSP:1.4.5
      Include file:  CMSIS\Include\arm_math.h
      Library file:  CMSIS\Lib\ARM\arm_cortexM4lf_math.lib
</pre>
</body>
</html>
