<!doctype html public "-//w3c//dtd html 4.0 transitional//en">
<html><head>
<title>Static Call Graph - [.\Objects\platform.axf]</title></head>
<body><HR>
<H1>Static Call Graph for image .\Objects\platform.axf</H1><HR>
<BR><P>#&#060CALLGRAPH&#062# ARM Linker, 5050106: Last Updated: Thu Dec 24 20:32:34 2015
<BR><P>
<H3>Maximum Stack Usage =        424 bytes + Unknown(Functions without stacksize, Cycles, Untraceable Function Pointers)</H3><H3>
Call chain for Maximum Stack Depth:</H3>
sensorClickHandler(void*) &rArr; GuiEngine::fireSensorClick(TouchStruct) &rArr; GContentPane&lang;unsigned short&rang;::fireSensorClickPane(TouchStruct) &rArr; int GContentPane&lang;unsigned short&rang;::fireSensorClick&lang;GButton&lang;unsigned short&rang;&rang;(ArrayListBase&lang;T1&rang;&, TouchStruct) &rArr; GComponent&lang;unsigned short&rang;::fireSensorClick(TouchStruct) &rArr; int GComponent&lang;unsigned short&rang;::fireListeners&lang;GComponentListener&rang;(ArrayListBase&lang;T1&rang;&, TouchStruct) &rArr; Dimension&lang;int&rang;::testPoint(Point&lang;int&rang;)
<P>
<H3>
Functions with no stack information
</H3><UL>
 <LI><a href="#[b8]">__user_initial_stackheap</a>
</UL>
</UL>
<P>
<H3>
Mutually Recursive functions
</H3> <LI><a href="#[2c]">ADC_IRQHandler</a>&nbsp;&nbsp;&nbsp;&rArr;&nbsp;&nbsp;&nbsp;<a href="#[2c]">ADC_IRQHandler</a><BR>
</UL>
<P>
<H3>
Function Pointers
</H3><UL>
 <LI><a href="#[2c]">ADC_IRQHandler</a> from startup_stm32f417xx.o(.text) referenced from startup_stm32f417xx.o(RESET)
 <LI><a href="#[14]">BusFault_Handler</a> from stm32f4xx_it.o(i.BusFault_Handler) referenced from startup_stm32f417xx.o(RESET)
 <LI><a href="#[2e]">CAN1_RX0_IRQHandler</a> from startup_stm32f417xx.o(.text) referenced from startup_stm32f417xx.o(RESET)
 <LI><a href="#[2f]">CAN1_RX1_IRQHandler</a> from startup_stm32f417xx.o(.text) referenced from startup_stm32f417xx.o(RESET)
 <LI><a href="#[30]">CAN1_SCE_IRQHandler</a> from startup_stm32f417xx.o(.text) referenced from startup_stm32f417xx.o(RESET)
 <LI><a href="#[2d]">CAN1_TX_IRQHandler</a> from startup_stm32f417xx.o(.text) referenced from startup_stm32f417xx.o(RESET)
 <LI><a href="#[5a]">CAN2_RX0_IRQHandler</a> from startup_stm32f417xx.o(.text) referenced from startup_stm32f417xx.o(RESET)
 <LI><a href="#[5b]">CAN2_RX1_IRQHandler</a> from startup_stm32f417xx.o(.text) referenced from startup_stm32f417xx.o(RESET)
 <LI><a href="#[5c]">CAN2_SCE_IRQHandler</a> from startup_stm32f417xx.o(.text) referenced from startup_stm32f417xx.o(RESET)
 <LI><a href="#[59]">CAN2_TX_IRQHandler</a> from startup_stm32f417xx.o(.text) referenced from startup_stm32f417xx.o(RESET)
 <LI><a href="#[69]">CRYP_IRQHandler</a> from startup_stm32f417xx.o(.text) referenced from startup_stm32f417xx.o(RESET)
 <LI><a href="#[68]">DCMI_IRQHandler</a> from startup_stm32f417xx.o(.text) referenced from startup_stm32f417xx.o(RESET)
 <LI><a href="#[25]">DMA1_Stream0_IRQHandler</a> from startup_stm32f417xx.o(.text) referenced from startup_stm32f417xx.o(RESET)
 <LI><a href="#[26]">DMA1_Stream1_IRQHandler</a> from startup_stm32f417xx.o(.text) referenced from startup_stm32f417xx.o(RESET)
 <LI><a href="#[27]">DMA1_Stream2_IRQHandler</a> from startup_stm32f417xx.o(.text) referenced from startup_stm32f417xx.o(RESET)
 <LI><a href="#[28]">DMA1_Stream3_IRQHandler</a> from startup_stm32f417xx.o(.text) referenced from startup_stm32f417xx.o(RESET)
 <LI><a href="#[29]">DMA1_Stream4_IRQHandler</a> from startup_stm32f417xx.o(.text) referenced from startup_stm32f417xx.o(RESET)
 <LI><a href="#[2a]">DMA1_Stream5_IRQHandler</a> from startup_stm32f417xx.o(.text) referenced from startup_stm32f417xx.o(RESET)
 <LI><a href="#[2b]">DMA1_Stream6_IRQHandler</a> from startup_stm32f417xx.o(.text) referenced from startup_stm32f417xx.o(RESET)
 <LI><a href="#[49]">DMA1_Stream7_IRQHandler</a> from startup_stm32f417xx.o(.text) referenced from startup_stm32f417xx.o(RESET)
 <LI><a href="#[52]">DMA2_Stream0_IRQHandler</a> from startup_stm32f417xx.o(.text) referenced from startup_stm32f417xx.o(RESET)
 <LI><a href="#[53]">DMA2_Stream1_IRQHandler</a> from startup_stm32f417xx.o(.text) referenced from startup_stm32f417xx.o(RESET)
 <LI><a href="#[54]">DMA2_Stream2_IRQHandler</a> from startup_stm32f417xx.o(.text) referenced from startup_stm32f417xx.o(RESET)
 <LI><a href="#[55]">DMA2_Stream3_IRQHandler</a> from startup_stm32f417xx.o(.text) referenced from startup_stm32f417xx.o(RESET)
 <LI><a href="#[56]">DMA2_Stream4_IRQHandler</a> from startup_stm32f417xx.o(.text) referenced from startup_stm32f417xx.o(RESET)
 <LI><a href="#[5e]">DMA2_Stream5_IRQHandler</a> from startup_stm32f417xx.o(.text) referenced from startup_stm32f417xx.o(RESET)
 <LI><a href="#[5f]">DMA2_Stream6_IRQHandler</a> from startup_stm32f417xx.o(.text) referenced from startup_stm32f417xx.o(RESET)
 <LI><a href="#[60]">DMA2_Stream7_IRQHandler</a> from startup_stm32f417xx.o(.text) referenced from startup_stm32f417xx.o(RESET)
 <LI><a href="#[17]">DebugMon_Handler</a> from stm32f4xx_it.o(i.DebugMon_Handler) referenced from startup_stm32f417xx.o(RESET)
 <LI><a href="#[57]">ETH_IRQHandler</a> from startup_stm32f417xx.o(.text) referenced from startup_stm32f417xx.o(RESET)
 <LI><a href="#[58]">ETH_WKUP_IRQHandler</a> from startup_stm32f417xx.o(.text) referenced from startup_stm32f417xx.o(RESET)
 <LI><a href="#[20]">EXTI0_IRQHandler</a> from stm32f4xx_it.o(i.EXTI0_IRQHandler) referenced from startup_stm32f417xx.o(RESET)
 <LI><a href="#[42]">EXTI15_10_IRQHandler</a> from startup_stm32f417xx.o(.text) referenced from startup_stm32f417xx.o(RESET)
 <LI><a href="#[21]">EXTI1_IRQHandler</a> from startup_stm32f417xx.o(.text) referenced from startup_stm32f417xx.o(RESET)
 <LI><a href="#[22]">EXTI2_IRQHandler</a> from startup_stm32f417xx.o(.text) referenced from startup_stm32f417xx.o(RESET)
 <LI><a href="#[23]">EXTI3_IRQHandler</a> from startup_stm32f417xx.o(.text) referenced from startup_stm32f417xx.o(RESET)
 <LI><a href="#[24]">EXTI4_IRQHandler</a> from startup_stm32f417xx.o(.text) referenced from startup_stm32f417xx.o(RESET)
 <LI><a href="#[31]">EXTI9_5_IRQHandler</a> from startup_stm32f417xx.o(.text) referenced from startup_stm32f417xx.o(RESET)
 <LI><a href="#[1e]">FLASH_IRQHandler</a> from startup_stm32f417xx.o(.text) referenced from startup_stm32f417xx.o(RESET)
 <LI><a href="#[4a]">FMC_IRQHandler</a> from startup_stm32f417xx.o(.text) referenced from startup_stm32f417xx.o(RESET)
 <LI><a href="#[6b]">FPU_IRQHandler</a> from startup_stm32f417xx.o(.text) referenced from startup_stm32f417xx.o(RESET)
 <LI><a href="#[6a]">HASH_RNG_IRQHandler</a> from startup_stm32f417xx.o(.text) referenced from startup_stm32f417xx.o(RESET)
 <LI><a href="#[12]">HardFault_Handler</a> from stackswitching.o(.text) referenced from startup_stm32f417xx.o(RESET)
 <LI><a href="#[3a]">I2C1_ER_IRQHandler</a> from startup_stm32f417xx.o(.text) referenced from startup_stm32f417xx.o(RESET)
 <LI><a href="#[39]">I2C1_EV_IRQHandler</a> from startup_stm32f417xx.o(.text) referenced from startup_stm32f417xx.o(RESET)
 <LI><a href="#[3c]">I2C2_ER_IRQHandler</a> from startup_stm32f417xx.o(.text) referenced from startup_stm32f417xx.o(RESET)
 <LI><a href="#[3b]">I2C2_EV_IRQHandler</a> from startup_stm32f417xx.o(.text) referenced from startup_stm32f417xx.o(RESET)
 <LI><a href="#[63]">I2C3_ER_IRQHandler</a> from startup_stm32f417xx.o(.text) referenced from startup_stm32f417xx.o(RESET)
 <LI><a href="#[62]">I2C3_EV_IRQHandler</a> from startup_stm32f417xx.o(.text) referenced from startup_stm32f417xx.o(RESET)
 <LI><a href="#[13]">MemManage_Handler</a> from stm32f4xx_it.o(i.MemManage_Handler) referenced from startup_stm32f417xx.o(RESET)
 <LI><a href="#[11]">NMI_Handler</a> from stm32f4xx_it.o(i.NMI_Handler) referenced from startup_stm32f417xx.o(RESET)
 <LI><a href="#[5d]">OTG_FS_IRQHandler</a> from startup_stm32f417xx.o(.text) referenced from startup_stm32f417xx.o(RESET)
 <LI><a href="#[44]">OTG_FS_WKUP_IRQHandler</a> from startup_stm32f417xx.o(.text) referenced from startup_stm32f417xx.o(RESET)
 <LI><a href="#[65]">OTG_HS_EP1_IN_IRQHandler</a> from startup_stm32f417xx.o(.text) referenced from startup_stm32f417xx.o(RESET)
 <LI><a href="#[64]">OTG_HS_EP1_OUT_IRQHandler</a> from startup_stm32f417xx.o(.text) referenced from startup_stm32f417xx.o(RESET)
 <LI><a href="#[67]">OTG_HS_IRQHandler</a> from startup_stm32f417xx.o(.text) referenced from startup_stm32f417xx.o(RESET)
 <LI><a href="#[66]">OTG_HS_WKUP_IRQHandler</a> from startup_stm32f417xx.o(.text) referenced from startup_stm32f417xx.o(RESET)
 <LI><a href="#[1b]">PVD_IRQHandler</a> from startup_stm32f417xx.o(.text) referenced from startup_stm32f417xx.o(RESET)
 <LI><a href="#[18]">PendSV_Handler</a> from stackswitching.o(.text) referenced from startup_stm32f417xx.o(RESET)
 <LI><a href="#[1f]">RCC_IRQHandler</a> from startup_stm32f417xx.o(.text) referenced from startup_stm32f417xx.o(RESET)
 <LI><a href="#[43]">RTC_Alarm_IRQHandler</a> from startup_stm32f417xx.o(.text) referenced from startup_stm32f417xx.o(RESET)
 <LI><a href="#[1d]">RTC_WKUP_IRQHandler</a> from startup_stm32f417xx.o(.text) referenced from startup_stm32f417xx.o(RESET)
 <LI><a href="#[10]">Reset_Handler</a> from startup_stm32f417xx.o(.text) referenced from startup_stm32f417xx.o(RESET)
 <LI><a href="#[4b]">SDIO_IRQHandler</a> from startup_stm32f417xx.o(.text) referenced from startup_stm32f417xx.o(RESET)
 <LI><a href="#[3d]">SPI1_IRQHandler</a> from startup_stm32f417xx.o(.text) referenced from startup_stm32f417xx.o(RESET)
 <LI><a href="#[3e]">SPI2_IRQHandler</a> from startup_stm32f417xx.o(.text) referenced from startup_stm32f417xx.o(RESET)
 <LI><a href="#[4d]">SPI3_IRQHandler</a> from startup_stm32f417xx.o(.text) referenced from startup_stm32f417xx.o(RESET)
 <LI><a href="#[16]">SVC_Handler</a> from stackswitching.o(.text) referenced from startup_stm32f417xx.o(RESET)
 <LI><a href="#[19]">SysTick_Handler</a> from stackswitching.o(.text) referenced from startup_stm32f417xx.o(RESET)
 <LI><a href="#[6c]">SystemInit</a> from system_stm32f4xx.o(i.SystemInit) referenced from startup_stm32f417xx.o(.text)
 <LI><a href="#[1c]">TAMP_STAMP_IRQHandler</a> from startup_stm32f417xx.o(.text) referenced from startup_stm32f417xx.o(RESET)
 <LI><a href="#[32]">TIM1_BRK_TIM9_IRQHandler</a> from startup_stm32f417xx.o(.text) referenced from startup_stm32f417xx.o(RESET)
 <LI><a href="#[35]">TIM1_CC_IRQHandler</a> from startup_stm32f417xx.o(.text) referenced from startup_stm32f417xx.o(RESET)
 <LI><a href="#[34]">TIM1_TRG_COM_TIM11_IRQHandler</a> from startup_stm32f417xx.o(.text) referenced from startup_stm32f417xx.o(RESET)
 <LI><a href="#[33]">TIM1_UP_TIM10_IRQHandler</a> from stm32f4xx_it.o(i.TIM1_UP_TIM10_IRQHandler) referenced from startup_stm32f417xx.o(RESET)
 <LI><a href="#[36]">TIM2_IRQHandler</a> from stm32f4xx_it.o(i.TIM2_IRQHandler) referenced from startup_stm32f417xx.o(RESET)
 <LI><a href="#[37]">TIM3_IRQHandler</a> from startup_stm32f417xx.o(.text) referenced from startup_stm32f417xx.o(RESET)
 <LI><a href="#[38]">TIM4_IRQHandler</a> from startup_stm32f417xx.o(.text) referenced from startup_stm32f417xx.o(RESET)
 <LI><a href="#[4c]">TIM5_IRQHandler</a> from startup_stm32f417xx.o(.text) referenced from startup_stm32f417xx.o(RESET)
 <LI><a href="#[50]">TIM6_DAC_IRQHandler</a> from startup_stm32f417xx.o(.text) referenced from startup_stm32f417xx.o(RESET)
 <LI><a href="#[51]">TIM7_IRQHandler</a> from startup_stm32f417xx.o(.text) referenced from startup_stm32f417xx.o(RESET)
 <LI><a href="#[45]">TIM8_BRK_TIM12_IRQHandler</a> from startup_stm32f417xx.o(.text) referenced from startup_stm32f417xx.o(RESET)
 <LI><a href="#[48]">TIM8_CC_IRQHandler</a> from startup_stm32f417xx.o(.text) referenced from startup_stm32f417xx.o(RESET)
 <LI><a href="#[47]">TIM8_TRG_COM_TIM14_IRQHandler</a> from startup_stm32f417xx.o(.text) referenced from startup_stm32f417xx.o(RESET)
 <LI><a href="#[46]">TIM8_UP_TIM13_IRQHandler</a> from startup_stm32f417xx.o(.text) referenced from startup_stm32f417xx.o(RESET)
 <LI><a href="#[4e]">UART4_IRQHandler</a> from startup_stm32f417xx.o(.text) referenced from startup_stm32f417xx.o(RESET)
 <LI><a href="#[4f]">UART5_IRQHandler</a> from startup_stm32f417xx.o(.text) referenced from startup_stm32f417xx.o(RESET)
 <LI><a href="#[3f]">USART1_IRQHandler</a> from startup_stm32f417xx.o(.text) referenced from startup_stm32f417xx.o(RESET)
 <LI><a href="#[40]">USART2_IRQHandler</a> from startup_stm32f417xx.o(.text) referenced from startup_stm32f417xx.o(RESET)
 <LI><a href="#[41]">USART3_IRQHandler</a> from startup_stm32f417xx.o(.text) referenced from startup_stm32f417xx.o(RESET)
 <LI><a href="#[61]">USART6_IRQHandler</a> from startup_stm32f417xx.o(.text) referenced from startup_stm32f417xx.o(RESET)
 <LI><a href="#[15]">UsageFault_Handler</a> from stm32f4xx_it.o(i.UsageFault_Handler) referenced from startup_stm32f417xx.o(RESET)
 <LI><a href="#[1a]">WWDG_IRQHandler</a> from startup_stm32f417xx.o(.text) referenced from startup_stm32f417xx.o(RESET)
 <LI><a href="#[79]">SystemEvent(void*)</a> from main.o(i._Z11SystemEventPv) referenced from main.o(i._Z18SystemEventBurner2Pv)
 <LI><a href="#[7b]">eventServer(void*)</a> from event.o(i._Z11eventServerPv) referenced from vm.o(i._ZN7Runtime4initEjj)
 <LI><a href="#[7c]">timerServer(void*)</a> from timerserver.o(i._Z11timerServerPv) referenced from vm.o(i._ZN7Runtime4initEjj)
 <LI><a href="#[74]">PaneClickListener(TouchStruct)</a> from main.o(i._Z17PaneClickListener11TouchStruct) referenced from main.o(i._Z18SystemEventBurner2Pv)
 <LI><a href="#[7a]">SystemEventBurner(void*)</a> from main.o(i._Z17SystemEventBurnerPv) referenced from vm.o(i._ZN7Runtime4initEjj)
 <LI><a href="#[7d]">touchSensorServer(void*)</a> from touchsensorapiinterface.o(i._Z17touchSensorServerPv) referenced from vm.o(i._ZN7Runtime4initEjj)
 <LI><a href="#[70]">SystemEventBurner2(void*)</a> from main.o(i._Z18SystemEventBurner2Pv) referenced from main.o(i._Z17SystemEventBurnerPv)
 <LI><a href="#[6f]">SystemEventBurner3(void*)</a> from main.o(i._Z18SystemEventBurner3Pv) referenced from main.o(i._Z17SystemEventBurnerPv)
 <LI><a href="#[72]">labelClickListener(TouchStruct)</a> from main.o(i._Z18labelClickListener11TouchStruct) referenced from main.o(i._Z18SystemEventBurner2Pv)
 <LI><a href="#[73]">labelTouchListener(TouchStruct)</a> from main.o(i._Z18labelTouchListener11TouchStruct) referenced from main.o(i._Z18SystemEventBurner2Pv)
 <LI><a href="#[80]">sensorClickHandler(void*)</a> from guiengine.o(i._Z18sensorClickHandlerPv) referenced from guiengine.o(i._ZN9GuiEngine12setListenersEv)
 <LI><a href="#[82]">sensorPressHandler(void*)</a> from guiengine.o(i._Z18sensorPressHandlerPv) referenced from guiengine.o(i._ZN9GuiEngine12setListenersEv)
 <LI><a href="#[7f]">sensorTouchHandler(void*)</a> from guiengine.o(i._Z18sensorTouchHandlerPv) referenced from guiengine.o(i._ZN9GuiEngine12setListenersEv)
 <LI><a href="#[75]">SliderTouchListener(TouchStruct)</a> from main.o(i._Z19SliderTouchListener11TouchStruct) referenced from main.o(i._Z18SystemEventBurner2Pv)
 <LI><a href="#[76]">Slider2TouchListener(TouchStruct)</a> from main.o(i._Z20Slider2TouchListener11TouchStruct) referenced from main.o(i._Z18SystemEventBurner2Pv)
 <LI><a href="#[77]">Slider3TouchListener(TouchStruct)</a> from main.o(i._Z20Slider3TouchListener11TouchStruct) referenced from main.o(i._Z18SystemEventBurner2Pv)
 <LI><a href="#[78]">Slider4TouchListener(TouchStruct)</a> from main.o(i._Z20Slider4TouchListener11TouchStruct) referenced from main.o(i._Z18SystemEventBurner2Pv)
 <LI><a href="#[81]">sensorReleaseHandler(void*)</a> from guiengine.o(i._Z20sensorReleaseHandlerPv) referenced from guiengine.o(i._ZN9GuiEngine12setListenersEv)
 <LI><a href="#[87]">WalkingManRepaintHook(void*)</a> from gametestwalkingman.o(i._Z21WalkingManRepaintHookPv) referenced from main.o(t._ZN16WalkingManObjectItEC1EP19NonPaletteInterfaceItE)
 <LI><a href="#[83]">TextFieldsDEfaultCickListener(TouchStruct)</a> from textfield.o(i._Z29TextFieldsDEfaultCickListener11TouchStruct) referenced from main.o(t._ZN10GTextFieldItEC2EP7GraphicItE)
 <LI><a href="#[88]">DefaultWalkingManClickListener(TouchStruct)</a> from gametestwalkingman.o(i._Z30DefaultWalkingManClickListener11TouchStruct) referenced from main.o(t._ZN16WalkingManObjectItEC1EP19NonPaletteInterfaceItE)
 <LI><a href="#[89]">DefaultWalkingManTouchListener(TouchStruct)</a> from gametestwalkingman.o(i._Z30DefaultWalkingManTouchListener11TouchStruct) referenced from main.o(t._ZN16WalkingManObjectItEC1EP19NonPaletteInterfaceItE)
 <LI><a href="#[84]">TextFieldsDEfaultTouchListener(TouchStruct)</a> from textfield.o(i._Z30TextFieldsDEfaultTouchListener11TouchStruct) referenced from main.o(t._ZN10GTextFieldItEC2EP7GraphicItE)
 <LI><a href="#[8a]">DefaultWalkingManReleaseListener(TouchStruct)</a> from gametestwalkingman.o(i._Z32DefaultWalkingManReleaseListener11TouchStruct) referenced from main.o(t._ZN16WalkingManObjectItEC1EP19NonPaletteInterfaceItE)
 <LI><a href="#[85]">TextFieldsDEfaultReleaseListener(TouchStruct)</a> from textfield.o(i._Z32TextFieldsDEfaultReleaseListener11TouchStruct) referenced from main.o(t._ZN10GTextFieldItEC2EP7GraphicItE)
 <LI><a href="#[86]">WalkingManThrowingWeaponRepaintHook(void*)</a> from gametestwalkingman.o(i._Z35WalkingManThrowingWeaponRepaintHookPv) referenced from gametestwalkingman.o(t._ZN16WalkingManObjectItE11throwWeaponEii)
 <LI><a href="#[6e]">event(void*)</a> from main.o(i._Z5eventPv) referenced from main.o(i._Z17SystemEventBurnerPv)
 <LI><a href="#[71]">timer0(void*)</a> from main.o(i._Z6timer0Pv) referenced from main.o(i._Z17SystemEventBurnerPv)
 <LI><a href="#[8e]">GTextField&lang;unsigned short&rang;::repaint()</a> from main.o(t._ZN10GTextFieldItE7repaintEv) referenced from main.o(.constdata__ZTV10GTextFieldItE)
 <LI><a href="#[7e]">ArrayListBase&lang;Runnable&rang;::ArrayListBase()</a> from device.o(t._ZN13ArrayListBaseI8RunnableEC1Ev) referenced from device.o(i._ZN7RuntimeC2Ev)
 <LI><a href="#[8f]">GraphicObject&lang;unsigned short&rang;::repaint()</a> from gametestwalkingman.o(t._ZN13GraphicObjectItE7repaintEv) referenced from gametestwalkingman.o(.constdata__ZTV13GraphicObjectItE)
 <LI><a href="#[8d]">ServerFactory&lang;DefaultServerListener&rang;::newListener(int(*)(void*))</a> from device.o(t._ZN13ServerFactoryI21DefaultServerListenerE11newListenerEPFiPvE) referenced from device.o(.constdata)
 <LI><a href="#[8d]">ServerFactory&lang;DefaultServerListener&rang;::newListener(int(*)(void*))</a> from device.o(t._ZN13ServerFactoryI21DefaultServerListenerE11newListenerEPFiPvE) referenced from device.o(.constdata__ZTV13ServerFactoryI21DefaultServerListenerE)
 <LI><a href="#[8d]">ServerFactory&lang;DefaultServerListener&rang;::newListener(int(*)(void*))</a> from device.o(t._ZN13ServerFactoryI21DefaultServerListenerE11newListenerEPFiPvE) referenced from device.o(.constdata__ZTV7Runtime)
 <LI><a href="#[90]">NonPaletteInterface&lang;unsigned short&rang;::repaint()</a> from main.o(t._ZN19NonPaletteInterfaceItE7repaintEv) referenced from main.o(.constdata__ZTV19NonPaletteInterfaceItE)
 <LI><a href="#[91]">GLabel&lang;unsigned short&rang;::repaint()</a> from main.o(t._ZN6GLabelItE7repaintEv) referenced from main.o(.constdata__ZTV6GLabelItE)
 <LI><a href="#[92]">GSlide&lang;unsigned short&rang;::repaint()</a> from main.o(t._ZN6GSlideItE7repaintEv) referenced from main.o(.constdata__ZTV6GSlideItE)
 <LI><a href="#[94]">Runtime::free(void*)</a> from device.o(i._ZN7Runtime4freeEPv) referenced from device.o(.constdata__ZTV7Runtime)
 <LI><a href="#[93]">Runtime::alloc(unsigned)</a> from device.o(i._ZN7Runtime5allocEj) referenced from device.o(.constdata__ZTV7Runtime)
 <LI><a href="#[8c]">Allocator&lang;void*&rang;::free(void*)</a> from main.o(t._ZN9AllocatorIPvE4freeES0_) referenced 5 times from device.o(.constdata)
 <LI><a href="#[8c]">Allocator&lang;void*&rang;::free(void*)</a> from main.o(t._ZN9AllocatorIPvE4freeES0_) referenced from main.o(.constdata__ZTV12GContentPaneItE)
 <LI><a href="#[8c]">Allocator&lang;void*&rang;::free(void*)</a> from main.o(t._ZN9AllocatorIPvE4freeES0_) referenced from device.o(.constdata__ZTV13ServerFactoryI21DefaultServerListenerE)
 <LI><a href="#[8c]">Allocator&lang;void*&rang;::free(void*)</a> from main.o(t._ZN9AllocatorIPvE4freeES0_) referenced from device.o(.constdata__ZTV13ThreadFactory)
 <LI><a href="#[8c]">Allocator&lang;void*&rang;::free(void*)</a> from main.o(t._ZN9AllocatorIPvE4freeES0_) referenced from device.o(.constdata__ZTV14TimerInterface)
 <LI><a href="#[8c]">Allocator&lang;void*&rang;::free(void*)</a> from main.o(t._ZN9AllocatorIPvE4freeES0_) referenced from main.o(.constdata__ZTV9AllocatorIPvE)
 <LI><a href="#[8b]">Allocator&lang;void*&rang;::alloc(unsigned)</a> from main.o(t._ZN9AllocatorIPvE5allocEj) referenced 5 times from device.o(.constdata)
 <LI><a href="#[8b]">Allocator&lang;void*&rang;::alloc(unsigned)</a> from main.o(t._ZN9AllocatorIPvE5allocEj) referenced from main.o(.constdata__ZTV12GContentPaneItE)
 <LI><a href="#[8b]">Allocator&lang;void*&rang;::alloc(unsigned)</a> from main.o(t._ZN9AllocatorIPvE5allocEj) referenced from device.o(.constdata__ZTV13ServerFactoryI21DefaultServerListenerE)
 <LI><a href="#[8b]">Allocator&lang;void*&rang;::alloc(unsigned)</a> from main.o(t._ZN9AllocatorIPvE5allocEj) referenced from device.o(.constdata__ZTV13ThreadFactory)
 <LI><a href="#[8b]">Allocator&lang;void*&rang;::alloc(unsigned)</a> from main.o(t._ZN9AllocatorIPvE5allocEj) referenced from device.o(.constdata__ZTV14TimerInterface)
 <LI><a href="#[8b]">Allocator&lang;void*&rang;::alloc(unsigned)</a> from main.o(t._ZN9AllocatorIPvE5allocEj) referenced from main.o(.constdata__ZTV9AllocatorIPvE)
 <LI><a href="#[99]">SensorMcu::SerialRead(unsigned char*, unsigned short)</a> from device.o(i._ZN9SensorMcu10SerialReadEPht) referenced from device.o(.constdata__ZTV9SensorMcu)
 <LI><a href="#[9a]">SensorMcu::SerialWrite(unsigned char*, unsigned short)</a> from device.o(i._ZN9SensorMcu11SerialWriteEPht) referenced from device.o(.constdata__ZTV9SensorMcu)
 <LI><a href="#[98]">thunk{-204} to Runtime::free(void*)</a> from device.o(i._ZThn204_N7Runtime4freeEPv) referenced from device.o(.constdata__ZTV7Runtime)
 <LI><a href="#[97]">thunk{-204} to Runtime::alloc(unsigned)</a> from device.o(i._ZThn204_N7Runtime5allocEj) referenced from device.o(.constdata__ZTV7Runtime)
 <LI><a href="#[95]">thunk{v:0,-12} to Runtime::alloc(unsigned)</a> from device.o(i._ZTv0_n12_N7Runtime5allocEj) referenced from device.o(.constdata__ZTV7Runtime)
 <LI><a href="#[96]">thunk{v:0,-16} to Runtime::free(void*)</a> from device.o(i._ZTv0_n16_N7Runtime4freeEPv) referenced from device.o(.constdata__ZTV7Runtime)
 <LI><a href="#[9d]">__main</a> from __main.o(!!!main) referenced from startup_stm32f417xx.o(.text)
 <LI><a href="#[9c]">__sti___10_device_cpp_runtime</a> from device.o(i.__sti___10_device_cpp_runtime) referenced from device.o(.init_array)
 <LI><a href="#[9b]">__sti___8_main_cpp_Font</a> from main.o(i.__sti___8_main_cpp_Font) referenced from main.o(.init_array)
</UL>
<P>
<H3>
Global Symbols
</H3>
<P><STRONG><a name="[9d]"></a>__main</STRONG> (Thumb, 8 bytes, Stack size 0 bytes, __main.o(!!!main))
<BR><BR>[Calls]<UL><LI><a href="#[a0]">&gt;&gt;</a>&nbsp;&nbsp;&nbsp;__rt_entry
<LI><a href="#[9f]">&gt;&gt;</a>&nbsp;&nbsp;&nbsp;__scatterload
</UL>

<P><STRONG><a name="[9f]"></a>__scatterload</STRONG> (Thumb, 0 bytes, Stack size unknown bytes, __scatter.o(!!!scatter))
<BR><BR>[Called By]<UL><LI><a href="#[9d]">&gt;&gt;</a>&nbsp;&nbsp;&nbsp;__main
</UL>

<P><STRONG><a name="[a1]"></a>__scatterload_rt2</STRONG> (Thumb, 44 bytes, Stack size unknown bytes, __scatter.o(!!!scatter), UNUSED)
<BR><BR>[Calls]<UL><LI><a href="#[a0]">&gt;&gt;</a>&nbsp;&nbsp;&nbsp;__rt_entry
</UL>

<P><STRONG><a name="[1f1]"></a>__scatterload_rt2_thumb_only</STRONG> (Thumb, 0 bytes, Stack size unknown bytes, __scatter.o(!!!scatter), UNUSED)

<P><STRONG><a name="[1f2]"></a>__scatterload_null</STRONG> (Thumb, 0 bytes, Stack size unknown bytes, __scatter.o(!!!scatter), UNUSED)

<P><STRONG><a name="[a2]"></a>__scatterload_copy</STRONG> (Thumb, 26 bytes, Stack size unknown bytes, __scatter_copy.o(!!handler_copy), UNUSED)
<BR><BR>[Calls]<UL><LI><a href="#[a2]">&gt;&gt;</a>&nbsp;&nbsp;&nbsp;__scatterload_copy
</UL>
<BR>[Called By]<UL><LI><a href="#[a2]">&gt;&gt;</a>&nbsp;&nbsp;&nbsp;__scatterload_copy
</UL>

<P><STRONG><a name="[1f3]"></a>__scatterload_zeroinit</STRONG> (Thumb, 28 bytes, Stack size unknown bytes, __scatter_zi.o(!!handler_zi), UNUSED)

<P><STRONG><a name="[a9]"></a>__rt_lib_init</STRONG> (Thumb, 0 bytes, Stack size unknown bytes, libinit.o(.ARM.Collect$$libinit$$00000000))
<BR><BR>[Called By]<UL><LI><a href="#[a8]">&gt;&gt;</a>&nbsp;&nbsp;&nbsp;__rt_entry_li
</UL>

<P><STRONG><a name="[a3]"></a>__rt_lib_init_fp_1</STRONG> (Thumb, 0 bytes, Stack size unknown bytes, libinit2.o(.ARM.Collect$$libinit$$00000001))
<BR><BR>[Calls]<UL><LI><a href="#[a4]">&gt;&gt;</a>&nbsp;&nbsp;&nbsp;_fp_init
</UL>

<P><STRONG><a name="[1f4]"></a>__rt_lib_init_alloca_1</STRONG> (Thumb, 0 bytes, Stack size unknown bytes, libinit2.o(.ARM.Collect$$libinit$$0000002E))

<P><STRONG><a name="[1f5]"></a>__rt_lib_init_argv_1</STRONG> (Thumb, 0 bytes, Stack size unknown bytes, libinit2.o(.ARM.Collect$$libinit$$0000002C))

<P><STRONG><a name="[1f6]"></a>__rt_lib_init_atexit_1</STRONG> (Thumb, 0 bytes, Stack size unknown bytes, libinit2.o(.ARM.Collect$$libinit$$0000001B))

<P><STRONG><a name="[1f7]"></a>__rt_lib_init_clock_1</STRONG> (Thumb, 0 bytes, Stack size unknown bytes, libinit2.o(.ARM.Collect$$libinit$$00000021))

<P><STRONG><a name="[a5]"></a>__rt_lib_init_cpp_2</STRONG> (Thumb, 0 bytes, Stack size unknown bytes, libinit2.o(.ARM.Collect$$libinit$$00000031))
<BR><BR>[Stack]<UL><LI>Max Depth = 16 + Unknown Stack Size
<LI>Call Chain = __rt_lib_init_cpp_2 &rArr; __cpp_initialize__aeabi_
</UL>
<BR>[Calls]<UL><LI><a href="#[9e]">&gt;&gt;</a>&nbsp;&nbsp;&nbsp;__cpp_initialize__aeabi_
</UL>

<P><STRONG><a name="[1f8]"></a>__rt_lib_init_exceptions_1</STRONG> (Thumb, 0 bytes, Stack size unknown bytes, libinit2.o(.ARM.Collect$$libinit$$00000030))

<P><STRONG><a name="[1f9]"></a>__rt_lib_init_fp_trap_1</STRONG> (Thumb, 0 bytes, Stack size unknown bytes, libinit2.o(.ARM.Collect$$libinit$$0000001F))

<P><STRONG><a name="[1fa]"></a>__rt_lib_init_getenv_1</STRONG> (Thumb, 0 bytes, Stack size unknown bytes, libinit2.o(.ARM.Collect$$libinit$$00000023))

<P><STRONG><a name="[1fb]"></a>__rt_lib_init_heap_1</STRONG> (Thumb, 0 bytes, Stack size unknown bytes, libinit2.o(.ARM.Collect$$libinit$$0000000A))

<P><STRONG><a name="[1fc]"></a>__rt_lib_init_lc_collate_1</STRONG> (Thumb, 0 bytes, Stack size unknown bytes, libinit2.o(.ARM.Collect$$libinit$$00000011))

<P><STRONG><a name="[1fd]"></a>__rt_lib_init_lc_ctype_1</STRONG> (Thumb, 0 bytes, Stack size unknown bytes, libinit2.o(.ARM.Collect$$libinit$$00000013))

<P><STRONG><a name="[1fe]"></a>__rt_lib_init_lc_monetary_1</STRONG> (Thumb, 0 bytes, Stack size unknown bytes, libinit2.o(.ARM.Collect$$libinit$$00000015))

<P><STRONG><a name="[1ff]"></a>__rt_lib_init_lc_numeric_1</STRONG> (Thumb, 0 bytes, Stack size unknown bytes, libinit2.o(.ARM.Collect$$libinit$$00000017))

<P><STRONG><a name="[200]"></a>__rt_lib_init_lc_time_1</STRONG> (Thumb, 0 bytes, Stack size unknown bytes, libinit2.o(.ARM.Collect$$libinit$$00000019))

<P><STRONG><a name="[201]"></a>__rt_lib_init_preinit_1</STRONG> (Thumb, 0 bytes, Stack size unknown bytes, libinit2.o(.ARM.Collect$$libinit$$00000004))

<P><STRONG><a name="[202]"></a>__rt_lib_init_rand_1</STRONG> (Thumb, 0 bytes, Stack size unknown bytes, libinit2.o(.ARM.Collect$$libinit$$0000000E))

<P><STRONG><a name="[203]"></a>__rt_lib_init_signal_1</STRONG> (Thumb, 0 bytes, Stack size unknown bytes, libinit2.o(.ARM.Collect$$libinit$$0000001D))

<P><STRONG><a name="[204]"></a>__rt_lib_init_stdio_1</STRONG> (Thumb, 0 bytes, Stack size unknown bytes, libinit2.o(.ARM.Collect$$libinit$$00000025))

<P><STRONG><a name="[205]"></a>__rt_lib_init_user_alloc_1</STRONG> (Thumb, 0 bytes, Stack size unknown bytes, libinit2.o(.ARM.Collect$$libinit$$0000000C))

<P><STRONG><a name="[206]"></a>__rt_lib_init_cpp_1</STRONG> (Thumb, 0 bytes, Stack size unknown bytes, libinit2.o(.ARM.Collect$$libinit$$00000032))

<P><STRONG><a name="[207]"></a>__rt_lib_init_return</STRONG> (Thumb, 0 bytes, Stack size unknown bytes, libinit2.o(.ARM.Collect$$libinit$$00000033))

<P><STRONG><a name="[ae]"></a>__rt_lib_shutdown</STRONG> (Thumb, 0 bytes, Stack size unknown bytes, libshutdown.o(.ARM.Collect$$libshutdown$$00000000))
<BR><BR>[Called By]<UL><LI><a href="#[ad]">&gt;&gt;</a>&nbsp;&nbsp;&nbsp;__rt_exit_ls
</UL>

<P><STRONG><a name="[208]"></a>__rt_lib_shutdown_fp_trap_1</STRONG> (Thumb, 0 bytes, Stack size unknown bytes, libshutdown2.o(.ARM.Collect$$libshutdown$$00000006))

<P><STRONG><a name="[209]"></a>__rt_lib_shutdown_heap_1</STRONG> (Thumb, 0 bytes, Stack size unknown bytes, libshutdown2.o(.ARM.Collect$$libshutdown$$0000000E))

<P><STRONG><a name="[20a]"></a>__rt_lib_shutdown_return</STRONG> (Thumb, 0 bytes, Stack size unknown bytes, libshutdown2.o(.ARM.Collect$$libshutdown$$0000000F))

<P><STRONG><a name="[20b]"></a>__rt_lib_shutdown_signal_1</STRONG> (Thumb, 0 bytes, Stack size unknown bytes, libshutdown2.o(.ARM.Collect$$libshutdown$$00000009))

<P><STRONG><a name="[20c]"></a>__rt_lib_shutdown_stdio_1</STRONG> (Thumb, 0 bytes, Stack size unknown bytes, libshutdown2.o(.ARM.Collect$$libshutdown$$00000003))

<P><STRONG><a name="[20d]"></a>__rt_lib_shutdown_user_alloc_1</STRONG> (Thumb, 0 bytes, Stack size unknown bytes, libshutdown2.o(.ARM.Collect$$libshutdown$$0000000B))

<P><STRONG><a name="[a0]"></a>__rt_entry</STRONG> (Thumb, 0 bytes, Stack size unknown bytes, __rtentry.o(.ARM.Collect$$rtentry$$00000000))
<BR><BR>[Called By]<UL><LI><a href="#[9d]">&gt;&gt;</a>&nbsp;&nbsp;&nbsp;__main
<LI><a href="#[a1]">&gt;&gt;</a>&nbsp;&nbsp;&nbsp;__scatterload_rt2
</UL>

<P><STRONG><a name="[20e]"></a>__rt_entry_presh_1</STRONG> (Thumb, 0 bytes, Stack size unknown bytes, __rtentry2.o(.ARM.Collect$$rtentry$$00000002))

<P><STRONG><a name="[a6]"></a>__rt_entry_sh</STRONG> (Thumb, 0 bytes, Stack size unknown bytes, __rtentry4.o(.ARM.Collect$$rtentry$$00000004))
<BR><BR>[Stack]<UL><LI>Max Depth = 8 + Unknown Stack Size
<LI>Call Chain = __rt_entry_sh &rArr; __user_setup_stackheap
</UL>
<BR>[Calls]<UL><LI><a href="#[a7]">&gt;&gt;</a>&nbsp;&nbsp;&nbsp;__user_setup_stackheap
</UL>

<P><STRONG><a name="[a8]"></a>__rt_entry_li</STRONG> (Thumb, 0 bytes, Stack size unknown bytes, __rtentry2.o(.ARM.Collect$$rtentry$$0000000A))
<BR><BR>[Calls]<UL><LI><a href="#[a9]">&gt;&gt;</a>&nbsp;&nbsp;&nbsp;__rt_lib_init
</UL>

<P><STRONG><a name="[20f]"></a>__rt_entry_postsh_1</STRONG> (Thumb, 0 bytes, Stack size unknown bytes, __rtentry2.o(.ARM.Collect$$rtentry$$00000009))

<P><STRONG><a name="[aa]"></a>__rt_entry_main</STRONG> (Thumb, 0 bytes, Stack size unknown bytes, __rtentry2.o(.ARM.Collect$$rtentry$$0000000D))
<BR><BR>[Stack]<UL><LI>Max Depth = 208 + Unknown Stack Size
<LI>Call Chain = __rt_entry_main &rArr; main &rArr; vm::init(unsigned, unsigned) &rArr; vminit(unsigned, unsigned) &rArr; Runtime::init(unsigned, unsigned) &rArr; ServerFactory&lang;DefaultServerListener&rang;::installServer(int(*)(void*), int, int, char*, void*) &rArr; Runnable* ThreadFactory::newServer&lang;char&rang;(int(*)(void*), unsigned, unsigned, T1*) &rArr; Runnable::init(int(*)(void*), unsigned, int, int, int)
</UL>
<BR>[Calls]<UL><LI><a href="#[ab]">&gt;&gt;</a>&nbsp;&nbsp;&nbsp;main
<LI><a href="#[ac]">&gt;&gt;</a>&nbsp;&nbsp;&nbsp;exit
</UL>

<P><STRONG><a name="[210]"></a>__rt_entry_postli_1</STRONG> (Thumb, 0 bytes, Stack size unknown bytes, __rtentry2.o(.ARM.Collect$$rtentry$$0000000C))

<P><STRONG><a name="[b9]"></a>__rt_exit</STRONG> (Thumb, 0 bytes, Stack size unknown bytes, rtexit.o(.ARM.Collect$$rtexit$$00000000))
<BR><BR>[Called By]<UL><LI><a href="#[ac]">&gt;&gt;</a>&nbsp;&nbsp;&nbsp;exit
</UL>

<P><STRONG><a name="[ad]"></a>__rt_exit_ls</STRONG> (Thumb, 0 bytes, Stack size unknown bytes, rtexit2.o(.ARM.Collect$$rtexit$$00000003))
<BR><BR>[Calls]<UL><LI><a href="#[ae]">&gt;&gt;</a>&nbsp;&nbsp;&nbsp;__rt_lib_shutdown
</UL>

<P><STRONG><a name="[211]"></a>__rt_exit_prels_1</STRONG> (Thumb, 0 bytes, Stack size unknown bytes, rtexit2.o(.ARM.Collect$$rtexit$$00000002))

<P><STRONG><a name="[af]"></a>__rt_exit_exit</STRONG> (Thumb, 0 bytes, Stack size unknown bytes, rtexit2.o(.ARM.Collect$$rtexit$$00000004))
<BR><BR>[Calls]<UL><LI><a href="#[b0]">&gt;&gt;</a>&nbsp;&nbsp;&nbsp;_sys_exit
</UL>

<P><STRONG><a name="[212]"></a>upcall</STRONG> (Thumb, 4 bytes, Stack size 0 bytes, stackswitching.o(.text), UNUSED)

<P><STRONG><a name="[b1]"></a>vmstart</STRONG> (Thumb, 30 bytes, Stack size 0 bytes, stackswitching.o(.text))
<BR><BR>[Stack]<UL><LI>Max Depth = 80<LI>Call Chain = vmstart &rArr; VMStart &rArr; vmstart() &rArr; RunnbleInterface&lang;Runnable&rang;::getFrame(RuntimeFrame*)
</UL>
<BR>[Calls]<UL><LI><a href="#[b3]">&gt;&gt;</a>&nbsp;&nbsp;&nbsp;VMStart
<LI><a href="#[b2]">&gt;&gt;</a>&nbsp;&nbsp;&nbsp;EnableFPU
</UL>
<BR>[Called By]<UL><LI><a href="#[152]">&gt;&gt;</a>&nbsp;&nbsp;&nbsp;vm::start()
</UL>

<P><STRONG><a name="[19]"></a>SysTick_Handler</STRONG> (Thumb, 40 bytes, Stack size 0 bytes, stackswitching.o(.text))
<BR><BR>[Stack]<UL><LI>Max Depth = 144<LI>Call Chain = SysTick_Handler &rArr; VMTick &rArr; vmtick(void*) &rArr; Runtime::dispatch(void*) &rArr; void Runtime::runnablesTick&lang;Runtime*&rang;(T1) &rArr; Runtime::push(Runnable*) &rArr; ArrayListBase&lang;Runnable&rang;::addLast(Runnable*)
</UL>
<BR>[Calls]<UL><LI><a href="#[b4]">&gt;&gt;</a>&nbsp;&nbsp;&nbsp;VMTick
</UL>
<BR>[Address Reference Count : 1]<UL><LI> startup_stm32f417xx.o(RESET)
</UL>
<P><STRONG><a name="[18]"></a>PendSV_Handler</STRONG> (Thumb, 0 bytes, Stack size 0 bytes, stackswitching.o(.text))
<BR>[Address Reference Count : 1]<UL><LI> startup_stm32f417xx.o(RESET)
</UL>
<P><STRONG><a name="[16]"></a>SVC_Handler</STRONG> (Thumb, 36 bytes, Stack size 0 bytes, stackswitching.o(.text))
<BR><BR>[Stack]<UL><LI>Max Depth = 288<LI>Call Chain = SVC_Handler &rArr; VMSvc &rArr; vmsvc(SVC_arg) &rArr; Runtime::dispatchSVC(SVC_arg) &rArr; Runtime::resolveAPICall(RuntimeFrame*, SVC_arg) &rArr; Runtime::addRunnable(int(*)(void*), char*, unsigned) &rArr; Runnable::init(int(*)(void*), unsigned, int, int, int)
</UL>
<BR>[Calls]<UL><LI><a href="#[b5]">&gt;&gt;</a>&nbsp;&nbsp;&nbsp;VMSvc
</UL>
<BR>[Address Reference Count : 1]<UL><LI> startup_stm32f417xx.o(RESET)
</UL>
<P><STRONG><a name="[12]"></a>HardFault_Handler</STRONG> (Thumb, 24 bytes, Stack size 0 bytes, stackswitching.o(.text))
<BR><BR>[Stack]<UL><LI>Max Depth = 268<LI>Call Chain = HardFault_Handler &rArr; VMHardFault &rArr; vmfault(SVC_arg) &rArr; ScreenDriver&lang;ILI9488&lang;GPIO_TypeDef, SpiSoftTypeDef&rang;, GraphicFrame&lang;unsigned short, int&rang;&rang;::fill(GraphicFrame&lang;unsigned short, int&rang;*) &rArr; unsigned ILI9488&lang;GPIO_TypeDef, SpiSoftTypeDef&rang;::driverFill&lang;unsigned short, Box&lang;int&rang;&rang;(T1*, T2) &rArr; ILI9488&lang;GPIO_TypeDef, SpiSoftTypeDef&rang;::window(unsigned short, unsigned short, unsigned short, unsigned short) &rArr; ILI9488&lang;GPIO_TypeDef, SpiSoftTypeDef&rang;::wrData8(unsigned char) &rArr; SpiSoftTypeDef::send_9bit_Data(bool, unsigned char)
</UL>
<BR>[Calls]<UL><LI><a href="#[b6]">&gt;&gt;</a>&nbsp;&nbsp;&nbsp;VMHardFault
<LI><a href="#[10]">&gt;&gt;</a>&nbsp;&nbsp;&nbsp;Reset_Handler
</UL>
<BR>[Address Reference Count : 1]<UL><LI> startup_stm32f417xx.o(RESET)
</UL>
<P><STRONG><a name="[b2]"></a>EnableFPU</STRONG> (Thumb, 20 bytes, Stack size 0 bytes, stackswitching.o(.text))
<BR><BR>[Called By]<UL><LI><a href="#[b1]">&gt;&gt;</a>&nbsp;&nbsp;&nbsp;vmstart
</UL>

<P><STRONG><a name="[10]"></a>Reset_Handler</STRONG> (Thumb, 8 bytes, Stack size 0 bytes, startup_stm32f417xx.o(.text))
<BR><BR>[Called By]<UL><LI><a href="#[12]">&gt;&gt;</a>&nbsp;&nbsp;&nbsp;HardFault_Handler
</UL>
<BR>[Address Reference Count : 1]<UL><LI> startup_stm32f417xx.o(RESET)
</UL>
<P><STRONG><a name="[2c]"></a>ADC_IRQHandler</STRONG> (Thumb, 0 bytes, Stack size 0 bytes, startup_stm32f417xx.o(.text))
<BR><BR>[Calls]<UL><LI><a href="#[2c]">&gt;&gt;</a>&nbsp;&nbsp;&nbsp;ADC_IRQHandler
</UL>
<BR>[Called By]<UL><LI><a href="#[2c]">&gt;&gt;</a>&nbsp;&nbsp;&nbsp;ADC_IRQHandler
</UL>
<BR>[Address Reference Count : 1]<UL><LI> startup_stm32f417xx.o(RESET)
</UL>
<P><STRONG><a name="[2e]"></a>CAN1_RX0_IRQHandler</STRONG> (Thumb, 0 bytes, Stack size 0 bytes, startup_stm32f417xx.o(.text))
<BR>[Address Reference Count : 1]<UL><LI> startup_stm32f417xx.o(RESET)
</UL>
<P><STRONG><a name="[2f]"></a>CAN1_RX1_IRQHandler</STRONG> (Thumb, 0 bytes, Stack size 0 bytes, startup_stm32f417xx.o(.text))
<BR>[Address Reference Count : 1]<UL><LI> startup_stm32f417xx.o(RESET)
</UL>
<P><STRONG><a name="[30]"></a>CAN1_SCE_IRQHandler</STRONG> (Thumb, 0 bytes, Stack size 0 bytes, startup_stm32f417xx.o(.text))
<BR>[Address Reference Count : 1]<UL><LI> startup_stm32f417xx.o(RESET)
</UL>
<P><STRONG><a name="[2d]"></a>CAN1_TX_IRQHandler</STRONG> (Thumb, 0 bytes, Stack size 0 bytes, startup_stm32f417xx.o(.text))
<BR>[Address Reference Count : 1]<UL><LI> startup_stm32f417xx.o(RESET)
</UL>
<P><STRONG><a name="[5a]"></a>CAN2_RX0_IRQHandler</STRONG> (Thumb, 0 bytes, Stack size 0 bytes, startup_stm32f417xx.o(.text))
<BR>[Address Reference Count : 1]<UL><LI> startup_stm32f417xx.o(RESET)
</UL>
<P><STRONG><a name="[5b]"></a>CAN2_RX1_IRQHandler</STRONG> (Thumb, 0 bytes, Stack size 0 bytes, startup_stm32f417xx.o(.text))
<BR>[Address Reference Count : 1]<UL><LI> startup_stm32f417xx.o(RESET)
</UL>
<P><STRONG><a name="[5c]"></a>CAN2_SCE_IRQHandler</STRONG> (Thumb, 0 bytes, Stack size 0 bytes, startup_stm32f417xx.o(.text))
<BR>[Address Reference Count : 1]<UL><LI> startup_stm32f417xx.o(RESET)
</UL>
<P><STRONG><a name="[59]"></a>CAN2_TX_IRQHandler</STRONG> (Thumb, 0 bytes, Stack size 0 bytes, startup_stm32f417xx.o(.text))
<BR>[Address Reference Count : 1]<UL><LI> startup_stm32f417xx.o(RESET)
</UL>
<P><STRONG><a name="[69]"></a>CRYP_IRQHandler</STRONG> (Thumb, 0 bytes, Stack size 0 bytes, startup_stm32f417xx.o(.text))
<BR>[Address Reference Count : 1]<UL><LI> startup_stm32f417xx.o(RESET)
</UL>
<P><STRONG><a name="[68]"></a>DCMI_IRQHandler</STRONG> (Thumb, 0 bytes, Stack size 0 bytes, startup_stm32f417xx.o(.text))
<BR>[Address Reference Count : 1]<UL><LI> startup_stm32f417xx.o(RESET)
</UL>
<P><STRONG><a name="[25]"></a>DMA1_Stream0_IRQHandler</STRONG> (Thumb, 0 bytes, Stack size 0 bytes, startup_stm32f417xx.o(.text))
<BR>[Address Reference Count : 1]<UL><LI> startup_stm32f417xx.o(RESET)
</UL>
<P><STRONG><a name="[26]"></a>DMA1_Stream1_IRQHandler</STRONG> (Thumb, 0 bytes, Stack size 0 bytes, startup_stm32f417xx.o(.text))
<BR>[Address Reference Count : 1]<UL><LI> startup_stm32f417xx.o(RESET)
</UL>
<P><STRONG><a name="[27]"></a>DMA1_Stream2_IRQHandler</STRONG> (Thumb, 0 bytes, Stack size 0 bytes, startup_stm32f417xx.o(.text))
<BR>[Address Reference Count : 1]<UL><LI> startup_stm32f417xx.o(RESET)
</UL>
<P><STRONG><a name="[28]"></a>DMA1_Stream3_IRQHandler</STRONG> (Thumb, 0 bytes, Stack size 0 bytes, startup_stm32f417xx.o(.text))
<BR>[Address Reference Count : 1]<UL><LI> startup_stm32f417xx.o(RESET)
</UL>
<P><STRONG><a name="[29]"></a>DMA1_Stream4_IRQHandler</STRONG> (Thumb, 0 bytes, Stack size 0 bytes, startup_stm32f417xx.o(.text))
<BR>[Address Reference Count : 1]<UL><LI> startup_stm32f417xx.o(RESET)
</UL>
<P><STRONG><a name="[2a]"></a>DMA1_Stream5_IRQHandler</STRONG> (Thumb, 0 bytes, Stack size 0 bytes, startup_stm32f417xx.o(.text))
<BR>[Address Reference Count : 1]<UL><LI> startup_stm32f417xx.o(RESET)
</UL>
<P><STRONG><a name="[2b]"></a>DMA1_Stream6_IRQHandler</STRONG> (Thumb, 0 bytes, Stack size 0 bytes, startup_stm32f417xx.o(.text))
<BR>[Address Reference Count : 1]<UL><LI> startup_stm32f417xx.o(RESET)
</UL>
<P><STRONG><a name="[49]"></a>DMA1_Stream7_IRQHandler</STRONG> (Thumb, 0 bytes, Stack size 0 bytes, startup_stm32f417xx.o(.text))
<BR>[Address Reference Count : 1]<UL><LI> startup_stm32f417xx.o(RESET)
</UL>
<P><STRONG><a name="[52]"></a>DMA2_Stream0_IRQHandler</STRONG> (Thumb, 0 bytes, Stack size 0 bytes, startup_stm32f417xx.o(.text))
<BR>[Address Reference Count : 1]<UL><LI> startup_stm32f417xx.o(RESET)
</UL>
<P><STRONG><a name="[53]"></a>DMA2_Stream1_IRQHandler</STRONG> (Thumb, 0 bytes, Stack size 0 bytes, startup_stm32f417xx.o(.text))
<BR>[Address Reference Count : 1]<UL><LI> startup_stm32f417xx.o(RESET)
</UL>
<P><STRONG><a name="[54]"></a>DMA2_Stream2_IRQHandler</STRONG> (Thumb, 0 bytes, Stack size 0 bytes, startup_stm32f417xx.o(.text))
<BR>[Address Reference Count : 1]<UL><LI> startup_stm32f417xx.o(RESET)
</UL>
<P><STRONG><a name="[55]"></a>DMA2_Stream3_IRQHandler</STRONG> (Thumb, 0 bytes, Stack size 0 bytes, startup_stm32f417xx.o(.text))
<BR>[Address Reference Count : 1]<UL><LI> startup_stm32f417xx.o(RESET)
</UL>
<P><STRONG><a name="[56]"></a>DMA2_Stream4_IRQHandler</STRONG> (Thumb, 0 bytes, Stack size 0 bytes, startup_stm32f417xx.o(.text))
<BR>[Address Reference Count : 1]<UL><LI> startup_stm32f417xx.o(RESET)
</UL>
<P><STRONG><a name="[5e]"></a>DMA2_Stream5_IRQHandler</STRONG> (Thumb, 0 bytes, Stack size 0 bytes, startup_stm32f417xx.o(.text))
<BR>[Address Reference Count : 1]<UL><LI> startup_stm32f417xx.o(RESET)
</UL>
<P><STRONG><a name="[5f]"></a>DMA2_Stream6_IRQHandler</STRONG> (Thumb, 0 bytes, Stack size 0 bytes, startup_stm32f417xx.o(.text))
<BR>[Address Reference Count : 1]<UL><LI> startup_stm32f417xx.o(RESET)
</UL>
<P><STRONG><a name="[60]"></a>DMA2_Stream7_IRQHandler</STRONG> (Thumb, 0 bytes, Stack size 0 bytes, startup_stm32f417xx.o(.text))
<BR>[Address Reference Count : 1]<UL><LI> startup_stm32f417xx.o(RESET)
</UL>
<P><STRONG><a name="[57]"></a>ETH_IRQHandler</STRONG> (Thumb, 0 bytes, Stack size 0 bytes, startup_stm32f417xx.o(.text))
<BR>[Address Reference Count : 1]<UL><LI> startup_stm32f417xx.o(RESET)
</UL>
<P><STRONG><a name="[58]"></a>ETH_WKUP_IRQHandler</STRONG> (Thumb, 0 bytes, Stack size 0 bytes, startup_stm32f417xx.o(.text))
<BR>[Address Reference Count : 1]<UL><LI> startup_stm32f417xx.o(RESET)
</UL>
<P><STRONG><a name="[42]"></a>EXTI15_10_IRQHandler</STRONG> (Thumb, 0 bytes, Stack size 0 bytes, startup_stm32f417xx.o(.text))
<BR>[Address Reference Count : 1]<UL><LI> startup_stm32f417xx.o(RESET)
</UL>
<P><STRONG><a name="[21]"></a>EXTI1_IRQHandler</STRONG> (Thumb, 0 bytes, Stack size 0 bytes, startup_stm32f417xx.o(.text))
<BR>[Address Reference Count : 1]<UL><LI> startup_stm32f417xx.o(RESET)
</UL>
<P><STRONG><a name="[22]"></a>EXTI2_IRQHandler</STRONG> (Thumb, 0 bytes, Stack size 0 bytes, startup_stm32f417xx.o(.text))
<BR>[Address Reference Count : 1]<UL><LI> startup_stm32f417xx.o(RESET)
</UL>
<P><STRONG><a name="[23]"></a>EXTI3_IRQHandler</STRONG> (Thumb, 0 bytes, Stack size 0 bytes, startup_stm32f417xx.o(.text))
<BR>[Address Reference Count : 1]<UL><LI> startup_stm32f417xx.o(RESET)
</UL>
<P><STRONG><a name="[24]"></a>EXTI4_IRQHandler</STRONG> (Thumb, 0 bytes, Stack size 0 bytes, startup_stm32f417xx.o(.text))
<BR>[Address Reference Count : 1]<UL><LI> startup_stm32f417xx.o(RESET)
</UL>
<P><STRONG><a name="[31]"></a>EXTI9_5_IRQHandler</STRONG> (Thumb, 0 bytes, Stack size 0 bytes, startup_stm32f417xx.o(.text))
<BR>[Address Reference Count : 1]<UL><LI> startup_stm32f417xx.o(RESET)
</UL>
<P><STRONG><a name="[1e]"></a>FLASH_IRQHandler</STRONG> (Thumb, 0 bytes, Stack size 0 bytes, startup_stm32f417xx.o(.text))
<BR>[Address Reference Count : 1]<UL><LI> startup_stm32f417xx.o(RESET)
</UL>
<P><STRONG><a name="[4a]"></a>FMC_IRQHandler</STRONG> (Thumb, 0 bytes, Stack size 0 bytes, startup_stm32f417xx.o(.text))
<BR>[Address Reference Count : 1]<UL><LI> startup_stm32f417xx.o(RESET)
</UL>
<P><STRONG><a name="[6b]"></a>FPU_IRQHandler</STRONG> (Thumb, 0 bytes, Stack size 0 bytes, startup_stm32f417xx.o(.text))
<BR>[Address Reference Count : 1]<UL><LI> startup_stm32f417xx.o(RESET)
</UL>
<P><STRONG><a name="[6a]"></a>HASH_RNG_IRQHandler</STRONG> (Thumb, 0 bytes, Stack size 0 bytes, startup_stm32f417xx.o(.text))
<BR>[Address Reference Count : 1]<UL><LI> startup_stm32f417xx.o(RESET)
</UL>
<P><STRONG><a name="[3a]"></a>I2C1_ER_IRQHandler</STRONG> (Thumb, 0 bytes, Stack size 0 bytes, startup_stm32f417xx.o(.text))
<BR>[Address Reference Count : 1]<UL><LI> startup_stm32f417xx.o(RESET)
</UL>
<P><STRONG><a name="[39]"></a>I2C1_EV_IRQHandler</STRONG> (Thumb, 0 bytes, Stack size 0 bytes, startup_stm32f417xx.o(.text))
<BR>[Address Reference Count : 1]<UL><LI> startup_stm32f417xx.o(RESET)
</UL>
<P><STRONG><a name="[3c]"></a>I2C2_ER_IRQHandler</STRONG> (Thumb, 0 bytes, Stack size 0 bytes, startup_stm32f417xx.o(.text))
<BR>[Address Reference Count : 1]<UL><LI> startup_stm32f417xx.o(RESET)
</UL>
<P><STRONG><a name="[3b]"></a>I2C2_EV_IRQHandler</STRONG> (Thumb, 0 bytes, Stack size 0 bytes, startup_stm32f417xx.o(.text))
<BR>[Address Reference Count : 1]<UL><LI> startup_stm32f417xx.o(RESET)
</UL>
<P><STRONG><a name="[63]"></a>I2C3_ER_IRQHandler</STRONG> (Thumb, 0 bytes, Stack size 0 bytes, startup_stm32f417xx.o(.text))
<BR>[Address Reference Count : 1]<UL><LI> startup_stm32f417xx.o(RESET)
</UL>
<P><STRONG><a name="[62]"></a>I2C3_EV_IRQHandler</STRONG> (Thumb, 0 bytes, Stack size 0 bytes, startup_stm32f417xx.o(.text))
<BR>[Address Reference Count : 1]<UL><LI> startup_stm32f417xx.o(RESET)
</UL>
<P><STRONG><a name="[5d]"></a>OTG_FS_IRQHandler</STRONG> (Thumb, 0 bytes, Stack size 0 bytes, startup_stm32f417xx.o(.text))
<BR>[Address Reference Count : 1]<UL><LI> startup_stm32f417xx.o(RESET)
</UL>
<P><STRONG><a name="[44]"></a>OTG_FS_WKUP_IRQHandler</STRONG> (Thumb, 0 bytes, Stack size 0 bytes, startup_stm32f417xx.o(.text))
<BR>[Address Reference Count : 1]<UL><LI> startup_stm32f417xx.o(RESET)
</UL>
<P><STRONG><a name="[65]"></a>OTG_HS_EP1_IN_IRQHandler</STRONG> (Thumb, 0 bytes, Stack size 0 bytes, startup_stm32f417xx.o(.text))
<BR>[Address Reference Count : 1]<UL><LI> startup_stm32f417xx.o(RESET)
</UL>
<P><STRONG><a name="[64]"></a>OTG_HS_EP1_OUT_IRQHandler</STRONG> (Thumb, 0 bytes, Stack size 0 bytes, startup_stm32f417xx.o(.text))
<BR>[Address Reference Count : 1]<UL><LI> startup_stm32f417xx.o(RESET)
</UL>
<P><STRONG><a name="[67]"></a>OTG_HS_IRQHandler</STRONG> (Thumb, 0 bytes, Stack size 0 bytes, startup_stm32f417xx.o(.text))
<BR>[Address Reference Count : 1]<UL><LI> startup_stm32f417xx.o(RESET)
</UL>
<P><STRONG><a name="[66]"></a>OTG_HS_WKUP_IRQHandler</STRONG> (Thumb, 0 bytes, Stack size 0 bytes, startup_stm32f417xx.o(.text))
<BR>[Address Reference Count : 1]<UL><LI> startup_stm32f417xx.o(RESET)
</UL>
<P><STRONG><a name="[1b]"></a>PVD_IRQHandler</STRONG> (Thumb, 0 bytes, Stack size 0 bytes, startup_stm32f417xx.o(.text))
<BR>[Address Reference Count : 1]<UL><LI> startup_stm32f417xx.o(RESET)
</UL>
<P><STRONG><a name="[1f]"></a>RCC_IRQHandler</STRONG> (Thumb, 0 bytes, Stack size 0 bytes, startup_stm32f417xx.o(.text))
<BR>[Address Reference Count : 1]<UL><LI> startup_stm32f417xx.o(RESET)
</UL>
<P><STRONG><a name="[43]"></a>RTC_Alarm_IRQHandler</STRONG> (Thumb, 0 bytes, Stack size 0 bytes, startup_stm32f417xx.o(.text))
<BR>[Address Reference Count : 1]<UL><LI> startup_stm32f417xx.o(RESET)
</UL>
<P><STRONG><a name="[1d]"></a>RTC_WKUP_IRQHandler</STRONG> (Thumb, 0 bytes, Stack size 0 bytes, startup_stm32f417xx.o(.text))
<BR>[Address Reference Count : 1]<UL><LI> startup_stm32f417xx.o(RESET)
</UL>
<P><STRONG><a name="[4b]"></a>SDIO_IRQHandler</STRONG> (Thumb, 0 bytes, Stack size 0 bytes, startup_stm32f417xx.o(.text))
<BR>[Address Reference Count : 1]<UL><LI> startup_stm32f417xx.o(RESET)
</UL>
<P><STRONG><a name="[3d]"></a>SPI1_IRQHandler</STRONG> (Thumb, 0 bytes, Stack size 0 bytes, startup_stm32f417xx.o(.text))
<BR>[Address Reference Count : 1]<UL><LI> startup_stm32f417xx.o(RESET)
</UL>
<P><STRONG><a name="[3e]"></a>SPI2_IRQHandler</STRONG> (Thumb, 0 bytes, Stack size 0 bytes, startup_stm32f417xx.o(.text))
<BR>[Address Reference Count : 1]<UL><LI> startup_stm32f417xx.o(RESET)
</UL>
<P><STRONG><a name="[4d]"></a>SPI3_IRQHandler</STRONG> (Thumb, 0 bytes, Stack size 0 bytes, startup_stm32f417xx.o(.text))
<BR>[Address Reference Count : 1]<UL><LI> startup_stm32f417xx.o(RESET)
</UL>
<P><STRONG><a name="[1c]"></a>TAMP_STAMP_IRQHandler</STRONG> (Thumb, 0 bytes, Stack size 0 bytes, startup_stm32f417xx.o(.text))
<BR>[Address Reference Count : 1]<UL><LI> startup_stm32f417xx.o(RESET)
</UL>
<P><STRONG><a name="[32]"></a>TIM1_BRK_TIM9_IRQHandler</STRONG> (Thumb, 0 bytes, Stack size 0 bytes, startup_stm32f417xx.o(.text))
<BR>[Address Reference Count : 1]<UL><LI> startup_stm32f417xx.o(RESET)
</UL>
<P><STRONG><a name="[35]"></a>TIM1_CC_IRQHandler</STRONG> (Thumb, 0 bytes, Stack size 0 bytes, startup_stm32f417xx.o(.text))
<BR>[Address Reference Count : 1]<UL><LI> startup_stm32f417xx.o(RESET)
</UL>
<P><STRONG><a name="[34]"></a>TIM1_TRG_COM_TIM11_IRQHandler</STRONG> (Thumb, 0 bytes, Stack size 0 bytes, startup_stm32f417xx.o(.text))
<BR>[Address Reference Count : 1]<UL><LI> startup_stm32f417xx.o(RESET)
</UL>
<P><STRONG><a name="[37]"></a>TIM3_IRQHandler</STRONG> (Thumb, 0 bytes, Stack size 0 bytes, startup_stm32f417xx.o(.text))
<BR>[Address Reference Count : 1]<UL><LI> startup_stm32f417xx.o(RESET)
</UL>
<P><STRONG><a name="[38]"></a>TIM4_IRQHandler</STRONG> (Thumb, 0 bytes, Stack size 0 bytes, startup_stm32f417xx.o(.text))
<BR>[Address Reference Count : 1]<UL><LI> startup_stm32f417xx.o(RESET)
</UL>
<P><STRONG><a name="[4c]"></a>TIM5_IRQHandler</STRONG> (Thumb, 0 bytes, Stack size 0 bytes, startup_stm32f417xx.o(.text))
<BR>[Address Reference Count : 1]<UL><LI> startup_stm32f417xx.o(RESET)
</UL>
<P><STRONG><a name="[50]"></a>TIM6_DAC_IRQHandler</STRONG> (Thumb, 0 bytes, Stack size 0 bytes, startup_stm32f417xx.o(.text))
<BR>[Address Reference Count : 1]<UL><LI> startup_stm32f417xx.o(RESET)
</UL>
<P><STRONG><a name="[51]"></a>TIM7_IRQHandler</STRONG> (Thumb, 0 bytes, Stack size 0 bytes, startup_stm32f417xx.o(.text))
<BR>[Address Reference Count : 1]<UL><LI> startup_stm32f417xx.o(RESET)
</UL>
<P><STRONG><a name="[45]"></a>TIM8_BRK_TIM12_IRQHandler</STRONG> (Thumb, 0 bytes, Stack size 0 bytes, startup_stm32f417xx.o(.text))
<BR>[Address Reference Count : 1]<UL><LI> startup_stm32f417xx.o(RESET)
</UL>
<P><STRONG><a name="[48]"></a>TIM8_CC_IRQHandler</STRONG> (Thumb, 0 bytes, Stack size 0 bytes, startup_stm32f417xx.o(.text))
<BR>[Address Reference Count : 1]<UL><LI> startup_stm32f417xx.o(RESET)
</UL>
<P><STRONG><a name="[47]"></a>TIM8_TRG_COM_TIM14_IRQHandler</STRONG> (Thumb, 0 bytes, Stack size 0 bytes, startup_stm32f417xx.o(.text))
<BR>[Address Reference Count : 1]<UL><LI> startup_stm32f417xx.o(RESET)
</UL>
<P><STRONG><a name="[46]"></a>TIM8_UP_TIM13_IRQHandler</STRONG> (Thumb, 0 bytes, Stack size 0 bytes, startup_stm32f417xx.o(.text))
<BR>[Address Reference Count : 1]<UL><LI> startup_stm32f417xx.o(RESET)
</UL>
<P><STRONG><a name="[4e]"></a>UART4_IRQHandler</STRONG> (Thumb, 0 bytes, Stack size 0 bytes, startup_stm32f417xx.o(.text))
<BR>[Address Reference Count : 1]<UL><LI> startup_stm32f417xx.o(RESET)
</UL>
<P><STRONG><a name="[4f]"></a>UART5_IRQHandler</STRONG> (Thumb, 0 bytes, Stack size 0 bytes, startup_stm32f417xx.o(.text))
<BR>[Address Reference Count : 1]<UL><LI> startup_stm32f417xx.o(RESET)
</UL>
<P><STRONG><a name="[3f]"></a>USART1_IRQHandler</STRONG> (Thumb, 0 bytes, Stack size 0 bytes, startup_stm32f417xx.o(.text))
<BR>[Address Reference Count : 1]<UL><LI> startup_stm32f417xx.o(RESET)
</UL>
<P><STRONG><a name="[40]"></a>USART2_IRQHandler</STRONG> (Thumb, 0 bytes, Stack size 0 bytes, startup_stm32f417xx.o(.text))
<BR>[Address Reference Count : 1]<UL><LI> startup_stm32f417xx.o(RESET)
</UL>
<P><STRONG><a name="[41]"></a>USART3_IRQHandler</STRONG> (Thumb, 0 bytes, Stack size 0 bytes, startup_stm32f417xx.o(.text))
<BR>[Address Reference Count : 1]<UL><LI> startup_stm32f417xx.o(RESET)
</UL>
<P><STRONG><a name="[61]"></a>USART6_IRQHandler</STRONG> (Thumb, 0 bytes, Stack size 0 bytes, startup_stm32f417xx.o(.text))
<BR>[Address Reference Count : 1]<UL><LI> startup_stm32f417xx.o(RESET)
</UL>
<P><STRONG><a name="[1a]"></a>WWDG_IRQHandler</STRONG> (Thumb, 0 bytes, Stack size 0 bytes, startup_stm32f417xx.o(.text))
<BR>[Address Reference Count : 1]<UL><LI> startup_stm32f417xx.o(RESET)
</UL>
<P><STRONG><a name="[b8]"></a>__user_initial_stackheap</STRONG> (Thumb, 0 bytes, Stack size unknown bytes, startup_stm32f417xx.o(.text))
<BR><BR>[Called By]<UL><LI><a href="#[a7]">&gt;&gt;</a>&nbsp;&nbsp;&nbsp;__user_setup_stackheap
</UL>

<P><STRONG><a name="[14d]"></a>__aeabi_errno_addr</STRONG> (Thumb, 8 bytes, Stack size 0 bytes, rt_errno_addr_intlibspace.o(.text))
<BR><BR>[Called By]<UL><LI><a href="#[123]">&gt;&gt;</a>&nbsp;&nbsp;&nbsp;MemoryAllocator::Delete(void*)
<LI><a href="#[125]">&gt;&gt;</a>&nbsp;&nbsp;&nbsp;MemoryAllocator::New(unsigned)
</UL>

<P><STRONG><a name="[213]"></a>__errno$intlibspace</STRONG> (Thumb, 0 bytes, Stack size 0 bytes, rt_errno_addr_intlibspace.o(.text), UNUSED)

<P><STRONG><a name="[214]"></a>__rt_errno_addr$intlibspace</STRONG> (Thumb, 0 bytes, Stack size 0 bytes, rt_errno_addr_intlibspace.o(.text), UNUSED)

<P><STRONG><a name="[1d5]"></a>strlen</STRONG> (Thumb, 62 bytes, Stack size 8 bytes, strlen.o(.text))
<BR><BR>[Stack]<UL><LI>Max Depth = 8<LI>Call Chain = strlen
</UL>
<BR>[Called By]<UL><LI><a href="#[1d4]">&gt;&gt;</a>&nbsp;&nbsp;&nbsp;VmOut&lang;char&rang;::stringifyInt(char*, int, int)
<LI><a href="#[1d6]">&gt;&gt;</a>&nbsp;&nbsp;&nbsp;VmOut&lang;char&rang;::stringifyInt(char*, unsigned, int)
</UL>

<P><STRONG><a name="[136]"></a>__aeabi_memcpy4</STRONG> (Thumb, 0 bytes, Stack size 8 bytes, rt_memcpy_w.o(.text))
<BR><BR>[Stack]<UL><LI>Max Depth = 8<LI>Call Chain = __aeabi_memcpy4
</UL>
<BR>[Called By]<UL><LI><a href="#[187]">&gt;&gt;</a>&nbsp;&nbsp;&nbsp;GContentPane&lang;unsigned short&rang;::fireSensorTouchPane(TouchStruct)
<LI><a href="#[186]">&gt;&gt;</a>&nbsp;&nbsp;&nbsp;GContentPane&lang;unsigned short&rang;::fireSensorPressPane(TouchStruct)
<LI><a href="#[185]">&gt;&gt;</a>&nbsp;&nbsp;&nbsp;GContentPane&lang;unsigned short&rang;::fireSensorClickPane(TouchStruct)
<LI><a href="#[199]">&gt;&gt;</a>&nbsp;&nbsp;&nbsp;GComponent&lang;unsigned short&rang;::fireSensorRelease(TouchStruct)
<LI><a href="#[198]">&gt;&gt;</a>&nbsp;&nbsp;&nbsp;GComponent&lang;unsigned short&rang;::fireSensorTouch(TouchStruct)
<LI><a href="#[197]">&gt;&gt;</a>&nbsp;&nbsp;&nbsp;GComponent&lang;unsigned short&rang;::fireSensorPress(TouchStruct)
<LI><a href="#[196]">&gt;&gt;</a>&nbsp;&nbsp;&nbsp;GComponent&lang;unsigned short&rang;::fireSensorClick(TouchStruct)
<LI><a href="#[194]">&gt;&gt;</a>&nbsp;&nbsp;&nbsp;int GComponent&lang;unsigned short&rang;::fireListeners&lang;GComponentListener&rang;(ArrayListBase&lang;T1&rang;&, TouchStruct)
<LI><a href="#[119]">&gt;&gt;</a>&nbsp;&nbsp;&nbsp;GuiEngine::fireSensorRelease(TouchStruct)
<LI><a href="#[115]">&gt;&gt;</a>&nbsp;&nbsp;&nbsp;GuiEngine::fireSensorTouch(TouchStruct)
<LI><a href="#[114]">&gt;&gt;</a>&nbsp;&nbsp;&nbsp;GuiEngine::fireSensorPress(TouchStruct)
<LI><a href="#[113]">&gt;&gt;</a>&nbsp;&nbsp;&nbsp;GuiEngine::fireSensorClick(TouchStruct)
<LI><a href="#[111]">&gt;&gt;</a>&nbsp;&nbsp;&nbsp;SensorAdapter::getData()
</UL>

<P><STRONG><a name="[215]"></a>__aeabi_memcpy8</STRONG> (Thumb, 0 bytes, Stack size 8 bytes, rt_memcpy_w.o(.text), UNUSED)

<P><STRONG><a name="[216]"></a>__rt_memcpy_w</STRONG> (Thumb, 100 bytes, Stack size 8 bytes, rt_memcpy_w.o(.text), UNUSED)

<P><STRONG><a name="[217]"></a>_memcpy_lastbytes_aligned</STRONG> (Thumb, 0 bytes, Stack size unknown bytes, rt_memcpy_w.o(.text), UNUSED)

<P><STRONG><a name="[112]"></a>__aeabi_memclr4</STRONG> (Thumb, 0 bytes, Stack size 4 bytes, rt_memclr_w.o(.text))
<BR><BR>[Stack]<UL><LI>Max Depth = 4<LI>Call Chain = __aeabi_memclr4
</UL>
<BR>[Called By]<UL><LI><a href="#[111]">&gt;&gt;</a>&nbsp;&nbsp;&nbsp;SensorAdapter::getData()
<LI><a href="#[81]">&gt;&gt;</a>&nbsp;&nbsp;&nbsp;sensorReleaseHandler(void*)
<LI><a href="#[7f]">&gt;&gt;</a>&nbsp;&nbsp;&nbsp;sensorTouchHandler(void*)
<LI><a href="#[82]">&gt;&gt;</a>&nbsp;&nbsp;&nbsp;sensorPressHandler(void*)
<LI><a href="#[80]">&gt;&gt;</a>&nbsp;&nbsp;&nbsp;sensorClickHandler(void*)
</UL>

<P><STRONG><a name="[218]"></a>__aeabi_memclr8</STRONG> (Thumb, 0 bytes, Stack size 4 bytes, rt_memclr_w.o(.text), UNUSED)

<P><STRONG><a name="[219]"></a>__rt_memclr_w</STRONG> (Thumb, 78 bytes, Stack size 4 bytes, rt_memclr_w.o(.text), UNUSED)

<P><STRONG><a name="[21a]"></a>_memset_w</STRONG> (Thumb, 0 bytes, Stack size unknown bytes, rt_memclr_w.o(.text), UNUSED)

<P><STRONG><a name="[21b]"></a>__use_two_region_memory</STRONG> (Thumb, 2 bytes, Stack size 0 bytes, heapauxi.o(.text), UNUSED)

<P><STRONG><a name="[c]"></a>__rt_heap_escrow</STRONG> (Thumb, 2 bytes, Stack size 0 bytes, heapauxi.o(.text), UNUSED)

<P><STRONG><a name="[b]"></a>__rt_heap_expand</STRONG> (Thumb, 2 bytes, Stack size 0 bytes, heapauxi.o(.text), UNUSED)

<P><STRONG><a name="[9e]"></a>__cpp_initialize__aeabi_</STRONG> (Thumb, 26 bytes, Stack size 16 bytes, init_aeabi.o(.text))
<BR><BR>[Stack]<UL><LI>Max Depth = 16<LI>Call Chain = __cpp_initialize__aeabi_
</UL>
<BR>[Called By]<UL><LI><a href="#[a5]">&gt;&gt;</a>&nbsp;&nbsp;&nbsp;__rt_lib_init_cpp_2
</UL>

<P><STRONG><a name="[21c]"></a>__user_libspace</STRONG> (Thumb, 8 bytes, Stack size 0 bytes, libspace.o(.text), UNUSED)

<P><STRONG><a name="[b7]"></a>__user_perproc_libspace</STRONG> (Thumb, 0 bytes, Stack size 0 bytes, libspace.o(.text))
<BR><BR>[Called By]<UL><LI><a href="#[a7]">&gt;&gt;</a>&nbsp;&nbsp;&nbsp;__user_setup_stackheap
</UL>

<P><STRONG><a name="[21d]"></a>__user_perthread_libspace</STRONG> (Thumb, 0 bytes, Stack size 0 bytes, libspace.o(.text), UNUSED)

<P><STRONG><a name="[a7]"></a>__user_setup_stackheap</STRONG> (Thumb, 74 bytes, Stack size 8 bytes, sys_stackheap_outer.o(.text))
<BR><BR>[Stack]<UL><LI>Max Depth = 8 + Unknown Stack Size
<LI>Call Chain = __user_setup_stackheap
</UL>
<BR>[Calls]<UL><LI><a href="#[b8]">&gt;&gt;</a>&nbsp;&nbsp;&nbsp;__user_initial_stackheap
<LI><a href="#[b7]">&gt;&gt;</a>&nbsp;&nbsp;&nbsp;__user_perproc_libspace
</UL>
<BR>[Called By]<UL><LI><a href="#[a6]">&gt;&gt;</a>&nbsp;&nbsp;&nbsp;__rt_entry_sh
</UL>

<P><STRONG><a name="[ac]"></a>exit</STRONG> (Thumb, 12 bytes, Stack size 0 bytes, exit.o(.text))
<BR><BR>[Calls]<UL><LI><a href="#[b9]">&gt;&gt;</a>&nbsp;&nbsp;&nbsp;__rt_exit
</UL>
<BR>[Called By]<UL><LI><a href="#[aa]">&gt;&gt;</a>&nbsp;&nbsp;&nbsp;__rt_entry_main
</UL>

<P><STRONG><a name="[b0]"></a>_sys_exit</STRONG> (Thumb, 8 bytes, Stack size 0 bytes, sys_exit.o(.text))
<BR><BR>[Called By]<UL><LI><a href="#[af]">&gt;&gt;</a>&nbsp;&nbsp;&nbsp;__rt_exit_exit
</UL>

<P><STRONG><a name="[21e]"></a>__I$use$semihosting</STRONG> (Thumb, 0 bytes, Stack size 0 bytes, use_no_semi.o(.text), UNUSED)

<P><STRONG><a name="[21f]"></a>__use_no_semihosting_swi</STRONG> (Thumb, 2 bytes, Stack size 0 bytes, use_no_semi.o(.text), UNUSED)

<P><STRONG><a name="[14]"></a>BusFault_Handler</STRONG> (Thumb, 4 bytes, Stack size 0 bytes, stm32f4xx_it.o(i.BusFault_Handler))
<BR>[Address Reference Count : 1]<UL><LI> startup_stm32f417xx.o(RESET)
</UL>
<P><STRONG><a name="[220]"></a>__semihosting_library_function</STRONG> (Thumb, 0 bytes, Stack size 0 bytes, indicate_semi.o(.text), UNUSED)

<P><STRONG><a name="[17]"></a>DebugMon_Handler</STRONG> (Thumb, 2 bytes, Stack size 0 bytes, stm32f4xx_it.o(i.DebugMon_Handler))
<BR>[Address Reference Count : 1]<UL><LI> startup_stm32f417xx.o(RESET)
</UL>
<P><STRONG><a name="[20]"></a>EXTI0_IRQHandler</STRONG> (Thumb, 2 bytes, Stack size 0 bytes, stm32f4xx_it.o(i.EXTI0_IRQHandler))
<BR>[Address Reference Count : 1]<UL><LI> startup_stm32f417xx.o(RESET)
</UL>
<P><STRONG><a name="[d2]"></a>FSMC_NORSRAM_Extended_Timing_Init</STRONG> (Thumb, 82 bytes, Stack size 16 bytes, stm32f4xx_ll_fsmc.o(i.FSMC_NORSRAM_Extended_Timing_Init))
<BR><BR>[Stack]<UL><LI>Max Depth = 16<LI>Call Chain = FSMC_NORSRAM_Extended_Timing_Init
</UL>
<BR>[Called By]<UL><LI><a href="#[ce]">&gt;&gt;</a>&nbsp;&nbsp;&nbsp;HAL_SRAM_Init
</UL>

<P><STRONG><a name="[d0]"></a>FSMC_NORSRAM_Init</STRONG> (Thumb, 84 bytes, Stack size 8 bytes, stm32f4xx_ll_fsmc.o(i.FSMC_NORSRAM_Init))
<BR><BR>[Stack]<UL><LI>Max Depth = 8<LI>Call Chain = FSMC_NORSRAM_Init
</UL>
<BR>[Called By]<UL><LI><a href="#[ce]">&gt;&gt;</a>&nbsp;&nbsp;&nbsp;HAL_SRAM_Init
</UL>

<P><STRONG><a name="[d1]"></a>FSMC_NORSRAM_Timing_Init</STRONG> (Thumb, 68 bytes, Stack size 12 bytes, stm32f4xx_ll_fsmc.o(i.FSMC_NORSRAM_Timing_Init))
<BR><BR>[Stack]<UL><LI>Max Depth = 12<LI>Call Chain = FSMC_NORSRAM_Timing_Init
</UL>
<BR>[Called By]<UL><LI><a href="#[ce]">&gt;&gt;</a>&nbsp;&nbsp;&nbsp;HAL_SRAM_Init
</UL>

<P><STRONG><a name="[129]"></a>HAL_DMA_Init</STRONG> (Thumb, 120 bytes, Stack size 0 bytes, stm32f4xx_hal_dma.o(i.HAL_DMA_Init))
<BR><BR>[Called By]<UL><LI><a href="#[f4]">&gt;&gt;</a>&nbsp;&nbsp;&nbsp;DmaInit()
</UL>

<P><STRONG><a name="[ba]"></a>HAL_Delay</STRONG> (Thumb, 26 bytes, Stack size 16 bytes, stm32f4xx_hal.o(i.HAL_Delay))
<BR><BR>[Stack]<UL><LI>Max Depth = 16<LI>Call Chain = HAL_Delay
</UL>
<BR>[Calls]<UL><LI><a href="#[bb]">&gt;&gt;</a>&nbsp;&nbsp;&nbsp;HAL_GetTick
</UL>
<BR>[Called By]<UL><LI><a href="#[1ec]">&gt;&gt;</a>&nbsp;&nbsp;&nbsp;ILI9488&lang;GPIO_TypeDef, SpiSoftTypeDef&rang;::delay(unsigned)
<LI><a href="#[7a]">&gt;&gt;</a>&nbsp;&nbsp;&nbsp;SystemEventBurner(void*)
</UL>

<P><STRONG><a name="[ee]"></a>HAL_GPIO_Init</STRONG> (Thumb, 470 bytes, Stack size 24 bytes, stm32f4xx_hal_gpio.o(i.HAL_GPIO_Init))
<BR><BR>[Stack]<UL><LI>Max Depth = 24<LI>Call Chain = HAL_GPIO_Init
</UL>
<BR>[Called By]<UL><LI><a href="#[ef]">&gt;&gt;</a>&nbsp;&nbsp;&nbsp;DEV_AltGpio_Init(GPIO_TypeDef*, int, unsigned, unsigned)
<LI><a href="#[ed]">&gt;&gt;</a>&nbsp;&nbsp;&nbsp;DEV_Gpio_Init(GPIO_TypeDef*, int, unsigned, unsigned)
</UL>

<P><STRONG><a name="[104]"></a>HAL_GetREVID</STRONG> (Thumb, 8 bytes, Stack size 0 bytes, stm32f4xx_hal.o(i.HAL_GetREVID))
<BR><BR>[Called By]<UL><LI><a href="#[f1]">&gt;&gt;</a>&nbsp;&nbsp;&nbsp;SystemClock_Config()
</UL>

<P><STRONG><a name="[bb]"></a>HAL_GetTick</STRONG> (Thumb, 6 bytes, Stack size 0 bytes, stm32f4xx_hal.o(i.HAL_GetTick))
<BR><BR>[Called By]<UL><LI><a href="#[c7]">&gt;&gt;</a>&nbsp;&nbsp;&nbsp;HAL_RCC_OscConfig
<LI><a href="#[c5]">&gt;&gt;</a>&nbsp;&nbsp;&nbsp;HAL_RCC_ClockConfig
<LI><a href="#[ba]">&gt;&gt;</a>&nbsp;&nbsp;&nbsp;HAL_Delay
<LI><a href="#[cc]">&gt;&gt;</a>&nbsp;&nbsp;&nbsp;[local to stm32f4xx_hal_spi_c]::SPI_WaitOnFlagUntilTimeout(__SPI_HandleTypeDef*, unsigned, FlagStatus, unsigned)
</UL>

<P><STRONG><a name="[e9]"></a>HAL_IncTick</STRONG> (Thumb, 12 bytes, Stack size 0 bytes, stm32f4xx_hal.o(i.HAL_IncTick))
<BR><BR>[Called By]<UL><LI><a href="#[e7]">&gt;&gt;</a>&nbsp;&nbsp;&nbsp;CMSIS_Tick()
</UL>

<P><STRONG><a name="[bc]"></a>HAL_Init</STRONG> (Thumb, 44 bytes, Stack size 8 bytes, stm32f4xx_hal.o(i.HAL_Init))
<BR><BR>[Stack]<UL><LI>Max Depth = 72<LI>Call Chain = HAL_Init &rArr; HAL_InitTick &rArr; HAL_NVIC_SetPriority &rArr; [local to stm32f4xx_hal_cortex_c]::NVIC_SetPriority(IRQn_Type, unsigned)
</UL>
<BR>[Calls]<UL><LI><a href="#[bf]">&gt;&gt;</a>&nbsp;&nbsp;&nbsp;HAL_MspInit
<LI><a href="#[be]">&gt;&gt;</a>&nbsp;&nbsp;&nbsp;HAL_InitTick
<LI><a href="#[bd]">&gt;&gt;</a>&nbsp;&nbsp;&nbsp;HAL_NVIC_SetPriorityGrouping
</UL>
<BR>[Called By]<UL><LI><a href="#[7a]">&gt;&gt;</a>&nbsp;&nbsp;&nbsp;SystemEventBurner(void*)
</UL>

<P><STRONG><a name="[be]"></a>HAL_InitTick</STRONG> (Thumb, 36 bytes, Stack size 16 bytes, stm32f4xx_hal.o(i.HAL_InitTick))
<BR><BR>[Stack]<UL><LI>Max Depth = 64<LI>Call Chain = HAL_InitTick &rArr; HAL_NVIC_SetPriority &rArr; [local to stm32f4xx_hal_cortex_c]::NVIC_SetPriority(IRQn_Type, unsigned)
</UL>
<BR>[Calls]<UL><LI><a href="#[c2]">&gt;&gt;</a>&nbsp;&nbsp;&nbsp;HAL_NVIC_SetPriority
<LI><a href="#[c1]">&gt;&gt;</a>&nbsp;&nbsp;&nbsp;HAL_SYSTICK_Config
<LI><a href="#[c0]">&gt;&gt;</a>&nbsp;&nbsp;&nbsp;HAL_RCC_GetHCLKFreq
</UL>
<BR>[Called By]<UL><LI><a href="#[c5]">&gt;&gt;</a>&nbsp;&nbsp;&nbsp;HAL_RCC_ClockConfig
<LI><a href="#[bc]">&gt;&gt;</a>&nbsp;&nbsp;&nbsp;HAL_Init
</UL>

<P><STRONG><a name="[bf]"></a>HAL_MspInit</STRONG> (Thumb, 2 bytes, Stack size 0 bytes, stm32f4xx_hal.o(i.HAL_MspInit))
<BR><BR>[Called By]<UL><LI><a href="#[bc]">&gt;&gt;</a>&nbsp;&nbsp;&nbsp;HAL_Init
</UL>

<P><STRONG><a name="[12b]"></a>HAL_NVIC_EnableIRQ</STRONG> (Thumb, 26 bytes, Stack size 0 bytes, stm32f4xx_hal_cortex.o(i.HAL_NVIC_EnableIRQ))
<BR><BR>[Called By]<UL><LI><a href="#[f6]">&gt;&gt;</a>&nbsp;&nbsp;&nbsp;TimInit()
</UL>

<P><STRONG><a name="[c2]"></a>HAL_NVIC_SetPriority</STRONG> (Thumb, 124 bytes, Stack size 40 bytes, stm32f4xx_hal_cortex.o(i.HAL_NVIC_SetPriority))
<BR><BR>[Stack]<UL><LI>Max Depth = 48<LI>Call Chain = HAL_NVIC_SetPriority &rArr; [local to stm32f4xx_hal_cortex_c]::NVIC_SetPriority(IRQn_Type, unsigned)
</UL>
<BR>[Calls]<UL><LI><a href="#[c3]">&gt;&gt;</a>&nbsp;&nbsp;&nbsp;[local to stm32f4xx_hal_cortex_c]::NVIC_GetPriorityGrouping()
<LI><a href="#[c4]">&gt;&gt;</a>&nbsp;&nbsp;&nbsp;[local to stm32f4xx_hal_cortex_c]::NVIC_SetPriority(IRQn_Type, unsigned)
</UL>
<BR>[Called By]<UL><LI><a href="#[be]">&gt;&gt;</a>&nbsp;&nbsp;&nbsp;HAL_InitTick
<LI><a href="#[f6]">&gt;&gt;</a>&nbsp;&nbsp;&nbsp;TimInit()
</UL>

<P><STRONG><a name="[bd]"></a>HAL_NVIC_SetPriorityGrouping</STRONG> (Thumb, 32 bytes, Stack size 0 bytes, stm32f4xx_hal_cortex.o(i.HAL_NVIC_SetPriorityGrouping))
<BR><BR>[Called By]<UL><LI><a href="#[bc]">&gt;&gt;</a>&nbsp;&nbsp;&nbsp;HAL_Init
</UL>

<P><STRONG><a name="[c5]"></a>HAL_RCC_ClockConfig</STRONG> (Thumb, 680 bytes, Stack size 16 bytes, stm32f4xx_hal_rcc.o(i.HAL_RCC_ClockConfig))
<BR><BR>[Stack]<UL><LI>Max Depth = 80<LI>Call Chain = HAL_RCC_ClockConfig &rArr; HAL_InitTick &rArr; HAL_NVIC_SetPriority &rArr; [local to stm32f4xx_hal_cortex_c]::NVIC_SetPriority(IRQn_Type, unsigned)
</UL>
<BR>[Calls]<UL><LI><a href="#[be]">&gt;&gt;</a>&nbsp;&nbsp;&nbsp;HAL_InitTick
<LI><a href="#[bb]">&gt;&gt;</a>&nbsp;&nbsp;&nbsp;HAL_GetTick
</UL>
<BR>[Called By]<UL><LI><a href="#[f1]">&gt;&gt;</a>&nbsp;&nbsp;&nbsp;SystemClock_Config()
</UL>

<P><STRONG><a name="[c0]"></a>HAL_RCC_GetHCLKFreq</STRONG> (Thumb, 42 bytes, Stack size 8 bytes, stm32f4xx_hal_rcc.o(i.HAL_RCC_GetHCLKFreq))
<BR><BR>[Stack]<UL><LI>Max Depth = 24<LI>Call Chain = HAL_RCC_GetHCLKFreq &rArr; HAL_RCC_GetSysClockFreq
</UL>
<BR>[Calls]<UL><LI><a href="#[c6]">&gt;&gt;</a>&nbsp;&nbsp;&nbsp;HAL_RCC_GetSysClockFreq
</UL>
<BR>[Called By]<UL><LI><a href="#[be]">&gt;&gt;</a>&nbsp;&nbsp;&nbsp;HAL_InitTick
</UL>

<P><STRONG><a name="[c6]"></a>HAL_RCC_GetSysClockFreq</STRONG> (Thumb, 168 bytes, Stack size 16 bytes, stm32f4xx_hal_rcc.o(i.HAL_RCC_GetSysClockFreq))
<BR><BR>[Stack]<UL><LI>Max Depth = 16<LI>Call Chain = HAL_RCC_GetSysClockFreq
</UL>
<BR>[Called By]<UL><LI><a href="#[c0]">&gt;&gt;</a>&nbsp;&nbsp;&nbsp;HAL_RCC_GetHCLKFreq
</UL>

<P><STRONG><a name="[c7]"></a>HAL_RCC_OscConfig</STRONG> (Thumb, 1024 bytes, Stack size 16 bytes, stm32f4xx_hal_rcc.o(i.HAL_RCC_OscConfig))
<BR><BR>[Stack]<UL><LI>Max Depth = 16<LI>Call Chain = HAL_RCC_OscConfig
</UL>
<BR>[Calls]<UL><LI><a href="#[bb]">&gt;&gt;</a>&nbsp;&nbsp;&nbsp;HAL_GetTick
</UL>
<BR>[Called By]<UL><LI><a href="#[f1]">&gt;&gt;</a>&nbsp;&nbsp;&nbsp;SystemClock_Config()
</UL>

<P><STRONG><a name="[c8]"></a>HAL_SPI_Init</STRONG> (Thumb, 136 bytes, Stack size 8 bytes, stm32f4xx_hal_spi.o(i.HAL_SPI_Init))
<BR><BR>[Stack]<UL><LI>Max Depth = 8<LI>Call Chain = HAL_SPI_Init
</UL>
<BR>[Calls]<UL><LI><a href="#[c9]">&gt;&gt;</a>&nbsp;&nbsp;&nbsp;HAL_SPI_MspInit
</UL>
<BR>[Called By]<UL><LI><a href="#[f5]">&gt;&gt;</a>&nbsp;&nbsp;&nbsp;SpiInit()
</UL>

<P><STRONG><a name="[c9]"></a>HAL_SPI_MspInit</STRONG> (Thumb, 2 bytes, Stack size 0 bytes, stm32f4xx_hal_spi.o(i.HAL_SPI_MspInit))
<BR><BR>[Called By]<UL><LI><a href="#[c8]">&gt;&gt;</a>&nbsp;&nbsp;&nbsp;HAL_SPI_Init
</UL>

<P><STRONG><a name="[ca]"></a>HAL_SPI_Receive</STRONG> (Thumb, 570 bytes, Stack size 32 bytes, stm32f4xx_hal_spi.o(i.HAL_SPI_Receive))
<BR><BR>[Stack]<UL><LI>Max Depth = 96<LI>Call Chain = HAL_SPI_Receive &rArr; HAL_SPI_TransmitReceive &rArr; [local to stm32f4xx_hal_spi_c]::SPI_WaitOnFlagUntilTimeout(__SPI_HandleTypeDef*, unsigned, FlagStatus, unsigned)
</UL>
<BR>[Calls]<UL><LI><a href="#[cb]">&gt;&gt;</a>&nbsp;&nbsp;&nbsp;HAL_SPI_TransmitReceive
<LI><a href="#[cc]">&gt;&gt;</a>&nbsp;&nbsp;&nbsp;[local to stm32f4xx_hal_spi_c]::SPI_WaitOnFlagUntilTimeout(__SPI_HandleTypeDef*, unsigned, FlagStatus, unsigned)
</UL>
<BR>[Called By]<UL><LI><a href="#[99]">&gt;&gt;</a>&nbsp;&nbsp;&nbsp;SensorMcu::SerialRead(unsigned char*, unsigned short)
</UL>

<P><STRONG><a name="[cd]"></a>HAL_SPI_Transmit</STRONG> (Thumb, 444 bytes, Stack size 24 bytes, stm32f4xx_hal_spi.o(i.HAL_SPI_Transmit))
<BR><BR>[Stack]<UL><LI>Max Depth = 48<LI>Call Chain = HAL_SPI_Transmit &rArr; [local to stm32f4xx_hal_spi_c]::SPI_WaitOnFlagUntilTimeout(__SPI_HandleTypeDef*, unsigned, FlagStatus, unsigned)
</UL>
<BR>[Calls]<UL><LI><a href="#[cc]">&gt;&gt;</a>&nbsp;&nbsp;&nbsp;[local to stm32f4xx_hal_spi_c]::SPI_WaitOnFlagUntilTimeout(__SPI_HandleTypeDef*, unsigned, FlagStatus, unsigned)
</UL>
<BR>[Called By]<UL><LI><a href="#[9a]">&gt;&gt;</a>&nbsp;&nbsp;&nbsp;SensorMcu::SerialWrite(unsigned char*, unsigned short)
</UL>

<P><STRONG><a name="[cb]"></a>HAL_SPI_TransmitReceive</STRONG> (Thumb, 848 bytes, Stack size 40 bytes, stm32f4xx_hal_spi.o(i.HAL_SPI_TransmitReceive))
<BR><BR>[Stack]<UL><LI>Max Depth = 64<LI>Call Chain = HAL_SPI_TransmitReceive &rArr; [local to stm32f4xx_hal_spi_c]::SPI_WaitOnFlagUntilTimeout(__SPI_HandleTypeDef*, unsigned, FlagStatus, unsigned)
</UL>
<BR>[Calls]<UL><LI><a href="#[cc]">&gt;&gt;</a>&nbsp;&nbsp;&nbsp;[local to stm32f4xx_hal_spi_c]::SPI_WaitOnFlagUntilTimeout(__SPI_HandleTypeDef*, unsigned, FlagStatus, unsigned)
</UL>
<BR>[Called By]<UL><LI><a href="#[ca]">&gt;&gt;</a>&nbsp;&nbsp;&nbsp;HAL_SPI_Receive
</UL>

<P><STRONG><a name="[ce]"></a>HAL_SRAM_Init</STRONG> (Thumb, 88 bytes, Stack size 16 bytes, stm32f4xx_hal_sram.o(i.HAL_SRAM_Init))
<BR><BR>[Stack]<UL><LI>Max Depth = 32<LI>Call Chain = HAL_SRAM_Init &rArr; FSMC_NORSRAM_Extended_Timing_Init
</UL>
<BR>[Calls]<UL><LI><a href="#[cf]">&gt;&gt;</a>&nbsp;&nbsp;&nbsp;HAL_SRAM_MspInit
<LI><a href="#[d1]">&gt;&gt;</a>&nbsp;&nbsp;&nbsp;FSMC_NORSRAM_Timing_Init
<LI><a href="#[d0]">&gt;&gt;</a>&nbsp;&nbsp;&nbsp;FSMC_NORSRAM_Init
<LI><a href="#[d2]">&gt;&gt;</a>&nbsp;&nbsp;&nbsp;FSMC_NORSRAM_Extended_Timing_Init
</UL>
<BR>[Called By]<UL><LI><a href="#[f3]">&gt;&gt;</a>&nbsp;&nbsp;&nbsp;HsramInit()
</UL>

<P><STRONG><a name="[cf]"></a>HAL_SRAM_MspInit</STRONG> (Thumb, 2 bytes, Stack size 0 bytes, stm32f4xx_hal_sram.o(i.HAL_SRAM_MspInit))
<BR><BR>[Called By]<UL><LI><a href="#[ce]">&gt;&gt;</a>&nbsp;&nbsp;&nbsp;HAL_SRAM_Init
</UL>

<P><STRONG><a name="[c1]"></a>HAL_SYSTICK_Config</STRONG> (Thumb, 52 bytes, Stack size 16 bytes, stm32f4xx_hal_cortex.o(i.HAL_SYSTICK_Config))
<BR><BR>[Stack]<UL><LI>Max Depth = 24<LI>Call Chain = HAL_SYSTICK_Config &rArr; [local to stm32f4xx_hal_cortex_c]::NVIC_SetPriority(IRQn_Type, unsigned)
</UL>
<BR>[Calls]<UL><LI><a href="#[c4]">&gt;&gt;</a>&nbsp;&nbsp;&nbsp;[local to stm32f4xx_hal_cortex_c]::NVIC_SetPriority(IRQn_Type, unsigned)
</UL>
<BR>[Called By]<UL><LI><a href="#[be]">&gt;&gt;</a>&nbsp;&nbsp;&nbsp;HAL_InitTick
</UL>

<P><STRONG><a name="[db]"></a>HAL_TIMEx_BreakCallback</STRONG> (Thumb, 2 bytes, Stack size 0 bytes, stm32f4xx_hal_tim_ex.o(i.HAL_TIMEx_BreakCallback))
<BR><BR>[Called By]<UL><LI><a href="#[d6]">&gt;&gt;</a>&nbsp;&nbsp;&nbsp;HAL_TIM_IRQHandler
</UL>

<P><STRONG><a name="[dd]"></a>HAL_TIMEx_CommutationCallback</STRONG> (Thumb, 2 bytes, Stack size 0 bytes, stm32f4xx_hal_tim_ex.o(i.HAL_TIMEx_CommutationCallback))
<BR><BR>[Called By]<UL><LI><a href="#[d6]">&gt;&gt;</a>&nbsp;&nbsp;&nbsp;HAL_TIM_IRQHandler
</UL>

<P><STRONG><a name="[d3]"></a>HAL_TIM_Base_Init</STRONG> (Thumb, 52 bytes, Stack size 8 bytes, stm32f4xx_hal_tim.o(i.HAL_TIM_Base_Init))
<BR><BR>[Stack]<UL><LI>Max Depth = 8<LI>Call Chain = HAL_TIM_Base_Init
</UL>
<BR>[Calls]<UL><LI><a href="#[d4]">&gt;&gt;</a>&nbsp;&nbsp;&nbsp;HAL_TIM_Base_MspInit
<LI><a href="#[d5]">&gt;&gt;</a>&nbsp;&nbsp;&nbsp;TIM_Base_SetConfig
</UL>
<BR>[Called By]<UL><LI><a href="#[f6]">&gt;&gt;</a>&nbsp;&nbsp;&nbsp;TimInit()
</UL>

<P><STRONG><a name="[d4]"></a>HAL_TIM_Base_MspInit</STRONG> (Thumb, 2 bytes, Stack size 0 bytes, stm32f4xx_hal_tim.o(i.HAL_TIM_Base_MspInit))
<BR><BR>[Called By]<UL><LI><a href="#[d3]">&gt;&gt;</a>&nbsp;&nbsp;&nbsp;HAL_TIM_Base_Init
</UL>

<P><STRONG><a name="[12a]"></a>HAL_TIM_Base_Start_IT</STRONG> (Thumb, 30 bytes, Stack size 0 bytes, stm32f4xx_hal_tim.o(i.HAL_TIM_Base_Start_IT))
<BR><BR>[Called By]<UL><LI><a href="#[f6]">&gt;&gt;</a>&nbsp;&nbsp;&nbsp;TimInit()
</UL>

<P><STRONG><a name="[d7]"></a>HAL_TIM_IC_CaptureCallback</STRONG> (Thumb, 2 bytes, Stack size 0 bytes, stm32f4xx_hal_tim.o(i.HAL_TIM_IC_CaptureCallback))
<BR><BR>[Called By]<UL><LI><a href="#[d6]">&gt;&gt;</a>&nbsp;&nbsp;&nbsp;HAL_TIM_IRQHandler
</UL>

<P><STRONG><a name="[d6]"></a>HAL_TIM_IRQHandler</STRONG> (Thumb, 406 bytes, Stack size 8 bytes, stm32f4xx_hal_tim.o(i.HAL_TIM_IRQHandler))
<BR><BR>[Stack]<UL><LI>Max Depth = 120<LI>Call Chain = HAL_TIM_IRQHandler &rArr; HAL_TIM_PeriodElapsedCallback &rArr; SensorAdapter::TouchSensorIT() &rArr; SensorMcu::ReadPos() &rArr; SensorMcu::ReadY() &rArr; SensorMcu::Read(unsigned char)
</UL>
<BR>[Calls]<UL><LI><a href="#[da]">&gt;&gt;</a>&nbsp;&nbsp;&nbsp;HAL_TIM_PeriodElapsedCallback
<LI><a href="#[dc]">&gt;&gt;</a>&nbsp;&nbsp;&nbsp;HAL_TIM_TriggerCallback
<LI><a href="#[d9]">&gt;&gt;</a>&nbsp;&nbsp;&nbsp;HAL_TIM_PWM_PulseFinishedCallback
<LI><a href="#[d8]">&gt;&gt;</a>&nbsp;&nbsp;&nbsp;HAL_TIM_OC_DelayElapsedCallback
<LI><a href="#[d7]">&gt;&gt;</a>&nbsp;&nbsp;&nbsp;HAL_TIM_IC_CaptureCallback
<LI><a href="#[dd]">&gt;&gt;</a>&nbsp;&nbsp;&nbsp;HAL_TIMEx_CommutationCallback
<LI><a href="#[db]">&gt;&gt;</a>&nbsp;&nbsp;&nbsp;HAL_TIMEx_BreakCallback
</UL>
<BR>[Called By]<UL><LI><a href="#[36]">&gt;&gt;</a>&nbsp;&nbsp;&nbsp;TIM2_IRQHandler
<LI><a href="#[33]">&gt;&gt;</a>&nbsp;&nbsp;&nbsp;TIM1_UP_TIM10_IRQHandler
</UL>

<P><STRONG><a name="[d8]"></a>HAL_TIM_OC_DelayElapsedCallback</STRONG> (Thumb, 2 bytes, Stack size 0 bytes, stm32f4xx_hal_tim.o(i.HAL_TIM_OC_DelayElapsedCallback))
<BR><BR>[Called By]<UL><LI><a href="#[d6]">&gt;&gt;</a>&nbsp;&nbsp;&nbsp;HAL_TIM_IRQHandler
</UL>

<P><STRONG><a name="[d9]"></a>HAL_TIM_PWM_PulseFinishedCallback</STRONG> (Thumb, 2 bytes, Stack size 0 bytes, stm32f4xx_hal_tim.o(i.HAL_TIM_PWM_PulseFinishedCallback))
<BR><BR>[Called By]<UL><LI><a href="#[d6]">&gt;&gt;</a>&nbsp;&nbsp;&nbsp;HAL_TIM_IRQHandler
</UL>

<P><STRONG><a name="[da]"></a>HAL_TIM_PeriodElapsedCallback</STRONG> (Thumb, 102 bytes, Stack size 24 bytes, device.o(i.HAL_TIM_PeriodElapsedCallback))
<BR><BR>[Stack]<UL><LI>Max Depth = 112<LI>Call Chain = HAL_TIM_PeriodElapsedCallback &rArr; SensorAdapter::TouchSensorIT() &rArr; SensorMcu::ReadPos() &rArr; SensorMcu::ReadY() &rArr; SensorMcu::Read(unsigned char)
</UL>
<BR>[Calls]<UL><LI><a href="#[e1]">&gt;&gt;</a>&nbsp;&nbsp;&nbsp;RunnbleInterface&lang;Runnable&rang;::reset(void*)
<LI><a href="#[de]">&gt;&gt;</a>&nbsp;&nbsp;&nbsp;SensorAdapter::TouchSensorIT()
<LI><a href="#[df]">&gt;&gt;</a>&nbsp;&nbsp;&nbsp;ServerFactory&lang;DefaultServerListener&rang;::invokeServer(int)
<LI><a href="#[e0]">&gt;&gt;</a>&nbsp;&nbsp;&nbsp;Runtime::push(Runnable*)
</UL>
<BR>[Called By]<UL><LI><a href="#[d6]">&gt;&gt;</a>&nbsp;&nbsp;&nbsp;HAL_TIM_IRQHandler
</UL>

<P><STRONG><a name="[dc]"></a>HAL_TIM_TriggerCallback</STRONG> (Thumb, 2 bytes, Stack size 0 bytes, stm32f4xx_hal_tim.o(i.HAL_TIM_TriggerCallback))
<BR><BR>[Called By]<UL><LI><a href="#[d6]">&gt;&gt;</a>&nbsp;&nbsp;&nbsp;HAL_TIM_IRQHandler
</UL>

<P><STRONG><a name="[13]"></a>MemManage_Handler</STRONG> (Thumb, 4 bytes, Stack size 0 bytes, stm32f4xx_it.o(i.MemManage_Handler))
<BR>[Address Reference Count : 1]<UL><LI> startup_stm32f417xx.o(RESET)
</UL>
<P><STRONG><a name="[11]"></a>NMI_Handler</STRONG> (Thumb, 2 bytes, Stack size 0 bytes, stm32f4xx_it.o(i.NMI_Handler))
<BR>[Address Reference Count : 1]<UL><LI> startup_stm32f417xx.o(RESET)
</UL>
<P><STRONG><a name="[221]"></a>StackSwitchPSV</STRONG> (Thumb, 2 bytes, Stack size 0 bytes, vm.o(i.StackSwitchPSV), UNUSED)

<P><STRONG><a name="[6c]"></a>SystemInit</STRONG> (Thumb, 82 bytes, Stack size 0 bytes, system_stm32f4xx.o(i.SystemInit))
<BR>[Address Reference Count : 1]<UL><LI> startup_stm32f417xx.o(.text)
</UL>
<P><STRONG><a name="[33]"></a>TIM1_UP_TIM10_IRQHandler</STRONG> (Thumb, 10 bytes, Stack size 8 bytes, stm32f4xx_it.o(i.TIM1_UP_TIM10_IRQHandler))
<BR><BR>[Stack]<UL><LI>Max Depth = 128<LI>Call Chain = TIM1_UP_TIM10_IRQHandler &rArr; HAL_TIM_IRQHandler &rArr; HAL_TIM_PeriodElapsedCallback &rArr; SensorAdapter::TouchSensorIT() &rArr; SensorMcu::ReadPos() &rArr; SensorMcu::ReadY() &rArr; SensorMcu::Read(unsigned char)
</UL>
<BR>[Calls]<UL><LI><a href="#[d6]">&gt;&gt;</a>&nbsp;&nbsp;&nbsp;HAL_TIM_IRQHandler
</UL>
<BR>[Address Reference Count : 1]<UL><LI> startup_stm32f417xx.o(RESET)
</UL>
<P><STRONG><a name="[36]"></a>TIM2_IRQHandler</STRONG> (Thumb, 10 bytes, Stack size 8 bytes, stm32f4xx_it.o(i.TIM2_IRQHandler))
<BR><BR>[Stack]<UL><LI>Max Depth = 128<LI>Call Chain = TIM2_IRQHandler &rArr; HAL_TIM_IRQHandler &rArr; HAL_TIM_PeriodElapsedCallback &rArr; SensorAdapter::TouchSensorIT() &rArr; SensorMcu::ReadPos() &rArr; SensorMcu::ReadY() &rArr; SensorMcu::Read(unsigned char)
</UL>
<BR>[Calls]<UL><LI><a href="#[d6]">&gt;&gt;</a>&nbsp;&nbsp;&nbsp;HAL_TIM_IRQHandler
</UL>
<BR>[Address Reference Count : 1]<UL><LI> startup_stm32f417xx.o(RESET)
</UL>
<P><STRONG><a name="[d5]"></a>TIM_Base_SetConfig</STRONG> (Thumb, 184 bytes, Stack size 0 bytes, stm32f4xx_hal_tim.o(i.TIM_Base_SetConfig))
<BR><BR>[Called By]<UL><LI><a href="#[d3]">&gt;&gt;</a>&nbsp;&nbsp;&nbsp;HAL_TIM_Base_Init
</UL>

<P><STRONG><a name="[15]"></a>UsageFault_Handler</STRONG> (Thumb, 4 bytes, Stack size 0 bytes, stm32f4xx_it.o(i.UsageFault_Handler))
<BR>[Address Reference Count : 1]<UL><LI> startup_stm32f417xx.o(RESET)
</UL>
<P><STRONG><a name="[b6]"></a>VMHardFault</STRONG> (Thumb, 20 bytes, Stack size 32 bytes, vm.o(i.VMHardFault))
<BR><BR>[Stack]<UL><LI>Max Depth = 268<LI>Call Chain = VMHardFault &rArr; vmfault(SVC_arg) &rArr; ScreenDriver&lang;ILI9488&lang;GPIO_TypeDef, SpiSoftTypeDef&rang;, GraphicFrame&lang;unsigned short, int&rang;&rang;::fill(GraphicFrame&lang;unsigned short, int&rang;*) &rArr; unsigned ILI9488&lang;GPIO_TypeDef, SpiSoftTypeDef&rang;::driverFill&lang;unsigned short, Box&lang;int&rang;&rang;(T1*, T2) &rArr; ILI9488&lang;GPIO_TypeDef, SpiSoftTypeDef&rang;::window(unsigned short, unsigned short, unsigned short, unsigned short) &rArr; ILI9488&lang;GPIO_TypeDef, SpiSoftTypeDef&rang;::wrData8(unsigned char) &rArr; SpiSoftTypeDef::send_9bit_Data(bool, unsigned char)
</UL>
<BR>[Calls]<UL><LI><a href="#[e2]">&gt;&gt;</a>&nbsp;&nbsp;&nbsp;vmfault(SVC_arg)
</UL>
<BR>[Called By]<UL><LI><a href="#[12]">&gt;&gt;</a>&nbsp;&nbsp;&nbsp;HardFault_Handler
</UL>

<P><STRONG><a name="[e3]"></a>VMInit</STRONG> (Thumb, 14 bytes, Stack size 24 bytes, vm.o(i.VMInit), UNUSED)
<BR><BR>[Calls]<UL><LI><a href="#[e4]">&gt;&gt;</a>&nbsp;&nbsp;&nbsp;vminit(unsigned, unsigned)
</UL>

<P><STRONG><a name="[b3]"></a>VMStart</STRONG> (Thumb, 12 bytes, Stack size 16 bytes, vm.o(i.VMStart))
<BR><BR>[Stack]<UL><LI>Max Depth = 80<LI>Call Chain = VMStart &rArr; vmstart() &rArr; RunnbleInterface&lang;Runnable&rang;::getFrame(RuntimeFrame*)
</UL>
<BR>[Calls]<UL><LI><a href="#[e5]">&gt;&gt;</a>&nbsp;&nbsp;&nbsp;vmstart()
</UL>
<BR>[Called By]<UL><LI><a href="#[b1]">&gt;&gt;</a>&nbsp;&nbsp;&nbsp;vmstart
</UL>

<P><STRONG><a name="[b5]"></a>VMSvc</STRONG> (Thumb, 20 bytes, Stack size 32 bytes, vm.o(i.VMSvc))
[...]
</UL>
<BR>[Calls]<UL><LI><a href="#[13f]">&gt;&gt;</a>&nbsp;&nbsp;&nbsp;operator new(unsigned)
</UL>
<BR>[Called By]<UL><LI><a href="#[153]">&gt;&gt;</a>&nbsp;&nbsp;&nbsp;FontFactory&lang;tFont&lang;unsigned short&rang;, char&rang;::collectFont(const tFont&lang;unsigned short&rang;*)
</UL>

<P><STRONG><a name="[f0]"></a>Dimension&lang;int&rang;::setOrigins(Point&lang;int&rang;)</STRONG> (Thumb, 32 bytes, Stack size 16 bytes, main.o(t._ZN9DimensionIiE10setOriginsE5PointIiE))
<BR><BR>[Stack]<UL><LI>Max Depth = 16<LI>Call Chain = Dimension&lang;int&rang;::setOrigins(Point&lang;int&rang;)
</UL>
<BR>[Called By]<UL><LI><a href="#[10a]">&gt;&gt;</a>&nbsp;&nbsp;&nbsp;Device::render(unsigned short)
<LI><a href="#[74]">&gt;&gt;</a>&nbsp;&nbsp;&nbsp;PaneClickListener(TouchStruct)
</UL>

<P><STRONG><a name="[1e0]"></a>Dimension&lang;int&rang;::getLeftCenter()</STRONG> (Thumb, 30 bytes, Stack size 16 bytes, main.o(t._ZN9DimensionIiE13getLeftCenterEv))
<BR><BR>[Stack]<UL><LI>Max Depth = 16<LI>Call Chain = Dimension&lang;int&rang;::getLeftCenter()
</UL>
<BR>[Called By]<UL><LI><a href="#[92]">&gt;&gt;</a>&nbsp;&nbsp;&nbsp;GSlide&lang;unsigned short&rang;::repaint()
</UL>

<P><STRONG><a name="[11b]"></a>Dimension&lang;int&rang;::getBox()</STRONG> (Thumb, 28 bytes, Stack size 28 bytes, main.o(t._ZN9DimensionIiE6getBoxEv))
<BR><BR>[Stack]<UL><LI>Max Depth = 28<LI>Call Chain = Dimension&lang;int&rang;::getBox()
</UL>
<BR>[Called By]<UL><LI><a href="#[87]">&gt;&gt;</a>&nbsp;&nbsp;&nbsp;WalkingManRepaintHook(void*)
<LI><a href="#[1a1]">&gt;&gt;</a>&nbsp;&nbsp;&nbsp;GPaneInterface&lang;unsigned short&rang;::operator ()(GraphicFrame&lang;unsigned short, int&rang;*)
<LI><a href="#[167]">&gt;&gt;</a>&nbsp;&nbsp;&nbsp;void ScreenDriver&lang;ILI9488&lang;GPIO_TypeDef, SpiSoftTypeDef&rang;, GraphicFrame&lang;unsigned short, int&rang;&rang;::fill&lang;unsigned short&rang;(GraphicFrame&lang;unsigned short, int&rang;*, ViewPort&, T1)
<LI><a href="#[180]">&gt;&gt;</a>&nbsp;&nbsp;&nbsp;GContentPane&lang;unsigned short&rang;::GContentPane__sub_object(GraphicFrame&lang;unsigned short, int&rang;*)
<LI><a href="#[164]">&gt;&gt;</a>&nbsp;&nbsp;&nbsp;void GContentPane&lang;unsigned short&rang;::repaint&lang;GButton&lang;unsigned short&rang;&rang;(ArrayListBase&lang;T1&rang;&, ViewPort&)
<LI><a href="#[162]">&gt;&gt;</a>&nbsp;&nbsp;&nbsp;void GContentPane&lang;unsigned short&rang;::repaint&lang;GSlide&lang;unsigned short&rang;&rang;(ArrayListBase&lang;T1&rang;&, ViewPort&)
<LI><a href="#[163]">&gt;&gt;</a>&nbsp;&nbsp;&nbsp;void GContentPane&lang;unsigned short&rang;::repaint&lang;GLabel&lang;unsigned short&rang;&rang;(ArrayListBase&lang;T1&rang;&, ViewPort&)
<LI><a href="#[165]">&gt;&gt;</a>&nbsp;&nbsp;&nbsp;void GContentPane&lang;unsigned short&rang;::repaint&lang;NonPaletteInterface&lang;unsigned short&rang;&rang;(ArrayListBase&lang;T1&rang;&, ViewPort&)
<LI><a href="#[166]">&gt;&gt;</a>&nbsp;&nbsp;&nbsp;void GContentPane&lang;unsigned short&rang;::repaint&lang;GraphicObject&lang;unsigned short&rang;&rang;(ArrayListBase&lang;T1&rang;&, ViewPort&)
<LI><a href="#[161]">&gt;&gt;</a>&nbsp;&nbsp;&nbsp;void GContentPane&lang;unsigned short&rang;::repaint&lang;GTextField&lang;unsigned short&rang;&rang;(ArrayListBase&lang;T1&rang;&, ViewPort&)
<LI><a href="#[1a4]">&gt;&gt;</a>&nbsp;&nbsp;&nbsp;GSelectable&lang;unsigned short&rang;::drawSelection()
<LI><a href="#[86]">&gt;&gt;</a>&nbsp;&nbsp;&nbsp;WalkingManThrowingWeaponRepaintHook(void*)
</UL>

<P><STRONG><a name="[141]"></a>Dimension&lang;int&rang;::setSize(int, int, int, int)</STRONG> (Thumb, 14 bytes, Stack size 8 bytes, main.o(t._ZN9DimensionIiE7setSizeEiiii))
<BR><BR>[Stack]<UL><LI>Max Depth = 8<LI>Call Chain = Dimension&lang;int&rang;::setSize(int, int, int, int)
</UL>
<BR>[Called By]<UL><LI><a href="#[159]">&gt;&gt;</a>&nbsp;&nbsp;&nbsp;T1* GContentPane&lang;unsigned short&rang;::createComponent&lang;GSlide&lang;unsigned short&rang;&rang;(unsigned, unsigned, unsigned, unsigned)
<LI><a href="#[f9]">&gt;&gt;</a>&nbsp;&nbsp;&nbsp;Device::init()
<LI><a href="#[13e]">&gt;&gt;</a>&nbsp;&nbsp;&nbsp;TestGameEngine::TestGameEngine(GContentPane&lang;unsigned short&rang;*)
</UL>

<P><STRONG><a name="[1c3]"></a>void Dimension&lang;int&rang;::setSize&lang;Box&lang;int&rang;&rang;(T1)</STRONG> (Thumb, 22 bytes, Stack size 16 bytes, main.o(t._ZN9DimensionIiE7setSizeI3BoxIiEEEvT_))
<BR><BR>[Stack]<UL><LI>Max Depth = 16<LI>Call Chain = void Dimension&lang;int&rang;::setSize&lang;Box&lang;int&rang;&rang;(T1)
</UL>
<BR>[Called By]<UL><LI><a href="#[1a1]">&gt;&gt;</a>&nbsp;&nbsp;&nbsp;GPaneInterface&lang;unsigned short&rang;::operator ()(GraphicFrame&lang;unsigned short, int&rang;*)
<LI><a href="#[180]">&gt;&gt;</a>&nbsp;&nbsp;&nbsp;GContentPane&lang;unsigned short&rang;::GContentPane__sub_object(GraphicFrame&lang;unsigned short, int&rang;*)
</UL>

<P><STRONG><a name="[15b]"></a>Dimension&lang;int&rang;::getWidth()</STRONG> (Thumb, 6 bytes, Stack size 0 bytes, main.o(t._ZN9DimensionIiE8getWidthEv))
<BR><BR>[Called By]<UL><LI><a href="#[156]">&gt;&gt;</a>&nbsp;&nbsp;&nbsp;GraphicFrame&lang;T1, T2&rang;* GraphicFrameFactory::newFrame&lang;unsigned short, int&rang;(Dimension&lang;T2&rang;)
<LI><a href="#[f9]">&gt;&gt;</a>&nbsp;&nbsp;&nbsp;Device::init()
</UL>

<P><STRONG><a name="[195]"></a>Dimension&lang;int&rang;::testPoint(Point&lang;int&rang;)</STRONG> (Thumb, 58 bytes, Stack size 24 bytes, guiengine.o(t._ZN9DimensionIiE9testPointE5PointIiE))
<BR><BR>[Stack]<UL><LI>Max Depth = 24<LI>Call Chain = Dimension&lang;int&rang;::testPoint(Point&lang;int&rang;)
</UL>
<BR>[Called By]<UL><LI><a href="#[187]">&gt;&gt;</a>&nbsp;&nbsp;&nbsp;GContentPane&lang;unsigned short&rang;::fireSensorTouchPane(TouchStruct)
<LI><a href="#[186]">&gt;&gt;</a>&nbsp;&nbsp;&nbsp;GContentPane&lang;unsigned short&rang;::fireSensorPressPane(TouchStruct)
<LI><a href="#[1bf]">&gt;&gt;</a>&nbsp;&nbsp;&nbsp;int GContentPane&lang;unsigned short&rang;::fireSensorTouch&lang;GButton&lang;unsigned short&rang;&rang;(ArrayListBase&lang;T1&rang;&, TouchStruct)
<LI><a href="#[1be]">&gt;&gt;</a>&nbsp;&nbsp;&nbsp;int GContentPane&lang;unsigned short&rang;::fireSensorTouch&lang;GSlide&lang;unsigned short&rang;&rang;(ArrayListBase&lang;T1&rang;&, TouchStruct)
<LI><a href="#[1bd]">&gt;&gt;</a>&nbsp;&nbsp;&nbsp;int GContentPane&lang;unsigned short&rang;::fireSensorTouch&lang;GLabel&lang;unsigned short&rang;&rang;(ArrayListBase&lang;T1&rang;&, TouchStruct)
<LI><a href="#[1bc]">&gt;&gt;</a>&nbsp;&nbsp;&nbsp;int GContentPane&lang;unsigned short&rang;::fireSensorTouch&lang;NonPaletteInterface&lang;unsigned short&rang;&rang;(ArrayListBase&lang;T1&rang;&, TouchStruct)
<LI><a href="#[1bb]">&gt;&gt;</a>&nbsp;&nbsp;&nbsp;int GContentPane&lang;unsigned short&rang;::fireSensorTouch&lang;GTextField&lang;unsigned short&rang;&rang;(ArrayListBase&lang;T1&rang;&, TouchStruct)
<LI><a href="#[1ba]">&gt;&gt;</a>&nbsp;&nbsp;&nbsp;int GContentPane&lang;unsigned short&rang;::fireSensorPress&lang;GButton&lang;unsigned short&rang;&rang;(ArrayListBase&lang;T1&rang;&, TouchStruct)
<LI><a href="#[1b9]">&gt;&gt;</a>&nbsp;&nbsp;&nbsp;int GContentPane&lang;unsigned short&rang;::fireSensorPress&lang;GSlide&lang;unsigned short&rang;&rang;(ArrayListBase&lang;T1&rang;&, TouchStruct)
<LI><a href="#[1b8]">&gt;&gt;</a>&nbsp;&nbsp;&nbsp;int GContentPane&lang;unsigned short&rang;::fireSensorPress&lang;GLabel&lang;unsigned short&rang;&rang;(ArrayListBase&lang;T1&rang;&, TouchStruct)
<LI><a href="#[1b7]">&gt;&gt;</a>&nbsp;&nbsp;&nbsp;int GContentPane&lang;unsigned short&rang;::fireSensorPress&lang;NonPaletteInterface&lang;unsigned short&rang;&rang;(ArrayListBase&lang;T1&rang;&, TouchStruct)
<LI><a href="#[1b6]">&gt;&gt;</a>&nbsp;&nbsp;&nbsp;int GContentPane&lang;unsigned short&rang;::fireSensorPress&lang;GTextField&lang;unsigned short&rang;&rang;(ArrayListBase&lang;T1&rang;&, TouchStruct)
<LI><a href="#[1b5]">&gt;&gt;</a>&nbsp;&nbsp;&nbsp;int GContentPane&lang;unsigned short&rang;::fireSensorClick&lang;GButton&lang;unsigned short&rang;&rang;(ArrayListBase&lang;T1&rang;&, TouchStruct)
<LI><a href="#[1b4]">&gt;&gt;</a>&nbsp;&nbsp;&nbsp;int GContentPane&lang;unsigned short&rang;::fireSensorClick&lang;GSlide&lang;unsigned short&rang;&rang;(ArrayListBase&lang;T1&rang;&, TouchStruct)
<LI><a href="#[1b3]">&gt;&gt;</a>&nbsp;&nbsp;&nbsp;int GContentPane&lang;unsigned short&rang;::fireSensorClick&lang;GLabel&lang;unsigned short&rang;&rang;(ArrayListBase&lang;T1&rang;&, TouchStruct)
<LI><a href="#[1b2]">&gt;&gt;</a>&nbsp;&nbsp;&nbsp;int GContentPane&lang;unsigned short&rang;::fireSensorClick&lang;NonPaletteInterface&lang;unsigned short&rang;&rang;(ArrayListBase&lang;T1&rang;&, TouchStruct)
<LI><a href="#[1b1]">&gt;&gt;</a>&nbsp;&nbsp;&nbsp;int GContentPane&lang;unsigned short&rang;::fireSensorClick&lang;GTextField&lang;unsigned short&rang;&rang;(ArrayListBase&lang;T1&rang;&, TouchStruct)
<LI><a href="#[194]">&gt;&gt;</a>&nbsp;&nbsp;&nbsp;int GComponent&lang;unsigned short&rang;::fireListeners&lang;GComponentListener&rang;(ArrayListBase&lang;T1&rang;&, TouchStruct)
</UL>

<P><STRONG><a name="[ff]"></a>Dimension&lang;int&rang;::Dimension(Dimension&lang;int&rang;&)</STRONG> (Thumb, 18 bytes, Stack size 0 bytes, main.o(t._ZN9DimensionIiEC1ERS0_))
<BR><BR>[Called By]<UL><LI><a href="#[100]">&gt;&gt;</a>&nbsp;&nbsp;&nbsp;Dimension&lang;int&rang;::operator =(Dimension&lang;int&rang;&)
<LI><a href="#[92]">&gt;&gt;</a>&nbsp;&nbsp;&nbsp;GSlide&lang;unsigned short&rang;::repaint()
<LI><a href="#[91]">&gt;&gt;</a>&nbsp;&nbsp;&nbsp;GLabel&lang;unsigned short&rang;::repaint()
<LI><a href="#[1d9]">&gt;&gt;</a>&nbsp;&nbsp;&nbsp;print::DrawString&lang;unsigned short&rang;::putChar(Dimension&lang;int&rang;, char, unsigned short, const tChar&lang;unsigned short&rang;*, bool)
<LI><a href="#[1a5]">&gt;&gt;</a>&nbsp;&nbsp;&nbsp;Dimension&lang;T1&rang;& print::DrawString&lang;unsigned short&rang;::drawString&lang;int&rang;(Dimension&lang;T1&rang;, char*, unsigned short, bool, bool)
<LI><a href="#[1a3]">&gt;&gt;</a>&nbsp;&nbsp;&nbsp;GFill&lang;unsigned short&rang;::fill(int, int, int, int, unsigned short)
<LI><a href="#[90]">&gt;&gt;</a>&nbsp;&nbsp;&nbsp;NonPaletteInterface&lang;unsigned short&rang;::repaint()
<LI><a href="#[156]">&gt;&gt;</a>&nbsp;&nbsp;&nbsp;GraphicFrame&lang;T1, T2&rang;* GraphicFrameFactory::newFrame&lang;unsigned short, int&rang;(Dimension&lang;T2&rang;)
<LI><a href="#[8e]">&gt;&gt;</a>&nbsp;&nbsp;&nbsp;GTextField&lang;unsigned short&rang;::repaint()
<LI><a href="#[f9]">&gt;&gt;</a>&nbsp;&nbsp;&nbsp;Device::init()
<LI><a href="#[7a]">&gt;&gt;</a>&nbsp;&nbsp;&nbsp;SystemEventBurner(void*)
</UL>

<P><STRONG><a name="[230]"></a>Dimension&lang;int&rang;::Dimension__sub_object(Dimension&lang;int&rang;&)</STRONG> (Thumb, 0 bytes, Stack size 0 bytes, main.o(t._ZN9DimensionIiEC1ERS0_), UNUSED)

<P><STRONG><a name="[fe]"></a>Dimension&lang;int&rang;::Dimension(int, int, int, int)</STRONG> (Thumb, 14 bytes, Stack size 8 bytes, main.o(t._ZN9DimensionIiEC1Eiiii))
<BR><BR>[Stack]<UL><LI>Max Depth = 8<LI>Call Chain = Dimension&lang;int&rang;::Dimension(int, int, int, int)
</UL>
<BR>[Called By]<UL><LI><a href="#[91]">&gt;&gt;</a>&nbsp;&nbsp;&nbsp;GLabel&lang;unsigned short&rang;::repaint()
<LI><a href="#[1a3]">&gt;&gt;</a>&nbsp;&nbsp;&nbsp;GFill&lang;unsigned short&rang;::fill(int, int, int, int, unsigned short)
<LI><a href="#[90]">&gt;&gt;</a>&nbsp;&nbsp;&nbsp;NonPaletteInterface&lang;unsigned short&rang;::repaint()
<LI><a href="#[144]">&gt;&gt;</a>&nbsp;&nbsp;&nbsp;WalkingManObject&lang;unsigned short&rang;::WalkingManObject(NonPaletteInterface&lang;unsigned short&rang;*)
<LI><a href="#[8e]">&gt;&gt;</a>&nbsp;&nbsp;&nbsp;GTextField&lang;unsigned short&rang;::repaint()
<LI><a href="#[f9]">&gt;&gt;</a>&nbsp;&nbsp;&nbsp;Device::init()
<LI><a href="#[7a]">&gt;&gt;</a>&nbsp;&nbsp;&nbsp;SystemEventBurner(void*)
</UL>

<P><STRONG><a name="[231]"></a>Dimension&lang;int&rang;::Dimension__sub_object(int, int, int, int)</STRONG> (Thumb, 0 bytes, Stack size 8 bytes, main.o(t._ZN9DimensionIiEC1Eiiii), UNUSED)

<P><STRONG><a name="[18f]"></a>Dimension&lang;int&rang;::Dimension()</STRONG> (Thumb, 12 bytes, Stack size 0 bytes, main.o(t._ZN9DimensionIiEC1Ev))
<BR><BR>[Called By]<UL><LI><a href="#[9b]">&gt;&gt;</a>&nbsp;&nbsp;&nbsp;__sti___8_main_cpp_Font
<LI><a href="#[1c4]">&gt;&gt;</a>&nbsp;&nbsp;&nbsp;Graphic&lang;unsigned short&rang;::Graphic__sub_object(GraphicFrame&lang;unsigned short, int&rang;*)
<LI><a href="#[1e4]">&gt;&gt;</a>&nbsp;&nbsp;&nbsp;GCircle&lang;unsigned short&rang;::GCircle__sub_object(GraphicFrame&lang;unsigned short, int&rang;*)
<LI><a href="#[1b0]">&gt;&gt;</a>&nbsp;&nbsp;&nbsp;GSlide&lang;unsigned short&rang;::GSlide__sub_object(Graphic&lang;unsigned short&rang;*)
<LI><a href="#[92]">&gt;&gt;</a>&nbsp;&nbsp;&nbsp;GSlide&lang;unsigned short&rang;::repaint()
<LI><a href="#[158]">&gt;&gt;</a>&nbsp;&nbsp;&nbsp;GLabel&lang;unsigned short&rang;::GLabel__sub_object(Graphic&lang;unsigned short&rang;*)
<LI><a href="#[1de]">&gt;&gt;</a>&nbsp;&nbsp;&nbsp;print::Print&lang;unsigned short&rang;::Print__sub_object(GraphicFrame&lang;unsigned short, int&rang;*)
<LI><a href="#[1dc]">&gt;&gt;</a>&nbsp;&nbsp;&nbsp;print::DrawString&lang;unsigned short&rang;::DrawString__sub_object(GraphicFrame&lang;unsigned short, int&rang;*)
<LI><a href="#[1d3]">&gt;&gt;</a>&nbsp;&nbsp;&nbsp;GFill&lang;unsigned short&rang;::GFill__sub_object(GraphicFrame&lang;unsigned short, int&rang;*)
<LI><a href="#[140]">&gt;&gt;</a>&nbsp;&nbsp;&nbsp;NonPaletteInterface&lang;unsigned short&rang;::NonPaletteInterface__sub_object(Graphic&lang;unsigned short&rang;*)
<LI><a href="#[1a6]">&gt;&gt;</a>&nbsp;&nbsp;&nbsp;GPaletteComponent&lang;unsigned short&rang;::GPaletteComponent__sub_object(Graphic&lang;unsigned short&rang;*)
<LI><a href="#[1a0]">&gt;&gt;</a>&nbsp;&nbsp;&nbsp;GPaneInterface&lang;unsigned short&rang;::GPaneInterface__sub_object()
<LI><a href="#[167]">&gt;&gt;</a>&nbsp;&nbsp;&nbsp;void ScreenDriver&lang;ILI9488&lang;GPIO_TypeDef, SpiSoftTypeDef&rang;, GraphicFrame&lang;unsigned short, int&rang;&rang;::fill&lang;unsigned short&rang;(GraphicFrame&lang;unsigned short, int&rang;*, ViewPort&, T1)
<LI><a href="#[180]">&gt;&gt;</a>&nbsp;&nbsp;&nbsp;GContentPane&lang;unsigned short&rang;::GContentPane__sub_object(GraphicFrame&lang;unsigned short, int&rang;*)
<LI><a href="#[1a7]">&gt;&gt;</a>&nbsp;&nbsp;&nbsp;GSelectable&lang;unsigned short&rang;::GSelectable__sub_object(Graphic&lang;unsigned short&rang;*)
<LI><a href="#[1ae]">&gt;&gt;</a>&nbsp;&nbsp;&nbsp;Line_Class&lang;unsigned short&rang;::Line_Class__sub_object(GraphicFrame&lang;unsigned short, int&rang;*)
<LI><a href="#[15a]">&gt;&gt;</a>&nbsp;&nbsp;&nbsp;GTextField&lang;unsigned short&rang;::GTextField__sub_object(Graphic&lang;unsigned short&rang;*)
<LI><a href="#[19f]">&gt;&gt;</a>&nbsp;&nbsp;&nbsp;GRectangle&lang;unsigned short&rang;::GRectangle__sub_object(GraphicFrame&lang;unsigned short, int&rang;*)
<LI><a href="#[19b]">&gt;&gt;</a>&nbsp;&nbsp;&nbsp;GComponent&lang;unsigned short&rang;::GComponent__sub_object()
<LI><a href="#[1c9]">&gt;&gt;</a>&nbsp;&nbsp;&nbsp;GraphicObject&lang;unsigned short&rang;::GraphicObject__sub_object(Graphic&lang;unsigned short&rang;*)
</UL>

<P><STRONG><a name="[232]"></a>Dimension&lang;int&rang;::Dimension__sub_object()</STRONG> (Thumb, 0 bytes, Stack size 0 bytes, main.o(t._ZN9DimensionIiEC1Ev), UNUSED)

<P><STRONG><a name="[100]"></a>Dimension&lang;int&rang;::operator =(Dimension&lang;int&rang;&)</STRONG> (Thumb, 36 bytes, Stack size 16 bytes, main.o(t._ZN9DimensionIiEaSERS0_))
<BR><BR>[Stack]<UL><LI>Max Depth = 16<LI>Call Chain = Dimension&lang;int&rang;::operator =(Dimension&lang;int&rang;&)
</UL>
<BR>[Calls]<UL><LI><a href="#[ff]">&gt;&gt;</a>&nbsp;&nbsp;&nbsp;Dimension&lang;int&rang;::Dimension(Dimension&lang;int&rang;&)
</UL>
<BR>[Called By]<UL><LI><a href="#[1a5]">&gt;&gt;</a>&nbsp;&nbsp;&nbsp;Dimension&lang;T1&rang;& print::DrawString&lang;unsigned short&rang;::drawString&lang;int&rang;(Dimension&lang;T1&rang;, char*, unsigned short, bool, bool)
<LI><a href="#[7a]">&gt;&gt;</a>&nbsp;&nbsp;&nbsp;SystemEventBurner(void*)
</UL>

<P><STRONG><a name="[1df]"></a>Dimension&lang;int&rang;::operator ()(int, int, int, int)</STRONG> (Thumb, 14 bytes, Stack size 8 bytes, main.o(t._ZN9DimensionIiEclEiiii))
<BR><BR>[Stack]<UL><LI>Max Depth = 8<LI>Call Chain = Dimension&lang;int&rang;::operator ()(int, int, int, int)
</UL>
<BR>[Called By]<UL><LI><a href="#[92]">&gt;&gt;</a>&nbsp;&nbsp;&nbsp;GSlide&lang;unsigned short&rang;::repaint()
</UL>

<P><STRONG><a name="[a4]"></a>_fp_init</STRONG> (Thumb, 10 bytes, Stack size 0 bytes, fpinit.o(x$fpl$fpinit))
<BR><BR>[Called By]<UL><LI><a href="#[a3]">&gt;&gt;</a>&nbsp;&nbsp;&nbsp;__rt_lib_init_fp_1
</UL>

<P><STRONG><a name="[233]"></a>__fplib_config_fpu_vfp</STRONG> (Thumb, 0 bytes, Stack size unknown bytes, fpinit.o(x$fpl$fpinit), UNUSED)

<P><STRONG><a name="[234]"></a>__fplib_config_pureend_doubles</STRONG> (Thumb, 0 bytes, Stack size unknown bytes, fpinit.o(x$fpl$fpinit), UNUSED)
<P>
<H3>
Local Symbols
</H3>
<P><STRONG><a name="[9b]"></a>__sti___8_main_cpp_Font</STRONG> (Thumb, 48 bytes, Stack size 8 bytes, main.o(i.__sti___8_main_cpp_Font))
<BR><BR>[Stack]<UL><LI>Max Depth = 8<LI>Call Chain = __sti___8_main_cpp_Font
</UL>
<BR>[Calls]<UL><LI><a href="#[18f]">&gt;&gt;</a>&nbsp;&nbsp;&nbsp;Dimension&lang;int&rang;::Dimension()
</UL>
<BR>[Address Reference Count : 1]<UL><LI> main.o(.init_array)
</UL>
<P><STRONG><a name="[9c]"></a>__sti___10_device_cpp_runtime</STRONG> (Thumb, 26 bytes, Stack size 8 bytes, device.o(i.__sti___10_device_cpp_runtime))
<BR><BR>[Stack]<UL><LI>Max Depth = 56<LI>Call Chain = __sti___10_device_cpp_runtime &rArr; Runtime::Runtime__sub_object() &rArr; ServerFactory&lang;DefaultServerListener&rang;::ServerFactory__sub_object() &rArr; ThreadFactory::ThreadFactory__sub_object()
</UL>
<BR>[Calls]<UL><LI><a href="#[17b]">&gt;&gt;</a>&nbsp;&nbsp;&nbsp;Runtime::Runtime__sub_object()
<LI><a href="#[168]">&gt;&gt;</a>&nbsp;&nbsp;&nbsp;Device::Device()
<LI><a href="#[14f]">&gt;&gt;</a>&nbsp;&nbsp;&nbsp;MemoryAllocator::MemoryAllocator()
</UL>
<BR>[Address Reference Count : 1]<UL><LI> device.o(.init_array)
</UL>
<P><STRONG><a name="[c4]"></a>[local to stm32f4xx_hal_cortex_c]::NVIC_SetPriority(IRQn_Type, unsigned)</STRONG> (Thumb, 32 bytes, Stack size 8 bytes, stm32f4xx_hal_cortex.o(i._ZN44_INTERNAL_22_stm32f4xx_hal_cortex_c_2992dbc016NVIC_SetPriorityE9IRQn_Typej))
<BR><BR>[Stack]<UL><LI>Max Depth = 8<LI>Call Chain = [local to stm32f4xx_hal_cortex_c]::NVIC_SetPriority(IRQn_Type, unsigned)
</UL>
<BR>[Called By]<UL><LI><a href="#[c2]">&gt;&gt;</a>&nbsp;&nbsp;&nbsp;HAL_NVIC_SetPriority
<LI><a href="#[c1]">&gt;&gt;</a>&nbsp;&nbsp;&nbsp;HAL_SYSTICK_Config
</UL>

<P><STRONG><a name="[c3]"></a>[local to stm32f4xx_hal_cortex_c]::NVIC_GetPriorityGrouping()</STRONG> (Thumb, 10 bytes, Stack size 0 bytes, stm32f4xx_hal_cortex.o(i._ZN44_INTERNAL_22_stm32f4xx_hal_cortex_c_2992dbc024NVIC_GetPriorityGroupingEv))
<BR><BR>[Called By]<UL><LI><a href="#[c2]">&gt;&gt;</a>&nbsp;&nbsp;&nbsp;HAL_NVIC_SetPriority
</UL>

<P><STRONG><a name="[cc]"></a>[local to stm32f4xx_hal_spi_c]::SPI_WaitOnFlagUntilTimeout(__SPI_HandleTypeDef*, unsigned, FlagStatus, unsigned)</STRONG> (Thumb, 276 bytes, Stack size 24 bytes, stm32f4xx_hal_spi.o(i._ZN41_INTERNAL_19_stm32f4xx_hal_spi_c_5e7b22bd26SPI_WaitOnFlagUntilTimeoutEP19__SPI_HandleTypeDefj10FlagStatusj))
<BR><BR>[Stack]<UL><LI>Max Depth = 24<LI>Call Chain = [local to stm32f4xx_hal_spi_c]::SPI_WaitOnFlagUntilTimeout(__SPI_HandleTypeDef*, unsigned, FlagStatus, unsigned)
</UL>
<BR>[Calls]<UL><LI><a href="#[bb]">&gt;&gt;</a>&nbsp;&nbsp;&nbsp;HAL_GetTick
</UL>
<BR>[Called By]<UL><LI><a href="#[cd]">&gt;&gt;</a>&nbsp;&nbsp;&nbsp;HAL_SPI_Transmit
<LI><a href="#[ca]">&gt;&gt;</a>&nbsp;&nbsp;&nbsp;HAL_SPI_Receive
<LI><a href="#[cb]">&gt;&gt;</a>&nbsp;&nbsp;&nbsp;HAL_SPI_TransmitReceive
</UL>
<P>
<H3>
Undefined Global Symbols
</H3><HR></body></html>
