Component: ARM Compiler 5.05 update 1 (build 106) Tool: armlink [4d0efa]

==============================================================================

Section Cross References

    main.o(.rev16_text) refers (Special) to contextswitching.o(i.CallSVC) for CallSVC
    main.o(.rev16_text) refers (Special) to contextswitching.o(i.RuntimeInit) for RuntimeInit
    main.o(.rev16_text) refers (Special) to contextswitching.o(i.StackSwitch) for StackSwitch
    main.o(.rev16_text) refers (Special) to contextswitching.o(i.StackSwitchPSV) for StackSwitchPSV
    main.o(.rev16_text) refers (Special) to device.o(.data) for spiLcd
    main.o(.revsh_text) refers (Special) to contextswitching.o(i.CallSVC) for CallSVC
    main.o(.revsh_text) refers (Special) to contextswitching.o(i.RuntimeInit) for RuntimeInit
    main.o(.revsh_text) refers (Special) to contextswitching.o(i.StackSwitch) for StackSwitch
    main.o(.revsh_text) refers (Special) to contextswitching.o(i.StackSwitchPSV) for StackSwitchPSV
    main.o(.revsh_text) refers (Special) to device.o(.data) for spiLcd
    main.o(.rrx_text) refers (Special) to contextswitching.o(i.CallSVC) for CallSVC
    main.o(.rrx_text) refers (Special) to contextswitching.o(i.RuntimeInit) for RuntimeInit
    main.o(.rrx_text) refers (Special) to contextswitching.o(i.StackSwitch) for StackSwitch
    main.o(.rrx_text) refers (Special) to contextswitching.o(i.StackSwitchPSV) for StackSwitchPSV
    main.o(.rrx_text) refers (Special) to device.o(.data) for spiLcd
    main.o(i._Z17SystemEventBurnerP8Runnable) refers (Special) to contextswitching.o(i.CallSVC) for CallSVC
    main.o(i._Z17SystemEventBurnerP8Runnable) refers (Special) to contextswitching.o(i.RuntimeInit) for RuntimeInit
    main.o(i._Z17SystemEventBurnerP8Runnable) refers (Special) to contextswitching.o(i.StackSwitch) for StackSwitch
    main.o(i._Z17SystemEventBurnerP8Runnable) refers (Special) to contextswitching.o(i.StackSwitchPSV) for StackSwitchPSV
    main.o(i._Z17SystemEventBurnerP8Runnable) refers (Special) to device.o(.data) for spiLcd
    main.o(i._Z17SystemEventBurnerP8Runnable) refers to main.o(i._ZN7Runtime11addRunnableEPFiP8RunnableEj) for Runtime::addRunnable(int(*)(Runnable*), unsigned)
    main.o(i._Z17SystemEventBurnerP8Runnable) refers to main.o(t._ZN12ScreenDriverI7ILI9488I12GPIO_TypeDef14SpiSoftTypeDefE12GraphicFrameI19GraphicFrameFactoryIttEttEE4fillIiEEvT_) for void ScreenDriver<ILI9488<GPIO_TypeDef, SpiSoftTypeDef>, GraphicFrame<GraphicFrameFactory<unsigned short, unsigned short>, unsigned short, unsigned short>>::fill<int>(T1)
    main.o(i._Z17SystemEventBurnerP8Runnable) refers to stackswitching.o(.text) for SvcCall
    main.o(i._Z17SystemEventBurnerP8Runnable) refers to stm32f4xx_hal.o(i.HAL_Delay) for HAL_Delay
    main.o(i._Z17SystemEventBurnerP8Runnable) refers to main.o(i._Z18SystemEventBurner3P8Runnable) for SystemEventBurner3(Runnable*)
    main.o(i._Z17SystemEventBurnerP8Runnable) refers to device.o(.bss) for runtime
    main.o(i._Z17SystemEventBurnerP8Runnable) refers to main.o(.constdata) for .constdata
    main.o(i._Z18SystemEventBurner2P8Runnable) refers (Special) to contextswitching.o(i.CallSVC) for CallSVC
    main.o(i._Z18SystemEventBurner2P8Runnable) refers (Special) to contextswitching.o(i.RuntimeInit) for RuntimeInit
    main.o(i._Z18SystemEventBurner2P8Runnable) refers (Special) to contextswitching.o(i.StackSwitch) for StackSwitch
    main.o(i._Z18SystemEventBurner2P8Runnable) refers (Special) to contextswitching.o(i.StackSwitchPSV) for StackSwitchPSV
    main.o(i._Z18SystemEventBurner2P8Runnable) refers (Special) to device.o(.data) for spiLcd
    main.o(i._Z18SystemEventBurner2P8Runnable) refers to main.o(t._ZN12ScreenDriverI7ILI9488I12GPIO_TypeDef14SpiSoftTypeDefE12GraphicFrameI19GraphicFrameFactoryIttEttEE4fillIiEEvT_) for void ScreenDriver<ILI9488<GPIO_TypeDef, SpiSoftTypeDef>, GraphicFrame<GraphicFrameFactory<unsigned short, unsigned short>, unsigned short, unsigned short>>::fill<int>(T1)
    main.o(i._Z18SystemEventBurner2P8Runnable) refers to stm32f4xx_hal.o(i.HAL_Delay) for HAL_Delay
    main.o(i._Z18SystemEventBurner2P8Runnable) refers to device.o(.bss) for device
    main.o(i._Z18SystemEventBurner3P8Runnable) refers (Special) to contextswitching.o(i.CallSVC) for CallSVC
    main.o(i._Z18SystemEventBurner3P8Runnable) refers (Special) to contextswitching.o(i.RuntimeInit) for RuntimeInit
    main.o(i._Z18SystemEventBurner3P8Runnable) refers (Special) to contextswitching.o(i.StackSwitch) for StackSwitch
    main.o(i._Z18SystemEventBurner3P8Runnable) refers (Special) to contextswitching.o(i.StackSwitchPSV) for StackSwitchPSV
    main.o(i._Z18SystemEventBurner3P8Runnable) refers (Special) to device.o(.data) for spiLcd
    main.o(i._Z18SystemEventBurner3P8Runnable) refers to main.o(i._ZN6Device15enableBackLightEb) for Device::enableBackLight(bool)
    main.o(i._Z18SystemEventBurner3P8Runnable) refers to stm32f4xx_hal.o(i.HAL_Delay) for HAL_Delay
[...]
    [local to stm32f4xx_hal_cortex_c]::NVIC_GetPriorityGrouping() 0x08001ee1   Thumb Code    10  stm32f4xx_hal_cortex.o(i._ZN44_INTERNAL_22_stm32f4xx_hal_cortex_c_2992dbc024NVIC_GetPriorityGroupingEv)
    i._ZN6Device15enableBackLightEb          0x08001ef0   Section        0  main.o(i._ZN6Device15enableBackLightEb)
    i._ZN6String12stringifyIntEii            0x08001f18   Section        0  main.o(i._ZN6String12stringifyIntEii)
    i._ZN6StringplEPS_                       0x08001fa4   Section        0  main.o(i._ZN6StringplEPS_)
    i._ZN6StringplERS_                       0x08001fb4   Section        0  main.o(i._ZN6StringplERS_)
    i._ZN7Runtime11addRunnableEPFiP8RunnableEj 0x08002010   Section        0  main.o(i._ZN7Runtime11addRunnableEPFiP8RunnableEj)
    i._ZN7Runtime11addRunnableEPFiP8RunnableEjj 0x08002074   Section        0  vm.o(i._ZN7Runtime11addRunnableEPFiP8RunnableEjj)
    i._ZN7Runtime13manageThreadsEPvi         0x080020e4   Section        0  vm.o(i._ZN7Runtime13manageThreadsEPvi)
    i._ZN7Runtime20acceptRunnableStatusEPvP8Runnablei 0x080021b6   Section        0  vm.o(i._ZN7Runtime20acceptRunnableStatusEPvP8Runnablei)
    i._ZN7Runtime9manageSVCE7SVC_arg         0x08002220   Section        0  vm.o(i._ZN7Runtime9manageSVCE7SVC_arg)
    i._ZN7RuntimeC1Ev                        0x080022a8   Section        0  device.o(i._ZN7RuntimeC1Ev)
    i._ZN8Runnable7initTcbEj                 0x08002320   Section        0  main.o(i._ZN8Runnable7initTcbEj)
    i._ZN9AllocatorIcEC1Ev                   0x08002380   Section        0  main.o(i._ZN9AllocatorIcEC1Ev)
    i._ZN9TestClassC1Ec                      0x0800238c   Section        0  main.o(i._ZN9TestClassC1Ec)
    i._ZdlPv                                 0x08002390   Section        0  delete.o(i._ZdlPv)
    i._Znwj                                  0x08002398   Section        0  new.o(i._Znwj)
    i.__aeabi_vec_ctor_nocookie_nodtor       0x080023c0   Section        0  aeabi_vec_ctor_nocookie_nodtor.o(i.__aeabi_vec_ctor_nocookie_nodtor)
    i.__cxa_guard_acquire                    0x080023e4   Section        0  cxa_guard_acquire.o(i.__cxa_guard_acquire)
    i.__sti___10_device_cpp_runtime          0x080023f4   Section        0  device.o(i.__sti___10_device_cpp_runtime)
    __sti___10_device_cpp_runtime            0x080023f5   Thumb Code    52  device.o(i.__sti___10_device_cpp_runtime)
    i.__sti___8_main_cpp_ca4700dd            0x0800243c   Section        0  main.o(i.__sti___8_main_cpp_ca4700dd)
    __sti___8_main_cpp_ca4700dd              0x0800243d   Thumb Code    34  main.o(i.__sti___8_main_cpp_ca4700dd)
    i.main                                   0x08002470   Section        0  main.o(i.main)
    t._ZN12ScreenDriverI7ILI9488I12GPIO_TypeDef14SpiSoftTypeDefE12GraphicFrameI19GraphicFrameFactoryIttEttEE4fillIiEEvT_ 0x0800264c   Section        0  main.o(t._ZN12ScreenDriverI7ILI9488I12GPIO_TypeDef14SpiSoftTypeDefE12GraphicFrameI19GraphicFrameFactoryIttEttEE4fillIiEEvT_)
    t._ZN12SynchronizerI7RuntimeE11syncReleaseEPS0_ 0x08002664   Section        0  device.o(t._ZN12SynchronizerI7RuntimeE11syncReleaseEPS0_)
    t._ZN12SynchronizerI7RuntimeE9syncFetchEPS0_ 0x0800266a   Section        0  device.o(t._ZN12SynchronizerI7RuntimeE9syncFetchEPS0_)
    t._ZN13ArrayListBaseI11MemoryChunkE3addEPS0_ 0x0800267e   Section        0  memory_alloc.o(t._ZN13ArrayListBaseI11MemoryChunkE3addEPS0_)
    t._ZN13ArrayListBaseI11MemoryChunkE3addERS0_ 0x08002690   Section        0  memory_alloc.o(t._ZN13ArrayListBaseI11MemoryChunkE3addERS0_)
    t._ZN13ArrayListBaseI11MemoryChunkE6removeEPS0_ 0x08002714   Section        0  memory_alloc.o(t._ZN13ArrayListBaseI11MemoryChunkE6removeEPS0_)
    t._ZN13ArrayListBaseI11MemoryChunkE6removeERS0_ 0x08002724   Section        0  memory_alloc.o(t._ZN13ArrayListBaseI11MemoryChunkE6removeERS0_)
    t._ZN13ArrayListBaseI11MemoryChunkEC1Ev  0x08002766   Section        0  device.o(t._ZN13ArrayListBaseI11MemoryChunkEC1Ev)
    t._ZN13ArrayListBaseI8RunnableE3addERS0_ 0x0800276e   Section        0  main.o(t._ZN13ArrayListBaseI8RunnableE3addERS0_)
    t._ZN13ArrayListBaseI8RunnableE6removeERS0_ 0x080027d0   Section        0  vm.o(t._ZN13ArrayListBaseI8RunnableE6removeERS0_)
    t._ZN13ArrayListBaseI8RunnableEC1Ev      0x08002812   Section        0  device.o(t._ZN13ArrayListBaseI8RunnableEC1Ev)
    t._ZN6StringC1IKcEEPT_                   0x0800281c   Section        0  main.o(t._ZN6StringC1IKcEEPT_)
    t._ZN6StringC1IcEEPT_                    0x0800285c   Section        0  main.o(t._ZN6StringC1IcEEPT_)
    t._ZN7ILI9488I12GPIO_TypeDef14SpiSoftTypeDefE10driverFillEttt 0x0800289c   Section        0  main.o(t._ZN7ILI9488I12GPIO_TypeDef14SpiSoftTypeDefE10driverFillEttt)
    t._ZN7ILI9488I12GPIO_TypeDef14SpiSoftTypeDefE10resetForceEb 0x08002904   Section        0  main.o(t._ZN7ILI9488I12GPIO_TypeDef14SpiSoftTypeDefE10resetForceEb)
    t._ZN7ILI9488I12GPIO_TypeDef14SpiSoftTypeDefE4initEv 0x08002924   Section        0  main.o(t._ZN7ILI9488I12GPIO_TypeDef14SpiSoftTypeDefE4initEv)
    t._ZN7ILI9488I12GPIO_TypeDef14SpiSoftTypeDefE5delayEj 0x08002a70   Section        0  main.o(t._ZN7ILI9488I12GPIO_TypeDef14SpiSoftTypeDefE5delayEj)
    t._ZN7ILI9488I12GPIO_TypeDef14SpiSoftTypeDefE5hsClkEv 0x08002a7e   Section        0  main.o(t._ZN7ILI9488I12GPIO_TypeDef14SpiSoftTypeDefE5hsClkEv)
    t._ZN7ILI9488I12GPIO_TypeDef14SpiSoftTypeDefE5setHsEb 0x08002ac4   Section        0  main.o(t._ZN7ILI9488I12GPIO_TypeDef14SpiSoftTypeDefE5setHsEb)
    t._ZN7ILI9488I12GPIO_TypeDef14SpiSoftTypeDefE5setVsEb 0x08002ae4   Section        0  main.o(t._ZN7ILI9488I12GPIO_TypeDef14SpiSoftTypeDefE5setVsEb)
    t._ZN7ILI9488I12GPIO_TypeDef14SpiSoftTypeDefE5vsClkEv 0x08002b04   Section        0  main.o(t._ZN7ILI9488I12GPIO_TypeDef14SpiSoftTypeDefE5vsClkEv)
    t._ZN7ILI9488I12GPIO_TypeDef14SpiSoftTypeDefE6setDenEb 0x08002b20   Section        0  main.o(t._ZN7ILI9488I12GPIO_TypeDef14SpiSoftTypeDefE6setDenEb)
    t._ZN7ILI9488I12GPIO_TypeDef14SpiSoftTypeDefE6setDotEb 0x08002b40   Section        0  main.o(t._ZN7ILI9488I12GPIO_TypeDef14SpiSoftTypeDefE6setDotEb)
    t._ZN7ILI9488I12GPIO_TypeDef14SpiSoftTypeDefE6wrCmd8Eh 0x08002b60   Section        0  main.o(t._ZN7ILI9488I12GPIO_TypeDef14SpiSoftTypeDefE6wrCmd8Eh)
    t._ZN7ILI9488I12GPIO_TypeDef14SpiSoftTypeDefE7wrData8Eh 0x08002b74   Section        0  main.o(t._ZN7ILI9488I12GPIO_TypeDef14SpiSoftTypeDefE7wrData8Eh)
    t._ZN8IteratorI9ArrayListI9TestClassES1_E4nextEv 0x08002b88   Section        0  main.o(t._ZN8IteratorI9ArrayListI9TestClassES1_E4nextEv)
    t._ZN8IteratorI9ArrayListI9TestClassES1_E7hasNextEv 0x08002b92   Section        0  main.o(t._ZN8IteratorI9ArrayListI9TestClassES1_E7hasNextEv)
    t._ZN8IteratorI9ArrayListI9TestClassES1_EC1Ev 0x08002ba2   Section        0  main.o(t._ZN8IteratorI9ArrayListI9TestClassES1_EC1Ev)
    t._ZN8IteratorI9ArrayListI9TestClassES1_EclER20DefaultArrayListNodeIS2_S1_E 0x08002ba4   Section        0  main.o(t._ZN8IteratorI9ArrayListI9TestClassES1_EclER20DefaultArrayListNodeIS2_S1_E)
    t._ZN9AllocatorI20DefaultArrayListNodeI9ArrayListI9TestClassES2_EE3NewEv 0x08002ba8   Section        0  main.o(t._ZN9AllocatorI20DefaultArrayListNodeI9ArrayListI9TestClassES2_EE3NewEv)
    t._ZN9AllocatorI20DefaultArrayListNodeI9ArrayListI9TestClassES2_EE5allocEj 0x08002bb8   Section        0  main.o(t._ZN9AllocatorI20DefaultArrayListNodeI9ArrayListI9TestClassES2_EE5allocEj)
    t._ZN9AllocatorIcE3NewEj                 0x08002bc6   Section        0  main.o(t._ZN9AllocatorIcE3NewEj)
    t._ZN9AllocatorIcE5allocEj               0x08002bd8   Section        0  main.o(t._ZN9AllocatorIcE5allocEj)
    t._ZN9AllocatorIcE8NewArrayEj            0x08002be6   Section        0  main.o(t._ZN9AllocatorIcE8NewArrayEj)
    t._ZN9ArrayListI9TestClassE8addFirstEPS0_ 0x08002bf8   Section        0  main.o(t._ZN9ArrayListI9TestClassE8addFirstEPS0_)
    t._ZN9ArrayListI9TestClassE8addFirstERS0_ 0x08002c08   Section        0  main.o(t._ZN9ArrayListI9TestClassE8addFirstERS0_)
    t._ZN9ArrayListI9TestClassE8iteratorEv   0x08002c48   Section        0  main.o(t._ZN9ArrayListI9TestClassE8iteratorEv)
    x$fpl$fpinit                             0x08002c80   Section       10  fpinit.o(x$fpl$fpinit)
    $v0                                      0x08002c80   Number         0  fpinit.o(x$fpl$fpinit)
    .constdata                               0x08002c8c   Section       16  main.o(.constdata)
    .constdata                               0x08002c9c   Section       16  stm32f4xx_hal_rcc.o(.constdata)
    APBAHBPrescTable                         0x08002c9c   Data          16  stm32f4xx_hal_rcc.o(.constdata)
    .constdata__ZTV11MemoryChunk             0x08002cac   Section       12  memory_alloc.o(.constdata__ZTV11MemoryChunk)
    .constdata__ZTV12SynchronizerI7RuntimeE  0x08002cb8   Section       24  device.o(.constdata__ZTV12SynchronizerI7RuntimeE)
    .constdata__ZTV12SynchronizerI9ArrayListI8RunnableEE 0x08002cd0   Section       24  device.o(.constdata__ZTV12SynchronizerI9ArrayListI8RunnableEE)
    .constdata__ZTV12SynchronizerI9ArrayListI9TestClassEE 0x08002ce8   Section       24  main.o(.constdata__ZTV12SynchronizerI9ArrayListI9TestClassEE)
    .constdata__ZTV19GraphicFrameFactoryIttE 0x08002d00   Section       16  device.o(.constdata__ZTV19GraphicFrameFactoryIttE)
    .constdata__ZTV24DefaultArrayListBaseNodeI11MemoryChunkE 0x08002d10   Section       12  memory_alloc.o(.constdata__ZTV24DefaultArrayListBaseNodeI11MemoryChunkE)
    .constdata__ZTV6String                   0x08002d1c   Section       16  main.o(.constdata__ZTV6String)
    .constdata__ZTV7Runtime                  0x08002d2c   Section       24  device.o(.constdata__ZTV7Runtime)
    .constdata__ZTV9AllocatorI12GraphicFrameI19GraphicFrameFactoryIttEttEE 0x08002d44   Section       16  device.o(.constdata__ZTV9AllocatorI12GraphicFrameI19GraphicFrameFactoryIttEttEE)
    .constdata__ZTV9AllocatorI20DefaultArrayListNodeI9ArrayListI8RunnableES2_EE 0x08002d54   Section       16  device.o(.constdata__ZTV9AllocatorI20DefaultArrayListNodeI9ArrayListI8RunnableES2_EE)
    .constdata__ZTV9AllocatorI20DefaultArrayListNodeI9ArrayListI9TestClassES2_EE 0x08002d64   Section       16  main.o(.constdata__ZTV9AllocatorI20DefaultArrayListNodeI9ArrayListI9TestClassES2_EE)
    .constdata__ZTV9AllocatorIcE             0x08002d74   Section       16  main.o(.constdata__ZTV9AllocatorIcE)
    .constdata__ZTV9ArrayListI8RunnableE     0x08002d84   Section       40  device.o(.constdata__ZTV9ArrayListI8RunnableE)
    .constdata__ZTV9ArrayListI9TestClassE    0x08002dac   Section       40  main.o(.constdata__ZTV9ArrayListI9TestClassE)
    .constdata__ZZN6Device4initEvEs          0x08002dd4   Section        8  main.o(.constdata__ZZN6Device4initEvEs)
    .constdata__ZZN6Device8toStringEvEs      0x08002ddc   Section        7  main.o(.constdata__ZZN6Device8toStringEvEs)
    .init_array                              0x08002e14   Section        4  main.o(.init_array)
    .init_array                              0x08002e18   Section        4  device.o(.init_array)
    .init_array                              0x08002e1c   Section        0  init_aeabi.o(.init_array)
    .data                                    0x10000000   Section        1  device.o(.data)
    .data                                    0x10000004   Section        4  stm32f4xx_hal.o(.data)
    uwTick                                   0x10000004   Data           4  stm32f4xx_hal.o(.data)
    .data                                    0x10000008   Section       20  system_stm32f4xx.o(.data)
    .data                                    0x1000001c   Section       76  cpucontrolblock.o(.data)
    .data__ZZN7Runtime9manageSVCE7SVC_argE2a0 0x10000068   Section        8  vm.o(.data__ZZN7Runtime9manageSVCE7SVC_argE2a0)
    Runtime::manageSVC(SVC_arg)::a0          0x10000068   Number         0  vm.o(.data__ZZN7Runtime9manageSVCE7SVC_argE2a0)
    .data__ZZN7Runtime9manageSVCE7SVC_argE2a1 0x10000070   Section        8  vm.o(.data__ZZN7Runtime9manageSVCE7SVC_argE2a1)
    Runtime::manageSVC(SVC_arg)::a1          0x10000070   Number         0  vm.o(.data__ZZN7Runtime9manageSVCE7SVC_argE2a1)
    .data__ZZN7Runtime9manageSVCE7SVC_argE2a2 0x10000078   Section        8  vm.o(.data__ZZN7Runtime9manageSVCE7SVC_argE2a2)
    Runtime::manageSVC(SVC_arg)::a2          0x10000078   Number         0  vm.o(.data__ZZN7Runtime9manageSVCE7SVC_argE2a2)
    .data__ZZN9ArrayListI9TestClassE8iteratorEvE1i 0x10000080   Section        8  main.o(.data__ZZN9ArrayListI9TestClassE8iteratorEvE1i)
    ArrayList<TestClass>::iterator()::i      0x10000080   Number         0  main.o(.data__ZZN9ArrayListI9TestClassE8iteratorEvE1i)
    CCM                                      0x20000000   Section    80000  main.o(CCM)
    .bss                                     0x20013880   Section       44  main.o(.bss)
    GPIO_InitStruct                          0x20013880   Data          20  main.o(.bss)
    .bss                                     0x200138ac   Section      200  device.o(.bss)
    GPIO_InitStruct                          0x200138ac   Data          20  device.o(.bss)
    .bss                                     0x20013974   Section       20  gpio_ex.o(.bss)
    GPIO_InitStruct                          0x20013974   Data          20  gpio_ex.o(.bss)
    .bss                                     0x20013988   Section      484  init.o(.bss)
    GPIO_InitStruct                          0x20013988   Data          20  init.o(.bss)
    .bss                                     0x20013b6c   Section       96  libspace.o(.bss)
    HEAP                                     0x20013bd0   Section      512  startup_stm32f417xx.o(HEAP)
    Heap_Mem                                 0x20013bd0   Data         512  startup_stm32f417xx.o(HEAP)
    STACK                                    0x20013dd0   Section     1024  startup_stm32f417xx.o(STACK)
    Stack_Mem                                0x20013dd0   Data        1024  startup_stm32f417xx.o(STACK)
    __initial_sp                             0x200141d0   Data           0  startup_stm32f417xx.o(STACK)

    Global Symbols

    Symbol Name                              Value     Ov Type        Size  Object(Section)

    BuildAttributes$$THM_ISAv4$E$P$D$K$B$S$7EM$VFPi3$EXTD16$VFPS$VFMA$PE$A:L22UL41UL21$X:L11$S22US41US21$IEEE1$IW$USESV6$~STKCKD$USESV7$~SHL$OTIME$ROPI$EBA8$UX$STANDARDLIB$REQ8$PRES8$EABIv2 0x00000000   Number         0  anon$$obj.o ABSOLUTE
    __ARM_use_no_argv                        0x00000000   Number         0  main.o ABSOLUTE
    SHT$$ARM_EXIDX$$Base                      - Undefined Reference
    SHT$$ARM_EXIDX$$Limit                     - Undefined Reference
    __ARM::default_unexpected_handler()       - Undefined Weak Reference
    __ARM_exceptions_buffer_required          - Undefined Weak Reference
    __ARM_exceptions_init                     - Undefined Weak Reference
    __aeabi_unwind_cpp_pr1                    - Undefined Weak Reference
    __aeabi_unwind_cpp_pr2                    - Undefined Weak Reference
    __alloca_initialize                       - Undefined Weak Reference
    __arm_preinit_                            - Undefined Weak Reference
    __cxa_begin_cleanup                       - Undefined Weak Reference
    __cxa_finalize                            - Undefined Weak Reference
    __cxa_type_match                          - Undefined Weak Reference
    __rt_locale                               - Undefined Weak Reference
    __sigvec_lookup                           - Undefined Weak Reference
    __user_heap_extent                        - Undefined Weak Reference
    _atexit_init                              - Undefined Weak Reference
    _call_atexit_fns                          - Undefined Weak Reference
    _clock_init                               - Undefined Weak Reference
    _fp_trap_init                             - Undefined Weak Reference
    _fp_trap_shutdown                         - Undefined Weak Reference
    _get_lc_collate                           - Undefined Weak Reference
    _get_lc_ctype                             - Undefined Weak Reference
    _get_lc_monetary                          - Undefined Weak Reference
    _get_lc_numeric                           - Undefined Weak Reference
    _get_lc_time                              - Undefined Weak Reference
    _getenv_init                              - Undefined Weak Reference
    _handle_redirection                       - Undefined Weak Reference
    _initio                                   - Undefined Weak Reference
    _mutex_acquire                            - Undefined Weak Reference
    _mutex_free                               - Undefined Weak Reference
    _mutex_release                            - Undefined Weak Reference
    _rand_init                                - Undefined Weak Reference
    _signal_finish                            - Undefined Weak Reference
    _signal_init                              - Undefined Weak Reference
    _terminateio                              - Undefined Weak Reference
    __Vectors_Size                           0x00000188   Number         0  startup_stm32f417xx.o ABSOLUTE
    __Vectors                                0x08000000   Data           4  startup_stm32f417xx.o(RESET)
    __Vectors_End                            0x08000188   Data           0  startup_stm32f417xx.o(RESET)
    __main                                   0x08000189   Thumb Code     8  __main.o(!!!main)
    __scatterload                            0x08000191   Thumb Code     0  __scatter.o(!!!scatter)
    __scatterload_rt2                        0x08000191   Thumb Code    44  __scatter.o(!!!scatter)
    __scatterload_rt2_thumb_only             0x08000191   Thumb Code     0  __scatter.o(!!!scatter)
    __scatterload_null                       0x0800019f   Thumb Code     0  __scatter.o(!!!scatter)
    __decompress                             0x080001c5   Thumb Code    90  __dczerorl2.o(!!dczerorl2)
    __decompress1                            0x080001c5   Thumb Code     0  __dczerorl2.o(!!dczerorl2)
    __scatterload_copy                       0x08000221   Thumb Code    26  __scatter_copy.o(!!handler_copy)
    __scatterload_zeroinit                   0x0800023d   Thumb Code    28  __scatter_zi.o(!!handler_zi)
    __rt_lib_init                            0x08000259   Thumb Code     0  libinit.o(.ARM.Collect$$libinit$$00000000)
    __rt_lib_init_fp_1                       0x0800025b   Thumb Code     0  libinit2.o(.ARM.Collect$$libinit$$00000001)
    __rt_lib_init_heap_2                     0x0800025f   Thumb Code     0  libinit2.o(.ARM.Collect$$libinit$$00000005)
    __rt_lib_init_preinit_1                  0x0800025f   Thumb Code     0  libinit2.o(.ARM.Collect$$libinit$$00000004)
    __rt_lib_init_alloca_1                   0x08000267   Thumb Code     0  libinit2.o(.ARM.Collect$$libinit$$0000002E)
    __rt_lib_init_argv_1                     0x08000267   Thumb Code     0  libinit2.o(.ARM.Collect$$libinit$$0000002C)
    __rt_lib_init_atexit_1                   0x08000267   Thumb Code     0  libinit2.o(.ARM.Collect$$libinit$$0000001B)
    __rt_lib_init_clock_1                    0x08000267   Thumb Code     0  libinit2.o(.ARM.Collect$$libinit$$00000021)
    __rt_lib_init_cpp_2                      0x08000267   Thumb Code     0  libinit2.o(.ARM.Collect$$libinit$$00000031)
    __rt_lib_init_exceptions_1               0x08000267   Thumb Code     0  libinit2.o(.ARM.Collect$$libinit$$00000030)
    __rt_lib_init_fp_trap_1                  0x08000267   Thumb Code     0  libinit2.o(.ARM.Collect$$libinit$$0000001F)
    __rt_lib_init_getenv_1                   0x08000267   Thumb Code     0  libinit2.o(.ARM.Collect$$libinit$$00000023)
    __rt_lib_init_heap_1                     0x08000267   Thumb Code     0  libinit2.o(.ARM.Collect$$libinit$$0000000A)
    __rt_lib_init_lc_collate_1               0x08000267   Thumb Code     0  libinit2.o(.ARM.Collect$$libinit$$00000011)
    __rt_lib_init_lc_ctype_1                 0x08000267   Thumb Code     0  libinit2.o(.ARM.Collect$$libinit$$00000013)
    __rt_lib_init_lc_monetary_1              0x08000267   Thumb Code     0  libinit2.o(.ARM.Collect$$libinit$$00000015)
    __rt_lib_init_lc_numeric_1               0x08000267   Thumb Code     0  libinit2.o(.ARM.Collect$$libinit$$00000017)
    __rt_lib_init_lc_time_1                  0x08000267   Thumb Code     0  libinit2.o(.ARM.Collect$$libinit$$00000019)
    __rt_lib_init_rand_1                     0x08000267   Thumb Code     0  libinit2.o(.ARM.Collect$$libinit$$0000000E)
    __rt_lib_init_signal_1                   0x08000267   Thumb Code     0  libinit2.o(.ARM.Collect$$libinit$$0000001D)
    __rt_lib_init_stdio_1                    0x08000267   Thumb Code     0  libinit2.o(.ARM.Collect$$libinit$$00000025)
    __rt_lib_init_user_alloc_1               0x08000267   Thumb Code     0  libinit2.o(.ARM.Collect$$libinit$$0000000C)
    __rt_lib_init_cpp_1                      0x0800026b   Thumb Code     0  libinit2.o(.ARM.Collect$$libinit$$00000032)
    __rt_lib_init_return                     0x0800026b   Thumb Code     0  libinit2.o(.ARM.Collect$$libinit$$00000033)
    __rt_lib_shutdown                        0x0800026d   Thumb Code     0  libshutdown.o(.ARM.Collect$$libshutdown$$00000000)
    __rt_lib_shutdown_fp_trap_1              0x0800026f   Thumb Code     0  libshutdown2.o(.ARM.Collect$$libshutdown$$00000006)
    __rt_lib_shutdown_heap_1                 0x0800026f   Thumb Code     0  libshutdown2.o(.ARM.Collect$$libshutdown$$0000000E)
    __rt_lib_shutdown_return                 0x0800026f   Thumb Code     0  libshutdown2.o(.ARM.Collect$$libshutdown$$0000000F)
    __rt_lib_shutdown_signal_1               0x0800026f   Thumb Code     0  libshutdown2.o(.ARM.Collect$$libshutdown$$00000009)
    __rt_lib_shutdown_stdio_1                0x0800026f   Thumb Code     0  libshutdown2.o(.ARM.Collect$$libshutdown$$00000003)
    __rt_lib_shutdown_user_alloc_1           0x0800026f   Thumb Code     0  libshutdown2.o(.ARM.Collect$$libshutdown$$0000000B)
    __rt_entry                               0x08000271   Thumb Code     0  __rtentry.o(.ARM.Collect$$rtentry$$00000000)
    __rt_entry_presh_1                       0x08000271   Thumb Code     0  __rtentry2.o(.ARM.Collect$$rtentry$$00000002)
    __rt_entry_sh                            0x08000271   Thumb Code     0  __rtentry4.o(.ARM.Collect$$rtentry$$00000004)
    __rt_entry_li                            0x08000277   Thumb Code     0  __rtentry2.o(.ARM.Collect$$rtentry$$0000000A)
    __rt_entry_postsh_1                      0x08000277   Thumb Code     0  __rtentry2.o(.ARM.Collect$$rtentry$$00000009)
    __rt_entry_main                          0x0800027b   Thumb Code     0  __rtentry2.o(.ARM.Collect$$rtentry$$0000000D)
    __rt_entry_postli_1                      0x0800027b   Thumb Code     0  __rtentry2.o(.ARM.Collect$$rtentry$$0000000C)
    __rt_exit                                0x08000283   Thumb Code     0  rtexit.o(.ARM.Collect$$rtexit$$00000000)
    __rt_exit_ls                             0x08000285   Thumb Code     0  rtexit2.o(.ARM.Collect$$rtexit$$00000003)
    __rt_exit_prels_1                        0x08000285   Thumb Code     0  rtexit2.o(.ARM.Collect$$rtexit$$00000002)
    __rt_exit_exit                           0x08000289   Thumb Code     0  rtexit2.o(.ARM.Collect$$rtexit$$00000004)
    SvcCall                                  0x08000291   Thumb Code     4  stackswitching.o(.text)
    _maybe_terminate_alloc                   0x08000291   Thumb Code     0  maybetermalloc1.o(.emb_text)
    RuntimeStartup                           0x08000295   Thumb Code    42  stackswitching.o(.text)
    SysTick_Handler                          0x080002bf   Thumb Code    44  stackswitching.o(.text)
    PendSV_Handler                           0x080002eb   Thumb Code    36  stackswitching.o(.text)
    SVC_Handler                              0x0800030f   Thumb Code    32  stackswitching.o(.text)
    EnableFPU                                0x0800032f   Thumb Code    18  stackswitching.o(.text)
    Reset_Handler                            0x08000345   Thumb Code     8  startup_stm32f417xx.o(.text)
    ADC_IRQHandler                           0x0800035f   Thumb Code     0  startup_stm32f417xx.o(.text)
    CAN1_RX0_IRQHandler                      0x0800035f   Thumb Code     0  startup_stm32f417xx.o(.text)
    CAN1_RX1_IRQHandler                      0x0800035f   Thumb Code     0  startup_stm32f417xx.o(.text)
    CAN1_SCE_IRQHandler                      0x0800035f   Thumb Code     0  startup_stm32f417xx.o(.text)
    CAN1_TX_IRQHandler                       0x0800035f   Thumb Code     0  startup_stm32f417xx.o(.text)
    CAN2_RX0_IRQHandler                      0x0800035f   Thumb Code     0  startup_stm32f417xx.o(.text)
    CAN2_RX1_IRQHandler                      0x0800035f   Thumb Code     0  startup_stm32f417xx.o(.text)
    CAN2_SCE_IRQHandler                      0x0800035f   Thumb Code     0  startup_stm32f417xx.o(.text)
    CAN2_TX_IRQHandler                       0x0800035f   Thumb Code     0  startup_stm32f417xx.o(.text)
    CRYP_IRQHandler                          0x0800035f   Thumb Code     0  startup_stm32f417xx.o(.text)
    DCMI_IRQHandler                          0x0800035f   Thumb Code     0  startup_stm32f417xx.o(.text)
    DMA1_Stream0_IRQHandler                  0x0800035f   Thumb Code     0  startup_stm32f417xx.o(.text)
    DMA1_Stream1_IRQHandler                  0x0800035f   Thumb Code     0  startup_stm32f417xx.o(.text)
    DMA1_Stream2_IRQHandler                  0x0800035f   Thumb Code     0  startup_stm32f417xx.o(.text)
    DMA1_Stream3_IRQHandler                  0x0800035f   Thumb Code     0  startup_stm32f417xx.o(.text)
    DMA1_Stream4_IRQHandler                  0x0800035f   Thumb Code     0  startup_stm32f417xx.o(.text)
    DMA1_Stream5_IRQHandler                  0x0800035f   Thumb Code     0  startup_stm32f417xx.o(.text)
    DMA1_Stream6_IRQHandler                  0x0800035f   Thumb Code     0  startup_stm32f417xx.o(.text)
    DMA1_Stream7_IRQHandler                  0x0800035f   Thumb Code     0  startup_stm32f417xx.o(.text)
    DMA2_Stream0_IRQHandler                  0x0800035f   Thumb Code     0  startup_stm32f417xx.o(.text)
    DMA2_Stream1_IRQHandler                  0x0800035f   Thumb Code     0  startup_stm32f417xx.o(.text)
    DMA2_Stream2_IRQHandler                  0x0800035f   Thumb Code     0  startup_stm32f417xx.o(.text)
    DMA2_Stream3_IRQHandler                  0x0800035f   Thumb Code     0  startup_stm32f417xx.o(.text)
    DMA2_Stream4_IRQHandler                  0x0800035f   Thumb Code     0  startup_stm32f417xx.o(.text)
    DMA2_Stream5_IRQHandler                  0x0800035f   Thumb Code     0  startup_stm32f417xx.o(.text)
    DMA2_Stream6_IRQHandler                  0x0800035f   Thumb Code     0  startup_stm32f417xx.o(.text)
    DMA2_Stream7_IRQHandler                  0x0800035f   Thumb Code     0  startup_stm32f417xx.o(.text)
    ETH_IRQHandler                           0x0800035f   Thumb Code     0  startup_stm32f417xx.o(.text)
    ETH_WKUP_IRQHandler                      0x0800035f   Thumb Code     0  startup_stm32f417xx.o(.text)
    EXTI15_10_IRQHandler                     0x0800035f   Thumb Code     0  startup_stm32f417xx.o(.text)
    EXTI1_IRQHandler                         0x0800035f   Thumb Code     0  startup_stm32f417xx.o(.text)
    EXTI2_IRQHandler                         0x0800035f   Thumb Code     0  startup_stm32f417xx.o(.text)
    EXTI3_IRQHandler                         0x0800035f   Thumb Code     0  startup_stm32f417xx.o(.text)
    EXTI4_IRQHandler                         0x0800035f   Thumb Code     0  startup_stm32f417xx.o(.text)
    EXTI9_5_IRQHandler                       0x0800035f   Thumb Code     0  startup_stm32f417xx.o(.text)
    FLASH_IRQHandler                         0x0800035f   Thumb Code     0  startup_stm32f417xx.o(.text)
    FMC_IRQHandler                           0x0800035f   Thumb Code     0  startup_stm32f417xx.o(.text)
    FPU_IRQHandler                           0x0800035f   Thumb Code     0  startup_stm32f417xx.o(.text)
    HASH_RNG_IRQHandler                      0x0800035f   Thumb Code     0  startup_stm32f417xx.o(.text)
    I2C1_ER_IRQHandler                       0x0800035f   Thumb Code     0  startup_stm32f417xx.o(.text)
    I2C1_EV_IRQHandler                       0x0800035f   Thumb Code     0  startup_stm32f417xx.o(.text)
    I2C2_ER_IRQHandler                       0x0800035f   Thumb Code     0  startup_stm32f417xx.o(.text)
    I2C2_EV_IRQHandler                       0x0800035f   Thumb Code     0  startup_stm32f417xx.o(.text)
    I2C3_ER_IRQHandler                       0x0800035f   Thumb Code     0  startup_stm32f417xx.o(.text)
    I2C3_EV_IRQHandler                       0x0800035f   Thumb Code     0  startup_stm32f417xx.o(.text)
    OTG_FS_IRQHandler                        0x0800035f   Thumb Code     0  startup_stm32f417xx.o(.text)
    OTG_FS_WKUP_IRQHandler                   0x0800035f   Thumb Code     0  startup_stm32f417xx.o(.text)
    OTG_HS_EP1_IN_IRQHandler                 0x0800035f   Thumb Code     0  startup_stm32f417xx.o(.text)
    OTG_HS_EP1_OUT_IRQHandler                0x0800035f   Thumb Code     0  startup_stm32f417xx.o(.text)
    OTG_HS_IRQHandler                        0x0800035f   Thumb Code     0  startup_stm32f417xx.o(.text)
    OTG_HS_WKUP_IRQHandler                   0x0800035f   Thumb Code     0  startup_stm32f417xx.o(.text)
    PVD_IRQHandler                           0x0800035f   Thumb Code     0  startup_stm32f417xx.o(.text)
    RCC_IRQHandler                           0x0800035f   Thumb Code     0  startup_stm32f417xx.o(.text)
    RTC_Alarm_IRQHandler                     0x0800035f   Thumb Code     0  startup_stm32f417xx.o(.text)
    RTC_WKUP_IRQHandler                      0x0800035f   Thumb Code     0  startup_stm32f417xx.o(.text)
    SDIO_IRQHandler                          0x0800035f   Thumb Code     0  startup_stm32f417xx.o(.text)
    SPI1_IRQHandler                          0x0800035f   Thumb Code     0  startup_stm32f417xx.o(.text)
    SPI2_IRQHandler                          0x0800035f   Thumb Code     0  startup_stm32f417xx.o(.text)
    SPI3_IRQHandler                          0x0800035f   Thumb Code     0  startup_stm32f417xx.o(.text)
    TAMP_STAMP_IRQHandler                    0x0800035f   Thumb Code     0  startup_stm32f417xx.o(.text)
    TIM1_BRK_TIM9_IRQHandler                 0x0800035f   Thumb Code     0  startup_stm32f417xx.o(.text)
    TIM1_CC_IRQHandler                       0x0800035f   Thumb Code     0  startup_stm32f417xx.o(.text)
    TIM1_TRG_COM_TIM11_IRQHandler            0x0800035f   Thumb Code     0  startup_stm32f417xx.o(.text)
    TIM3_IRQHandler                          0x0800035f   Thumb Code     0  startup_stm32f417xx.o(.text)
    TIM4_IRQHandler                          0x0800035f   Thumb Code     0  startup_stm32f417xx.o(.text)
    TIM5_IRQHandler                          0x0800035f   Thumb Code     0  startup_stm32f417xx.o(.text)
    TIM6_DAC_IRQHandler                      0x0800035f   Thumb Code     0  startup_stm32f417xx.o(.text)
    TIM7_IRQHandler                          0x0800035f   Thumb Code     0  startup_stm32f417xx.o(.text)
    TIM8_BRK_TIM12_IRQHandler                0x0800035f   Thumb Code     0  startup_stm32f417xx.o(.text)
    TIM8_CC_IRQHandler                       0x0800035f   Thumb Code     0  startup_stm32f417xx.o(.text)
    TIM8_TRG_COM_TIM14_IRQHandler            0x0800035f   Thumb Code     0  startup_stm32f417xx.o(.text)
    TIM8_UP_TIM13_IRQHandler                 0x0800035f   Thumb Code     0  startup_stm32f417xx.o(.text)
    UART4_IRQHandler                         0x0800035f   Thumb Code     0  startup_stm32f417xx.o(.text)
    UART5_IRQHandler                         0x0800035f   Thumb Code     0  startup_stm32f417xx.o(.text)
    USART1_IRQHandler                        0x0800035f   Thumb Code     0  startup_stm32f417xx.o(.text)
    USART2_IRQHandler                        0x0800035f   Thumb Code     0  startup_stm32f417xx.o(.text)
    USART3_IRQHandler                        0x0800035f   Thumb Code     0  startup_stm32f417xx.o(.text)
    USART6_IRQHandler                        0x0800035f   Thumb Code     0  startup_stm32f417xx.o(.text)
    WWDG_IRQHandler                          0x0800035f   Thumb Code     0  startup_stm32f417xx.o(.text)
    __user_initial_stackheap                 0x08000361   Thumb Code     0  startup_stm32f417xx.o(.text)
    __aeabi_errno_addr                       0x08000385   Thumb Code     8  rt_errno_addr_intlibspace.o(.text)
    __errno$intlibspace                      0x08000385   Thumb Code     0  rt_errno_addr_intlibspace.o(.text)
    __rt_errno_addr$intlibspace              0x08000385   Thumb Code     0  rt_errno_addr_intlibspace.o(.text)
    strlen                                   0x0800038d   Thumb Code    62  strlen.o(.text)
    __aeabi_memcpy4                          0x080003cb   Thumb Code     0  rt_memcpy_w.o(.text)
    __aeabi_memcpy8                          0x080003cb   Thumb Code     0  rt_memcpy_w.o(.text)
    __rt_memcpy_w                            0x080003cb   Thumb Code   100  rt_memcpy_w.o(.text)
    _memcpy_lastbytes_aligned                0x08000413   Thumb Code     0  rt_memcpy_w.o(.text)
    __use_two_region_memory                  0x0800042f   Thumb Code     2  heapauxi.o(.text)
    __rt_heap_escrow                         0x08000431   Thumb Code     2  heapauxi.o(.text)
    __rt_heap_expand                         0x08000433   Thumb Code     2  heapauxi.o(.text)
    __cpp_initialize__aeabi_                 0x08000435   Thumb Code    26  init_aeabi.o(.text)
    __user_libspace                          0x08000459   Thumb Code     8  libspace.o(.text)
    __user_perproc_libspace                  0x08000459   Thumb Code     0  libspace.o(.text)
    __user_perthread_libspace                0x08000459   Thumb Code     0  libspace.o(.text)
    __rt_new_handler_addr                    0x08000461   Thumb Code     8  rt_new_handler_addr_intlibspace.o(.text)
    malloc                                   0x08000469   Thumb Code    94  h1_alloc.o(.text)
    free                                     0x080004c7   Thumb Code    78  h1_free.o(.text)
    __default_new_handler()                  0x08000515   Thumb Code     4  arm_newhandler_noexceptions.o(.text)
    __rt_heap_descriptor                     0x08000519   Thumb Code     8  rt_heap_descriptor_intlibspace.o(.text)
    __use_no_heap                            0x08000521   Thumb Code     2  hguard.o(.text)
    __heap$guard                             0x08000523   Thumb Code     2  hguard.o(.text)
    _terminate_user_alloc                    0x08000525   Thumb Code     2  init_alloc.o(.text)
    _init_user_alloc                         0x08000527   Thumb Code     2  init_alloc.o(.text)
    __Heap_Full                              0x08000529   Thumb Code    34  init_alloc.o(.text)
    __Heap_Broken                            0x0800054b   Thumb Code     6  init_alloc.o(.text)
    _init_alloc                              0x08000551   Thumb Code    94  init_alloc.o(.text)
    __Heap_Initialize                        0x080005af   Thumb Code    10  h1_init.o(.text)
    __Heap_DescSize                          0x080005b9   Thumb Code     4  h1_init.o(.text)
    std::terminate()                         0x080005bd   Thumb Code    26  arm_exceptions_terminate.o(.text)
    __cxa_get_globals                        0x080005df   Thumb Code    62  arm_exceptions_globs.o(.text)
    __user_setup_stackheap                   0x08000629   Thumb Code    74  sys_stackheap_outer.o(.text)
    __rt_eh_globals_addr                     0x08000675   Thumb Code     8  rt_eh_globals_addr_intlibspace.o(.text)
    __Heap_ProvideMemory                     0x0800067d   Thumb Code    52  h1_extend.o(.text)
    exit                                     0x080006b1   Thumb Code    12  exit.o(.text)
    abort                                    0x080006bd   Thumb Code    16  abort.o(.text)
    __rt_SIGRTMEM                            0x080006cd   Thumb Code    14  defsig_rtmem_outer.o(.text)
    __ARM_exceptions_buffer_init             0x080006db   Thumb Code    18  arm_exceptions_mem.o(.text)
    __ARM_exceptions_buffer_allocate         0x080006ed   Thumb Code    22  arm_exceptions_mem.o(.text)
    __ARM_exceptions_buffer_free             0x08000703   Thumb Code    20  arm_exceptions_mem.o(.text)
    _sys_exit                                0x08000719   Thumb Code     8  sys_exit.o(.text)
    __I$use$semihosting                      0x08000725   Thumb Code     0  use_no_semi.o(.text)
    __use_no_semihosting_swi                 0x08000725   Thumb Code     2  use_no_semi.o(.text)
    __semihosting_library_function           0x08000727   Thumb Code     0  indicate_semi.o(.text)
    __sig_exit                               0x08000727   Thumb Code    10  defsig_exit.o(.text)
    __rt_SIGABRT                             0x08000731   Thumb Code    14  defsig_abrt_outer.o(.text)
    __rt_SIGRTMEM_inner                      0x08000741   Thumb Code    22  defsig_rtmem_inner.o(.text)
    __default_signal_display                 0x08000791   Thumb Code    50  defsig_general.o(.text)
    __rt_SIGABRT_inner                       0x080007c5   Thumb Code    14  defsig_abrt_inner.o(.text)
    _ttywrch                                 0x080007f5   Thumb Code    14  sys_wrch.o(.text)
    BusFault_Handler                         0x08000803   Thumb Code     4  stm32f4xx_it.o(i.BusFault_Handler)
    CallSVC                                  0x08000807   Thumb Code    36  contextswitching.o(i.CallSVC)
    DebugMon_Handler                         0x0800082b   Thumb Code     2  stm32f4xx_it.o(i.DebugMon_Handler)
    EXTI0_IRQHandler                         0x0800082d   Thumb Code     2  stm32f4xx_it.o(i.EXTI0_IRQHandler)
    FSMC_NORSRAM_Extended_Timing_Init        0x0800082f   Thumb Code    82  stm32f4xx_ll_fsmc.o(i.FSMC_NORSRAM_Extended_Timing_Init)
    FSMC_NORSRAM_Init                        0x08000881   Thumb Code    84  stm32f4xx_ll_fsmc.o(i.FSMC_NORSRAM_Init)
    FSMC_NORSRAM_Timing_Init                 0x080008d9   Thumb Code    68  stm32f4xx_ll_fsmc.o(i.FSMC_NORSRAM_Timing_Init)
    HAL_DMA_Init                             0x0800091d   Thumb Code   120  stm32f4xx_hal_dma.o(i.HAL_DMA_Init)
    HAL_Delay                                0x08000999   Thumb Code    26  stm32f4xx_hal.o(i.HAL_Delay)
    HAL_GPIO_Init                            0x080009b5   Thumb Code   470  stm32f4xx_hal_gpio.o(i.HAL_GPIO_Init)
    HAL_GetREVID                             0x08000bbd   Thumb Code     8  stm32f4xx_hal.o(i.HAL_GetREVID)
    HAL_GetTick                              0x08000bc9   Thumb Code     6  stm32f4xx_hal.o(i.HAL_GetTick)
    HAL_IncTick                              0x08000bd5   Thumb Code    12  stm32f4xx_hal.o(i.HAL_IncTick)
    HAL_Init                                 0x08000be5   Thumb Code    44  stm32f4xx_hal.o(i.HAL_Init)
    HAL_InitTick                             0x08000c15   Thumb Code    36  stm32f4xx_hal.o(i.HAL_InitTick)
    HAL_MspInit                              0x08000c39   Thumb Code     2  stm32f4xx_hal.o(i.HAL_MspInit)
    HAL_NVIC_SetPriority                     0x08000c3b   Thumb Code   124  stm32f4xx_hal_cortex.o(i.HAL_NVIC_SetPriority)
    HAL_NVIC_SetPriorityGrouping             0x08000cb9   Thumb Code    32  stm32f4xx_hal_cortex.o(i.HAL_NVIC_SetPriorityGrouping)
    HAL_RCC_ClockConfig                      0x08000ce1   Thumb Code   680  stm32f4xx_hal_rcc.o(i.HAL_RCC_ClockConfig)
    HAL_RCC_GetHCLKFreq                      0x08000f91   Thumb Code    42  stm32f4xx_hal_rcc.o(i.HAL_RCC_GetHCLKFreq)
    HAL_RCC_GetSysClockFreq                  0x08000fc9   Thumb Code   168  stm32f4xx_hal_rcc.o(i.HAL_RCC_GetSysClockFreq)
    HAL_RCC_OscConfig                        0x0800107d   Thumb Code  1024  stm32f4xx_hal_rcc.o(i.HAL_RCC_OscConfig)
    HAL_SRAM_Init                            0x0800147d   Thumb Code    88  stm32f4xx_hal_sram.o(i.HAL_SRAM_Init)
    HAL_SRAM_MspInit                         0x080014d5   Thumb Code     2  stm32f4xx_hal_sram.o(i.HAL_SRAM_MspInit)
    HAL_SYSTICK_Config                       0x080014d7   Thumb Code    52  stm32f4xx_hal_cortex.o(i.HAL_SYSTICK_Config)
    HAL_TIMEx_BreakCallback                  0x0800150b   Thumb Code     2  stm32f4xx_hal_tim_ex.o(i.HAL_TIMEx_BreakCallback)
    HAL_TIMEx_CommutationCallback            0x0800150d   Thumb Code     2  stm32f4xx_hal_tim_ex.o(i.HAL_TIMEx_CommutationCallback)
    HAL_TIM_IC_CaptureCallback               0x0800150f   Thumb Code     2  stm32f4xx_hal_tim.o(i.HAL_TIM_IC_CaptureCallback)
    HAL_TIM_IRQHandler                       0x08001511   Thumb Code   406  stm32f4xx_hal_tim.o(i.HAL_TIM_IRQHandler)
    HAL_TIM_OC_DelayElapsedCallback          0x080016a7   Thumb Code     2  stm32f4xx_hal_tim.o(i.HAL_TIM_OC_DelayElapsedCallback)
    HAL_TIM_PWM_PulseFinishedCallback        0x080016a9   Thumb Code     2  stm32f4xx_hal_tim.o(i.HAL_TIM_PWM_PulseFinishedCallback)
    HAL_TIM_PeriodElapsedCallback            0x080016ab   Thumb Code     2  stm32f4xx_hal_tim.o(i.HAL_TIM_PeriodElapsedCallback)
    HAL_TIM_TriggerCallback                  0x080016ad   Thumb Code     2  stm32f4xx_hal_tim.o(i.HAL_TIM_TriggerCallback)
    HardFault_Handler                        0x080016af   Thumb Code     4  stm32f4xx_it.o(i.HardFault_Handler)
    MemManage_Handler                        0x080016b3   Thumb Code     4  stm32f4xx_it.o(i.MemManage_Handler)
    NMI_Handler                              0x080016b7   Thumb Code     2  stm32f4xx_it.o(i.NMI_Handler)
    RuntimeInit                              0x080016b9   Thumb Code    18  contextswitching.o(i.RuntimeInit)
    StackSwitch                              0x080016cb   Thumb Code    20  contextswitching.o(i.StackSwitch)
    StackSwitchPSV                           0x080016df   Thumb Code     2  contextswitching.o(i.StackSwitchPSV)
    SystemInit                               0x080016e1   Thumb Code    82  system_stm32f4xx.o(i.SystemInit)
    TIM1_UP_TIM10_IRQHandler                 0x08001745   Thumb Code    10  stm32f4xx_it.o(i.TIM1_UP_TIM10_IRQHandler)
    TIM2_IRQHandler                          0x08001755   Thumb Code    10  stm32f4xx_it.o(i.TIM2_IRQHandler)
    UsageFault_Handler                       0x08001765   Thumb Code     4  stm32f4xx_it.o(i.UsageFault_Handler)
    CMSIS_Tick()                             0x08001769   Thumb Code     8  device.o(i._Z10CMSIS_Tickv)
    ClockEnable()                            0x08001771   Thumb Code   420  init.o(i._Z11ClockEnablev)
    DEV_Gpio_Init(GPIO_TypeDef*, int, unsigned, unsigned) 0x08001919   Thumb Code    40  gpio_ex.o(i._Z13DEV_Gpio_InitP12GPIO_TypeDefijj)
    Error_Handler()                          0x08001945   Thumb Code     4  init.o(i._Z13Error_Handlerv)
    DEV_AltGpio_Init(GPIO_TypeDef*, int, unsigned, unsigned) 0x08001949   Thumb Code    44  gpio_ex.o(i._Z16DEV_AltGpio_InitP12GPIO_TypeDefijj)
    SystemEventBurner(Runnable*)             0x08001979   Thumb Code    60  main.o(i._Z17SystemEventBurnerP8Runnable)
    SystemClock_Config()                     0x080019c5   Thumb Code   162  init.o(i._Z18SystemClock_Configv)
    SystemEventBurner2(Runnable*)            0x08001a75   Thumb Code    32  main.o(i._Z18SystemEventBurner2P8Runnable)
    SystemEventBurner3(Runnable*)            0x08001a99   Thumb Code    40  main.o(i._Z18SystemEventBurner3P8Runnable)
    Alloc(unsigned)                          0x08001ac5   Thumb Code    14  device.o(i._Z5Allocj)
    server(void*, int)                       0x08001ad9   Thumb Code    18  vm.o(i._Z6serverPvi)
    DmaInit()                                0x08001af1   Thumb Code   146  init.o(i._Z7DmaInitv)
    GpioInit()                               0x08001b95   Thumb Code   192  init.o(i._Z8GpioInitv)
    HsramInit()                              0x08001c71   Thumb Code   106  init.o(i._Z9HsramInitv)
    readCpuId()                              0x08001ce9   Thumb Code    54  cpucontrolblock.o(i._Z9readCpuIdv)
    serverSVC(SVC_arg)                       0x08001d25   Thumb Code    32  vm.o(i._Z9serverSVC7SVC_arg)
    SpiSoftTypeDef::send_9bit_Data(bool, unsigned char) 0x08001d49   Thumb Code   136  gpio_ex.o(i._ZN14SpiSoftTypeDef14send_9bit_DataEbh)
    SpiSoftTypeDef::select()                 0x08001dd5   Thumb Code    14  gpio_ex.o(i._ZN14SpiSoftTypeDef6selectEv)
    SpiSoftTypeDef::deSelect()               0x08001de9   Thumb Code    12  gpio_ex.o(i._ZN14SpiSoftTypeDef8deSelectEv)
    MemoryAllocator::New(unsigned)           0x08001df9   Thumb Code   114  memory_alloc.o(i._ZN15MemoryAllocator3NewEj)
    MemoryAllocator::separate(MemoryChunk*, unsigned) 0x08001e6b   Thumb Code    24  memory_alloc.o(i._ZN15MemoryAllocator8separateEP11MemoryChunkj)
    MemoryAllocator::MemoryAllocator()       0x08001e83   Thumb Code    28  device.o(i._ZN15MemoryAllocatorC1Ev)
    MemoryAllocator::MemoryAllocator__sub_object() 0x08001e83   Thumb Code     0  device.o(i._ZN15MemoryAllocatorC1Ev)
    MemoryAllocator::operator ()(unsigned, unsigned) 0x08001e9f   Thumb Code    26  memory_alloc.o(i._ZN15MemoryAllocatorclEjj)
    Device::enableBackLight(bool)            0x08001ef1   Thumb Code    34  main.o(i._ZN6Device15enableBackLightEb)
    String::stringifyInt(int, int)           0x08001f19   Thumb Code   140  main.o(i._ZN6String12stringifyIntEii)
    String::operator +(String*)              0x08001fa5   Thumb Code    16  main.o(i._ZN6StringplEPS_)
    String::operator +(String&)              0x08001fb5   Thumb Code    92  main.o(i._ZN6StringplERS_)
    Runtime::addRunnable(int(*)(Runnable*), unsigned) 0x08002011   Thumb Code   100  main.o(i._ZN7Runtime11addRunnableEPFiP8RunnableEj)
    Runtime::addRunnable(int(*)(Runnable*), unsigned, unsigned) 0x08002075   Thumb Code   112  vm.o(i._ZN7Runtime11addRunnableEPFiP8RunnableEjj)
    Runtime::manageThreads(void*, int)       0x080020e5   Thumb Code   210  vm.o(i._ZN7Runtime13manageThreadsEPvi)
    Runtime::acceptRunnableStatus(void*, Runnable*, int) 0x080021b7   Thumb Code   104  vm.o(i._ZN7Runtime20acceptRunnableStatusEPvP8Runnablei)
    Runtime::manageSVC(SVC_arg)              0x08002221   Thumb Code   112  vm.o(i._ZN7Runtime9manageSVCE7SVC_arg)
    Runtime::Runtime()                       0x080022a9   Thumb Code    94  device.o(i._ZN7RuntimeC1Ev)
    Runtime::Runtime__sub_object()           0x080022a9   Thumb Code     0  device.o(i._ZN7RuntimeC1Ev)
    Runnable::initTcb(unsigned)              0x08002321   Thumb Code    94  main.o(i._ZN8Runnable7initTcbEj)
    Allocator<char>::Allocator()             0x08002381   Thumb Code     6  main.o(i._ZN9AllocatorIcEC1Ev)
    Allocator<char>::Allocator__sub_object() 0x08002381   Thumb Code     0  main.o(i._ZN9AllocatorIcEC1Ev)
    TestClass::TestClass(char)               0x0800238d   Thumb Code     4  main.o(i._ZN9TestClassC1Ec)
    TestClass::TestClass__sub_object(char)   0x0800238d   Thumb Code     0  main.o(i._ZN9TestClassC1Ec)
    operator delete (void*)                  0x08002391   Thumb Code     8  delete.o(i._ZdlPv)
    operator new(unsigned)                   0x08002399   Thumb Code    34  new.o(i._Znwj)
    __aeabi_vec_ctor_nocookie_nodtor         0x080023c1   Thumb Code    36  aeabi_vec_ctor_nocookie_nodtor.o(i.__aeabi_vec_ctor_nocookie_nodtor)
    __cxa_guard_acquire                      0x080023e5   Thumb Code    16  cxa_guard_acquire.o(i.__cxa_guard_acquire)
    main                                     0x08002471   Thumb Code   410  main.o(i.main)
    void ScreenDriver<ILI9488<GPIO_TypeDef, SpiSoftTypeDef>, GraphicFrame<GraphicFrameFactory<unsigned short, unsigned short>, unsigned short, unsigned short>>::fill<int>(T1) 0x0800264d   Thumb Code    24  main.o(t._ZN12ScreenDriverI7ILI9488I12GPIO_TypeDef14SpiSoftTypeDefE12GraphicFrameI19GraphicFrameFactoryIttEttEE4fillIiEEvT_)
    Synchronizer<Runtime>::syncRelease(Runtime*) 0x08002665   Thumb Code     6  device.o(t._ZN12SynchronizerI7RuntimeE11syncReleaseEPS0_)
    Synchronizer<Runtime>::syncFetch(Runtime*) 0x0800266b   Thumb Code    20  device.o(t._ZN12SynchronizerI7RuntimeE9syncFetchEPS0_)
    ArrayListBase<MemoryChunk>::add(MemoryChunk*) 0x0800267f   Thumb Code    16  memory_alloc.o(t._ZN13ArrayListBaseI11MemoryChunkE3addEPS0_)
    ArrayListBase<MemoryChunk>::add(MemoryChunk&) 0x08002691   Thumb Code   122  memory_alloc.o(t._ZN13ArrayListBaseI11MemoryChunkE3addERS0_)
    ArrayListBase<MemoryChunk>::remove(MemoryChunk*) 0x08002715   Thumb Code    16  memory_alloc.o(t._ZN13ArrayListBaseI11MemoryChunkE6removeEPS0_)
    ArrayListBase<MemoryChunk>::remove(MemoryChunk&) 0x08002725   Thumb Code    66  memory_alloc.o(t._ZN13ArrayListBaseI11MemoryChunkE6removeERS0_)
    ArrayListBase<MemoryChunk>::ArrayListBase() 0x08002767   Thumb Code     8  device.o(t._ZN13ArrayListBaseI11MemoryChunkEC1Ev)
    ArrayListBase<MemoryChunk>::ArrayListBase__sub_object() 0x08002767   Thumb Code     0  device.o(t._ZN13ArrayListBaseI11MemoryChunkEC1Ev)
    ArrayListBase<Runnable>::add(Runnable&)  0x0800276f   Thumb Code    98  main.o(t._ZN13ArrayListBaseI8RunnableE3addERS0_)
    ArrayListBase<Runnable>::remove(Runnable&) 0x080027d1   Thumb Code    66  vm.o(t._ZN13ArrayListBaseI8RunnableE6removeERS0_)
    ArrayListBase<Runnable>::ArrayListBase() 0x08002813   Thumb Code     8  device.o(t._ZN13ArrayListBaseI8RunnableEC1Ev)
    ArrayListBase<Runnable>::ArrayListBase__sub_object() 0x08002813   Thumb Code     0  device.o(t._ZN13ArrayListBaseI8RunnableEC1Ev)
    String::String<const char>(T1*)          0x0800281d   Thumb Code    60  main.o(t._ZN6StringC1IKcEEPT_)
    String::String__sub_object<const char>(T1*) 0x0800281d   Thumb Code     0  main.o(t._ZN6StringC1IKcEEPT_)
    String::String<char>(T1*)                0x0800285d   Thumb Code    60  main.o(t._ZN6StringC1IcEEPT_)
    String::String__sub_object<char>(T1*)    0x0800285d   Thumb Code     0  main.o(t._ZN6StringC1IcEEPT_)
    ILI9488<GPIO_TypeDef, SpiSoftTypeDef>::driverFill(unsigned short, unsigned short, unsigned short) 0x0800289d   Thumb Code   104  main.o(t._ZN7ILI9488I12GPIO_TypeDef14SpiSoftTypeDefE10driverFillEttt)
    ILI9488<GPIO_TypeDef, SpiSoftTypeDef>::resetForce(bool) 0x08002905   Thumb Code    28  main.o(t._ZN7ILI9488I12GPIO_TypeDef14SpiSoftTypeDefE10resetForceEb)
    ILI9488<GPIO_TypeDef, SpiSoftTypeDef>::init() 0x08002925   Thumb Code   332  main.o(t._ZN7ILI9488I12GPIO_TypeDef14SpiSoftTypeDefE4initEv)
    ILI9488<GPIO_TypeDef, SpiSoftTypeDef>::delay(unsigned) 0x08002a71   Thumb Code    14  main.o(t._ZN7ILI9488I12GPIO_TypeDef14SpiSoftTypeDefE5delayEj)
    ILI9488<GPIO_TypeDef, SpiSoftTypeDef>::hsClk() 0x08002a7f   Thumb Code    70  main.o(t._ZN7ILI9488I12GPIO_TypeDef14SpiSoftTypeDefE5hsClkEv)
    ILI9488<GPIO_TypeDef, SpiSoftTypeDef>::setHs(bool) 0x08002ac5   Thumb Code    28  main.o(t._ZN7ILI9488I12GPIO_TypeDef14SpiSoftTypeDefE5setHsEb)
    ILI9488<GPIO_TypeDef, SpiSoftTypeDef>::setVs(bool) 0x08002ae5   Thumb Code    28  main.o(t._ZN7ILI9488I12GPIO_TypeDef14SpiSoftTypeDefE5setVsEb)
    ILI9488<GPIO_TypeDef, SpiSoftTypeDef>::vsClk() 0x08002b05   Thumb Code    28  main.o(t._ZN7ILI9488I12GPIO_TypeDef14SpiSoftTypeDefE5vsClkEv)
    ILI9488<GPIO_TypeDef, SpiSoftTypeDef>::setDen(bool) 0x08002b21   Thumb Code    28  main.o(t._ZN7ILI9488I12GPIO_TypeDef14SpiSoftTypeDefE6setDenEb)
    ILI9488<GPIO_TypeDef, SpiSoftTypeDef>::setDot(bool) 0x08002b41   Thumb Code    28  main.o(t._ZN7ILI9488I12GPIO_TypeDef14SpiSoftTypeDefE6setDotEb)
    ILI9488<GPIO_TypeDef, SpiSoftTypeDef>::wrCmd8(unsigned char) 0x08002b61   Thumb Code    20  main.o(t._ZN7ILI9488I12GPIO_TypeDef14SpiSoftTypeDefE6wrCmd8Eh)
    ILI9488<GPIO_TypeDef, SpiSoftTypeDef>::wrData8(unsigned char) 0x08002b75   Thumb Code    20  main.o(t._ZN7ILI9488I12GPIO_TypeDef14SpiSoftTypeDefE7wrData8Eh)
    Iterator<ArrayList<TestClass>, TestClass>::next() 0x08002b89   Thumb Code    10  main.o(t._ZN8IteratorI9ArrayListI9TestClassES1_E4nextEv)
    Iterator<ArrayList<TestClass>, TestClass>::hasNext() 0x08002b93   Thumb Code    16  main.o(t._ZN8IteratorI9ArrayListI9TestClassES1_E7hasNextEv)
    Iterator<ArrayList<TestClass>, TestClass>::Iterator() 0x08002ba3   Thumb Code     2  main.o(t._ZN8IteratorI9ArrayListI9TestClassES1_EC1Ev)
    Iterator<ArrayList<TestClass>, TestClass>::Iterator__sub_object() 0x08002ba3   Thumb Code     0  main.o(t._ZN8IteratorI9ArrayListI9TestClassES1_EC1Ev)
    Iterator<ArrayList<TestClass>, TestClass>::operator ()(DefaultArrayListNode<ArrayList<TestClass>, TestClass>&) 0x08002ba5   Thumb Code     4  main.o(t._ZN8IteratorI9ArrayListI9TestClassES1_EclER20DefaultArrayListNodeIS2_S1_E)
    Allocator<DefaultArrayListNode<ArrayList<TestClass>, TestClass>>::New() 0x08002ba9   Thumb Code    16  main.o(t._ZN9AllocatorI20DefaultArrayListNodeI9ArrayListI9TestClassES2_EE3NewEv)
    Allocator<DefaultArrayListNode<ArrayList<TestClass>, TestClass>>::alloc(unsigned) 0x08002bb9   Thumb Code    14  main.o(t._ZN9AllocatorI20DefaultArrayListNodeI9ArrayListI9TestClassES2_EE5allocEj)
    Allocator<char>::New(unsigned)           0x08002bc7   Thumb Code    18  main.o(t._ZN9AllocatorIcE3NewEj)
    Allocator<char>::alloc(unsigned)         0x08002bd9   Thumb Code    14  main.o(t._ZN9AllocatorIcE5allocEj)
    Allocator<char>::NewArray(unsigned)      0x08002be7   Thumb Code    18  main.o(t._ZN9AllocatorIcE8NewArrayEj)
    ArrayList<TestClass>::addFirst(TestClass*) 0x08002bf9   Thumb Code    16  main.o(t._ZN9ArrayListI9TestClassE8addFirstEPS0_)
    ArrayList<TestClass>::addFirst(TestClass&) 0x08002c09   Thumb Code    62  main.o(t._ZN9ArrayListI9TestClassE8addFirstERS0_)
    ArrayList<TestClass>::iterator()         0x08002c49   Thumb Code    46  main.o(t._ZN9ArrayListI9TestClassE8iteratorEv)
    _fp_init                                 0x08002c81   Thumb Code    10  fpinit.o(x$fpl$fpinit)
    __fplib_config_fpu_vfp                   0x08002c89   Thumb Code     0  fpinit.o(x$fpl$fpinit)
    __fplib_config_pureend_doubles           0x08002c89   Thumb Code     0  fpinit.o(x$fpl$fpinit)
    vtable for MemoryChunk                   0x08002cac   Data          12  memory_alloc.o(.constdata__ZTV11MemoryChunk)
    vtable for Synchronizer<Runtime>         0x08002cb8   Data          24  device.o(.constdata__ZTV12SynchronizerI7RuntimeE)
    vtable for Synchronizer<ArrayList<Runnable>> 0x08002cd0   Data          24  device.o(.constdata__ZTV12SynchronizerI9ArrayListI8RunnableEE)
    vtable for Synchronizer<ArrayList<TestClass>> 0x08002ce8   Data          24  main.o(.constdata__ZTV12SynchronizerI9ArrayListI9TestClassEE)
    vtable for GraphicFrameFactory<unsigned short, unsigned short> 0x08002d00   Data          16  device.o(.constdata__ZTV19GraphicFrameFactoryIttE)
    vtable for DefaultArrayListBaseNode<MemoryChunk> 0x08002d10   Data          12  memory_alloc.o(.constdata__ZTV24DefaultArrayListBaseNodeI11MemoryChunkE)
    vtable for String                        0x08002d1c   Data          16  main.o(.constdata__ZTV6String)
    vtable for Runtime                       0x08002d2c   Data          24  device.o(.constdata__ZTV7Runtime)
    vtable for Allocator<GraphicFrame<GraphicFrameFactory<unsigned short, unsigned short>, unsigned short, unsigned short>> 0x08002d44   Data          16  device.o(.constdata__ZTV9AllocatorI12GraphicFrameI19GraphicFrameFactoryIttEttEE)
    vtable for Allocator<DefaultArrayListNode<ArrayList<Runnable>, Runnable>> 0x08002d54   Data          16  device.o(.constdata__ZTV9AllocatorI20DefaultArrayListNodeI9ArrayListI8RunnableES2_EE)
    vtable for Allocator<DefaultArrayListNode<ArrayList<TestClass>, TestClass>> 0x08002d64   Data          16  main.o(.constdata__ZTV9AllocatorI20DefaultArrayListNodeI9ArrayListI9TestClassES2_EE)
    vtable for Allocator<char>               0x08002d74   Data          16  main.o(.constdata__ZTV9AllocatorIcE)
    vtable for ArrayList<Runnable>           0x08002d84   Data          40  device.o(.constdata__ZTV9ArrayListI8RunnableE)
    vtable for ArrayList<TestClass>          0x08002dac   Data          40  main.o(.constdata__ZTV9ArrayListI9TestClassE)
    Device::init()::string                   0x08002dd4   Data           8  main.o(.constdata__ZZN6Device4initEvEs)
    Device::toString()::string               0x08002ddc   Data           7  main.o(.constdata__ZZN6Device8toStringEvEs)
    Region$$Table$$Base                      0x08002de4   Number         0  anon$$obj.o(Region$$Table)
    Region$$Table$$Limit                     0x08002e14   Number         0  anon$$obj.o(Region$$Table)
    SHT$$INIT_ARRAY$$Base                    0x08002e14   Number         0  main.o(.init_array)
    SHT$$INIT_ARRAY$$Limit                   0x08002e1c   Number         0  init_aeabi.o(.init_array)
    spiLcd                                   0x10000000   Data           1  device.o(.data)
    SystemCoreClock                          0x10000008   Data           4  system_stm32f4xx.o(.data)
    AHBPrescTable                            0x1000000c   Data          16  system_stm32f4xx.o(.data)
    ScbAdressSpace                           0x1000001c   Data          76  cpucontrolblock.o(.data)
    guard variable for Runtime::manageSVC(SVC_arg)::a0 0x10000068   Data           4  vm.o(.data__ZZN7Runtime9manageSVCE7SVC_argE2a0)
    Runtime::manageSVC(SVC_arg)::a0          0x1000006c   Data           4  vm.o(.data__ZZN7Runtime9manageSVCE7SVC_argE2a0)
    guard variable for Runtime::manageSVC(SVC_arg)::a1 0x10000070   Data           4  vm.o(.data__ZZN7Runtime9manageSVCE7SVC_argE2a1)
    Runtime::manageSVC(SVC_arg)::a1          0x10000074   Data           4  vm.o(.data__ZZN7Runtime9manageSVCE7SVC_argE2a1)
    guard variable for Runtime::manageSVC(SVC_arg)::a2 0x10000078   Data           4  vm.o(.data__ZZN7Runtime9manageSVCE7SVC_argE2a2)
    Runtime::manageSVC(SVC_arg)::a2          0x1000007c   Data           4  vm.o(.data__ZZN7Runtime9manageSVCE7SVC_argE2a2)
    guard variable for ArrayList<TestClass>::iterator()::i 0x10000080   Data           4  main.o(.data__ZZN9ArrayListI9TestClassE8iteratorEvE1i)
    ArrayList<TestClass>::iterator()::i      0x10000084   Data           4  main.o(.data__ZZN9ArrayListI9TestClassE8iteratorEvE1i)
    systemHeap                               0x20000000   Data       80000  main.o(CCM)
    arrayList                                0x20013894   Data          24  main.o(.bss)
    runtime                                  0x200138c0   Data         120  device.o(.bss)
    device                                   0x20013938   Data          24  device.o(.bss)
    Heap                                     0x20013950   Data          36  device.o(.bss)
    hsram                                    0x2001399c   Data          68  init.o(.bss)
    SRAM_Timing                              0x200139e0   Data          28  init.o(.bss)
    DmaHandle                                0x200139fc   Data          80  init.o(.bss)
    DmaHandleGraphic                         0x20013a4c   Data          80  init.o(.bss)
    SpiHandle                                0x20013a9c   Data          88  init.o(.bss)
    TimHandle                                0x20013af4   Data          60  init.o(.bss)
    Tim2_Handle                              0x20013b30   Data          60  init.o(.bss)
    __libspace_start                         0x20013b6c   Data          96  libspace.o(.bss)
    __temporary_stack_top$libspace           0x20013bcc   Data           0  libspace.o(.bss)



==============================================================================

Memory Map of the image

  Image Entry point : 0x08000189

  Load Region LR_IROM1 (Base: 0x08000000, Size: 0x00016724, Max: 0x00080000, ABSOLUTE, COMPRESSED[0x00003118])

    Execution Region ER_IROM1 (Base: 0x08000000, Size: 0x00002e1c, Max: 0x00080000, ABSOLUTE)

    Base Addr    Size         Type   Attr      Idx    E Section Name        Object

    0x08000000   0x00000188   Data   RO         4643    RESET               startup_stm32f417xx.o
    0x08000188   0x00000008   Code   RO         5019  * !!!main             c_w.l(__main.o)
    0x08000190   0x00000034   Code   RO         5500    !!!scatter          c_w.l(__scatter.o)
    0x080001c4   0x0000005a   Code   RO         5498    !!dczerorl2         c_w.l(__dczerorl2.o)
    0x0800021e   0x00000002   PAD
    0x08000220   0x0000001a   Code   RO         5502    !!handler_copy      c_w.l(__scatter_copy.o)
    0x0800023a   0x00000002   PAD
    0x0800023c   0x0000001c   Code   RO         5504    !!handler_zi        c_w.l(__scatter_zi.o)
    0x08000258   0x00000002   Code   RO         5409    .ARM.Collect$$libinit$$00000000  c_w.l(libinit.o)
    0x0800025a   0x00000004   Code   RO         5220    .ARM.Collect$$libinit$$00000001  c_w.l(libinit2.o)
    0x0800025e   0x00000000   Code   RO         5223    .ARM.Collect$$libinit$$00000004  c_w.l(libinit2.o)
    0x0800025e   0x00000008   Code   RO         5224    .ARM.Collect$$libinit$$00000005  c_w.l(libinit2.o)
    0x08000266   0x00000000   Code   RO         5226    .ARM.Collect$$libinit$$0000000A  c_w.l(libinit2.o)
    0x08000266   0x00000000   Code   RO         5228    .ARM.Collect$$libinit$$0000000C  c_w.l(libinit2.o)
    0x08000266   0x00000000   Code   RO         5230    .ARM.Collect$$libinit$$0000000E  c_w.l(libinit2.o)
    0x08000266   0x00000000   Code   RO         5233    .ARM.Collect$$libinit$$00000011  c_w.l(libinit2.o)
    0x08000266   0x00000000   Code   RO         5235    .ARM.Collect$$libinit$$00000013  c_w.l(libinit2.o)
    0x08000266   0x00000000   Code   RO         5237    .ARM.Collect$$libinit$$00000015  c_w.l(libinit2.o)
    0x08000266   0x00000000   Code   RO         5239    .ARM.Collect$$libinit$$00000017  c_w.l(libinit2.o)
    0x08000266   0x00000000   Code   RO         5241    .ARM.Collect$$libinit$$00000019  c_w.l(libinit2.o)
    0x08000266   0x00000000   Code   RO         5243    .ARM.Collect$$libinit$$0000001B  c_w.l(libinit2.o)
    0x08000266   0x00000000   Code   RO         5245    .ARM.Collect$$libinit$$0000001D  c_w.l(libinit2.o)
    0x08000266   0x00000000   Code   RO         5247    .ARM.Collect$$libinit$$0000001F  c_w.l(libinit2.o)
    0x08000266   0x00000000   Code   RO         5249    .ARM.Collect$$libinit$$00000021  c_w.l(libinit2.o)
    0x08000266   0x00000000   Code   RO         5251    .ARM.Collect$$libinit$$00000023  c_w.l(libinit2.o)
    0x08000266   0x00000000   Code   RO         5253    .ARM.Collect$$libinit$$00000025  c_w.l(libinit2.o)
    0x08000266   0x00000000   Code   RO         5257    .ARM.Collect$$libinit$$0000002C  c_w.l(libinit2.o)
    0x08000266   0x00000000   Code   RO         5259    .ARM.Collect$$libinit$$0000002E  c_w.l(libinit2.o)
    0x08000266   0x00000000   Code   RO         5261    .ARM.Collect$$libinit$$00000030  c_w.l(libinit2.o)
    0x08000266   0x00000004   Code   RO         5262    .ARM.Collect$$libinit$$00000031  c_w.l(libinit2.o)
    0x0800026a   0x00000000   Code   RO         5263    .ARM.Collect$$libinit$$00000032  c_w.l(libinit2.o)
    0x0800026a   0x00000002   Code   RO         5264    .ARM.Collect$$libinit$$00000033  c_w.l(libinit2.o)
    0x0800026c   0x00000002   Code   RO         5481    .ARM.Collect$$libshutdown$$00000000  c_w.l(libshutdown.o)
    0x0800026e   0x00000000   Code   RO         5462    .ARM.Collect$$libshutdown$$00000003  c_w.l(libshutdown2.o)
    0x0800026e   0x00000000   Code   RO         5465    .ARM.Collect$$libshutdown$$00000006  c_w.l(libshutdown2.o)
    0x0800026e   0x00000000   Code   RO         5468    .ARM.Collect$$libshutdown$$00000009  c_w.l(libshutdown2.o)
    0x0800026e   0x00000000   Code   RO         5470    .ARM.Collect$$libshutdown$$0000000B  c_w.l(libshutdown2.o)
    0x0800026e   0x00000000   Code   RO         5473    .ARM.Collect$$libshutdown$$0000000E  c_w.l(libshutdown2.o)
    0x0800026e   0x00000002   Code   RO         5474    .ARM.Collect$$libshutdown$$0000000F  c_w.l(libshutdown2.o)
    0x08000270   0x00000000   Code   RO         5152    .ARM.Collect$$rtentry$$00000000  c_w.l(__rtentry.o)
    0x08000270   0x00000000   Code   RO         5299    .ARM.Collect$$rtentry$$00000002  c_w.l(__rtentry2.o)
    0x08000270   0x00000006   Code   RO         5311    .ARM.Collect$$rtentry$$00000004  c_w.l(__rtentry4.o)
    0x08000276   0x00000000   Code   RO         5301    .ARM.Collect$$rtentry$$00000009  c_w.l(__rtentry2.o)
    0x08000276   0x00000004   Code   RO         5302    .ARM.Collect$$rtentry$$0000000A  c_w.l(__rtentry2.o)
    0x0800027a   0x00000000   Code   RO         5304    .ARM.Collect$$rtentry$$0000000C  c_w.l(__rtentry2.o)
    0x0800027a   0x00000008   Code   RO         5305    .ARM.Collect$$rtentry$$0000000D  c_w.l(__rtentry2.o)
    0x08000282   0x00000002   Code   RO         5427    .ARM.Collect$$rtexit$$00000000  c_w.l(rtexit.o)
    0x08000284   0x00000000   Code   RO         5444    .ARM.Collect$$rtexit$$00000002  c_w.l(rtexit2.o)
    0x08000284   0x00000004   Code   RO         5445    .ARM.Collect$$rtexit$$00000003  c_w.l(rtexit2.o)
    0x08000288   0x00000006   Code   RO         5446    .ARM.Collect$$rtexit$$00000004  c_w.l(rtexit2.o)
    0x0800028e   0x00000002   PAD
    0x08000290   0x00000000   Code   RO         5383    .emb_text           c_w.l(maybetermalloc1.o)
    0x08000290   0x000000b4   Code   RO         4637    .text               stackswitching.o
    0x08000344   0x00000040   Code   RO         4644    .text               startup_stm32f417xx.o
    0x08000384   0x00000008   Code   RO         5009    .text               c_w.l(rt_errno_addr_intlibspace.o)
    0x0800038c   0x0000003e   Code   RO         5011    .text               c_w.l(strlen.o)
    0x080003ca   0x00000064   Code   RO         5013    .text               c_w.l(rt_memcpy_w.o)
    0x0800042e   0x00000006   Code   RO         5017    .text               c_w.l(heapauxi.o)
    0x08000434   0x00000024   Code   RO         5024    .text               c_w.l(init_aeabi.o)
    0x08000458   0x00000008   Code   RO         5149    .text               c_w.l(libspace.o)
    0x08000460   0x00000008   Code   RO         5156    .text               c_w.l(rt_new_handler_addr_intlibspace.o)
    0x08000468   0x0000005e   Code   RO         5162    .text               c_w.l(h1_alloc.o)
    0x080004c6   0x0000004e   Code   RO         5164    .text               c_w.l(h1_free.o)
    0x08000514   0x00000004   Code   RO         5270    .text               cpprt_w.l(arm_newhandler_noexceptions.o)
    0x08000518   0x00000008   Code   RO         5316    .text               c_w.l(rt_heap_descriptor_intlibspace.o)
    0x08000520   0x00000004   Code   RO         5318    .text               c_w.l(hguard.o)
    0x08000524   0x0000008a   Code   RO         5320    .text               c_w.l(init_alloc.o)
    0x080005ae   0x0000000e   Code   RO         5324    .text               c_w.l(h1_init.o)
    0x080005bc   0x0000001a   Code   RO         5364    .text               cpprt_w.l(arm_exceptions_terminate.o)
    0x080005d6   0x00000002   PAD
    0x080005d8   0x00000050   Code   RO         5367    .text               cpprt_w.l(arm_exceptions_globs.o)
    0x08000628   0x0000004a   Code   RO         5374    .text               c_w.l(sys_stackheap_outer.o)
    0x08000672   0x00000002   PAD
    0x08000674   0x00000008   Code   RO         5379    .text               c_w.l(rt_eh_globals_addr_intlibspace.o)
    0x0800067c   0x00000034   Code   RO         5385    .text               c_w.l(h1_extend.o)
    0x080006b0   0x0000000c   Code   RO         5389    .text               c_w.l(exit.o)
    0x080006bc   0x00000010   Code   RO         5391    .text               c_w.l(abort.o)
    0x080006cc   0x0000000e   Code   RO         5393    .text               c_w.l(defsig_rtmem_outer.o)
    0x080006da   0x0000003c   Code   RO         5419    .text               cpprt_w.l(arm_exceptions_mem.o)
    0x08000716   0x00000002   PAD
    0x08000718   0x0000000c   Code   RO         5422    .text               c_w.l(sys_exit.o)
    0x08000724   0x00000002   Code   RO         5424    .text               c_w.l(use_no_semi.o)
    0x08000726   0x00000000   Code   RO         5426    .text               c_w.l(indicate_semi.o)
    0x08000726   0x0000000a   Code   RO         5435    .text               c_w.l(defsig_exit.o)
    0x08000730   0x0000000e   Code   RO         5437    .text               c_w.l(defsig_abrt_outer.o)
    0x0800073e   0x00000002   PAD
    0x08000740   0x00000050   Code   RO         5441    .text               c_w.l(defsig_rtmem_inner.o)
    0x08000790   0x00000032   Code   RO         5456    .text               c_w.l(defsig_general.o)
    0x080007c2   0x00000002   PAD
    0x080007c4   0x00000030   Code   RO         5458    .text               c_w.l(defsig_abrt_inner.o)
    0x080007f4   0x0000000e   Code   RO         5475    .text               c_w.l(sys_wrch.o)
    0x08000802   0x00000004   Code   RO         4389    i.BusFault_Handler  stm32f4xx_it.o
    0x08000806   0x00000024   Code   RO         4594    i.CallSVC           contextswitching.o
    0x0800082a   0x00000002   Code   RO         4390    i.DebugMon_Handler  stm32f4xx_it.o
    0x0800082c   0x00000002   Code   RO         4391    i.EXTI0_IRQHandler  stm32f4xx_it.o
    0x0800082e   0x00000052   Code   RO         4253    i.FSMC_NORSRAM_Extended_Timing_Init  stm32f4xx_ll_fsmc.o
    0x08000880   0x00000058   Code   RO         4254    i.FSMC_NORSRAM_Init  stm32f4xx_ll_fsmc.o
    0x080008d8   0x00000044   Code   RO         4255    i.FSMC_NORSRAM_Timing_Init  stm32f4xx_ll_fsmc.o
    0x0800091c   0x0000007c   Code   RO         1967    i.HAL_DMA_Init      stm32f4xx_hal_dma.o
    0x08000998   0x0000001a   Code   RO         1090    i.HAL_Delay         stm32f4xx_hal.o
    0x080009b2   0x00000002   PAD
    0x080009b4   0x00000208   Code   RO         2347    i.HAL_GPIO_Init     stm32f4xx_hal_gpio.o
    0x08000bbc   0x0000000c   Code   RO         1095    i.HAL_GetREVID      stm32f4xx_hal.o
    0x08000bc8   0x0000000c   Code   RO         1096    i.HAL_GetTick       stm32f4xx_hal.o
    0x08000bd4   0x00000010   Code   RO         1097    i.HAL_IncTick       stm32f4xx_hal.o
    0x08000be4   0x00000030   Code   RO         1098    i.HAL_Init          stm32f4xx_hal.o
    0x08000c14   0x00000024   Code   RO         1099    i.HAL_InitTick      stm32f4xx_hal.o
    0x08000c38   0x00000002   Code   RO         1101    i.HAL_MspInit       stm32f4xx_hal.o
    0x08000c3a   0x0000007c   Code   RO         1574    i.HAL_NVIC_SetPriority  stm32f4xx_hal_cortex.o
    0x08000cb6   0x00000002   PAD
    0x08000cb8   0x00000028   Code   RO         1575    i.HAL_NVIC_SetPriorityGrouping  stm32f4xx_hal_cortex.o
    0x08000ce0   0x000002b0   Code   RO         2634    i.HAL_RCC_ClockConfig  stm32f4xx_hal_rcc.o
    0x08000f90   0x00000038   Code   RO         2639    i.HAL_RCC_GetHCLKFreq  stm32f4xx_hal_rcc.o
    0x08000fc8   0x000000b4   Code   RO         2643    i.HAL_RCC_GetSysClockFreq  stm32f4xx_hal_rcc.o
    0x0800107c   0x00000400   Code   RO         2646    i.HAL_RCC_OscConfig  stm32f4xx_hal_rcc.o
    0x0800147c   0x00000058   Code   RO         3071    i.HAL_SRAM_Init     stm32f4xx_hal_sram.o
    0x080014d4   0x00000002   Code   RO         3073    i.HAL_SRAM_MspInit  stm32f4xx_hal_sram.o
    0x080014d6   0x00000034   Code   RO         1579    i.HAL_SYSTICK_Config  stm32f4xx_hal_cortex.o
    0x0800150a   0x00000002   Code   RO         3951    i.HAL_TIMEx_BreakCallback  stm32f4xx_hal_tim_ex.o
    0x0800150c   0x00000002   Code   RO         3952    i.HAL_TIMEx_CommutationCallback  stm32f4xx_hal_tim_ex.o
    0x0800150e   0x00000002   Code   RO         3235    i.HAL_TIM_IC_CaptureCallback  stm32f4xx_hal_tim.o
    0x08001510   0x00000196   Code   RO         3248    i.HAL_TIM_IRQHandler  stm32f4xx_hal_tim.o
    0x080016a6   0x00000002   Code   RO         3251    i.HAL_TIM_OC_DelayElapsedCallback  stm32f4xx_hal_tim.o
    0x080016a8   0x00000002   Code   RO         3278    i.HAL_TIM_PWM_PulseFinishedCallback  stm32f4xx_hal_tim.o
    0x080016aa   0x00000002   Code   RO         3285    i.HAL_TIM_PeriodElapsedCallback  stm32f4xx_hal_tim.o
    0x080016ac   0x00000002   Code   RO         3289    i.HAL_TIM_TriggerCallback  stm32f4xx_hal_tim.o
    0x080016ae   0x00000004   Code   RO         4392    i.HardFault_Handler  stm32f4xx_it.o
    0x080016b2   0x00000004   Code   RO         4393    i.MemManage_Handler  stm32f4xx_it.o
    0x080016b6   0x00000002   Code   RO         4394    i.NMI_Handler       stm32f4xx_it.o
    0x080016b8   0x00000012   Code   RO         4595    i.RuntimeInit       contextswitching.o
    0x080016ca   0x00000014   Code   RO         4596    i.StackSwitch       contextswitching.o
    0x080016de   0x00000002   Code   RO         4597    i.StackSwitchPSV    contextswitching.o
    0x080016e0   0x00000064   Code   RO         4652    i.SystemInit        system_stm32f4xx.o
    0x08001744   0x00000010   Code   RO         4395    i.TIM1_UP_TIM10_IRQHandler  stm32f4xx_it.o
    0x08001754   0x00000010   Code   RO         4396    i.TIM2_IRQHandler   stm32f4xx_it.o
    0x08001764   0x00000004   Code   RO         4397    i.UsageFault_Handler  stm32f4xx_it.o
    0x08001768   0x00000008   Code   RO          634    i._Z10CMSIS_Tickv   device.o
    0x08001770   0x000001a8   Code   RO          985    i._Z11ClockEnablev  init.o
    0x08001918   0x0000002c   Code   RO          909    i._Z13DEV_Gpio_InitP12GPIO_TypeDefijj  gpio_ex.o
    0x08001944   0x00000004   Code   RO          986    i._Z13Error_Handlerv  init.o
    0x08001948   0x00000030   Code   RO          910    i._Z16DEV_AltGpio_InitP12GPIO_TypeDefijj  gpio_ex.o
    0x08001978   0x0000004c   Code   RO            4    i._Z17SystemEventBurnerP8Runnable  main.o
    0x080019c4   0x000000b0   Code   RO          987    i._Z18SystemClock_Configv  init.o
    0x08001a74   0x00000024   Code   RO            5    i._Z18SystemEventBurner2P8Runnable  main.o
    0x08001a98   0x0000002c   Code   RO            6    i._Z18SystemEventBurner3P8Runnable  main.o
    0x08001ac4   0x00000014   Code   RO          636    i._Z5Allocj         device.o
    0x08001ad8   0x00000018   Code   RO         4689    i._Z6serverPvi      vm.o
    0x08001af0   0x000000a4   Code   RO          990    i._Z7DmaInitv       init.o
    0x08001b94   0x000000dc   Code   RO          993    i._Z8GpioInitv      init.o
    0x08001c70   0x00000078   Code   RO          995    i._Z9HsramInitv     init.o
    0x08001ce8   0x0000003c   Code   RO         4855    i._Z9readCpuIdv     cpucontrolblock.o
    0x08001d24   0x00000024   Code   RO         4690    i._Z9serverSVC7SVC_arg  vm.o
    0x08001d48   0x0000008c   Code   RO          913    i._ZN14SpiSoftTypeDef14send_9bit_DataEbh  gpio_ex.o
    0x08001dd4   0x00000014   Code   RO          915    i._ZN14SpiSoftTypeDef6selectEv  gpio_ex.o
    0x08001de8   0x00000010   Code   RO          916    i._ZN14SpiSoftTypeDef8deSelectEv  gpio_ex.o
    0x08001df8   0x00000072   Code   RO         4478    i._ZN15MemoryAllocator3NewEj  memory_alloc.o
    0x08001e6a   0x00000018   Code   RO         4482    i._ZN15MemoryAllocator8separateEP11MemoryChunkj  memory_alloc.o
    0x08001e82   0x0000001c   Code   RO          703    i._ZN15MemoryAllocatorC1Ev  device.o
    0x08001e9e   0x0000001a   Code   RO         4484    i._ZN15MemoryAllocatorclEjj  memory_alloc.o
    0x08001eb8   0x00000028   Code   RO         1581    i._ZN44_INTERNAL_22_stm32f4xx_hal_cortex_c_2992dbc016NVIC_SetPriorityE9IRQn_Typej  stm32f4xx_hal_cortex.o
    0x08001ee0   0x00000010   Code   RO         1582    i._ZN44_INTERNAL_22_stm32f4xx_hal_cortex_c_2992dbc024NVIC_GetPriorityGroupingEv  stm32f4xx_hal_cortex.o
    0x08001ef0   0x00000028   Code   RO           86    i._ZN6Device15enableBackLightEb  main.o
    0x08001f18   0x0000008c   Code   RO          213    i._ZN6String12stringifyIntEii  main.o
    0x08001fa4   0x00000010   Code   RO          207    i._ZN6StringplEPS_  main.o
    0x08001fb4   0x0000005c   Code   RO          155    i._ZN6StringplERS_  main.o
    0x08002010   0x00000064   Code   RO          167    i._ZN7Runtime11addRunnableEPFiP8RunnableEj  main.o
    0x08002074   0x00000070   Code   RO         4736    i._ZN7Runtime11addRunnableEPFiP8RunnableEjj  vm.o
    0x080020e4   0x000000d2   Code   RO         4717    i._ZN7Runtime13manageThreadsEPvi  vm.o
    0x080021b6   0x00000068   Code   RO         4724    i._ZN7Runtime20acceptRunnableStatusEPvP8Runnablei  vm.o
    0x0800221e   0x00000002   PAD
    0x08002220   0x00000088   Code   RO         4743    i._ZN7Runtime9manageSVCE7SVC_arg  vm.o
    0x080022a8   0x00000078   Code   RO          709    i._ZN7RuntimeC1Ev   device.o
    0x08002320   0x0000005e   Code   RO          219    i._ZN8Runnable7initTcbEj  main.o
    0x0800237e   0x00000002   PAD
    0x08002380   0x0000000c   Code   RO          204    i._ZN9AllocatorIcEC1Ev  main.o
    0x0800238c   0x00000004   Code   RO          192    i._ZN9TestClassC1Ec  main.o
    0x08002390   0x00000008   Code   RO         5027    i._ZdlPv            cpprt_w.l(delete.o)
    0x08002398   0x00000028   Code   RO         5030    i._Znwj             cpprt_w.l(new.o)
    0x080023c0   0x00000024   Code   RO         5146    i.__aeabi_vec_ctor_nocookie_nodtor  cpprt_w.l(aeabi_vec_ctor_nocookie_nodtor.o)
    0x080023e4   0x00000010   Code   RO         5034    i.__cxa_guard_acquire  cpprt_w.l(cxa_guard_acquire.o)
    0x080023f4   0x00000048   Code   RO          641    i.__sti___10_device_cpp_runtime  device.o
    0x0800243c   0x00000034   Code   RO            7    i.__sti___8_main_cpp_ca4700dd  main.o
    0x08002470   0x000001dc   Code   RO            8    i.main              main.o
    0x0800264c   0x00000018   Code   RO          186    t._ZN12ScreenDriverI7ILI9488I12GPIO_TypeDef14SpiSoftTypeDefE12GraphicFrameI19GraphicFrameFactoryIttEttEE4fillIiEEvT_  main.o
    0x08002664   0x00000006   Code   RO          773    t._ZN12SynchronizerI7RuntimeE11syncReleaseEPS0_  device.o
    0x0800266a   0x00000014   Code   RO          761    t._ZN12SynchronizerI7RuntimeE9syncFetchEPS0_  device.o
    0x0800267e   0x00000010   Code   RO         4529    t._ZN13ArrayListBaseI11MemoryChunkE3addEPS0_  memory_alloc.o
    0x0800268e   0x00000002   PAD
    0x08002690   0x00000084   Code   RO         4523    t._ZN13ArrayListBaseI11MemoryChunkE3addERS0_  memory_alloc.o
    0x08002714   0x00000010   Code   RO         4535    t._ZN13ArrayListBaseI11MemoryChunkE6removeEPS0_  memory_alloc.o
    0x08002724   0x00000042   Code   RO         4541    t._ZN13ArrayListBaseI11MemoryChunkE6removeERS0_  memory_alloc.o
    0x08002766   0x00000008   Code   RO          715    t._ZN13ArrayListBaseI11MemoryChunkEC1Ev  device.o
    0x0800276e   0x00000062   Code   RO          161    t._ZN13ArrayListBaseI8RunnableE3addERS0_  main.o
    0x080027d0   0x00000042   Code   RO         4730    t._ZN13ArrayListBaseI8RunnableE6removeERS0_  vm.o
    0x08002812   0x00000008   Code   RO          721    t._ZN13ArrayListBaseI8RunnableEC1Ev  device.o
    0x0800281a   0x00000002   PAD
    0x0800281c   0x00000040   Code   RO          142    t._ZN6StringC1IKcEEPT_  main.o
    0x0800285c   0x00000040   Code   RO          255    t._ZN6StringC1IcEEPT_  main.o
    0x0800289c   0x00000068   Code   RO          243    t._ZN7ILI9488I12GPIO_TypeDef14SpiSoftTypeDefE10driverFillEttt  main.o
    0x08002904   0x00000020   Code   RO          174    t._ZN7ILI9488I12GPIO_TypeDef14SpiSoftTypeDefE10resetForceEb  main.o
    0x08002924   0x0000014c   Code   RO          180    t._ZN7ILI9488I12GPIO_TypeDef14SpiSoftTypeDefE4initEv  main.o
    0x08002a70   0x0000000e   Code   RO          225    t._ZN7ILI9488I12GPIO_TypeDef14SpiSoftTypeDefE5delayEj  main.o
    0x08002a7e   0x00000046   Code   RO           80    t._ZN7ILI9488I12GPIO_TypeDef14SpiSoftTypeDefE5hsClkEv  main.o
    0x08002ac4   0x00000020   Code   RO           68    t._ZN7ILI9488I12GPIO_TypeDef14SpiSoftTypeDefE5setHsEb  main.o
    0x08002ae4   0x00000020   Code   RO           56    t._ZN7ILI9488I12GPIO_TypeDef14SpiSoftTypeDefE5setVsEb  main.o
    0x08002b04   0x0000001c   Code   RO          261    t._ZN7ILI9488I12GPIO_TypeDef14SpiSoftTypeDefE5vsClkEv  main.o
    0x08002b20   0x00000020   Code   RO           62    t._ZN7ILI9488I12GPIO_TypeDef14SpiSoftTypeDefE6setDenEb  main.o
    0x08002b40   0x00000020   Code   RO           74    t._ZN7ILI9488I12GPIO_TypeDef14SpiSoftTypeDefE6setDotEb  main.o
    0x08002b60   0x00000014   Code   RO          231    t._ZN7ILI9488I12GPIO_TypeDef14SpiSoftTypeDefE6wrCmd8Eh  main.o
    0x08002b74   0x00000014   Code   RO          237    t._ZN7ILI9488I12GPIO_TypeDef14SpiSoftTypeDefE7wrData8Eh  main.o
    0x08002b88   0x0000000a   Code   RO           98    t._ZN8IteratorI9ArrayListI9TestClassES1_E4nextEv  main.o
    0x08002b92   0x00000010   Code   RO          122    t._ZN8IteratorI9ArrayListI9TestClassES1_E7hasNextEv  main.o
    0x08002ba2   0x00000002   Code   RO          110    t._ZN8IteratorI9ArrayListI9TestClassES1_EC1Ev  main.o
    0x08002ba4   0x00000004   Code   RO          104    t._ZN8IteratorI9ArrayListI9TestClassES1_EclER20DefaultArrayListNodeIS2_S1_E  main.o
    0x08002ba8   0x00000010   Code   RO          128    t._ZN9AllocatorI20DefaultArrayListNodeI9ArrayListI9TestClassES2_EE3NewEv  main.o
    0x08002bb8   0x0000000e   Code   RO          300    t._ZN9AllocatorI20DefaultArrayListNodeI9ArrayListI9TestClassES2_EE5allocEj  main.o
    0x08002bc6   0x00000012   Code   RO          148    t._ZN9AllocatorIcE3NewEj  main.o
    0x08002bd8   0x0000000e   Code   RO          288    t._ZN9AllocatorIcE5allocEj  main.o
    0x08002be6   0x00000012   Code   RO          135    t._ZN9AllocatorIcE8NewArrayEj  main.o
    0x08002bf8   0x00000010   Code   RO          198    t._ZN9ArrayListI9TestClassE8addFirstEPS0_  main.o
    0x08002c08   0x0000003e   Code   RO          249    t._ZN9ArrayListI9TestClassE8addFirstERS0_  main.o
    0x08002c46   0x00000002   PAD
    0x08002c48   0x00000038   Code   RO          116    t._ZN9ArrayListI9TestClassE8iteratorEv  main.o
    0x08002c80   0x0000000a   Code   RO         5370    x$fpl$fpinit        fz_wm.l(fpinit.o)
    0x08002c8a   0x00000002   PAD
    0x08002c8c   0x00000010   Data   RO           15    .constdata          main.o
    0x08002c9c   0x00000010   Data   RO         2661    .constdata          stm32f4xx_hal_rcc.o
    0x08002cac   0x0000000c   Data   RO         4550    .constdata__ZTV11MemoryChunk  memory_alloc.o
    0x08002cb8   0x00000018   Data   RO          728    .constdata__ZTV12SynchronizerI7RuntimeE  device.o
    0x08002cd0   0x00000018   Data   RO          734    .constdata__ZTV12SynchronizerI9ArrayListI8RunnableEE  device.o
    0x08002ce8   0x00000018   Data   RO          274    .constdata__ZTV12SynchronizerI9ArrayListI9TestClassEE  main.o
    0x08002d00   0x00000010   Data   RO          740    .constdata__ZTV19GraphicFrameFactoryIttE  device.o
    0x08002d10   0x0000000c   Data   RO         4548    .constdata__ZTV24DefaultArrayListBaseNodeI11MemoryChunkE  memory_alloc.o
    0x08002d1c   0x00000010   Data   RO          270    .constdata__ZTV6String  main.o
    0x08002d2c   0x00000018   Data   RO          730    .constdata__ZTV7Runtime  device.o
    0x08002d44   0x00000010   Data   RO          738    .constdata__ZTV9AllocatorI12GraphicFrameI19GraphicFrameFactoryIttEttEE  device.o
    0x08002d54   0x00000010   Data   RO          732    .constdata__ZTV9AllocatorI20DefaultArrayListNodeI9ArrayListI8RunnableES2_EE  device.o
    0x08002d64   0x00000010   Data   RO          272    .constdata__ZTV9AllocatorI20DefaultArrayListNodeI9ArrayListI9TestClassES2_EE  main.o
    0x08002d74   0x00000010   Data   RO          268    .constdata__ZTV9AllocatorIcE  main.o
    0x08002d84   0x00000028   Data   RO          736    .constdata__ZTV9ArrayListI8RunnableE  device.o
    0x08002dac   0x00000028   Data   RO          276    .constdata__ZTV9ArrayListI9TestClassE  main.o
    0x08002dd4   0x00000008   Data   RO           54    .constdata__ZZN6Device4initEvEs  main.o
    0x08002ddc   0x00000007   Data   RO           55    .constdata__ZZN6Device8toStringEvEs  main.o
    0x08002de3   0x00000001   PAD
    0x08002de4   0x00000030   Data   RO         5496    Region$$Table       anon$$obj.o
    0x08002e14   0x00000004   Data   RO           16    .init_array         main.o
    0x08002e18   0x00000004   Data   RO          652    .init_array         device.o
    0x08002e1c   0x00000000   Data   RO         5022    .init_array         c_w.l(init_aeabi.o)


    Execution Region RW_IRAM2 (Base: 0x10000000, Size: 0x00000088, Max: 0x00010000, ABSOLUTE)

    Base Addr    Size         Type   Attr      Idx    E Section Name        Object

    0x10000000   0x00000001   Data   RW          651    .data               device.o
    0x10000001   0x00000003   PAD
    0x10000004   0x00000004   Data   RW         1125    .data               stm32f4xx_hal.o
    0x10000008   0x00000014   Data   RW         4655    .data               system_stm32f4xx.o
    0x1000001c   0x0000004c   Data   RW         4885    .data               cpucontrolblock.o
    0x10000068   0x00000008   Data   RW         4751    .data__ZZN7Runtime9manageSVCE7SVC_argE2a0  vm.o
    0x10000070   0x00000008   Data   RW         4750    .data__ZZN7Runtime9manageSVCE7SVC_argE2a1  vm.o
    0x10000078   0x00000008   Data   RW         4749    .data__ZZN7Runtime9manageSVCE7SVC_argE2a2  vm.o
    0x10000080   0x00000008   Data   RW          277    .data__ZZN9ArrayListI9TestClassE8iteratorEvE1i  main.o


    Execution Region RW_IRAM1 (Base: 0x20000000, Size: 0x000141d0, Max: 0x00020000, ABSOLUTE, COMPRESSED[0x00000274])

    Base Addr    Size         Type   Attr      Idx    E Section Name        Object

    0x20000000   0x00013880   Data   RW           17    CCM                 main.o
    0x20013880   0x0000002c   Zero   RW           14    .bss                main.o
    0x200138ac   0x000000c8   Zero   RW          650    .bss                device.o
    0x20013974   0x00000014   Zero   RW          927    .bss                gpio_ex.o
    0x20013988   0x000001e4   Zero   RW         1007    .bss                init.o
    0x20013b6c   0x00000060   Zero   RW         5150    .bss                c_w.l(libspace.o)
    0x20013bcc   0x00000004   PAD
    0x20013bd0   0x00000200   Zero   RW         4642    HEAP                startup_stm32f417xx.o
    0x20013dd0   0x00000400   Zero   RW         4641    STACK               startup_stm32f417xx.o


==============================================================================

Image component sizes


      Code (inc. data)   RO Data    RW Data    ZI Data      Debug   Object Name

        76          0          0          0          0       8383   contextswitching.o
        60          6          0         76          0       1245   cpucontrolblock.o
       290         52        164          1        200      19526   device.o
       268         22          0          0         20       3307   gpio_ex.o
      1108         78          0          0        484       4499   init.o
      2426        158        147      80008         44     438337   main.o
       394         10         24          0          0       9304   memory_alloc.o
       180          4          0          0          0        644   stackswitching.o
        64         26        392          0       1536        848   startup_stm32f417xx.o
       152         18          0          4          0       5623   stm32f4xx_hal.o
       272         22          0          0          0      30370   stm32f4xx_hal_cortex.o
       124          4          0          0          0       1287   stm32f4xx_hal_dma.o
       520         50          0          0          0       1880   stm32f4xx_hal_gpio.o
      1948         50         16          0          0       5026   stm32f4xx_hal_rcc.o
        90          0          0          0          0       1927   stm32f4xx_hal_sram.o
       416          0          0          0          0       4590   stm32f4xx_hal_tim.o
         4          0          0          0          0       1774   stm32f4xx_hal_tim_ex.o
        54         12          0          0          0       4005   stm32f4xx_it.o
       238          4          0          0          0       2923   stm32f4xx_ll_fsmc.o
       100         18          0         20          0       1169   system_stm32f4xx.o
       688         34          0         24          0      18039   vm.o

    ----------------------------------------------------------------------
      9486        568        792      80136       2284     564706   Object Totals
         0          0         48          0          0          0   (incl. Generated)
        14          0          1          3          0          0   (incl. Padding)

    ----------------------------------------------------------------------

      Code (inc. data)   RO Data    RW Data    ZI Data      Debug   Library Member Name

        90          0          0          0          0          0   __dczerorl2.o
         8          0          0          0          0         68   __main.o
         0          0          0          0          0          0   __rtentry.o
        12          0          0          0          0          0   __rtentry2.o
         6          0          0          0          0          0   __rtentry4.o
        52          8          0          0          0          0   __scatter.o
        26          0          0          0          0          0   __scatter_copy.o
        28          0          0          0          0          0   __scatter_zi.o
        16          0          0          0          0         72   abort.o
        48         34          0          0          0         76   defsig_abrt_inner.o
        14          0          0          0          0         80   defsig_abrt_outer.o
        10          0          0          0          0         68   defsig_exit.o
        50          0          0          0          0         88   defsig_general.o
        80         58          0          0          0         76   defsig_rtmem_inner.o
        14          0          0          0          0         80   defsig_rtmem_outer.o
        12          0          0          0          0         72   exit.o
        94          0          0          0          0         80   h1_alloc.o
        52          0          0          0          0         68   h1_extend.o
        78          0          0          0          0         80   h1_free.o
        14          0          0          0          0         84   h1_init.o
         6          0          0          0          0        152   heapauxi.o
         4          0          0          0          0        136   hguard.o
         0          0          0          0          0          0   indicate_semi.o
        36         10          0          0          0         80   init_aeabi.o
       138          0          0          0          0        168   init_alloc.o
         2          0          0          0          0          0   libinit.o
        18          0          0          0          0          0   libinit2.o
         2          0          0          0          0          0   libshutdown.o
         2          0          0          0          0          0   libshutdown2.o
         8          4          0          0         96         68   libspace.o
         0          0          0          0          0          0   maybetermalloc1.o
         8          4          0          0          0         68   rt_eh_globals_addr_intlibspace.o
         8          4          0          0          0         68   rt_errno_addr_intlibspace.o
         8          4          0          0          0         68   rt_heap_descriptor_intlibspace.o
       100          0          0          0          0         80   rt_memcpy_w.o
         8          4          0          0          0         68   rt_new_handler_addr_intlibspace.o
         2          0          0          0          0          0   rtexit.o
        10          0          0          0          0          0   rtexit2.o
        62          0          0          0          0         76   strlen.o
        12          4          0          0          0         68   sys_exit.o
        74          0          0          0          0         80   sys_stackheap_outer.o
        14          0          0          0          0         76   sys_wrch.o
         2          0          0          0          0         68   use_no_semi.o
        36          0          0          0          0         84   aeabi_vec_ctor_nocookie_nodtor.o
        80         12          0          0          0        104   arm_exceptions_globs.o
        60          0          0          0          0        108   arm_exceptions_mem.o
        26          0          0          0          0         76   arm_exceptions_terminate.o
         4          0          0          0          0         68   arm_newhandler_noexceptions.o
        16          0          0          0          0         68   cxa_guard_acquire.o
         8          0          0          0          0         76   delete.o
        40          6          0          0          0         76   new.o
        10          0          0          0          0        116   fpinit.o

    ----------------------------------------------------------------------
      1526        152          0          0        100       3092   Library Totals
        18          0          0          0          4          0   (incl. Padding)

    ----------------------------------------------------------------------

      Code (inc. data)   RO Data    RW Data    ZI Data      Debug   Library Name

      1228        134          0          0         96       2316   c_w.l
       270         18          0          0          0        660   cpprt_w.l
        10          0          0          0          0        116   fz_wm.l

    ----------------------------------------------------------------------
      1526        152          0          0        100       3092   Library Totals

    ----------------------------------------------------------------------

==============================================================================


      Code (inc. data)   RO Data    RW Data    ZI Data      Debug   

     11012        720        792      80136       2384     554650   Grand Totals
     11012        720        792        764       2384     554650   ELF Image Totals (compressed)
     11012        720        792        764          0          0   ROM Totals

==============================================================================

    Total RO  Size (Code + RO Data)                11804 (  11.53kB)
    Total RW  Size (RW Data + ZI Data)             82520 (  80.59kB)
    Total ROM Size (Code + RO Data + RW Data)      12568 (  12.27kB)

==============================================================================

