Component: ARM Compiler 5.05 update 1 (build 106) Tool: armlink [4d0efa]

==============================================================================

Section Cross References

    main.o(.rev16_text) refers (Special) to device.o(.data) for spiLcd
    main.o(.revsh_text) refers (Special) to device.o(.data) for spiLcd
    main.o(.rrx_text) refers (Special) to device.o(.data) for spiLcd
    main.o(i.__sti___8_main_cpp_ca4700dd) refers (Special) to device.o(.data) for spiLcd
    main.o(i.__sti___8_main_cpp_ca4700dd) refers to main.o(.bss) for arrayList
    main.o(i.__sti___8_main_cpp_ca4700dd) refers to main.o(.constdata__ZTV9AllocatorI20DefaultArrayListNodeI9ArrayListI9TestClassES2_EE) for vtable for Allocator<DefaultArrayListNode<ArrayList<TestClass>, TestClass>>
    main.o(i.__sti___8_main_cpp_ca4700dd) refers to main.o(.constdata__ZTV12SynchronizerI9ArrayListI9TestClassEE) for vtable for Synchronizer<ArrayList<TestClass>>
    main.o(i.__sti___8_main_cpp_ca4700dd) refers to main.o(.constdata__ZTV9ArrayListI9TestClassE) for vtable for ArrayList<TestClass>
    main.o(i.main) refers (Special) to device.o(.data) for spiLcd
    main.o(i.main) refers to stm32f4xx_hal.o(i.HAL_Init) for HAL_Init
    main.o(i.main) refers to stm32f4xx_hal.o(i.HAL_Delay) for HAL_Delay
    main.o(i.main) refers to init.o(i._Z18SystemClock_Configv) for SystemClock_Config()
    main.o(i.main) refers to init.o(i._Z11ClockEnablev) for ClockEnable()
    main.o(i.main) refers to init.o(i._Z9HsramInitv) for HsramInit()
    main.o(i.main) refers to init.o(i._Z7DmaInitv) for DmaInit()
    main.o(i.main) refers to init.o(i._Z8GpioInitv) for GpioInit()
    main.o(i.main) refers to memory_alloc.o(i._ZN15MemoryAllocatorclEjj) for MemoryAllocator::operator ()(unsigned, unsigned)
    main.o(i.main) refers to main.o(i._ZN7RuntimeclEjj) for Runtime::operator ()(unsigned, unsigned)
    main.o(i.main) refers to main.o(t._ZN7ILI9488I12GPIO_TypeDef14SpiSoftTypeDefE4initEv) for ILI9488<GPIO_TypeDef, SpiSoftTypeDef>::init()
    main.o(i.main) refers to main.o(t._ZN7ILI9488I12GPIO_TypeDef14SpiSoftTypeDefE9backLightEh) for ILI9488<GPIO_TypeDef, SpiSoftTypeDef>::backLight(unsigned char)
    main.o(i.main) refers to main.o(t._ZN6StringC1IKcEEPT_) for String::String<const char>(T1*)
    main.o(i.main) refers to main.o(i._ZN6StringplERS_) for String::operator +(String&)
    main.o(i.main) refers to main.o(i._ZN6String12stringifyIntEii) for String::stringifyInt(int, int)
    main.o(i.main) refers to main.o(i._ZN6StringplEPS_) for String::operator +(String*)
    main.o(i.main) refers to new.o(i._Znwj) for operator new(unsigned)
    main.o(i.main) refers to main.o(i._ZN9TestClassC1Ec) for TestClass::TestClass(char)
    main.o(i.main) refers to main.o(t._ZN9ArrayListI9TestClassE8addFirstEPS0_) for ArrayList<TestClass>::addFirst(TestClass*)
    main.o(i.main) refers to main.o(t._ZN9ArrayListI9TestClassE8iteratorEv) for ArrayList<TestClass>::iterator()
    main.o(i.main) refers to main.o(t._ZN8IteratorI9ArrayListI9TestClassES1_E7hasNextEv) for Iterator<ArrayList<TestClass>, TestClass>::hasNext()
    main.o(i.main) refers to main.o(t._ZN8IteratorI9ArrayListI9TestClassES1_E7getNextEv) for Iterator<ArrayList<TestClass>, TestClass>::getNext()
    main.o(i.main) refers to main.o(t._ZN7ILI9488I12GPIO_TypeDef14SpiSoftTypeDefE10driverFillEttt) for ILI9488<GPIO_TypeDef, SpiSoftTypeDef>::driverFill(unsigned short, unsigned short, unsigned short)
    main.o(i.main) refers to device.o(.bss) for Heap
    main.o(i.main) refers to main.o(.bss) for systemHeap
    main.o(i.main) refers to main.o(.constdata__ZZN6Device4initEvEs) for Device::init()::string
    main.o(i.main) refers to main.o(.constdata__ZZN6Device8toStringEvEs) for Device::toString()::string
    main.o(.ARM.exidx) refers (Special) to device.o(.data) for spiLcd
    main.o(.ARM.exidx) refers to main.o(i.main) for i.main
    main.o(.ARM.exidx) refers (Special) to device.o(.data) for spiLcd
    main.o(.ARM.exidx) refers to main.o(i.__sti___8_main_cpp_ca4700dd) for i.__sti___8_main_cpp_ca4700dd
    main.o(.bss) refers (Special) to device.o(.data) for spiLcd
    main.o(.init_array) refers (Special) to device.o(.data) for spiLcd
    main.o(.init_array) refers to main.o(i.__sti___8_main_cpp_ca4700dd) for __sti___8_main_cpp_ca4700dd
    main.o(.init_array) refers to init_aeabi.o(.text) for __cpp_initialize__aeabi_
    device.o(i._Z10CMSIS_Tickv) refers to stm32f4xx_hal.o(i.HAL_IncTick) for HAL_IncTick
    device.o(i._Z4FreePv) refers to memory_alloc.o(i._ZN15MemoryAllocator6DeleteEPv) for MemoryAllocator::Delete(void*)
    device.o(i._Z4FreePv) refers to device.o(.bss) for Heap
    device.o(i._Z5Allocj) refers to memory_alloc.o(i._ZN15MemoryAllocator3NewEj) for MemoryAllocator::New(unsigned)
    device.o(i._Z5Allocj) refers to device.o(.bss) for Heap
    device.o(i._ZdaPv) refers to device.o(i._Z4FreePv) for Free(void*)
    device.o(i._Znaj) refers to device.o(i._Z5Allocj) for Alloc(unsigned)
[...]
    i.StackSwitchPSV                         0x08001622   Section        0  contextswitching.o(i.StackSwitchPSV)
    i.SystemInit                             0x08001624   Section        0  system_stm32f4xx.o(i.SystemInit)
    i.TIM1_UP_TIM10_IRQHandler               0x08001688   Section        0  stm32f4xx_it.o(i.TIM1_UP_TIM10_IRQHandler)
    i.TIM2_IRQHandler                        0x08001698   Section        0  stm32f4xx_it.o(i.TIM2_IRQHandler)
    i.UsageFault_Handler                     0x080016a8   Section        0  stm32f4xx_it.o(i.UsageFault_Handler)
    i._Z10CMSIS_Tickv                        0x080016ac   Section        0  device.o(i._Z10CMSIS_Tickv)
    i._Z11ClockEnablev                       0x080016b4   Section        0  init.o(i._Z11ClockEnablev)
    i._Z13DEV_Gpio_InitP12GPIO_TypeDefijj    0x0800185c   Section        0  gpio_ex.o(i._Z13DEV_Gpio_InitP12GPIO_TypeDefijj)
    i._Z13Error_Handlerv                     0x08001888   Section        0  init.o(i._Z13Error_Handlerv)
    i._Z16DEV_AltGpio_InitP12GPIO_TypeDefijj 0x0800188c   Section        0  gpio_ex.o(i._Z16DEV_AltGpio_InitP12GPIO_TypeDefijj)
    i._Z17SystemEventBurnerP8Runnable        0x080018bc   Section        0  vm.o(i._Z17SystemEventBurnerP8Runnable)
    i._Z18SystemClock_Configv                0x080018c0   Section        0  init.o(i._Z18SystemClock_Configv)
    i._Z18SystemEventBurner2P8Runnable       0x08001970   Section        0  vm.o(i._Z18SystemEventBurner2P8Runnable)
    i._Z5Allocj                              0x08001974   Section        0  device.o(i._Z5Allocj)
    i._Z6serverPvS_                          0x08001988   Section        0  vm.o(i._Z6serverPvS_)
    i._Z7DmaInitv                            0x080019a0   Section        0  init.o(i._Z7DmaInitv)
    i._Z8GpioInitv                           0x08001a44   Section        0  init.o(i._Z8GpioInitv)
    i._Z9HsramInitv                          0x08001b20   Section        0  init.o(i._Z9HsramInitv)
    i._ZN14SpiSoftTypeDef14send_9bit_DataEbh 0x08001b98   Section        0  gpio_ex.o(i._ZN14SpiSoftTypeDef14send_9bit_DataEbh)
    i._ZN14SpiSoftTypeDef6selectEv           0x08001c24   Section        0  gpio_ex.o(i._ZN14SpiSoftTypeDef6selectEv)
    i._ZN14SpiSoftTypeDef8deSelectEv         0x08001c38   Section        0  gpio_ex.o(i._ZN14SpiSoftTypeDef8deSelectEv)
    i._ZN15MemoryAllocator3NewEj             0x08001c48   Section        0  memory_alloc.o(i._ZN15MemoryAllocator3NewEj)
    i._ZN15MemoryAllocator8separateEP11MemoryChunkj 0x08001cba   Section        0  memory_alloc.o(i._ZN15MemoryAllocator8separateEP11MemoryChunkj)
    i._ZN15MemoryAllocatorC1Ev               0x08001cd2   Section        0  device.o(i._ZN15MemoryAllocatorC1Ev)
    i._ZN15MemoryAllocatorclEjj              0x08001cee   Section        0  memory_alloc.o(i._ZN15MemoryAllocatorclEjj)
    i._ZN44_INTERNAL_22_stm32f4xx_hal_cortex_c_2992dbc016NVIC_SetPriorityE9IRQn_Typej 0x08001d18   Section        0  stm32f4xx_hal_cortex.o(i._ZN44_INTERNAL_22_stm32f4xx_hal_cortex_c_2992dbc016NVIC_SetPriorityE9IRQn_Typej)
    [local to stm32f4xx_hal_cortex_c]::NVIC_SetPriority(IRQn_Type, unsigned) 0x08001d19   Thumb Code    32  stm32f4xx_hal_cortex.o(i._ZN44_INTERNAL_22_stm32f4xx_hal_cortex_c_2992dbc016NVIC_SetPriorityE9IRQn_Typej)
    i._ZN44_INTERNAL_22_stm32f4xx_hal_cortex_c_2992dbc024NVIC_GetPriorityGroupingEv 0x08001d40   Section        0  stm32f4xx_hal_cortex.o(i._ZN44_INTERNAL_22_stm32f4xx_hal_cortex_c_2992dbc024NVIC_GetPriorityGroupingEv)
    [local to stm32f4xx_hal_cortex_c]::NVIC_GetPriorityGrouping() 0x08001d41   Thumb Code    10  stm32f4xx_hal_cortex.o(i._ZN44_INTERNAL_22_stm32f4xx_hal_cortex_c_2992dbc024NVIC_GetPriorityGroupingEv)
    i._ZN6String12stringifyIntEii            0x08001d50   Section        0  main.o(i._ZN6String12stringifyIntEii)
    i._ZN6StringplEPS_                       0x08001ddc   Section        0  main.o(i._ZN6StringplEPS_)
    i._ZN6StringplERS_                       0x08001dec   Section        0  main.o(i._ZN6StringplERS_)
    i._ZN7Runtime11addRunnableEPFiP8RunnableEj 0x08001e48   Section        0  main.o(i._ZN7Runtime11addRunnableEPFiP8RunnableEj)
    i._ZN7Runtime13manageThreadsEPvS0_       0x08001e9c   Section        0  vm.o(i._ZN7Runtime13manageThreadsEPvS0_)
    i._ZN7RuntimeC1Ev                        0x08001f74   Section        0  device.o(i._ZN7RuntimeC1Ev)
    i._ZN7RuntimeclEjj                       0x08001fd4   Section        0  main.o(i._ZN7RuntimeclEjj)
    i._ZN9AllocatorIcEC1Ev                   0x08002040   Section        0  main.o(i._ZN9AllocatorIcEC1Ev)
    i._ZN9TestClassC1Ec                      0x0800204c   Section        0  main.o(i._ZN9TestClassC1Ec)
    i._ZdlPv                                 0x08002050   Section        0  delete.o(i._ZdlPv)
    i._Znwj                                  0x08002058   Section        0  new.o(i._Znwj)
    i.__cxa_guard_acquire                    0x08002080   Section        0  cxa_guard_acquire.o(i.__cxa_guard_acquire)
    i.__sti___10_device_cpp_runtime          0x08002090   Section        0  device.o(i.__sti___10_device_cpp_runtime)
    __sti___10_device_cpp_runtime            0x08002091   Thumb Code    52  device.o(i.__sti___10_device_cpp_runtime)
    i.__sti___8_main_cpp_ca4700dd            0x080020d8   Section        0  main.o(i.__sti___8_main_cpp_ca4700dd)
    __sti___8_main_cpp_ca4700dd              0x080020d9   Thumb Code    34  main.o(i.__sti___8_main_cpp_ca4700dd)
    i.main                                   0x0800210c   Section        0  main.o(i.main)
    t._ZN12SynchronizerI7RuntimeE11syncReleaseEPS0_ 0x080022b0   Section        0  device.o(t._ZN12SynchronizerI7RuntimeE11syncReleaseEPS0_)
    t._ZN12SynchronizerI7RuntimeE9syncFetchEPS0_ 0x080022b6   Section        0  device.o(t._ZN12SynchronizerI7RuntimeE9syncFetchEPS0_)
    t._ZN13ArrayListBaseI11MemoryChunkE3addEPS0_ 0x080022ca   Section        0  memory_alloc.o(t._ZN13ArrayListBaseI11MemoryChunkE3addEPS0_)
    t._ZN13ArrayListBaseI11MemoryChunkE3addERS0_ 0x080022dc   Section        0  memory_alloc.o(t._ZN13ArrayListBaseI11MemoryChunkE3addERS0_)
    t._ZN13ArrayListBaseI11MemoryChunkE6removeEPS0_ 0x08002360   Section        0  memory_alloc.o(t._ZN13ArrayListBaseI11MemoryChunkE6removeEPS0_)
    t._ZN13ArrayListBaseI11MemoryChunkE6removeERS0_ 0x08002370   Section        0  memory_alloc.o(t._ZN13ArrayListBaseI11MemoryChunkE6removeERS0_)
    t._ZN13ArrayListBaseI11MemoryChunkEC1Ev  0x080023b2   Section        0  device.o(t._ZN13ArrayListBaseI11MemoryChunkEC1Ev)
    t._ZN6StringC1IKcEEPT_                   0x080023bc   Section        0  main.o(t._ZN6StringC1IKcEEPT_)
    t._ZN6StringC1IcEEPT_                    0x080023fc   Section        0  main.o(t._ZN6StringC1IcEEPT_)
    t._ZN7ILI9488I12GPIO_TypeDef14SpiSoftTypeDefE10driverFillEttt 0x0800243c   Section        0  main.o(t._ZN7ILI9488I12GPIO_TypeDef14SpiSoftTypeDefE10driverFillEttt)
    t._ZN7ILI9488I12GPIO_TypeDef14SpiSoftTypeDefE10resetForceEb 0x0800249c   Section        0  main.o(t._ZN7ILI9488I12GPIO_TypeDef14SpiSoftTypeDefE10resetForceEb)
    t._ZN7ILI9488I12GPIO_TypeDef14SpiSoftTypeDefE4initEv 0x080024bc   Section        0  main.o(t._ZN7ILI9488I12GPIO_TypeDef14SpiSoftTypeDefE4initEv)
    t._ZN7ILI9488I12GPIO_TypeDef14SpiSoftTypeDefE5delayEj 0x08002608   Section        0  main.o(t._ZN7ILI9488I12GPIO_TypeDef14SpiSoftTypeDefE5delayEj)
    t._ZN7ILI9488I12GPIO_TypeDef14SpiSoftTypeDefE5hsClkEv 0x08002616   Section        0  main.o(t._ZN7ILI9488I12GPIO_TypeDef14SpiSoftTypeDefE5hsClkEv)
    t._ZN7ILI9488I12GPIO_TypeDef14SpiSoftTypeDefE5setHsEb 0x0800265c   Section        0  main.o(t._ZN7ILI9488I12GPIO_TypeDef14SpiSoftTypeDefE5setHsEb)
    t._ZN7ILI9488I12GPIO_TypeDef14SpiSoftTypeDefE5setVsEb 0x0800267c   Section        0  main.o(t._ZN7ILI9488I12GPIO_TypeDef14SpiSoftTypeDefE5setVsEb)
    t._ZN7ILI9488I12GPIO_TypeDef14SpiSoftTypeDefE5vsClkEv 0x0800269c   Section        0  main.o(t._ZN7ILI9488I12GPIO_TypeDef14SpiSoftTypeDefE5vsClkEv)
    t._ZN7ILI9488I12GPIO_TypeDef14SpiSoftTypeDefE6rgbOutItEEvT_ 0x080026b8   Section        0  main.o(t._ZN7ILI9488I12GPIO_TypeDef14SpiSoftTypeDefE6rgbOutItEEvT_)
    t._ZN7ILI9488I12GPIO_TypeDef14SpiSoftTypeDefE6setDenEb 0x080026c4   Section        0  main.o(t._ZN7ILI9488I12GPIO_TypeDef14SpiSoftTypeDefE6setDenEb)
    t._ZN7ILI9488I12GPIO_TypeDef14SpiSoftTypeDefE6setDotEb 0x080026e4   Section        0  main.o(t._ZN7ILI9488I12GPIO_TypeDef14SpiSoftTypeDefE6setDotEb)
    t._ZN7ILI9488I12GPIO_TypeDef14SpiSoftTypeDefE6wrCmd8Eh 0x08002704   Section        0  main.o(t._ZN7ILI9488I12GPIO_TypeDef14SpiSoftTypeDefE6wrCmd8Eh)
    t._ZN7ILI9488I12GPIO_TypeDef14SpiSoftTypeDefE7wrData8Eh 0x08002718   Section        0  main.o(t._ZN7ILI9488I12GPIO_TypeDef14SpiSoftTypeDefE7wrData8Eh)
    t._ZN7ILI9488I12GPIO_TypeDef14SpiSoftTypeDefE9backLightEh 0x0800272c   Section        0  main.o(t._ZN7ILI9488I12GPIO_TypeDef14SpiSoftTypeDefE9backLightEh)
    t._ZN8IteratorI9ArrayListI8RunnableES1_E7getThisEv 0x08002740   Section        0  vm.o(t._ZN8IteratorI9ArrayListI8RunnableES1_E7getThisEv)
    t._ZN8IteratorI9ArrayListI8RunnableES1_E7hasThisEv 0x08002750   Section        0  vm.o(t._ZN8IteratorI9ArrayListI8RunnableES1_E7hasThisEv)
    t._ZN8IteratorI9ArrayListI8RunnableES1_EC1Ev 0x0800275e   Section        0  main.o(t._ZN8IteratorI9ArrayListI8RunnableES1_EC1Ev)
    t._ZN8IteratorI9ArrayListI8RunnableES1_EclER20DefaultArrayListNodeIS2_S1_E 0x08002760   Section        0  main.o(t._ZN8IteratorI9ArrayListI8RunnableES1_EclER20DefaultArrayListNodeIS2_S1_E)
    t._ZN8IteratorI9ArrayListI9TestClassES1_E7getNextEv 0x08002764   Section        0  main.o(t._ZN8IteratorI9ArrayListI9TestClassES1_E7getNextEv)
    t._ZN8IteratorI9ArrayListI9TestClassES1_E7hasNextEv 0x08002774   Section        0  main.o(t._ZN8IteratorI9ArrayListI9TestClassES1_E7hasNextEv)
    t._ZN8IteratorI9ArrayListI9TestClassES1_EC1Ev 0x08002784   Section        0  main.o(t._ZN8IteratorI9ArrayListI9TestClassES1_EC1Ev)
    t._ZN8IteratorI9ArrayListI9TestClassES1_EclER20DefaultArrayListNodeIS2_S1_E 0x08002786   Section        0  main.o(t._ZN8IteratorI9ArrayListI9TestClassES1_EclER20DefaultArrayListNodeIS2_S1_E)
    t._ZN9AllocatorI20DefaultArrayListNodeI9ArrayListI8RunnableES2_EE3NewEv 0x0800278a   Section        0  main.o(t._ZN9AllocatorI20DefaultArrayListNodeI9ArrayListI8RunnableES2_EE3NewEv)
    t._ZN9AllocatorI20DefaultArrayListNodeI9ArrayListI8RunnableES2_EE5allocEj 0x0800279a   Section        0  device.o(t._ZN9AllocatorI20DefaultArrayListNodeI9ArrayListI8RunnableES2_EE5allocEj)
    t._ZN9AllocatorI20DefaultArrayListNodeI9ArrayListI9TestClassES2_EE3NewEv 0x080027a8   Section        0  main.o(t._ZN9AllocatorI20DefaultArrayListNodeI9ArrayListI9TestClassES2_EE3NewEv)
    t._ZN9AllocatorI20DefaultArrayListNodeI9ArrayListI9TestClassES2_EE5allocEj 0x080027b8   Section        0  main.o(t._ZN9AllocatorI20DefaultArrayListNodeI9ArrayListI9TestClassES2_EE5allocEj)
    t._ZN9AllocatorIcE3NewEj                 0x080027c6   Section        0  main.o(t._ZN9AllocatorIcE3NewEj)
    t._ZN9AllocatorIcE5allocEj               0x080027d8   Section        0  main.o(t._ZN9AllocatorIcE5allocEj)
    t._ZN9AllocatorIcE8NewArrayEj            0x080027e6   Section        0  main.o(t._ZN9AllocatorIcE8NewArrayEj)
    t._ZN9ArrayListI8RunnableE8addFirstERS0_ 0x080027f8   Section        0  main.o(t._ZN9ArrayListI8RunnableE8addFirstERS0_)
    t._ZN9ArrayListI9TestClassE8addFirstEPS0_ 0x08002836   Section        0  main.o(t._ZN9ArrayListI9TestClassE8addFirstEPS0_)
    t._ZN9ArrayListI9TestClassE8addFirstERS0_ 0x08002846   Section        0  main.o(t._ZN9ArrayListI9TestClassE8addFirstERS0_)
    t._ZN9ArrayListI9TestClassE8iteratorEv   0x08002884   Section        0  main.o(t._ZN9ArrayListI9TestClassE8iteratorEv)
    x$fpl$fpinit                             0x080028bc   Section       10  fpinit.o(x$fpl$fpinit)
    $v0                                      0x080028bc   Number         0  fpinit.o(x$fpl$fpinit)
    .constdata                               0x080028c6   Section       16  stm32f4xx_hal_rcc.o(.constdata)
    APBAHBPrescTable                         0x080028c6   Data          16  stm32f4xx_hal_rcc.o(.constdata)
    .constdata__ZTV11MemoryChunk             0x080028d8   Section       12  memory_alloc.o(.constdata__ZTV11MemoryChunk)
    .constdata__ZTV12SynchronizerI7RuntimeE  0x080028e4   Section       24  device.o(.constdata__ZTV12SynchronizerI7RuntimeE)
    .constdata__ZTV12SynchronizerI9ArrayListI8RunnableEE 0x080028fc   Section       24  device.o(.constdata__ZTV12SynchronizerI9ArrayListI8RunnableEE)
    .constdata__ZTV12SynchronizerI9ArrayListI9TestClassEE 0x08002914   Section       24  main.o(.constdata__ZTV12SynchronizerI9ArrayListI9TestClassEE)
    .constdata__ZTV19GraphicFrameFactoryIttE 0x0800292c   Section       16  device.o(.constdata__ZTV19GraphicFrameFactoryIttE)
    .constdata__ZTV24DefaultArrayListBaseNodeI11MemoryChunkE 0x0800293c   Section       12  memory_alloc.o(.constdata__ZTV24DefaultArrayListBaseNodeI11MemoryChunkE)
    .constdata__ZTV6String                   0x08002948   Section       16  main.o(.constdata__ZTV6String)
    .constdata__ZTV7Runtime                  0x08002958   Section       24  device.o(.constdata__ZTV7Runtime)
    .constdata__ZTV9AllocatorI12GraphicFrameI19GraphicFrameFactoryIttEttEE 0x08002970   Section       16  device.o(.constdata__ZTV9AllocatorI12GraphicFrameI19GraphicFrameFactoryIttEttEE)
    .constdata__ZTV9AllocatorI20DefaultArrayListNodeI9ArrayListI8RunnableES2_EE 0x08002980   Section       16  device.o(.constdata__ZTV9AllocatorI20DefaultArrayListNodeI9ArrayListI8RunnableES2_EE)
    .constdata__ZTV9AllocatorI20DefaultArrayListNodeI9ArrayListI9TestClassES2_EE 0x08002990   Section       16  main.o(.constdata__ZTV9AllocatorI20DefaultArrayListNodeI9ArrayListI9TestClassES2_EE)
    .constdata__ZTV9AllocatorIcE             0x080029a0   Section       16  main.o(.constdata__ZTV9AllocatorIcE)
    .constdata__ZTV9ArrayListI8RunnableE     0x080029b0   Section       40  device.o(.constdata__ZTV9ArrayListI8RunnableE)
    .constdata__ZTV9ArrayListI9TestClassE    0x080029d8   Section       40  main.o(.constdata__ZTV9ArrayListI9TestClassE)
    .constdata__ZZN6Device4initEvEs          0x08002a00   Section        8  main.o(.constdata__ZZN6Device4initEvEs)
    .constdata__ZZN6Device8toStringEvEs      0x08002a08   Section        7  main.o(.constdata__ZZN6Device8toStringEvEs)
    .init_array                              0x08002a30   Section        4  main.o(.init_array)
    .init_array                              0x08002a34   Section        4  device.o(.init_array)
    .init_array                              0x08002a38   Section        0  init_aeabi.o(.init_array)
    .data                                    0x20000000   Section        1  device.o(.data)
    .data                                    0x20000004   Section        4  stm32f4xx_hal.o(.data)
    uwTick                                   0x20000004   Data           4  stm32f4xx_hal.o(.data)
    .data                                    0x20000008   Section       20  system_stm32f4xx.o(.data)
    .data__ZZN9ArrayListI8RunnableE8iteratorEvE1i 0x2000001c   Section        8  main.o(.data__ZZN9ArrayListI8RunnableE8iteratorEvE1i)
    ArrayList<Runnable>::iterator()::i       0x2000001c   Number         0  main.o(.data__ZZN9ArrayListI8RunnableE8iteratorEvE1i)
    .data__ZZN9ArrayListI9TestClassE8iteratorEvE1i 0x20000024   Section        8  main.o(.data__ZZN9ArrayListI9TestClassE8iteratorEvE1i)
    ArrayList<TestClass>::iterator()::i      0x20000024   Number         0  main.o(.data__ZZN9ArrayListI9TestClassE8iteratorEvE1i)
    .bss                                     0x2000002c   Section    40044  main.o(.bss)
    GPIO_InitStruct                          0x2000002c   Data          20  main.o(.bss)
    .bss                                     0x20009c98   Section      156  device.o(.bss)
    GPIO_InitStruct                          0x20009c98   Data          20  device.o(.bss)
    .bss                                     0x20009d34   Section       20  gpio_ex.o(.bss)
    GPIO_InitStruct                          0x20009d34   Data          20  gpio_ex.o(.bss)
    .bss                                     0x20009d48   Section      484  init.o(.bss)
    GPIO_InitStruct                          0x20009d48   Data          20  init.o(.bss)
    .bss                                     0x20009f2c   Section       96  libspace.o(.bss)
    HEAP                                     0x20009f90   Section      512  startup_stm32f417xx.o(HEAP)
    Heap_Mem                                 0x20009f90   Data         512  startup_stm32f417xx.o(HEAP)
    STACK                                    0x2000a190   Section     1024  startup_stm32f417xx.o(STACK)
    Stack_Mem                                0x2000a190   Data        1024  startup_stm32f417xx.o(STACK)
    __initial_sp                             0x2000a590   Data           0  startup_stm32f417xx.o(STACK)

    Global Symbols

    Symbol Name                              Value     Ov Type        Size  Object(Section)

    BuildAttributes$$THM_ISAv4$E$P$D$K$B$S$7EM$VFPi3$EXTD16$VFPS$VFMA$PE$A:L22UL41UL21$X:L11$S22US41US21$IEEE1$IW$USESV6$~STKCKD$USESV7$~SHL$OTIME$ROPI$EBA8$UX$STANDARDLIB$REQ8$PRES8$EABIv2 0x00000000   Number         0  anon$$obj.o ABSOLUTE
    __ARM_use_no_argv                        0x00000000   Number         0  main.o ABSOLUTE
    SHT$$ARM_EXIDX$$Base                      - Undefined Reference
    SHT$$ARM_EXIDX$$Limit                     - Undefined Reference
    __ARM::default_unexpected_handler()       - Undefined Weak Reference
    __ARM_exceptions_buffer_required          - Undefined Weak Reference
    __ARM_exceptions_init                     - Undefined Weak Reference
    __aeabi_unwind_cpp_pr1                    - Undefined Weak Reference
    __aeabi_unwind_cpp_pr2                    - Undefined Weak Reference
    __alloca_initialize                       - Undefined Weak Reference
    __arm_preinit_                            - Undefined Weak Reference
    __cxa_begin_cleanup                       - Undefined Weak Reference
    __cxa_finalize                            - Undefined Weak Reference
    __cxa_type_match                          - Undefined Weak Reference
    __rt_locale                               - Undefined Weak Reference
    __sigvec_lookup                           - Undefined Weak Reference
    __user_heap_extent                        - Undefined Weak Reference
    _atexit_init                              - Undefined Weak Reference
    _call_atexit_fns                          - Undefined Weak Reference
    _clock_init                               - Undefined Weak Reference
    _fp_trap_init                             - Undefined Weak Reference
    _fp_trap_shutdown                         - Undefined Weak Reference
    _get_lc_collate                           - Undefined Weak Reference
    _get_lc_ctype                             - Undefined Weak Reference
    _get_lc_monetary                          - Undefined Weak Reference
    _get_lc_numeric                           - Undefined Weak Reference
    _get_lc_time                              - Undefined Weak Reference
    _getenv_init                              - Undefined Weak Reference
    _handle_redirection                       - Undefined Weak Reference
    _initio                                   - Undefined Weak Reference
    _mutex_acquire                            - Undefined Weak Reference
    _mutex_free                               - Undefined Weak Reference
    _mutex_release                            - Undefined Weak Reference
    _rand_init                                - Undefined Weak Reference
    _signal_finish                            - Undefined Weak Reference
    _signal_init                              - Undefined Weak Reference
    _terminateio                              - Undefined Weak Reference
    __Vectors_Size                           0x00000188   Number         0  startup_stm32f417xx.o ABSOLUTE
    __Vectors                                0x08000000   Data           4  startup_stm32f417xx.o(RESET)
    __Vectors_End                            0x08000188   Data           0  startup_stm32f417xx.o(RESET)
    __main                                   0x08000189   Thumb Code     8  __main.o(!!!main)
    __scatterload                            0x08000191   Thumb Code     0  __scatter.o(!!!scatter)
    __scatterload_rt2                        0x08000191   Thumb Code    44  __scatter.o(!!!scatter)
    __scatterload_rt2_thumb_only             0x08000191   Thumb Code     0  __scatter.o(!!!scatter)
    __scatterload_null                       0x0800019f   Thumb Code     0  __scatter.o(!!!scatter)
    __scatterload_copy                       0x080001c5   Thumb Code    26  __scatter_copy.o(!!handler_copy)
    __scatterload_zeroinit                   0x080001e1   Thumb Code    28  __scatter_zi.o(!!handler_zi)
    __rt_lib_init                            0x080001fd   Thumb Code     0  libinit.o(.ARM.Collect$$libinit$$00000000)
    __rt_lib_init_fp_1                       0x080001ff   Thumb Code     0  libinit2.o(.ARM.Collect$$libinit$$00000001)
    __rt_lib_init_heap_2                     0x08000203   Thumb Code     0  libinit2.o(.ARM.Collect$$libinit$$00000005)
    __rt_lib_init_preinit_1                  0x08000203   Thumb Code     0  libinit2.o(.ARM.Collect$$libinit$$00000004)
    __rt_lib_init_alloca_1                   0x0800020b   Thumb Code     0  libinit2.o(.ARM.Collect$$libinit$$0000002E)
    __rt_lib_init_argv_1                     0x0800020b   Thumb Code     0  libinit2.o(.ARM.Collect$$libinit$$0000002C)
    __rt_lib_init_atexit_1                   0x0800020b   Thumb Code     0  libinit2.o(.ARM.Collect$$libinit$$0000001B)
    __rt_lib_init_clock_1                    0x0800020b   Thumb Code     0  libinit2.o(.ARM.Collect$$libinit$$00000021)
    __rt_lib_init_cpp_2                      0x0800020b   Thumb Code     0  libinit2.o(.ARM.Collect$$libinit$$00000031)
    __rt_lib_init_exceptions_1               0x0800020b   Thumb Code     0  libinit2.o(.ARM.Collect$$libinit$$00000030)
    __rt_lib_init_fp_trap_1                  0x0800020b   Thumb Code     0  libinit2.o(.ARM.Collect$$libinit$$0000001F)
    __rt_lib_init_getenv_1                   0x0800020b   Thumb Code     0  libinit2.o(.ARM.Collect$$libinit$$00000023)
    __rt_lib_init_heap_1                     0x0800020b   Thumb Code     0  libinit2.o(.ARM.Collect$$libinit$$0000000A)
    __rt_lib_init_lc_collate_1               0x0800020b   Thumb Code     0  libinit2.o(.ARM.Collect$$libinit$$00000011)
    __rt_lib_init_lc_ctype_1                 0x0800020b   Thumb Code     0  libinit2.o(.ARM.Collect$$libinit$$00000013)
    __rt_lib_init_lc_monetary_1              0x0800020b   Thumb Code     0  libinit2.o(.ARM.Collect$$libinit$$00000015)
    __rt_lib_init_lc_numeric_1               0x0800020b   Thumb Code     0  libinit2.o(.ARM.Collect$$libinit$$00000017)
    __rt_lib_init_lc_time_1                  0x0800020b   Thumb Code     0  libinit2.o(.ARM.Collect$$libinit$$00000019)
    __rt_lib_init_rand_1                     0x0800020b   Thumb Code     0  libinit2.o(.ARM.Collect$$libinit$$0000000E)
    __rt_lib_init_signal_1                   0x0800020b   Thumb Code     0  libinit2.o(.ARM.Collect$$libinit$$0000001D)
    __rt_lib_init_stdio_1                    0x0800020b   Thumb Code     0  libinit2.o(.ARM.Collect$$libinit$$00000025)
    __rt_lib_init_user_alloc_1               0x0800020b   Thumb Code     0  libinit2.o(.ARM.Collect$$libinit$$0000000C)
    __rt_lib_init_cpp_1                      0x0800020f   Thumb Code     0  libinit2.o(.ARM.Collect$$libinit$$00000032)
    __rt_lib_init_return                     0x0800020f   Thumb Code     0  libinit2.o(.ARM.Collect$$libinit$$00000033)
    __rt_lib_shutdown                        0x08000211   Thumb Code     0  libshutdown.o(.ARM.Collect$$libshutdown$$00000000)
    __rt_lib_shutdown_fp_trap_1              0x08000213   Thumb Code     0  libshutdown2.o(.ARM.Collect$$libshutdown$$00000006)
    __rt_lib_shutdown_heap_1                 0x08000213   Thumb Code     0  libshutdown2.o(.ARM.Collect$$libshutdown$$0000000E)
    __rt_lib_shutdown_return                 0x08000213   Thumb Code     0  libshutdown2.o(.ARM.Collect$$libshutdown$$0000000F)
    __rt_lib_shutdown_signal_1               0x08000213   Thumb Code     0  libshutdown2.o(.ARM.Collect$$libshutdown$$00000009)
    __rt_lib_shutdown_stdio_1                0x08000213   Thumb Code     0  libshutdown2.o(.ARM.Collect$$libshutdown$$00000003)
    __rt_lib_shutdown_user_alloc_1           0x08000213   Thumb Code     0  libshutdown2.o(.ARM.Collect$$libshutdown$$0000000B)
    __rt_entry                               0x08000215   Thumb Code     0  __rtentry.o(.ARM.Collect$$rtentry$$00000000)
    __rt_entry_presh_1                       0x08000215   Thumb Code     0  __rtentry2.o(.ARM.Collect$$rtentry$$00000002)
    __rt_entry_sh                            0x08000215   Thumb Code     0  __rtentry4.o(.ARM.Collect$$rtentry$$00000004)
    __rt_entry_li                            0x0800021b   Thumb Code     0  __rtentry2.o(.ARM.Collect$$rtentry$$0000000A)
    __rt_entry_postsh_1                      0x0800021b   Thumb Code     0  __rtentry2.o(.ARM.Collect$$rtentry$$00000009)
    __rt_entry_main                          0x0800021f   Thumb Code     0  __rtentry2.o(.ARM.Collect$$rtentry$$0000000D)
    __rt_entry_postli_1                      0x0800021f   Thumb Code     0  __rtentry2.o(.ARM.Collect$$rtentry$$0000000C)
    __rt_exit                                0x08000227   Thumb Code     0  rtexit.o(.ARM.Collect$$rtexit$$00000000)
    __rt_exit_ls                             0x08000229   Thumb Code     0  rtexit2.o(.ARM.Collect$$rtexit$$00000003)
    __rt_exit_prels_1                        0x08000229   Thumb Code     0  rtexit2.o(.ARM.Collect$$rtexit$$00000002)
    __rt_exit_exit                           0x0800022d   Thumb Code     0  rtexit2.o(.ARM.Collect$$rtexit$$00000004)
    SysTick_Handler                          0x08000235   Thumb Code    68  stackswitching.o(.text)
    _maybe_terminate_alloc                   0x08000235   Thumb Code     0  maybetermalloc1.o(.emb_text)
    PendSV_Handler                           0x08000279   Thumb Code    68  stackswitching.o(.text)
    Reset_Handler                            0x080002bd   Thumb Code     8  startup_stm32f417xx.o(.text)
    ADC_IRQHandler                           0x080002d7   Thumb Code     0  startup_stm32f417xx.o(.text)
    CAN1_RX0_IRQHandler                      0x080002d7   Thumb Code     0  startup_stm32f417xx.o(.text)
    CAN1_RX1_IRQHandler                      0x080002d7   Thumb Code     0  startup_stm32f417xx.o(.text)
    CAN1_SCE_IRQHandler                      0x080002d7   Thumb Code     0  startup_stm32f417xx.o(.text)
    CAN1_TX_IRQHandler                       0x080002d7   Thumb Code     0  startup_stm32f417xx.o(.text)
    CAN2_RX0_IRQHandler                      0x080002d7   Thumb Code     0  startup_stm32f417xx.o(.text)
    CAN2_RX1_IRQHandler                      0x080002d7   Thumb Code     0  startup_stm32f417xx.o(.text)
    CAN2_SCE_IRQHandler                      0x080002d7   Thumb Code     0  startup_stm32f417xx.o(.text)
    CAN2_TX_IRQHandler                       0x080002d7   Thumb Code     0  startup_stm32f417xx.o(.text)
    CRYP_IRQHandler                          0x080002d7   Thumb Code     0  startup_stm32f417xx.o(.text)
    DCMI_IRQHandler                          0x080002d7   Thumb Code     0  startup_stm32f417xx.o(.text)
    DMA1_Stream0_IRQHandler                  0x080002d7   Thumb Code     0  startup_stm32f417xx.o(.text)
    DMA1_Stream1_IRQHandler                  0x080002d7   Thumb Code     0  startup_stm32f417xx.o(.text)
    DMA1_Stream2_IRQHandler                  0x080002d7   Thumb Code     0  startup_stm32f417xx.o(.text)
    DMA1_Stream3_IRQHandler                  0x080002d7   Thumb Code     0  startup_stm32f417xx.o(.text)
    DMA1_Stream4_IRQHandler                  0x080002d7   Thumb Code     0  startup_stm32f417xx.o(.text)
    DMA1_Stream5_IRQHandler                  0x080002d7   Thumb Code     0  startup_stm32f417xx.o(.text)
    DMA1_Stream6_IRQHandler                  0x080002d7   Thumb Code     0  startup_stm32f417xx.o(.text)
    DMA1_Stream7_IRQHandler                  0x080002d7   Thumb Code     0  startup_stm32f417xx.o(.text)
    DMA2_Stream0_IRQHandler                  0x080002d7   Thumb Code     0  startup_stm32f417xx.o(.text)
    DMA2_Stream1_IRQHandler                  0x080002d7   Thumb Code     0  startup_stm32f417xx.o(.text)
    DMA2_Stream2_IRQHandler                  0x080002d7   Thumb Code     0  startup_stm32f417xx.o(.text)
    DMA2_Stream3_IRQHandler                  0x080002d7   Thumb Code     0  startup_stm32f417xx.o(.text)
    DMA2_Stream4_IRQHandler                  0x080002d7   Thumb Code     0  startup_stm32f417xx.o(.text)
    DMA2_Stream5_IRQHandler                  0x080002d7   Thumb Code     0  startup_stm32f417xx.o(.text)
    DMA2_Stream6_IRQHandler                  0x080002d7   Thumb Code     0  startup_stm32f417xx.o(.text)
    DMA2_Stream7_IRQHandler                  0x080002d7   Thumb Code     0  startup_stm32f417xx.o(.text)
    ETH_IRQHandler                           0x080002d7   Thumb Code     0  startup_stm32f417xx.o(.text)
    ETH_WKUP_IRQHandler                      0x080002d7   Thumb Code     0  startup_stm32f417xx.o(.text)
    EXTI15_10_IRQHandler                     0x080002d7   Thumb Code     0  startup_stm32f417xx.o(.text)
    EXTI1_IRQHandler                         0x080002d7   Thumb Code     0  startup_stm32f417xx.o(.text)
    EXTI2_IRQHandler                         0x080002d7   Thumb Code     0  startup_stm32f417xx.o(.text)
    EXTI3_IRQHandler                         0x080002d7   Thumb Code     0  startup_stm32f417xx.o(.text)
    EXTI4_IRQHandler                         0x080002d7   Thumb Code     0  startup_stm32f417xx.o(.text)
    EXTI9_5_IRQHandler                       0x080002d7   Thumb Code     0  startup_stm32f417xx.o(.text)
    FLASH_IRQHandler                         0x080002d7   Thumb Code     0  startup_stm32f417xx.o(.text)
    FMC_IRQHandler                           0x080002d7   Thumb Code     0  startup_stm32f417xx.o(.text)
    FPU_IRQHandler                           0x080002d7   Thumb Code     0  startup_stm32f417xx.o(.text)
    HASH_RNG_IRQHandler                      0x080002d7   Thumb Code     0  startup_stm32f417xx.o(.text)
    I2C1_ER_IRQHandler                       0x080002d7   Thumb Code     0  startup_stm32f417xx.o(.text)
    I2C1_EV_IRQHandler                       0x080002d7   Thumb Code     0  startup_stm32f417xx.o(.text)
    I2C2_ER_IRQHandler                       0x080002d7   Thumb Code     0  startup_stm32f417xx.o(.text)
    I2C2_EV_IRQHandler                       0x080002d7   Thumb Code     0  startup_stm32f417xx.o(.text)
    I2C3_ER_IRQHandler                       0x080002d7   Thumb Code     0  startup_stm32f417xx.o(.text)
    I2C3_EV_IRQHandler                       0x080002d7   Thumb Code     0  startup_stm32f417xx.o(.text)
    OTG_FS_IRQHandler                        0x080002d7   Thumb Code     0  startup_stm32f417xx.o(.text)
    OTG_FS_WKUP_IRQHandler                   0x080002d7   Thumb Code     0  startup_stm32f417xx.o(.text)
    OTG_HS_EP1_IN_IRQHandler                 0x080002d7   Thumb Code     0  startup_stm32f417xx.o(.text)
    OTG_HS_EP1_OUT_IRQHandler                0x080002d7   Thumb Code     0  startup_stm32f417xx.o(.text)
    OTG_HS_IRQHandler                        0x080002d7   Thumb Code     0  startup_stm32f417xx.o(.text)
    OTG_HS_WKUP_IRQHandler                   0x080002d7   Thumb Code     0  startup_stm32f417xx.o(.text)
    PVD_IRQHandler                           0x080002d7   Thumb Code     0  startup_stm32f417xx.o(.text)
    RCC_IRQHandler                           0x080002d7   Thumb Code     0  startup_stm32f417xx.o(.text)
    RTC_Alarm_IRQHandler                     0x080002d7   Thumb Code     0  startup_stm32f417xx.o(.text)
    RTC_WKUP_IRQHandler                      0x080002d7   Thumb Code     0  startup_stm32f417xx.o(.text)
    SDIO_IRQHandler                          0x080002d7   Thumb Code     0  startup_stm32f417xx.o(.text)
    SPI1_IRQHandler                          0x080002d7   Thumb Code     0  startup_stm32f417xx.o(.text)
    SPI2_IRQHandler                          0x080002d7   Thumb Code     0  startup_stm32f417xx.o(.text)
    SPI3_IRQHandler                          0x080002d7   Thumb Code     0  startup_stm32f417xx.o(.text)
    TAMP_STAMP_IRQHandler                    0x080002d7   Thumb Code     0  startup_stm32f417xx.o(.text)
    TIM1_BRK_TIM9_IRQHandler                 0x080002d7   Thumb Code     0  startup_stm32f417xx.o(.text)
    TIM1_CC_IRQHandler                       0x080002d7   Thumb Code     0  startup_stm32f417xx.o(.text)
    TIM1_TRG_COM_TIM11_IRQHandler            0x080002d7   Thumb Code     0  startup_stm32f417xx.o(.text)
    TIM3_IRQHandler                          0x080002d7   Thumb Code     0  startup_stm32f417xx.o(.text)
    TIM4_IRQHandler                          0x080002d7   Thumb Code     0  startup_stm32f417xx.o(.text)
    TIM5_IRQHandler                          0x080002d7   Thumb Code     0  startup_stm32f417xx.o(.text)
    TIM6_DAC_IRQHandler                      0x080002d7   Thumb Code     0  startup_stm32f417xx.o(.text)
    TIM7_IRQHandler                          0x080002d7   Thumb Code     0  startup_stm32f417xx.o(.text)
    TIM8_BRK_TIM12_IRQHandler                0x080002d7   Thumb Code     0  startup_stm32f417xx.o(.text)
    TIM8_CC_IRQHandler                       0x080002d7   Thumb Code     0  startup_stm32f417xx.o(.text)
    TIM8_TRG_COM_TIM14_IRQHandler            0x080002d7   Thumb Code     0  startup_stm32f417xx.o(.text)
    TIM8_UP_TIM13_IRQHandler                 0x080002d7   Thumb Code     0  startup_stm32f417xx.o(.text)
    UART4_IRQHandler                         0x080002d7   Thumb Code     0  startup_stm32f417xx.o(.text)
    UART5_IRQHandler                         0x080002d7   Thumb Code     0  startup_stm32f417xx.o(.text)
    USART1_IRQHandler                        0x080002d7   Thumb Code     0  startup_stm32f417xx.o(.text)
    USART2_IRQHandler                        0x080002d7   Thumb Code     0  startup_stm32f417xx.o(.text)
    USART3_IRQHandler                        0x080002d7   Thumb Code     0  startup_stm32f417xx.o(.text)
    USART6_IRQHandler                        0x080002d7   Thumb Code     0  startup_stm32f417xx.o(.text)
    WWDG_IRQHandler                          0x080002d7   Thumb Code     0  startup_stm32f417xx.o(.text)
    __user_initial_stackheap                 0x080002d9   Thumb Code     0  startup_stm32f417xx.o(.text)
    __aeabi_errno_addr                       0x080002fd   Thumb Code     8  rt_errno_addr_intlibspace.o(.text)
    __errno$intlibspace                      0x080002fd   Thumb Code     0  rt_errno_addr_intlibspace.o(.text)
    __rt_errno_addr$intlibspace              0x080002fd   Thumb Code     0  rt_errno_addr_intlibspace.o(.text)
    strlen                                   0x08000305   Thumb Code    62  strlen.o(.text)
    __aeabi_memcpy4                          0x08000343   Thumb Code     0  rt_memcpy_w.o(.text)
    __aeabi_memcpy8                          0x08000343   Thumb Code     0  rt_memcpy_w.o(.text)
    __rt_memcpy_w                            0x08000343   Thumb Code   100  rt_memcpy_w.o(.text)
    _memcpy_lastbytes_aligned                0x0800038b   Thumb Code     0  rt_memcpy_w.o(.text)
    __use_two_region_memory                  0x080003a7   Thumb Code     2  heapauxi.o(.text)
    __rt_heap_escrow                         0x080003a9   Thumb Code     2  heapauxi.o(.text)
    __rt_heap_expand                         0x080003ab   Thumb Code     2  heapauxi.o(.text)
    __cpp_initialize__aeabi_                 0x080003ad   Thumb Code    26  init_aeabi.o(.text)
    __user_libspace                          0x080003d1   Thumb Code     8  libspace.o(.text)
    __user_perproc_libspace                  0x080003d1   Thumb Code     0  libspace.o(.text)
    __user_perthread_libspace                0x080003d1   Thumb Code     0  libspace.o(.text)
    __rt_new_handler_addr                    0x080003d9   Thumb Code     8  rt_new_handler_addr_intlibspace.o(.text)
    malloc                                   0x080003e1   Thumb Code    94  h1_alloc.o(.text)
    free                                     0x0800043f   Thumb Code    78  h1_free.o(.text)
    __default_new_handler()                  0x0800048d   Thumb Code     4  arm_newhandler_noexceptions.o(.text)
    __rt_heap_descriptor                     0x08000491   Thumb Code     8  rt_heap_descriptor_intlibspace.o(.text)
    __use_no_heap                            0x08000499   Thumb Code     2  hguard.o(.text)
    __heap$guard                             0x0800049b   Thumb Code     2  hguard.o(.text)
    _terminate_user_alloc                    0x0800049d   Thumb Code     2  init_alloc.o(.text)
    _init_user_alloc                         0x0800049f   Thumb Code     2  init_alloc.o(.text)
    __Heap_Full                              0x080004a1   Thumb Code    34  init_alloc.o(.text)
    __Heap_Broken                            0x080004c3   Thumb Code     6  init_alloc.o(.text)
    _init_alloc                              0x080004c9   Thumb Code    94  init_alloc.o(.text)
    __Heap_Initialize                        0x08000527   Thumb Code    10  h1_init.o(.text)
    __Heap_DescSize                          0x08000531   Thumb Code     4  h1_init.o(.text)
    std::terminate()                         0x08000535   Thumb Code    26  arm_exceptions_terminate.o(.text)
    __cxa_get_globals                        0x08000557   Thumb Code    62  arm_exceptions_globs.o(.text)
    __user_setup_stackheap                   0x080005a1   Thumb Code    74  sys_stackheap_outer.o(.text)
    __rt_eh_globals_addr                     0x080005ed   Thumb Code     8  rt_eh_globals_addr_intlibspace.o(.text)
    __Heap_ProvideMemory                     0x080005f5   Thumb Code    52  h1_extend.o(.text)
    exit                                     0x08000629   Thumb Code    12  exit.o(.text)
    abort                                    0x08000635   Thumb Code    16  abort.o(.text)
    __rt_SIGRTMEM                            0x08000645   Thumb Code    14  defsig_rtmem_outer.o(.text)
    __ARM_exceptions_buffer_init             0x08000653   Thumb Code    18  arm_exceptions_mem.o(.text)
    __ARM_exceptions_buffer_allocate         0x08000665   Thumb Code    22  arm_exceptions_mem.o(.text)
    __ARM_exceptions_buffer_free             0x0800067b   Thumb Code    20  arm_exceptions_mem.o(.text)
    _sys_exit                                0x08000691   Thumb Code     8  sys_exit.o(.text)
    __I$use$semihosting                      0x0800069d   Thumb Code     0  use_no_semi.o(.text)
    __use_no_semihosting_swi                 0x0800069d   Thumb Code     2  use_no_semi.o(.text)
    __semihosting_library_function           0x0800069f   Thumb Code     0  indicate_semi.o(.text)
    __sig_exit                               0x0800069f   Thumb Code    10  defsig_exit.o(.text)
    __rt_SIGABRT                             0x080006a9   Thumb Code    14  defsig_abrt_outer.o(.text)
    __rt_SIGRTMEM_inner                      0x080006b9   Thumb Code    22  defsig_rtmem_inner.o(.text)
    __default_signal_display                 0x08000709   Thumb Code    50  defsig_general.o(.text)
    __rt_SIGABRT_inner                       0x0800073d   Thumb Code    14  defsig_abrt_inner.o(.text)
    _ttywrch                                 0x0800076d   Thumb Code    14  sys_wrch.o(.text)
    BusFault_Handler                         0x0800077b   Thumb Code     4  stm32f4xx_it.o(i.BusFault_Handler)
    DebugMon_Handler                         0x0800077f   Thumb Code     2  stm32f4xx_it.o(i.DebugMon_Handler)
    EXTI0_IRQHandler                         0x08000781   Thumb Code     2  stm32f4xx_it.o(i.EXTI0_IRQHandler)
    FSMC_NORSRAM_Extended_Timing_Init        0x08000783   Thumb Code    82  stm32f4xx_ll_fsmc.o(i.FSMC_NORSRAM_Extended_Timing_Init)
    FSMC_NORSRAM_Init                        0x080007d5   Thumb Code    84  stm32f4xx_ll_fsmc.o(i.FSMC_NORSRAM_Init)
    FSMC_NORSRAM_Timing_Init                 0x0800082d   Thumb Code    68  stm32f4xx_ll_fsmc.o(i.FSMC_NORSRAM_Timing_Init)
    HAL_DMA_Init                             0x08000871   Thumb Code   120  stm32f4xx_hal_dma.o(i.HAL_DMA_Init)
    HAL_Delay                                0x080008ed   Thumb Code    26  stm32f4xx_hal.o(i.HAL_Delay)
    HAL_GPIO_Init                            0x08000909   Thumb Code   470  stm32f4xx_hal_gpio.o(i.HAL_GPIO_Init)
    HAL_GetREVID                             0x08000b11   Thumb Code     8  stm32f4xx_hal.o(i.HAL_GetREVID)
    HAL_GetTick                              0x08000b1d   Thumb Code     6  stm32f4xx_hal.o(i.HAL_GetTick)
    HAL_IncTick                              0x08000b29   Thumb Code    12  stm32f4xx_hal.o(i.HAL_IncTick)
    HAL_Init                                 0x08000b39   Thumb Code    44  stm32f4xx_hal.o(i.HAL_Init)
    HAL_InitTick                             0x08000b69   Thumb Code    36  stm32f4xx_hal.o(i.HAL_InitTick)
    HAL_MspInit                              0x08000b8d   Thumb Code     2  stm32f4xx_hal.o(i.HAL_MspInit)
    HAL_NVIC_SetPriority                     0x08000b8f   Thumb Code   124  stm32f4xx_hal_cortex.o(i.HAL_NVIC_SetPriority)
    HAL_NVIC_SetPriorityGrouping             0x08000c0d   Thumb Code    32  stm32f4xx_hal_cortex.o(i.HAL_NVIC_SetPriorityGrouping)
    HAL_RCC_ClockConfig                      0x08000c35   Thumb Code   680  stm32f4xx_hal_rcc.o(i.HAL_RCC_ClockConfig)
    HAL_RCC_GetHCLKFreq                      0x08000ee5   Thumb Code    42  stm32f4xx_hal_rcc.o(i.HAL_RCC_GetHCLKFreq)
    HAL_RCC_GetSysClockFreq                  0x08000f1d   Thumb Code   168  stm32f4xx_hal_rcc.o(i.HAL_RCC_GetSysClockFreq)
    HAL_RCC_OscConfig                        0x08000fd1   Thumb Code  1024  stm32f4xx_hal_rcc.o(i.HAL_RCC_OscConfig)
    HAL_SRAM_Init                            0x080013d1   Thumb Code    88  stm32f4xx_hal_sram.o(i.HAL_SRAM_Init)
    HAL_SRAM_MspInit                         0x08001429   Thumb Code     2  stm32f4xx_hal_sram.o(i.HAL_SRAM_MspInit)
    HAL_SYSTICK_Config                       0x0800142b   Thumb Code    52  stm32f4xx_hal_cortex.o(i.HAL_SYSTICK_Config)
    HAL_TIMEx_BreakCallback                  0x0800145f   Thumb Code     2  stm32f4xx_hal_tim_ex.o(i.HAL_TIMEx_BreakCallback)
    HAL_TIMEx_CommutationCallback            0x08001461   Thumb Code     2  stm32f4xx_hal_tim_ex.o(i.HAL_TIMEx_CommutationCallback)
    HAL_TIM_IC_CaptureCallback               0x08001463   Thumb Code     2  stm32f4xx_hal_tim.o(i.HAL_TIM_IC_CaptureCallback)
    HAL_TIM_IRQHandler                       0x08001465   Thumb Code   406  stm32f4xx_hal_tim.o(i.HAL_TIM_IRQHandler)
    HAL_TIM_OC_DelayElapsedCallback          0x080015fb   Thumb Code     2  stm32f4xx_hal_tim.o(i.HAL_TIM_OC_DelayElapsedCallback)
    HAL_TIM_PWM_PulseFinishedCallback        0x080015fd   Thumb Code     2  stm32f4xx_hal_tim.o(i.HAL_TIM_PWM_PulseFinishedCallback)
    HAL_TIM_PeriodElapsedCallback            0x080015ff   Thumb Code     2  stm32f4xx_hal_tim.o(i.HAL_TIM_PeriodElapsedCallback)
    HAL_TIM_TriggerCallback                  0x08001601   Thumb Code     2  stm32f4xx_hal_tim.o(i.HAL_TIM_TriggerCallback)
    HardFault_Handler                        0x08001603   Thumb Code     4  stm32f4xx_it.o(i.HardFault_Handler)
    MemManage_Handler                        0x08001607   Thumb Code     4  stm32f4xx_it.o(i.MemManage_Handler)
    NMI_Handler                              0x0800160b   Thumb Code     2  stm32f4xx_it.o(i.NMI_Handler)
    SVC_Handler                              0x0800160d   Thumb Code     2  stm32f4xx_it.o(i.SVC_Handler)
    StackSwitch                              0x0800160f   Thumb Code    20  contextswitching.o(i.StackSwitch)
    StackSwitchPSV                           0x08001623   Thumb Code     2  contextswitching.o(i.StackSwitchPSV)
    SystemInit                               0x08001625   Thumb Code    82  system_stm32f4xx.o(i.SystemInit)
    TIM1_UP_TIM10_IRQHandler                 0x08001689   Thumb Code    10  stm32f4xx_it.o(i.TIM1_UP_TIM10_IRQHandler)
    TIM2_IRQHandler                          0x08001699   Thumb Code    10  stm32f4xx_it.o(i.TIM2_IRQHandler)
    UsageFault_Handler                       0x080016a9   Thumb Code     4  stm32f4xx_it.o(i.UsageFault_Handler)
    CMSIS_Tick()                             0x080016ad   Thumb Code     8  device.o(i._Z10CMSIS_Tickv)
    ClockEnable()                            0x080016b5   Thumb Code   420  init.o(i._Z11ClockEnablev)
    DEV_Gpio_Init(GPIO_TypeDef*, int, unsigned, unsigned) 0x0800185d   Thumb Code    40  gpio_ex.o(i._Z13DEV_Gpio_InitP12GPIO_TypeDefijj)
    Error_Handler()                          0x08001889   Thumb Code     4  init.o(i._Z13Error_Handlerv)
    DEV_AltGpio_Init(GPIO_TypeDef*, int, unsigned, unsigned) 0x0800188d   Thumb Code    44  gpio_ex.o(i._Z16DEV_AltGpio_InitP12GPIO_TypeDefijj)
    SystemEventBurner(Runnable*)             0x080018bd   Thumb Code     4  vm.o(i._Z17SystemEventBurnerP8Runnable)
    SystemClock_Config()                     0x080018c1   Thumb Code   162  init.o(i._Z18SystemClock_Configv)
    SystemEventBurner2(Runnable*)            0x08001971   Thumb Code     4  vm.o(i._Z18SystemEventBurner2P8Runnable)
    Alloc(unsigned)                          0x08001975   Thumb Code    14  device.o(i._Z5Allocj)
    server(void*, void*)                     0x08001989   Thumb Code    18  vm.o(i._Z6serverPvS_)
    DmaInit()                                0x080019a1   Thumb Code   146  init.o(i._Z7DmaInitv)
    GpioInit()                               0x08001a45   Thumb Code   192  init.o(i._Z8GpioInitv)
    HsramInit()                              0x08001b21   Thumb Code   106  init.o(i._Z9HsramInitv)
    SpiSoftTypeDef::send_9bit_Data(bool, unsigned char) 0x08001b99   Thumb Code   136  gpio_ex.o(i._ZN14SpiSoftTypeDef14send_9bit_DataEbh)
    SpiSoftTypeDef::select()                 0x08001c25   Thumb Code    14  gpio_ex.o(i._ZN14SpiSoftTypeDef6selectEv)
    SpiSoftTypeDef::deSelect()               0x08001c39   Thumb Code    12  gpio_ex.o(i._ZN14SpiSoftTypeDef8deSelectEv)
    MemoryAllocator::New(unsigned)           0x08001c49   Thumb Code   114  memory_alloc.o(i._ZN15MemoryAllocator3NewEj)
    MemoryAllocator::separate(MemoryChunk*, unsigned) 0x08001cbb   Thumb Code    24  memory_alloc.o(i._ZN15MemoryAllocator8separateEP11MemoryChunkj)
    MemoryAllocator::MemoryAllocator()       0x08001cd3   Thumb Code    28  device.o(i._ZN15MemoryAllocatorC1Ev)
    MemoryAllocator::MemoryAllocator__sub_object() 0x08001cd3   Thumb Code     0  device.o(i._ZN15MemoryAllocatorC1Ev)
    MemoryAllocator::operator ()(unsigned, unsigned) 0x08001cef   Thumb Code    40  memory_alloc.o(i._ZN15MemoryAllocatorclEjj)
    String::stringifyInt(int, int)           0x08001d51   Thumb Code   140  main.o(i._ZN6String12stringifyIntEii)
    String::operator +(String*)              0x08001ddd   Thumb Code    16  main.o(i._ZN6StringplEPS_)
    String::operator +(String&)              0x08001ded   Thumb Code    92  main.o(i._ZN6StringplERS_)
    Runtime::addRunnable(int(*)(Runnable*), unsigned) 0x08001e49   Thumb Code    84  main.o(i._ZN7Runtime11addRunnableEPFiP8RunnableEj)
    Runtime::manageThreads(void*, void*)     0x08001e9d   Thumb Code   208  vm.o(i._ZN7Runtime13manageThreadsEPvS0_)
    Runtime::Runtime()                       0x08001f75   Thumb Code    76  device.o(i._ZN7RuntimeC1Ev)
    Runtime::Runtime__sub_object()           0x08001f75   Thumb Code     0  device.o(i._ZN7RuntimeC1Ev)
    Runtime::operator ()(unsigned, unsigned) 0x08001fd5   Thumb Code    92  main.o(i._ZN7RuntimeclEjj)
    Allocator<char>::Allocator()             0x08002041   Thumb Code     6  main.o(i._ZN9AllocatorIcEC1Ev)
    Allocator<char>::Allocator__sub_object() 0x08002041   Thumb Code     0  main.o(i._ZN9AllocatorIcEC1Ev)
    TestClass::TestClass(char)               0x0800204d   Thumb Code     4  main.o(i._ZN9TestClassC1Ec)
    TestClass::TestClass__sub_object(char)   0x0800204d   Thumb Code     0  main.o(i._ZN9TestClassC1Ec)
    operator delete (void*)                  0x08002051   Thumb Code     8  delete.o(i._ZdlPv)
    operator new(unsigned)                   0x08002059   Thumb Code    34  new.o(i._Znwj)
    __cxa_guard_acquire                      0x08002081   Thumb Code    16  cxa_guard_acquire.o(i.__cxa_guard_acquire)
    main                                     0x0800210d   Thumb Code   362  main.o(i.main)
    Synchronizer<Runtime>::syncRelease(Runtime*) 0x080022b1   Thumb Code     6  device.o(t._ZN12SynchronizerI7RuntimeE11syncReleaseEPS0_)
    Synchronizer<Runtime>::syncFetch(Runtime*) 0x080022b7   Thumb Code    20  device.o(t._ZN12SynchronizerI7RuntimeE9syncFetchEPS0_)
    ArrayListBase<MemoryChunk>::add(MemoryChunk*) 0x080022cb   Thumb Code    16  memory_alloc.o(t._ZN13ArrayListBaseI11MemoryChunkE3addEPS0_)
    ArrayListBase<MemoryChunk>::add(MemoryChunk&) 0x080022dd   Thumb Code   122  memory_alloc.o(t._ZN13ArrayListBaseI11MemoryChunkE3addERS0_)
    ArrayListBase<MemoryChunk>::remove(MemoryChunk*) 0x08002361   Thumb Code    16  memory_alloc.o(t._ZN13ArrayListBaseI11MemoryChunkE6removeEPS0_)
    ArrayListBase<MemoryChunk>::remove(MemoryChunk&) 0x08002371   Thumb Code    66  memory_alloc.o(t._ZN13ArrayListBaseI11MemoryChunkE6removeERS0_)
    ArrayListBase<MemoryChunk>::ArrayListBase() 0x080023b3   Thumb Code     8  device.o(t._ZN13ArrayListBaseI11MemoryChunkEC1Ev)
    ArrayListBase<MemoryChunk>::ArrayListBase__sub_object() 0x080023b3   Thumb Code     0  device.o(t._ZN13ArrayListBaseI11MemoryChunkEC1Ev)
    String::String<const char>(T1*)          0x080023bd   Thumb Code    60  main.o(t._ZN6StringC1IKcEEPT_)
    String::String__sub_object<const char>(T1*) 0x080023bd   Thumb Code     0  main.o(t._ZN6StringC1IKcEEPT_)
    String::String<char>(T1*)                0x080023fd   Thumb Code    60  main.o(t._ZN6StringC1IcEEPT_)
    String::String__sub_object<char>(T1*)    0x080023fd   Thumb Code     0  main.o(t._ZN6StringC1IcEEPT_)
    ILI9488<GPIO_TypeDef, SpiSoftTypeDef>::driverFill(unsigned short, unsigned short, unsigned short) 0x0800243d   Thumb Code    96  main.o(t._ZN7ILI9488I12GPIO_TypeDef14SpiSoftTypeDefE10driverFillEttt)
    ILI9488<GPIO_TypeDef, SpiSoftTypeDef>::resetForce(bool) 0x0800249d   Thumb Code    28  main.o(t._ZN7ILI9488I12GPIO_TypeDef14SpiSoftTypeDefE10resetForceEb)
    ILI9488<GPIO_TypeDef, SpiSoftTypeDef>::init() 0x080024bd   Thumb Code   332  main.o(t._ZN7ILI9488I12GPIO_TypeDef14SpiSoftTypeDefE4initEv)
    ILI9488<GPIO_TypeDef, SpiSoftTypeDef>::delay(unsigned) 0x08002609   Thumb Code    14  main.o(t._ZN7ILI9488I12GPIO_TypeDef14SpiSoftTypeDefE5delayEj)
    ILI9488<GPIO_TypeDef, SpiSoftTypeDef>::hsClk() 0x08002617   Thumb Code    70  main.o(t._ZN7ILI9488I12GPIO_TypeDef14SpiSoftTypeDefE5hsClkEv)
    ILI9488<GPIO_TypeDef, SpiSoftTypeDef>::setHs(bool) 0x0800265d   Thumb Code    28  main.o(t._ZN7ILI9488I12GPIO_TypeDef14SpiSoftTypeDefE5setHsEb)
    ILI9488<GPIO_TypeDef, SpiSoftTypeDef>::setVs(bool) 0x0800267d   Thumb Code    28  main.o(t._ZN7ILI9488I12GPIO_TypeDef14SpiSoftTypeDefE5setVsEb)
    ILI9488<GPIO_TypeDef, SpiSoftTypeDef>::vsClk() 0x0800269d   Thumb Code    28  main.o(t._ZN7ILI9488I12GPIO_TypeDef14SpiSoftTypeDefE5vsClkEv)
    void ILI9488<GPIO_TypeDef, SpiSoftTypeDef>::rgbOut<unsigned short>(T1) 0x080026b9   Thumb Code    10  main.o(t._ZN7ILI9488I12GPIO_TypeDef14SpiSoftTypeDefE6rgbOutItEEvT_)
    ILI9488<GPIO_TypeDef, SpiSoftTypeDef>::setDen(bool) 0x080026c5   Thumb Code    28  main.o(t._ZN7ILI9488I12GPIO_TypeDef14SpiSoftTypeDefE6setDenEb)
    ILI9488<GPIO_TypeDef, SpiSoftTypeDef>::setDot(bool) 0x080026e5   Thumb Code    28  main.o(t._ZN7ILI9488I12GPIO_TypeDef14SpiSoftTypeDefE6setDotEb)
    ILI9488<GPIO_TypeDef, SpiSoftTypeDef>::wrCmd8(unsigned char) 0x08002705   Thumb Code    20  main.o(t._ZN7ILI9488I12GPIO_TypeDef14SpiSoftTypeDefE6wrCmd8Eh)
    ILI9488<GPIO_TypeDef, SpiSoftTypeDef>::wrData8(unsigned char) 0x08002719   Thumb Code    20  main.o(t._ZN7ILI9488I12GPIO_TypeDef14SpiSoftTypeDefE7wrData8Eh)
    ILI9488<GPIO_TypeDef, SpiSoftTypeDef>::backLight(unsigned char) 0x0800272d   Thumb Code    14  main.o(t._ZN7ILI9488I12GPIO_TypeDef14SpiSoftTypeDefE9backLightEh)
    Iterator<ArrayList<Runnable>, Runnable>::getThis() 0x08002741   Thumb Code    16  vm.o(t._ZN8IteratorI9ArrayListI8RunnableES1_E7getThisEv)
    Iterator<ArrayList<Runnable>, Runnable>::hasThis() 0x08002751   Thumb Code    14  vm.o(t._ZN8IteratorI9ArrayListI8RunnableES1_E7hasThisEv)
    Iterator<ArrayList<Runnable>, Runnable>::Iterator() 0x0800275f   Thumb Code     2  main.o(t._ZN8IteratorI9ArrayListI8RunnableES1_EC1Ev)
    Iterator<ArrayList<Runnable>, Runnable>::Iterator__sub_object() 0x0800275f   Thumb Code     0  main.o(t._ZN8IteratorI9ArrayListI8RunnableES1_EC1Ev)
    Iterator<ArrayList<Runnable>, Runnable>::operator ()(DefaultArrayListNode<ArrayList<Runnable>, Runnable>&) 0x08002761   Thumb Code     4  main.o(t._ZN8IteratorI9ArrayListI8RunnableES1_EclER20DefaultArrayListNodeIS2_S1_E)
    Iterator<ArrayList<TestClass>, TestClass>::getNext() 0x08002765   Thumb Code    16  main.o(t._ZN8IteratorI9ArrayListI9TestClassES1_E7getNextEv)
    Iterator<ArrayList<TestClass>, TestClass>::hasNext() 0x08002775   Thumb Code    16  main.o(t._ZN8IteratorI9ArrayListI9TestClassES1_E7hasNextEv)
    Iterator<ArrayList<TestClass>, TestClass>::Iterator() 0x08002785   Thumb Code     2  main.o(t._ZN8IteratorI9ArrayListI9TestClassES1_EC1Ev)
    Iterator<ArrayList<TestClass>, TestClass>::Iterator__sub_object() 0x08002785   Thumb Code     0  main.o(t._ZN8IteratorI9ArrayListI9TestClassES1_EC1Ev)
    Iterator<ArrayList<TestClass>, TestClass>::operator ()(DefaultArrayListNode<ArrayList<TestClass>, TestClass>&) 0x08002787   Thumb Code     4  main.o(t._ZN8IteratorI9ArrayListI9TestClassES1_EclER20DefaultArrayListNodeIS2_S1_E)
    Allocator<DefaultArrayListNode<ArrayList<Runnable>, Runnable>>::New() 0x0800278b   Thumb Code    16  main.o(t._ZN9AllocatorI20DefaultArrayListNodeI9ArrayListI8RunnableES2_EE3NewEv)
    Allocator<DefaultArrayListNode<ArrayList<Runnable>, Runnable>>::alloc(unsigned) 0x0800279b   Thumb Code    14  device.o(t._ZN9AllocatorI20DefaultArrayListNodeI9ArrayListI8RunnableES2_EE5allocEj)
    Allocator<DefaultArrayListNode<ArrayList<TestClass>, TestClass>>::New() 0x080027a9   Thumb Code    16  main.o(t._ZN9AllocatorI20DefaultArrayListNodeI9ArrayListI9TestClassES2_EE3NewEv)
    Allocator<DefaultArrayListNode<ArrayList<TestClass>, TestClass>>::alloc(unsigned) 0x080027b9   Thumb Code    14  main.o(t._ZN9AllocatorI20DefaultArrayListNodeI9ArrayListI9TestClassES2_EE5allocEj)
    Allocator<char>::New(unsigned)           0x080027c7   Thumb Code    18  main.o(t._ZN9AllocatorIcE3NewEj)
    Allocator<char>::alloc(unsigned)         0x080027d9   Thumb Code    14  main.o(t._ZN9AllocatorIcE5allocEj)
    Allocator<char>::NewArray(unsigned)      0x080027e7   Thumb Code    18  main.o(t._ZN9AllocatorIcE8NewArrayEj)
    ArrayList<Runnable>::addFirst(Runnable&) 0x080027f9   Thumb Code    62  main.o(t._ZN9ArrayListI8RunnableE8addFirstERS0_)
    ArrayList<TestClass>::addFirst(TestClass*) 0x08002837   Thumb Code    16  main.o(t._ZN9ArrayListI9TestClassE8addFirstEPS0_)
    ArrayList<TestClass>::addFirst(TestClass&) 0x08002847   Thumb Code    62  main.o(t._ZN9ArrayListI9TestClassE8addFirstERS0_)
    ArrayList<TestClass>::iterator()         0x08002885   Thumb Code    48  main.o(t._ZN9ArrayListI9TestClassE8iteratorEv)
    _fp_init                                 0x080028bd   Thumb Code    10  fpinit.o(x$fpl$fpinit)
    __fplib_config_fpu_vfp                   0x080028c5   Thumb Code     0  fpinit.o(x$fpl$fpinit)
    __fplib_config_pureend_doubles           0x080028c5   Thumb Code     0  fpinit.o(x$fpl$fpinit)
    vtable for MemoryChunk                   0x080028d8   Data          12  memory_alloc.o(.constdata__ZTV11MemoryChunk)
    vtable for Synchronizer<Runtime>         0x080028e4   Data          24  device.o(.constdata__ZTV12SynchronizerI7RuntimeE)
    vtable for Synchronizer<ArrayList<Runnable>> 0x080028fc   Data          24  device.o(.constdata__ZTV12SynchronizerI9ArrayListI8RunnableEE)
    vtable for Synchronizer<ArrayList<TestClass>> 0x08002914   Data          24  main.o(.constdata__ZTV12SynchronizerI9ArrayListI9TestClassEE)
    vtable for GraphicFrameFactory<unsigned short, unsigned short> 0x0800292c   Data          16  device.o(.constdata__ZTV19GraphicFrameFactoryIttE)
    vtable for DefaultArrayListBaseNode<MemoryChunk> 0x0800293c   Data          12  memory_alloc.o(.constdata__ZTV24DefaultArrayListBaseNodeI11MemoryChunkE)
    vtable for String                        0x08002948   Data          16  main.o(.constdata__ZTV6String)
    vtable for Runtime                       0x08002958   Data          24  device.o(.constdata__ZTV7Runtime)
    vtable for Allocator<GraphicFrame<GraphicFrameFactory<unsigned short, unsigned short>, unsigned short, unsigned short>> 0x08002970   Data          16  device.o(.constdata__ZTV9AllocatorI12GraphicFrameI19GraphicFrameFactoryIttEttEE)
    vtable for Allocator<DefaultArrayListNode<ArrayList<Runnable>, Runnable>> 0x08002980   Data          16  device.o(.constdata__ZTV9AllocatorI20DefaultArrayListNodeI9ArrayListI8RunnableES2_EE)
    vtable for Allocator<DefaultArrayListNode<ArrayList<TestClass>, TestClass>> 0x08002990   Data          16  main.o(.constdata__ZTV9AllocatorI20DefaultArrayListNodeI9ArrayListI9TestClassES2_EE)
    vtable for Allocator<char>               0x080029a0   Data          16  main.o(.constdata__ZTV9AllocatorIcE)
    vtable for ArrayList<Runnable>           0x080029b0   Data          40  device.o(.constdata__ZTV9ArrayListI8RunnableE)
    vtable for ArrayList<TestClass>          0x080029d8   Data          40  main.o(.constdata__ZTV9ArrayListI9TestClassE)
    Device::init()::string                   0x08002a00   Data           8  main.o(.constdata__ZZN6Device4initEvEs)
    Device::toString()::string               0x08002a08   Data           7  main.o(.constdata__ZZN6Device8toStringEvEs)
    Region$$Table$$Base                      0x08002a10   Number         0  anon$$obj.o(Region$$Table)
    Region$$Table$$Limit                     0x08002a30   Number         0  anon$$obj.o(Region$$Table)
    SHT$$INIT_ARRAY$$Base                    0x08002a30   Number         0  main.o(.init_array)
    SHT$$INIT_ARRAY$$Limit                   0x08002a38   Number         0  init_aeabi.o(.init_array)
    spiLcd                                   0x20000000   Data           1  device.o(.data)
    SystemCoreClock                          0x20000008   Data           4  system_stm32f4xx.o(.data)
    AHBPrescTable                            0x2000000c   Data          16  system_stm32f4xx.o(.data)
    guard variable for ArrayList<Runnable>::iterator()::i 0x2000001c   Data           4  main.o(.data__ZZN9ArrayListI8RunnableE8iteratorEvE1i)
    ArrayList<Runnable>::iterator()::i       0x20000020   Data           4  main.o(.data__ZZN9ArrayListI8RunnableE8iteratorEvE1i)
    guard variable for ArrayList<TestClass>::iterator()::i 0x20000024   Data           4  main.o(.data__ZZN9ArrayListI9TestClassE8iteratorEvE1i)
    ArrayList<TestClass>::iterator()::i      0x20000028   Data           4  main.o(.data__ZZN9ArrayListI9TestClassE8iteratorEvE1i)
    arrayList                                0x20000040   Data          24  main.o(.bss)
    systemHeap                               0x20000058   Data       40000  main.o(.bss)
    runtime                                  0x20009cac   Data          76  device.o(.bss)
    device                                   0x20009cf8   Data          24  device.o(.bss)
    Heap                                     0x20009d10   Data          36  device.o(.bss)
    hsram                                    0x20009d5c   Data          68  init.o(.bss)
    SRAM_Timing                              0x20009da0   Data          28  init.o(.bss)
    DmaHandle                                0x20009dbc   Data          80  init.o(.bss)
    DmaHandleGraphic                         0x20009e0c   Data          80  init.o(.bss)
    SpiHandle                                0x20009e5c   Data          88  init.o(.bss)
    TimHandle                                0x20009eb4   Data          60  init.o(.bss)
    Tim2_Handle                              0x20009ef0   Data          60  init.o(.bss)
    __libspace_start                         0x20009f2c   Data          96  libspace.o(.bss)
    __temporary_stack_top$libspace           0x20009f8c   Data           0  libspace.o(.bss)



==============================================================================

Memory Map of the image

  Image Entry point : 0x08000189

  Load Region LR_IROM1 (Base: 0x08000000, Size: 0x00002a64, Max: 0x00080000, ABSOLUTE)

    Execution Region ER_IROM1 (Base: 0x08000000, Size: 0x00002a38, Max: 0x00080000, ABSOLUTE)

    Base Addr    Size         Type   Attr      Idx    E Section Name        Object

    0x08000000   0x00000188   Data   RO         4694    RESET               startup_stm32f417xx.o
    0x08000188   0x00000008   Code   RO         4773  * !!!main             c_w.l(__main.o)
    0x08000190   0x00000034   Code   RO         5249    !!!scatter          c_w.l(__scatter.o)
    0x080001c4   0x0000001a   Code   RO         5251    !!handler_copy      c_w.l(__scatter_copy.o)
    0x080001de   0x00000002   PAD
    0x080001e0   0x0000001c   Code   RO         5253    !!handler_zi        c_w.l(__scatter_zi.o)
    0x080001fc   0x00000002   Code   RO         5160    .ARM.Collect$$libinit$$00000000  c_w.l(libinit.o)
    0x080001fe   0x00000004   Code   RO         4971    .ARM.Collect$$libinit$$00000001  c_w.l(libinit2.o)
    0x08000202   0x00000000   Code   RO         4974    .ARM.Collect$$libinit$$00000004  c_w.l(libinit2.o)
    0x08000202   0x00000008   Code   RO         4975    .ARM.Collect$$libinit$$00000005  c_w.l(libinit2.o)
    0x0800020a   0x00000000   Code   RO         4977    .ARM.Collect$$libinit$$0000000A  c_w.l(libinit2.o)
    0x0800020a   0x00000000   Code   RO         4979    .ARM.Collect$$libinit$$0000000C  c_w.l(libinit2.o)
    0x0800020a   0x00000000   Code   RO         4981    .ARM.Collect$$libinit$$0000000E  c_w.l(libinit2.o)
    0x0800020a   0x00000000   Code   RO         4984    .ARM.Collect$$libinit$$00000011  c_w.l(libinit2.o)
    0x0800020a   0x00000000   Code   RO         4986    .ARM.Collect$$libinit$$00000013  c_w.l(libinit2.o)
    0x0800020a   0x00000000   Code   RO         4988    .ARM.Collect$$libinit$$00000015  c_w.l(libinit2.o)
    0x0800020a   0x00000000   Code   RO         4990    .ARM.Collect$$libinit$$00000017  c_w.l(libinit2.o)
    0x0800020a   0x00000000   Code   RO         4992    .ARM.Collect$$libinit$$00000019  c_w.l(libinit2.o)
    0x0800020a   0x00000000   Code   RO         4994    .ARM.Collect$$libinit$$0000001B  c_w.l(libinit2.o)
    0x0800020a   0x00000000   Code   RO         4996    .ARM.Collect$$libinit$$0000001D  c_w.l(libinit2.o)
    0x0800020a   0x00000000   Code   RO         4998    .ARM.Collect$$libinit$$0000001F  c_w.l(libinit2.o)
    0x0800020a   0x00000000   Code   RO         5000    .ARM.Collect$$libinit$$00000021  c_w.l(libinit2.o)
    0x0800020a   0x00000000   Code   RO         5002    .ARM.Collect$$libinit$$00000023  c_w.l(libinit2.o)
    0x0800020a   0x00000000   Code   RO         5004    .ARM.Collect$$libinit$$00000025  c_w.l(libinit2.o)
    0x0800020a   0x00000000   Code   RO         5008    .ARM.Collect$$libinit$$0000002C  c_w.l(libinit2.o)
    0x0800020a   0x00000000   Code   RO         5010    .ARM.Collect$$libinit$$0000002E  c_w.l(libinit2.o)
    0x0800020a   0x00000000   Code   RO         5012    .ARM.Collect$$libinit$$00000030  c_w.l(libinit2.o)
    0x0800020a   0x00000004   Code   RO         5013    .ARM.Collect$$libinit$$00000031  c_w.l(libinit2.o)
    0x0800020e   0x00000000   Code   RO         5014    .ARM.Collect$$libinit$$00000032  c_w.l(libinit2.o)
    0x0800020e   0x00000002   Code   RO         5015    .ARM.Collect$$libinit$$00000033  c_w.l(libinit2.o)
    0x08000210   0x00000002   Code   RO         5232    .ARM.Collect$$libshutdown$$00000000  c_w.l(libshutdown.o)
    0x08000212   0x00000000   Code   RO         5213    .ARM.Collect$$libshutdown$$00000003  c_w.l(libshutdown2.o)
    0x08000212   0x00000000   Code   RO         5216    .ARM.Collect$$libshutdown$$00000006  c_w.l(libshutdown2.o)
    0x08000212   0x00000000   Code   RO         5219    .ARM.Collect$$libshutdown$$00000009  c_w.l(libshutdown2.o)
    0x08000212   0x00000000   Code   RO         5221    .ARM.Collect$$libshutdown$$0000000B  c_w.l(libshutdown2.o)
    0x08000212   0x00000000   Code   RO         5224    .ARM.Collect$$libshutdown$$0000000E  c_w.l(libshutdown2.o)
    0x08000212   0x00000002   Code   RO         5225    .ARM.Collect$$libshutdown$$0000000F  c_w.l(libshutdown2.o)
    0x08000214   0x00000000   Code   RO         4903    .ARM.Collect$$rtentry$$00000000  c_w.l(__rtentry.o)
    0x08000214   0x00000000   Code   RO         5050    .ARM.Collect$$rtentry$$00000002  c_w.l(__rtentry2.o)
    0x08000214   0x00000006   Code   RO         5062    .ARM.Collect$$rtentry$$00000004  c_w.l(__rtentry4.o)
    0x0800021a   0x00000000   Code   RO         5052    .ARM.Collect$$rtentry$$00000009  c_w.l(__rtentry2.o)
    0x0800021a   0x00000004   Code   RO         5053    .ARM.Collect$$rtentry$$0000000A  c_w.l(__rtentry2.o)
    0x0800021e   0x00000000   Code   RO         5055    .ARM.Collect$$rtentry$$0000000C  c_w.l(__rtentry2.o)
    0x0800021e   0x00000008   Code   RO         5056    .ARM.Collect$$rtentry$$0000000D  c_w.l(__rtentry2.o)
    0x08000226   0x00000002   Code   RO         5178    .ARM.Collect$$rtexit$$00000000  c_w.l(rtexit.o)
    0x08000228   0x00000000   Code   RO         5195    .ARM.Collect$$rtexit$$00000002  c_w.l(rtexit2.o)
    0x08000228   0x00000004   Code   RO         5196    .ARM.Collect$$rtexit$$00000003  c_w.l(rtexit2.o)
    0x0800022c   0x00000006   Code   RO         5197    .ARM.Collect$$rtexit$$00000004  c_w.l(rtexit2.o)
    0x08000232   0x00000002   PAD
    0x08000234   0x00000000   Code   RO         5134    .emb_text           c_w.l(maybetermalloc1.o)
    0x08000234   0x00000088   Code   RO         4688    .text               stackswitching.o
    0x080002bc   0x00000040   Code   RO         4695    .text               startup_stm32f417xx.o
    0x080002fc   0x00000008   Code   RO         4765    .text               c_w.l(rt_errno_addr_intlibspace.o)
    0x08000304   0x0000003e   Code   RO         4767    .text               c_w.l(strlen.o)
    0x08000342   0x00000064   Code   RO         4769    .text               c_w.l(rt_memcpy_w.o)
    0x080003a6   0x00000006   Code   RO         4771    .text               c_w.l(heapauxi.o)
    0x080003ac   0x00000024   Code   RO         4778    .text               c_w.l(init_aeabi.o)
    0x080003d0   0x00000008   Code   RO         4900    .text               c_w.l(libspace.o)
    0x080003d8   0x00000008   Code   RO         4907    .text               c_w.l(rt_new_handler_addr_intlibspace.o)
    0x080003e0   0x0000005e   Code   RO         4913    .text               c_w.l(h1_alloc.o)
    0x0800043e   0x0000004e   Code   RO         4915    .text               c_w.l(h1_free.o)
    0x0800048c   0x00000004   Code   RO         5021    .text               cpprt_w.l(arm_newhandler_noexceptions.o)
    0x08000490   0x00000008   Code   RO         5067    .text               c_w.l(rt_heap_descriptor_intlibspace.o)
    0x08000498   0x00000004   Code   RO         5069    .text               c_w.l(hguard.o)
    0x0800049c   0x0000008a   Code   RO         5071    .text               c_w.l(init_alloc.o)
    0x08000526   0x0000000e   Code   RO         5075    .text               c_w.l(h1_init.o)
    0x08000534   0x0000001a   Code   RO         5115    .text               cpprt_w.l(arm_exceptions_terminate.o)
    0x0800054e   0x00000002   PAD
    0x08000550   0x00000050   Code   RO         5118    .text               cpprt_w.l(arm_exceptions_globs.o)
    0x080005a0   0x0000004a   Code   RO         5125    .text               c_w.l(sys_stackheap_outer.o)
    0x080005ea   0x00000002   PAD
    0x080005ec   0x00000008   Code   RO         5130    .text               c_w.l(rt_eh_globals_addr_intlibspace.o)
    0x080005f4   0x00000034   Code   RO         5136    .text               c_w.l(h1_extend.o)
    0x08000628   0x0000000c   Code   RO         5140    .text               c_w.l(exit.o)
    0x08000634   0x00000010   Code   RO         5142    .text               c_w.l(abort.o)
    0x08000644   0x0000000e   Code   RO         5144    .text               c_w.l(defsig_rtmem_outer.o)
    0x08000652   0x0000003c   Code   RO         5170    .text               cpprt_w.l(arm_exceptions_mem.o)
    0x0800068e   0x00000002   PAD
    0x08000690   0x0000000c   Code   RO         5173    .text               c_w.l(sys_exit.o)
    0x0800069c   0x00000002   Code   RO         5175    .text               c_w.l(use_no_semi.o)
    0x0800069e   0x00000000   Code   RO         5177    .text               c_w.l(indicate_semi.o)
    0x0800069e   0x0000000a   Code   RO         5186    .text               c_w.l(defsig_exit.o)
    0x080006a8   0x0000000e   Code   RO         5188    .text               c_w.l(defsig_abrt_outer.o)
    0x080006b6   0x00000002   PAD
    0x080006b8   0x00000050   Code   RO         5192    .text               c_w.l(defsig_rtmem_inner.o)
    0x08000708   0x00000032   Code   RO         5207    .text               c_w.l(defsig_general.o)
    0x0800073a   0x00000002   PAD
    0x0800073c   0x00000030   Code   RO         5209    .text               c_w.l(defsig_abrt_inner.o)
    0x0800076c   0x0000000e   Code   RO         5226    .text               c_w.l(sys_wrch.o)
    0x0800077a   0x00000004   Code   RO         4357    i.BusFault_Handler  stm32f4xx_it.o
    0x0800077e   0x00000002   Code   RO         4358    i.DebugMon_Handler  stm32f4xx_it.o
    0x08000780   0x00000002   Code   RO         4359    i.EXTI0_IRQHandler  stm32f4xx_it.o
    0x08000782   0x00000052   Code   RO         4221    i.FSMC_NORSRAM_Extended_Timing_Init  stm32f4xx_ll_fsmc.o
    0x080007d4   0x00000058   Code   RO         4222    i.FSMC_NORSRAM_Init  stm32f4xx_ll_fsmc.o
    0x0800082c   0x00000044   Code   RO         4223    i.FSMC_NORSRAM_Timing_Init  stm32f4xx_ll_fsmc.o
    0x08000870   0x0000007c   Code   RO         1935    i.HAL_DMA_Init      stm32f4xx_hal_dma.o
    0x080008ec   0x0000001a   Code   RO         1058    i.HAL_Delay         stm32f4xx_hal.o
    0x08000906   0x00000002   PAD
    0x08000908   0x00000208   Code   RO         2315    i.HAL_GPIO_Init     stm32f4xx_hal_gpio.o
    0x08000b10   0x0000000c   Code   RO         1063    i.HAL_GetREVID      stm32f4xx_hal.o
    0x08000b1c   0x0000000c   Code   RO         1064    i.HAL_GetTick       stm32f4xx_hal.o
    0x08000b28   0x00000010   Code   RO         1065    i.HAL_IncTick       stm32f4xx_hal.o
    0x08000b38   0x00000030   Code   RO         1066    i.HAL_Init          stm32f4xx_hal.o
    0x08000b68   0x00000024   Code   RO         1067    i.HAL_InitTick      stm32f4xx_hal.o
    0x08000b8c   0x00000002   Code   RO         1069    i.HAL_MspInit       stm32f4xx_hal.o
    0x08000b8e   0x0000007c   Code   RO         1542    i.HAL_NVIC_SetPriority  stm32f4xx_hal_cortex.o
    0x08000c0a   0x00000002   PAD
    0x08000c0c   0x00000028   Code   RO         1543    i.HAL_NVIC_SetPriorityGrouping  stm32f4xx_hal_cortex.o
    0x08000c34   0x000002b0   Code   RO         2602    i.HAL_RCC_ClockConfig  stm32f4xx_hal_rcc.o
    0x08000ee4   0x00000038   Code   RO         2607    i.HAL_RCC_GetHCLKFreq  stm32f4xx_hal_rcc.o
    0x08000f1c   0x000000b4   Code   RO         2611    i.HAL_RCC_GetSysClockFreq  stm32f4xx_hal_rcc.o
    0x08000fd0   0x00000400   Code   RO         2614    i.HAL_RCC_OscConfig  stm32f4xx_hal_rcc.o
    0x080013d0   0x00000058   Code   RO         3039    i.HAL_SRAM_Init     stm32f4xx_hal_sram.o
    0x08001428   0x00000002   Code   RO         3041    i.HAL_SRAM_MspInit  stm32f4xx_hal_sram.o
    0x0800142a   0x00000034   Code   RO         1547    i.HAL_SYSTICK_Config  stm32f4xx_hal_cortex.o
    0x0800145e   0x00000002   Code   RO         3919    i.HAL_TIMEx_BreakCallback  stm32f4xx_hal_tim_ex.o
    0x08001460   0x00000002   Code   RO         3920    i.HAL_TIMEx_CommutationCallback  stm32f4xx_hal_tim_ex.o
    0x08001462   0x00000002   Code   RO         3203    i.HAL_TIM_IC_CaptureCallback  stm32f4xx_hal_tim.o
    0x08001464   0x00000196   Code   RO         3216    i.HAL_TIM_IRQHandler  stm32f4xx_hal_tim.o
    0x080015fa   0x00000002   Code   RO         3219    i.HAL_TIM_OC_DelayElapsedCallback  stm32f4xx_hal_tim.o
    0x080015fc   0x00000002   Code   RO         3246    i.HAL_TIM_PWM_PulseFinishedCallback  stm32f4xx_hal_tim.o
    0x080015fe   0x00000002   Code   RO         3253    i.HAL_TIM_PeriodElapsedCallback  stm32f4xx_hal_tim.o
    0x08001600   0x00000002   Code   RO         3257    i.HAL_TIM_TriggerCallback  stm32f4xx_hal_tim.o
    0x08001602   0x00000004   Code   RO         4360    i.HardFault_Handler  stm32f4xx_it.o
    0x08001606   0x00000004   Code   RO         4361    i.MemManage_Handler  stm32f4xx_it.o
    0x0800160a   0x00000002   Code   RO         4362    i.NMI_Handler       stm32f4xx_it.o
    0x0800160c   0x00000002   Code   RO         4363    i.SVC_Handler       stm32f4xx_it.o
    0x0800160e   0x00000014   Code   RO         4737    i.StackSwitch       contextswitching.o
    0x08001622   0x00000002   Code   RO         4738    i.StackSwitchPSV    contextswitching.o
    0x08001624   0x00000064   Code   RO         4703    i.SystemInit        system_stm32f4xx.o
    0x08001688   0x00000010   Code   RO         4364    i.TIM1_UP_TIM10_IRQHandler  stm32f4xx_it.o
    0x08001698   0x00000010   Code   RO         4365    i.TIM2_IRQHandler   stm32f4xx_it.o
    0x080016a8   0x00000004   Code   RO         4366    i.UsageFault_Handler  stm32f4xx_it.o
    0x080016ac   0x00000008   Code   RO          628    i._Z10CMSIS_Tickv   device.o
    0x080016b4   0x000001a8   Code   RO          953    i._Z11ClockEnablev  init.o
    0x0800185c   0x0000002c   Code   RO          877    i._Z13DEV_Gpio_InitP12GPIO_TypeDefijj  gpio_ex.o
    0x08001888   0x00000004   Code   RO          954    i._Z13Error_Handlerv  init.o
    0x0800188c   0x00000030   Code   RO          878    i._Z16DEV_AltGpio_InitP12GPIO_TypeDefijj  gpio_ex.o
    0x080018bc   0x00000004   Code   RO         4572    i._Z17SystemEventBurnerP8Runnable  vm.o
    0x080018c0   0x000000b0   Code   RO          955    i._Z18SystemClock_Configv  init.o
    0x08001970   0x00000004   Code   RO         4573    i._Z18SystemEventBurner2P8Runnable  vm.o
    0x08001974   0x00000014   Code   RO          630    i._Z5Allocj         device.o
    0x08001988   0x00000018   Code   RO         4574    i._Z6serverPvS_     vm.o
    0x080019a0   0x000000a4   Code   RO          958    i._Z7DmaInitv       init.o
    0x08001a44   0x000000dc   Code   RO          961    i._Z8GpioInitv      init.o
    0x08001b20   0x00000078   Code   RO          963    i._Z9HsramInitv     init.o
    0x08001b98   0x0000008c   Code   RO          881    i._ZN14SpiSoftTypeDef14send_9bit_DataEbh  gpio_ex.o
    0x08001c24   0x00000014   Code   RO          883    i._ZN14SpiSoftTypeDef6selectEv  gpio_ex.o
    0x08001c38   0x00000010   Code   RO          884    i._ZN14SpiSoftTypeDef8deSelectEv  gpio_ex.o
    0x08001c48   0x00000072   Code   RO         4453    i._ZN15MemoryAllocator3NewEj  memory_alloc.o
    0x08001cba   0x00000018   Code   RO         4457    i._ZN15MemoryAllocator8separateEP11MemoryChunkj  memory_alloc.o
    0x08001cd2   0x0000001c   Code   RO          683    i._ZN15MemoryAllocatorC1Ev  device.o
    0x08001cee   0x00000028   Code   RO         4459    i._ZN15MemoryAllocatorclEjj  memory_alloc.o
    0x08001d16   0x00000002   PAD
    0x08001d18   0x00000028   Code   RO         1549    i._ZN44_INTERNAL_22_stm32f4xx_hal_cortex_c_2992dbc016NVIC_SetPriorityE9IRQn_Typej  stm32f4xx_hal_cortex.o
    0x08001d40   0x00000010   Code   RO         1550    i._ZN44_INTERNAL_22_stm32f4xx_hal_cortex_c_2992dbc024NVIC_GetPriorityGroupingEv  stm32f4xx_hal_cortex.o
    0x08001d50   0x0000008c   Code   RO          215    i._ZN6String12stringifyIntEii  main.o
    0x08001ddc   0x00000010   Code   RO          209    i._ZN6StringplEPS_  main.o
    0x08001dec   0x0000005c   Code   RO          132    i._ZN6StringplERS_  main.o
    0x08001e48   0x00000054   Code   RO          181    i._ZN7Runtime11addRunnableEPFiP8RunnableEj  main.o
    0x08001e9c   0x000000d8   Code   RO         4619    i._ZN7Runtime13manageThreadsEPvS0_  vm.o
    0x08001f74   0x00000060   Code   RO          689    i._ZN7RuntimeC1Ev   device.o
    0x08001fd4   0x0000006c   Code   RO          239    i._ZN7RuntimeclEjj  main.o
    0x08002040   0x0000000c   Code   RO          206    i._ZN9AllocatorIcEC1Ev  main.o
    0x0800204c   0x00000004   Code   RO          194    i._ZN9TestClassC1Ec  main.o
    0x08002050   0x00000008   Code   RO         4781    i._ZdlPv            cpprt_w.l(delete.o)
    0x08002058   0x00000028   Code   RO         4784    i._Znwj             cpprt_w.l(new.o)
    0x08002080   0x00000010   Code   RO         4788    i.__cxa_guard_acquire  cpprt_w.l(cxa_guard_acquire.o)
    0x08002090   0x00000048   Code   RO          633    i.__sti___10_device_cpp_runtime  device.o
    0x080020d8   0x00000034   Code   RO            4    i.__sti___8_main_cpp_ca4700dd  main.o
    0x0800210c   0x000001a4   Code   RO            5    i.main              main.o
    0x080022b0   0x00000006   Code   RO          747    t._ZN12SynchronizerI7RuntimeE11syncReleaseEPS0_  device.o
    0x080022b6   0x00000014   Code   RO          735    t._ZN12SynchronizerI7RuntimeE9syncFetchEPS0_  device.o
    0x080022ca   0x00000010   Code   RO         4504    t._ZN13ArrayListBaseI11MemoryChunkE3addEPS0_  memory_alloc.o
    0x080022da   0x00000002   PAD
    0x080022dc   0x00000084   Code   RO         4498    t._ZN13ArrayListBaseI11MemoryChunkE3addERS0_  memory_alloc.o
    0x08002360   0x00000010   Code   RO         4510    t._ZN13ArrayListBaseI11MemoryChunkE6removeEPS0_  memory_alloc.o
    0x08002370   0x00000042   Code   RO         4516    t._ZN13ArrayListBaseI11MemoryChunkE6removeERS0_  memory_alloc.o
    0x080023b2   0x00000008   Code   RO          695    t._ZN13ArrayListBaseI11MemoryChunkEC1Ev  device.o
    0x080023ba   0x00000002   PAD
    0x080023bc   0x00000040   Code   RO          119    t._ZN6StringC1IKcEEPT_  main.o
    0x080023fc   0x00000040   Code   RO          257    t._ZN6StringC1IcEEPT_  main.o
    0x0800243c   0x00000060   Code   RO          188    t._ZN7ILI9488I12GPIO_TypeDef14SpiSoftTypeDefE10driverFillEttt  main.o
    0x0800249c   0x00000020   Code   RO          150    t._ZN7ILI9488I12GPIO_TypeDef14SpiSoftTypeDefE10resetForceEb  main.o
    0x080024bc   0x0000014c   Code   RO          156    t._ZN7ILI9488I12GPIO_TypeDef14SpiSoftTypeDefE4initEv  main.o
    0x08002608   0x0000000e   Code   RO          144    t._ZN7ILI9488I12GPIO_TypeDef14SpiSoftTypeDefE5delayEj  main.o
    0x08002616   0x00000046   Code   RO           63    t._ZN7ILI9488I12GPIO_TypeDef14SpiSoftTypeDefE5hsClkEv  main.o
    0x0800265c   0x00000020   Code   RO           51    t._ZN7ILI9488I12GPIO_TypeDef14SpiSoftTypeDefE5setHsEb  main.o
    0x0800267c   0x00000020   Code   RO           39    t._ZN7ILI9488I12GPIO_TypeDef14SpiSoftTypeDefE5setVsEb  main.o
    0x0800269c   0x0000001c   Code   RO          245    t._ZN7ILI9488I12GPIO_TypeDef14SpiSoftTypeDefE5vsClkEv  main.o
    0x080026b8   0x0000000a   Code   RO           69    t._ZN7ILI9488I12GPIO_TypeDef14SpiSoftTypeDefE6rgbOutItEEvT_  main.o
    0x080026c2   0x00000002   PAD
    0x080026c4   0x00000020   Code   RO           45    t._ZN7ILI9488I12GPIO_TypeDef14SpiSoftTypeDefE6setDenEb  main.o
    0x080026e4   0x00000020   Code   RO           57    t._ZN7ILI9488I12GPIO_TypeDef14SpiSoftTypeDefE6setDotEb  main.o
    0x08002704   0x00000014   Code   RO          221    t._ZN7ILI9488I12GPIO_TypeDef14SpiSoftTypeDefE6wrCmd8Eh  main.o
    0x08002718   0x00000014   Code   RO          227    t._ZN7ILI9488I12GPIO_TypeDef14SpiSoftTypeDefE7wrData8Eh  main.o
    0x0800272c   0x00000014   Code   RO          138    t._ZN7ILI9488I12GPIO_TypeDef14SpiSoftTypeDefE9backLightEh  main.o
    0x08002740   0x00000010   Code   RO         4607    t._ZN8IteratorI9ArrayListI8RunnableES1_E7getThisEv  vm.o
    0x08002750   0x0000000e   Code   RO         4613    t._ZN8IteratorI9ArrayListI8RunnableES1_E7hasThisEv  vm.o
    0x0800275e   0x00000002   Code   RO          168    t._ZN8IteratorI9ArrayListI8RunnableES1_EC1Ev  main.o
    0x08002760   0x00000004   Code   RO          162    t._ZN8IteratorI9ArrayListI8RunnableES1_EclER20DefaultArrayListNodeIS2_S1_E  main.o
    0x08002764   0x00000010   Code   RO           75    t._ZN8IteratorI9ArrayListI9TestClassES1_E7getNextEv  main.o
    0x08002774   0x00000010   Code   RO           99    t._ZN8IteratorI9ArrayListI9TestClassES1_E7hasNextEv  main.o
    0x08002784   0x00000002   Code   RO           87    t._ZN8IteratorI9ArrayListI9TestClassES1_EC1Ev  main.o
    0x08002786   0x00000004   Code   RO           81    t._ZN8IteratorI9ArrayListI9TestClassES1_EclER20DefaultArrayListNodeIS2_S1_E  main.o
    0x0800278a   0x00000010   Code   RO          174    t._ZN9AllocatorI20DefaultArrayListNodeI9ArrayListI8RunnableES2_EE3NewEv  main.o
    0x0800279a   0x0000000e   Code   RO          753    t._ZN9AllocatorI20DefaultArrayListNodeI9ArrayListI8RunnableES2_EE5allocEj  device.o
    0x080027a8   0x00000010   Code   RO          105    t._ZN9AllocatorI20DefaultArrayListNodeI9ArrayListI9TestClassES2_EE3NewEv  main.o
    0x080027b8   0x0000000e   Code   RO          297    t._ZN9AllocatorI20DefaultArrayListNodeI9ArrayListI9TestClassES2_EE5allocEj  main.o
    0x080027c6   0x00000012   Code   RO          125    t._ZN9AllocatorIcE3NewEj  main.o
    0x080027d8   0x0000000e   Code   RO          285    t._ZN9AllocatorIcE5allocEj  main.o
    0x080027e6   0x00000012   Code   RO          112    t._ZN9AllocatorIcE8NewArrayEj  main.o
    0x080027f8   0x0000003e   Code   RO          233    t._ZN9ArrayListI8RunnableE8addFirstERS0_  main.o
    0x08002836   0x00000010   Code   RO          200    t._ZN9ArrayListI9TestClassE8addFirstEPS0_  main.o
    0x08002846   0x0000003e   Code   RO          251    t._ZN9ArrayListI9TestClassE8addFirstERS0_  main.o
    0x08002884   0x00000038   Code   RO           93    t._ZN9ArrayListI9TestClassE8iteratorEv  main.o
    0x080028bc   0x0000000a   Code   RO         5121    x$fpl$fpinit        fz_wm.l(fpinit.o)
    0x080028c6   0x00000010   Data   RO         2629    .constdata          stm32f4xx_hal_rcc.o
    0x080028d6   0x00000002   PAD
    0x080028d8   0x0000000c   Data   RO         4525    .constdata__ZTV11MemoryChunk  memory_alloc.o
    0x080028e4   0x00000018   Data   RO          708    .constdata__ZTV12SynchronizerI7RuntimeE  device.o
    0x080028fc   0x00000018   Data   RO          704    .constdata__ZTV12SynchronizerI9ArrayListI8RunnableEE  device.o
    0x08002914   0x00000018   Data   RO          270    .constdata__ZTV12SynchronizerI9ArrayListI9TestClassEE  main.o
    0x0800292c   0x00000010   Data   RO          714    .constdata__ZTV19GraphicFrameFactoryIttE  device.o
    0x0800293c   0x0000000c   Data   RO         4523    .constdata__ZTV24DefaultArrayListBaseNodeI11MemoryChunkE  memory_alloc.o
    0x08002948   0x00000010   Data   RO          266    .constdata__ZTV6String  main.o
    0x08002958   0x00000018   Data   RO          710    .constdata__ZTV7Runtime  device.o
    0x08002970   0x00000010   Data   RO          712    .constdata__ZTV9AllocatorI12GraphicFrameI19GraphicFrameFactoryIttEttEE  device.o
    0x08002980   0x00000010   Data   RO          702    .constdata__ZTV9AllocatorI20DefaultArrayListNodeI9ArrayListI8RunnableES2_EE  device.o
    0x08002990   0x00000010   Data   RO          268    .constdata__ZTV9AllocatorI20DefaultArrayListNodeI9ArrayListI9TestClassES2_EE  main.o
    0x080029a0   0x00000010   Data   RO          264    .constdata__ZTV9AllocatorIcE  main.o
    0x080029b0   0x00000028   Data   RO          706    .constdata__ZTV9ArrayListI8RunnableE  device.o
    0x080029d8   0x00000028   Data   RO          272    .constdata__ZTV9ArrayListI9TestClassE  main.o
    0x08002a00   0x00000008   Data   RO           31    .constdata__ZZN6Device4initEvEs  main.o
    0x08002a08   0x00000007   Data   RO           32    .constdata__ZZN6Device8toStringEvEs  main.o
    0x08002a0f   0x00000001   PAD
    0x08002a10   0x00000020   Data   RO         5247    Region$$Table       anon$$obj.o
    0x08002a30   0x00000004   Data   RO            9    .init_array         main.o
    0x08002a34   0x00000004   Data   RO          642    .init_array         device.o
    0x08002a38   0x00000000   Data   RO         4776    .init_array         c_w.l(init_aeabi.o)


    Execution Region RW_IRAM2 (Base: 0x10000000, Size: 0x00000000, Max: 0x00010000, ABSOLUTE)

    **** No section assigned to this execution region ****


    Execution Region RW_IRAM1 (Base: 0x20000000, Size: 0x0000a590, Max: 0x00020000, ABSOLUTE)

    Base Addr    Size         Type   Attr      Idx    E Section Name        Object

    0x20000000   0x00000001   Data   RW          641    .data               device.o
    0x20000001   0x00000003   PAD
    0x20000004   0x00000004   Data   RW         1093    .data               stm32f4xx_hal.o
    0x20000008   0x00000014   Data   RW         4706    .data               system_stm32f4xx.o
    0x2000001c   0x00000008   Data   RW          273    .data__ZZN9ArrayListI8RunnableE8iteratorEvE1i  main.o
    0x20000024   0x00000008   Data   RW          274    .data__ZZN9ArrayListI9TestClassE8iteratorEvE1i  main.o
    0x2000002c   0x00009c6c   Zero   RW            8    .bss                main.o
    0x20009c98   0x0000009c   Zero   RW          640    .bss                device.o
    0x20009d34   0x00000014   Zero   RW          895    .bss                gpio_ex.o
    0x20009d48   0x000001e4   Zero   RW          975    .bss                init.o
    0x20009f2c   0x00000060   Zero   RW         4901    .bss                c_w.l(libspace.o)
    0x20009f8c   0x00000004   PAD
    0x20009f90   0x00000200   Zero   RW         4693    HEAP                startup_stm32f417xx.o
    0x2000a190   0x00000400   Zero   RW         4692    STACK               startup_stm32f417xx.o


==============================================================================

Image component sizes


      Code (inc. data)   RO Data    RW Data    ZI Data      Debug   Object Name

        22          0          0          0          0       1187   contextswitching.o
       272         46        164          1        156      17798   device.o
       268         22          0          0         20       3307   gpio_ex.o
      1108         78          0          0        484       4499   init.o
      2162        140        131         16      40044     436175   main.o
       408         10         24          0          0       9368   memory_alloc.o
       136          0          0          0          0        488   stackswitching.o
        64         26        392          0       1536        848   startup_stm32f417xx.o
       152         18          0          4          0       5623   stm32f4xx_hal.o
       272         22          0          0          0      30370   stm32f4xx_hal_cortex.o
       124          4          0          0          0       1287   stm32f4xx_hal_dma.o
       520         50          0          0          0       1880   stm32f4xx_hal_gpio.o
      1948         50         16          0          0       5026   stm32f4xx_hal_rcc.o
        90          0          0          0          0       1927   stm32f4xx_hal_sram.o
       416          0          0          0          0       4590   stm32f4xx_hal_tim.o
         4          0          0          0          0       1774   stm32f4xx_hal_tim_ex.o
        56         12          0          0          0       4431   stm32f4xx_it.o
       238          4          0          0          0       2923   stm32f4xx_ll_fsmc.o
       100         18          0         20          0       1169   system_stm32f4xx.o
       278         14          0          0          0      10986   vm.o

    ----------------------------------------------------------------------
      8650        514        762         44      42240     545656   Object Totals
         0          0         32          0          0          0   (incl. Generated)
        12          0          3          3          0          0   (incl. Padding)

    ----------------------------------------------------------------------

      Code (inc. data)   RO Data    RW Data    ZI Data      Debug   Library Member Name

         8          0          0          0          0         68   __main.o
         0          0          0          0          0          0   __rtentry.o
        12          0          0          0          0          0   __rtentry2.o
         6          0          0          0          0          0   __rtentry4.o
        52          8          0          0          0          0   __scatter.o
        26          0          0          0          0          0   __scatter_copy.o
        28          0          0          0          0          0   __scatter_zi.o
        16          0          0          0          0         72   abort.o
        48         34          0          0          0         76   defsig_abrt_inner.o
        14          0          0          0          0         80   defsig_abrt_outer.o
        10          0          0          0          0         68   defsig_exit.o
        50          0          0          0          0         88   defsig_general.o
        80         58          0          0          0         76   defsig_rtmem_inner.o
        14          0          0          0          0         80   defsig_rtmem_outer.o
        12          0          0          0          0         72   exit.o
        94          0          0          0          0         80   h1_alloc.o
        52          0          0          0          0         68   h1_extend.o
        78          0          0          0          0         80   h1_free.o
        14          0          0          0          0         84   h1_init.o
         6          0          0          0          0        152   heapauxi.o
         4          0          0          0          0        136   hguard.o
         0          0          0          0          0          0   indicate_semi.o
        36         10          0          0          0         80   init_aeabi.o
       138          0          0          0          0        168   init_alloc.o
         2          0          0          0          0          0   libinit.o
        18          0          0          0          0          0   libinit2.o
         2          0          0          0          0          0   libshutdown.o
         2          0          0          0          0          0   libshutdown2.o
         8          4          0          0         96         68   libspace.o
         0          0          0          0          0          0   maybetermalloc1.o
         8          4          0          0          0         68   rt_eh_globals_addr_intlibspace.o
         8          4          0          0          0         68   rt_errno_addr_intlibspace.o
         8          4          0          0          0         68   rt_heap_descriptor_intlibspace.o
       100          0          0          0          0         80   rt_memcpy_w.o
         8          4          0          0          0         68   rt_new_handler_addr_intlibspace.o
         2          0          0          0          0          0   rtexit.o
        10          0          0          0          0          0   rtexit2.o
        62          0          0          0          0         76   strlen.o
        12          4          0          0          0         68   sys_exit.o
        74          0          0          0          0         80   sys_stackheap_outer.o
        14          0          0          0          0         76   sys_wrch.o
         2          0          0          0          0         68   use_no_semi.o
        80         12          0          0          0        104   arm_exceptions_globs.o
        60          0          0          0          0        108   arm_exceptions_mem.o
        26          0          0          0          0         76   arm_exceptions_terminate.o
         4          0          0          0          0         68   arm_newhandler_noexceptions.o
        16          0          0          0          0         68   cxa_guard_acquire.o
         8          0          0          0          0         76   delete.o
        40          6          0          0          0         76   new.o
        10          0          0          0          0        116   fpinit.o

    ----------------------------------------------------------------------
      1396        152          0          0        100       3008   Library Totals
        14          0          0          0          4          0   (incl. Padding)

    ----------------------------------------------------------------------

      Code (inc. data)   RO Data    RW Data    ZI Data      Debug   Library Name

      1138        134          0          0         96       2316   c_w.l
       234         18          0          0          0        576   cpprt_w.l
        10          0          0          0          0        116   fz_wm.l

    ----------------------------------------------------------------------
      1396        152          0          0        100       3008   Library Totals

    ----------------------------------------------------------------------

==============================================================================


      Code (inc. data)   RO Data    RW Data    ZI Data      Debug   

     10046        666        762         44      42340     535800   Grand Totals
     10046        666        762         44      42340     535800   ELF Image Totals
     10046        666        762         44          0          0   ROM Totals

==============================================================================

    Total RO  Size (Code + RO Data)                10808 (  10.55kB)
    Total RW  Size (RW Data + ZI Data)             42384 (  41.39kB)
    Total ROM Size (Code + RO Data + RW Data)      10852 (  10.60kB)

==============================================================================

