


ARM Macro Assembler    Page 1 


    1 00000000                 PRESERVE8
    2 00000000                 EXPORT           SysTick_Handler
    3 00000000                 EXPORT           PendSV_Handler
    4 00000000         
    5 00000000                 AREA             |.text|, CODE, READONLY
    6 00000000                 IMPORT           StackSwitch
    7 00000000                 IMPORT           StackSwitchPSV
    8 00000000         SysTick_Handler
                               FUNCTION
    9 00000000 B410            PUSH             {R4}
   10 00000002 B420            PUSH             {R5}
   11 00000004 B440            PUSH             {R6}
   12 00000006 B480            PUSH             {R7}
   13 00000008 F84D 8D04       PUSH             {R8}
   14 0000000C F84D 9D04       PUSH             {R9}
   15 00000010 F84D AD04       PUSH             {R10}
   16 00000014 F84D BD04       PUSH             {R11}
   17 00000018 B500            PUSH             {LR}
   18 0000001A F3EF 8008       MRS              R0, MSP
   19 0000001E F7FF FFFE       BL               StackSwitch
   20 00000022 F380 8808       MSR              MSP, R0
   21 00000026 F85D EB04       POP              {LR}
   22 0000002A F85D BB04       POP              {R11}
   23 0000002E F85D AB04       POP              {R10}
   24 00000032 F85D 9B04       POP              {R9}
   25 00000036 F85D 8B04       POP              {R8}
   26 0000003A BC80            POP              {R7}
   27 0000003C BC40            POP              {R6}
   28 0000003E BC20            POP              {R5}
   29 00000040 BC10            POP              {R4}
   30 00000042 4770            BX               LR
   31 00000044                 ENDP
   32 00000044         PendSV_Handler
                               FUNCTION
   33 00000044 B410            PUSH             {R4}
   34 00000046 B420            PUSH             {R5}
   35 00000048 B440            PUSH             {R6}
   36 0000004A B480            PUSH             {R7}
   37 0000004C F84D 8D04       PUSH             {R8}
   38 00000050 F84D 9D04       PUSH             {R9}
   39 00000054 F84D AD04       PUSH             {R10}
   40 00000058 F84D BD04       PUSH             {R11}
   41 0000005C B500            PUSH             {LR}
   42 0000005E F3EF 8008       MRS              R0, MSP
   43 00000062 F7FF FFFE       BL               StackSwitchPSV
   44 00000066 F380 8808       MSR              MSP, R0
   45 0000006A F85D EB04       POP              {LR}
   46 0000006E F85D BB04       POP              {R11}
   47 00000072 F85D AB04       POP              {R10}
   48 00000076 F85D 9B04       POP              {R9}
   49 0000007A F85D 8B04       POP              {R8}
   50 0000007E BC80            POP              {R7}
   51 00000080 BC40            POP              {R6}
   52 00000082 BC20            POP              {R5}
   53 00000084 BC10            POP              {R4}
   54 00000086 4770            BX               LR
   55 00000088                 ENDP
   56 00000088                 END
Command Line: --debug --xref --diag_suppress=9931 --cpu=Cortex-M4.fp --apcs=int



ARM Macro Assembler    Page 2 


erwork --depend=.\objects\stackswitching.d -o.\objects\stackswitching.o -I.\mis
c\inc -I..\platform -IE:\KeilProj\platform\RTE -IC:\Keil_v5\ARM\PACK\ARM\CMSIS\
4.3.0\CMSIS\Include -IC:\Keil_v5\ARM\PACK\Keil\STM32F4xx_DFP\2.4.0 --predefine=
"__UVISION_VERSION SETA 514" --predefine="_RTE_ SETA 1" --predefine="STM32F417x
x SETA 1" --predefine="stackSwitching SETA 1" --list=.\listings\stackswitching.
lst misc\depend\Arm\CortexM4\src\stackSwitching.s



ARM Macro Assembler    Page 1 Alphabetic symbol ordering
Relocatable symbols

.text 00000000

Symbol: .text
   Definitions
      At line 5 in file misc\depend\Arm\CortexM4\src\stackSwitching.s
   Uses
      None
Comment: .text unused
PendSV_Handler 00000044

Symbol: PendSV_Handler
   Definitions
      At line 32 in file misc\depend\Arm\CortexM4\src\stackSwitching.s
   Uses
      At line 3 in file misc\depend\Arm\CortexM4\src\stackSwitching.s
Comment: PendSV_Handler used once
SysTick_Handler 00000000

Symbol: SysTick_Handler
   Definitions
      At line 8 in file misc\depend\Arm\CortexM4\src\stackSwitching.s
   Uses
      At line 2 in file misc\depend\Arm\CortexM4\src\stackSwitching.s
Comment: SysTick_Handler used once
3 symbols



ARM Macro Assembler    Page 1 Alphabetic symbol ordering
External symbols

StackSwitch 00000000

Symbol: StackSwitch
   Definitions
      At line 6 in file misc\depend\Arm\CortexM4\src\stackSwitching.s
   Uses
      At line 19 in file misc\depend\Arm\CortexM4\src\stackSwitching.s
Comment: StackSwitch used once
StackSwitchPSV 00000000

Symbol: StackSwitchPSV
   Definitions
      At line 7 in file misc\depend\Arm\CortexM4\src\stackSwitching.s
   Uses
      At line 43 in file misc\depend\Arm\CortexM4\src\stackSwitching.s
Comment: StackSwitchPSV used once
2 symbols
340 symbols in table
