


ARM Macro Assembler    Page 1 


    1 00000000                 PRESERVE8
    2 00000000                 EXPORT           SysTick_Handler
    3 00000000                 EXPORT           PendSV_Handler
    4 00000000                 EXPORT           SVC_Handler
    5 00000000                 EXPORT           HardFault_Handler
    6 00000000                 EXPORT           EnableFPU
    7 00000000                 EXPORT           upcall                  [WEAK]
    8 00000000                 EXPORT           vmstart
    9 00000000         
   10 00000000         
   11 00000000                 AREA             |.text|, CODE, READONLY
   12 00000000                 IMPORT           StackSwitchPSV
   13 00000000                 IMPORT           VMTick
   14 00000000                 IMPORT           VMSvc
   15 00000000                 IMPORT           VMInit
   16 00000000                 IMPORT           VMStart
   17 00000000                 IMPORT           VMHardFault
   18 00000000                 IMPORT           Reset_Handler
   19 00000000                 ENDP
   20 00000000         upcall  FUNCTION
   21 00000000 DF02            SWI              0x02
   22 00000002 4770            BX               LR
   23 00000004                 ENDP
   24 00000004         vmstart FUNCTION
   25 00000004 B672            CPSID            I
   26 00000006         ;MSR     MSP, R1 
   27 00000006 F3BF 8F4F       DSB
   28 0000000A F7FF FFFE       BL               EnableFPU
   29 0000000E F7FF FFFE       BL               VMStart
   30 00000012 F3BF 8F5F       DMB
   31 00000016 F380 8809       MSR              PSP, R0
   32 0000001A         ;MOV     R1, #6
   33 0000001A F381 8814       MSR              CONTROL, R1
   34 0000001E B662            CPSIE            I
   35 00000020 BD00            POP              {PC}
   36 00000022         
   37 00000022                 ENDP
   38 00000022         SysTick_Handler
                               FUNCTION
   39 00000022 B672            CPSID            I
   40 00000024 F3BF 8F4F       DSB
   41 00000028 F3EF 8009       MRS              R0, PSP
   42 0000002C E920 0FF0       STMDB            R0!, {R4-R11}
   43 00000030 B500            PUSH             {LR}
   44 00000032 F7FF FFFE       BL               VMTick
   45 00000036 F3BF 8F5F       DMB
   46 0000003A E8B0 0FF0       LDMIA            R0!, {R4-R11}
   47 0000003E F380 8809       MSR              PSP, R0
   48 00000042 F381 8814       MSR              CONTROL, R1
   49 00000046 B662            CPSIE            I
   50 00000048 BD00            POP              {PC}
   51 0000004A                 ENDP
   52 0000004A         PendSV_Handler
                               FUNCTION
   53 0000004A         
   54 0000004A                 ENDP
   55 0000004A         SVC_Handler
                               FUNCTION
   56 0000004A B672            CPSID            I



ARM Macro Assembler    Page 2 


   57 0000004C F3BF 8F4F       DSB
   58 00000050 B500            PUSH             {LR}
   59 00000052 F3EF 8309       MRS              R3, PSP
   60 00000056 E923 0FF0       STMDB            R3!, {R4-R11}
   61 0000005A F7FF FFFE       BL               VMSvc
   62 0000005E E8B0 0FF0       LDMIA            R0!, {R4-R11}
   63 00000062 F380 8809       MSR              PSP, R0
   64 00000066 F381 8814       MSR              CONTROL, R1
   65 0000006A B662            CPSIE            I
   66 0000006C BD00            POP              {PC}
   67 0000006E                 ENDP
   68 0000006E         
   69 0000006E         HardFault_Handler
                               FUNCTION
   70 0000006E B672            CPSID            I
   71 00000070 F3BF 8F4F       DSB
   72 00000074 B500            PUSH             {LR}
   73 00000076 F3EF 8309       MRS              R3, PSP
   74 0000007A E923 0FF0       STMDB            R3!, {R4-R11}
   75 0000007E F7FF FFFE       BL               VMHardFault
   76 00000082 F7FF BFFE       B                Reset_Handler
   77 00000086         ;B       .
   78 00000086         ;LDMIA   R0!, {R4-R11}
   79 00000086         ;MSR     PSP, R0
   80 00000086         ;MSR     CONTROL, R1
   81 00000086         ;CPSIE   I
   82 00000086         ;POP     {PC}
   83 00000086                 ENDP
   84 00000086         TableEnd
   85 00000086         
   86 00000086         EnableFPU
                               FUNCTION
   87 00000086         ; CPACR is located at address 0xE000ED88
   88 00000086 4805            LDR              R0, =0xE000ED88
   89 00000088         ; Read CPACR
   90 00000088 6801            LDR              R1, [R0]
   91 0000008A         ; Set bits 20-23 to enable CP10 and CP11 coprocessors
   92 0000008A F441 0170       ORR              R1, R1, #(0xF << 20)
   93 0000008E         ; Write back the modified value to the CPACR
   94 0000008E 6001            STR              R1, [R0]    ; wait for store to
                                                             complete
   95 00000090 F3BF 8F4F       DSB
   96 00000094         ;reset pipeline now the FPU is enabled
   97 00000094 F3BF 8F6F       ISB
   98 00000098 4770            BX               LR
   99 0000009A                 ENDP
  100 0000009A                 END
              00 00 E000ED88 
Command Line: --debug --xref --diag_suppress=9931 --cpu=Cortex-M4.fp --apcs=int
erwork --depend=.\objects\stackswitching.d -o.\objects\stackswitching.o -I.\mis
c\inc -I..\platform -IE:\KeilProj\platform\RTE -IC:\Keil_v5\ARM\PACK\ARM\CMSIS\
4.3.0\CMSIS\Include -IC:\Keil_v5\ARM\PACK\Keil\STM32F4xx_DFP\2.4.0 --predefine=
"__UVISION_VERSION SETA 514" --predefine="_RTE_ SETA 1" --predefine="STM32F417x
x SETA 1" --predefine="stackSwitching SETA 1" --list=.\listings\stackswitching.
lst misc\depend\Arm\CortexM4\src\stackSwitching.s



ARM Macro Assembler    Page 1 Alphabetic symbol ordering
Relocatable symbols

.text 00000000

Symbol: .text
   Definitions
      At line 11 in file misc\depend\Arm\CortexM4\src\stackSwitching.s
   Uses
      None
Comment: .text unused
EnableFPU 00000086

Symbol: EnableFPU
   Definitions
      At line 86 in file misc\depend\Arm\CortexM4\src\stackSwitching.s
   Uses
      At line 6 in file misc\depend\Arm\CortexM4\src\stackSwitching.s
      At line 28 in file misc\depend\Arm\CortexM4\src\stackSwitching.s

HardFault_Handler 0000006E

Symbol: HardFault_Handler
   Definitions
      At line 69 in file misc\depend\Arm\CortexM4\src\stackSwitching.s
   Uses
      At line 5 in file misc\depend\Arm\CortexM4\src\stackSwitching.s
Comment: HardFault_Handler used once
PendSV_Handler 0000004A

Symbol: PendSV_Handler
   Definitions
      At line 52 in file misc\depend\Arm\CortexM4\src\stackSwitching.s
   Uses
      At line 3 in file misc\depend\Arm\CortexM4\src\stackSwitching.s
Comment: PendSV_Handler used once
SVC_Handler 0000004A

Symbol: SVC_Handler
   Definitions
      At line 55 in file misc\depend\Arm\CortexM4\src\stackSwitching.s
   Uses
      At line 4 in file misc\depend\Arm\CortexM4\src\stackSwitching.s
Comment: SVC_Handler used once
SysTick_Handler 00000022

Symbol: SysTick_Handler
   Definitions
      At line 38 in file misc\depend\Arm\CortexM4\src\stackSwitching.s
   Uses
      At line 2 in file misc\depend\Arm\CortexM4\src\stackSwitching.s
Comment: SysTick_Handler used once
TableEnd 00000086

Symbol: TableEnd
   Definitions
      At line 84 in file misc\depend\Arm\CortexM4\src\stackSwitching.s
   Uses
      None
Comment: TableEnd unused
upcall 00000000




ARM Macro Assembler    Page 2 Alphabetic symbol ordering
Relocatable symbols

Symbol: upcall
   Definitions
      At line 20 in file misc\depend\Arm\CortexM4\src\stackSwitching.s
   Uses
      At line 7 in file misc\depend\Arm\CortexM4\src\stackSwitching.s
Comment: upcall used once
vmstart 00000004

Symbol: vmstart
   Definitions
      At line 24 in file misc\depend\Arm\CortexM4\src\stackSwitching.s
   Uses
      At line 8 in file misc\depend\Arm\CortexM4\src\stackSwitching.s
Comment: vmstart used once
9 symbols



ARM Macro Assembler    Page 1 Alphabetic symbol ordering
External symbols

Reset_Handler 00000000

Symbol: Reset_Handler
   Definitions
      At line 18 in file misc\depend\Arm\CortexM4\src\stackSwitching.s
   Uses
      At line 76 in file misc\depend\Arm\CortexM4\src\stackSwitching.s
Comment: Reset_Handler used once
StackSwitchPSV 00000000

Symbol: StackSwitchPSV
   Definitions
      At line 12 in file misc\depend\Arm\CortexM4\src\stackSwitching.s
   Uses
      None
Comment: StackSwitchPSV unused
VMHardFault 00000000

Symbol: VMHardFault
   Definitions
      At line 17 in file misc\depend\Arm\CortexM4\src\stackSwitching.s
   Uses
      At line 75 in file misc\depend\Arm\CortexM4\src\stackSwitching.s
Comment: VMHardFault used once
VMInit 00000000

Symbol: VMInit
   Definitions
      At line 15 in file misc\depend\Arm\CortexM4\src\stackSwitching.s
   Uses
      None
Comment: VMInit unused
VMStart 00000000

Symbol: VMStart
   Definitions
      At line 16 in file misc\depend\Arm\CortexM4\src\stackSwitching.s
   Uses
      At line 29 in file misc\depend\Arm\CortexM4\src\stackSwitching.s
Comment: VMStart used once
VMSvc 00000000

Symbol: VMSvc
   Definitions
      At line 14 in file misc\depend\Arm\CortexM4\src\stackSwitching.s
   Uses
      At line 61 in file misc\depend\Arm\CortexM4\src\stackSwitching.s
Comment: VMSvc used once
VMTick 00000000

Symbol: VMTick
   Definitions
      At line 13 in file misc\depend\Arm\CortexM4\src\stackSwitching.s
   Uses
      At line 44 in file misc\depend\Arm\CortexM4\src\stackSwitching.s
Comment: VMTick used once
7 symbols
353 symbols in table
